[    0.000000] Initializing cgroup subsys cpuset
[    0.000000] Initializing cgroup subsys cpu
[    0.000000] Linux version 2.6.32.57 (dcashman@dcashman-01) (gcc version 4.4.3 (Ubuntu 4.4.3-4ubuntu5.1) ) #19 SMP Tue Jan 22 17:20:59 PST 2013
[    0.000000] KERNEL supported cpus:
[    0.000000]   Intel GenuineIntel
[    0.000000]   AMD AuthenticAMD
[    0.000000]   NSC Geode by NSC
[    0.000000]   Cyrix CyrixInstead
[    0.000000]   Centaur CentaurHauls
[    0.000000]   Transmeta GenuineTMx86
[    0.000000]   Transmeta TransmetaCPU
[    0.000000]   UMC UMC UMC UMC
[    0.000000] BIOS-provided physical RAM map:
[    0.000000]  BIOS-e820: 0000000000000000 - 000000000009fc00 (usable)
[    0.000000]  BIOS-e820: 000000000009fc00 - 00000000000a0000 (reserved)
[    0.000000]  BIOS-e820: 00000000000e4000 - 0000000000100000 (reserved)
[    0.000000]  BIOS-e820: 0000000000100000 - 00000000cff90000 (usable)
[    0.000000]  BIOS-e820: 00000000cff90000 - 00000000cff9e000 (ACPI data)
[    0.000000]  BIOS-e820: 00000000cff9e000 - 00000000cffe0000 (ACPI NVS)
[    0.000000]  BIOS-e820: 00000000cffe0000 - 00000000d0000000 (reserved)
[    0.000000]  BIOS-e820: 00000000fee00000 - 00000000fee01000 (reserved)
[    0.000000]  BIOS-e820: 00000000fff00000 - 0000000100000000 (reserved)
[    0.000000]  BIOS-e820: 0000000100000000 - 00000001b0000000 (usable)
[    0.000000] DMI present.
[    0.000000] AMI BIOS detected: BIOS may corrupt low RAM, working around it.
[    0.000000] e820 update range: 0000000000000000 - 0000000000010000 (usable) ==> (reserved)
[    0.000000] last_pfn = 0x1b0000 max_arch_pfn = 0x1000000
[    0.000000] MTRR default type: uncachable
[    0.000000] MTRR fixed ranges enabled:
[    0.000000]   00000-9FFFF write-back
[    0.000000]   A0000-BFFFF uncachable
[    0.000000]   C0000-CFFFF write-protect
[    0.000000]   D0000-DFFFF uncachable
[    0.000000]   E0000-EFFFF write-through
[    0.000000]   F0000-FFFFF write-protect
[    0.000000] MTRR variable ranges enabled:
[    0.000000]   0 base 1B0000000 mask FF0000000 uncachable
[    0.000000]   1 base 1C0000000 mask FC0000000 uncachable
[    0.000000]   2 base 000000000 mask E00000000 write-back
[    0.000000]   3 base 0D0000000 mask FF0000000 uncachable
[    0.000000]   4 base 0E0000000 mask FE0000000 uncachable
[    0.000000]   5 disabled
[    0.000000]   6 disabled
[    0.000000]   7 disabled
[    0.000000] x86 PAT enabled: cpu 0, old 0x7040600070406, new 0x7010600070106
[    0.000000] e820 update range: 00000000d0000000 - 0000000100000000 (usable) ==> (reserved)
[    0.000000] Scanning 0 areas for low memory corruption
[    0.000000] modified physical RAM map:
[    0.000000]  modified: 0000000000000000 - 0000000000010000 (reserved)
[    0.000000]  modified: 0000000000010000 - 000000000009fc00 (usable)
[    0.000000]  modified: 000000000009fc00 - 00000000000a0000 (reserved)
[    0.000000]  modified: 00000000000e4000 - 0000000000100000 (reserved)
[    0.000000]  modified: 0000000000100000 - 00000000cff90000 (usable)
[    0.000000]  modified: 00000000cff90000 - 00000000cff9e000 (ACPI data)
[    0.000000]  modified: 00000000cff9e000 - 00000000cffe0000 (ACPI NVS)
[    0.000000]  modified: 00000000cffe0000 - 00000000d0000000 (reserved)
[    0.000000]  modified: 00000000fee00000 - 00000000fee01000 (reserved)
[    0.000000]  modified: 00000000fff00000 - 0000000100000000 (reserved)
[    0.000000]  modified: 0000000100000000 - 00000001b0000000 (usable)
[    0.000000] initial memory mapped : 0 - 00e00000
[    0.000000] init_memory_mapping: 0000000000000000-00000000379fe000
[    0.000000] NX (Execute Disable) protection: active
[    0.000000]  0000000000 - 0000200000 page 4k
[    0.000000]  0000200000 - 0037800000 page 2M
[    0.000000]  0037800000 - 00379fe000 page 4k
[    0.000000] kernel direct mapping tables up to 379fe000 @ 10000-16000
[    0.000000] ACPI: RSDP 000f91f0 00014 (v00 HPQOEM)
[    0.000000] ACPI: RSDT cff90000 00044 (v01 HPQOEM SLIC-CPC 20090819 MSFT 00000097)
[    0.000000] ACPI: FACP cff90200 00084 (v01 HPQOEM SLIC-CPC 20090819 MSFT 00000097)
[    0.000000] ACPI: DSDT cff90440 05753 (v01 HPQOEM SLIC-CPC 00000050 INTL 20051117)
[    0.000000] ACPI: FACS cff9e000 00040
[    0.000000] ACPI: APIC cff90390 0006C (v01 HPQOEM SLIC-CPC 20090819 MSFT 00000097)
[    0.000000] ACPI: MCFG cff90400 0003C (v01 HPQOEM SLIC-CPC 20090819 MSFT 00000097)
[    0.000000] ACPI: OEMB cff9e040 00076 (v01 HPQOEM SLIC-CPC 20090819 MSFT 00000097)
[    0.000000] ACPI: HPET cff95ba0 00038 (v01 HPQOEM SLIC-CPC 20090819 MSFT 00000097)
[    0.000000] ACPI: GSCI cff9e0c0 02024 (v01 HPQOEM SLIC-CPC 20090819 MSFT 00000097)
[    0.000000] ACPI: SLIC cffa00f0 00176 (v01 HPQOEM SLIC-CPC 00000001 MSFT 00000001)
[    0.000000] ACPI: SSDT cffa0b30 00A7C (v01 HPQOEM SLIC-CPC 00000012 INTL 20051117)
[    0.000000] ACPI: Local APIC address 0xfee00000
[    0.000000] 6022MB HIGHMEM available.
[    0.000000] 889MB LOWMEM available.
[    0.000000]   mapped low ram: 0 - 379fe000
[    0.000000]   low ram: 0 - 379fe000
[    0.000000]   node 0 low ram: 00000000 - 379fe000
[    0.000000]   node 0 bootmap 00012000 - 00018f40
[    0.000000] (8 early reservations) ==> bootmem [0000000000 - 00379fe000]
[    0.000000]   #0 [0000000000 - 0000001000]   BIOS data page ==> [0000000000 - 0000001000]
[    0.000000]   #1 [0000001000 - 0000002000]    EX TRAMPOLINE ==> [0000001000 - 0000002000]
[    0.000000]   #2 [0000006000 - 0000007000]       TRAMPOLINE ==> [0000006000 - 0000007000]
[    0.000000]   #3 [0000100000 - 0000918778]    TEXT DATA BSS ==> [0000100000 - 0000918778]
[    0.000000]   #4 [000009fc00 - 0000100000]    BIOS reserved ==> [000009fc00 - 0000100000]
[    0.000000]   #5 [0000919000 - 0000920640]              BRK ==> [0000919000 - 0000920640]
[    0.000000]   #6 [0000010000 - 0000012000]          PGTABLE ==> [0000010000 - 0000012000]
[    0.000000]   #7 [0000012000 - 0000019000]          BOOTMAP ==> [0000012000 - 0000019000]
[    0.000000] found SMP MP-table at [c00ff780] ff780
[    0.000000] Zone PFN ranges:
[    0.000000]   DMA      0x00000010 -> 0x00001000
[    0.000000]   Normal   0x00001000 -> 0x000379fe
[    0.000000]   HighMem  0x000379fe -> 0x001b0000
[    0.000000] Movable zone start PFN for each node
[    0.000000] early_node_map[3] active PFN ranges
[    0.000000]     0: 0x00000010 -> 0x0000009f
[    0.000000]     0: 0x00000100 -> 0x000cff90
[    0.000000]     0: 0x00100000 -> 0x001b0000
[    0.000000] On node 0 totalpages: 1572639
[    0.000000] free_area_init_node: node 0, pgdat c07ba8a0, node_mem_map c1001200
[    0.000000]   DMA zone: 32 pages used for memmap
[    0.000000]   DMA zone: 0 pages reserved
[    0.000000]   DMA zone: 3951 pages, LIFO batch:0
[    0.000000]   Normal zone: 1748 pages used for memmap
[    0.000000]   Normal zone: 221994 pages, LIFO batch:31
[    0.000000]   HighMem zone: 12045 pages used for memmap
[    0.000000]   HighMem zone: 1332869 pages, LIFO batch:31
[    0.000000] Using APIC driver default
[    0.000000] ACPI: PM-Timer IO Port: 0x808
[    0.000000] ACPI: Local APIC address 0xfee00000
[    0.000000] ACPI: LAPIC (acpi_id[0x01] lapic_id[0x00] enabled)
[    0.000000] ACPI: LAPIC (acpi_id[0x02] lapic_id[0x01] enabled)
[    0.000000] ACPI: LAPIC (acpi_id[0x03] lapic_id[0x02] enabled)
[    0.000000] ACPI: LAPIC (acpi_id[0x04] lapic_id[0x03] enabled)
[    0.000000] ACPI: Skipping IOAPIC probe due to 'noapic' option.
[    0.000000] Using ACPI for processor (LAPIC) configuration information
[    0.000000] ACPI: HPET id: 0xffffffff base: 0xfed00000
[    0.000000] Intel MultiProcessor Specification v1.4
[    0.000000]     Virtual Wire compatibility mode.
[    0.000000] MPTABLE: OEM ID: Intel   
[    0.000000] MPTABLE: Product ID: Eaglelake   
[    0.000000] MPTABLE: APIC at: 0xFEE00000
[    0.000000] I/O APIC #4 Version 32 at 0xFEC00000.
[    0.000000] Processors: 4
[    0.000000] SMP: Allowing 4 CPUs, 0 hotplug CPUs
[    0.000000] nr_irqs_gsi: 24
[    0.000000] PM: Registered nosave memory: 000000000009f000 - 00000000000a0000
[    0.000000] PM: Registered nosave memory: 00000000000a0000 - 00000000000e4000
[    0.000000] PM: Registered nosave memory: 00000000000e4000 - 0000000000100000
[    0.000000] Allocating PCI resources starting at d0000000 (gap: d0000000:2ee00000)
[    0.000000] Booting paravirtualized kernel on bare hardware
[    0.000000] NR_CPUS:8 nr_cpumask_bits:8 nr_cpu_ids:4 nr_node_ids:1
[    0.000000] PERCPU: Embedded 15 pages/cpu @c4800000 s39416 r0 d22024 u524288
[    0.000000] pcpu-alloc: s39416 r0 d22024 u524288 alloc=1*2097152
[    0.000000] pcpu-alloc: [0] 0 1 2 3 
[    0.000000] Built 1 zonelists in Zone order, mobility grouping on.  Total pages: 1558814
[    0.000000] Kernel command line: BOOT_IMAGE=/boot/vmlinuz-2.6.32.57 root=/dev/sda1 ro quiet maxcpus=0
[    0.000000] PID hash table entries: 4096 (order: 2, 16384 bytes)
[    0.000000] Dentry cache hash table entries: 131072 (order: 7, 524288 bytes)
[    0.000000] Inode-cache hash table entries: 65536 (order: 6, 262144 bytes)
[    0.000000] Enabling fast FPU save and restore... done.
[    0.000000] Enabling unmasked SIMD FPU exception support... done.
[    0.000000] Initializing CPU#0
[    0.000000] allocated 35389120 bytes of page_cgroup
[    0.000000] please try 'cgroup_disable=memory' option if you don't want memory cgroups
[    0.000000] Initializing HighMem for node 0 (000379fe:001b0000)
[    0.000000] Memory: 6190164k/7077888k available (4760k kernel code, 99308k reserved, 2171k data, 676k init, 5379656k highmem)
[    0.000000] virtual kernel memory layout:
[    0.000000]     fixmap  : 0xfff1d000 - 0xfffff000   ( 904 kB)
[    0.000000]     pkmap   : 0xffa00000 - 0xffc00000   (2048 kB)
[    0.000000]     vmalloc : 0xf81fe000 - 0xff9fe000   ( 120 MB)
[    0.000000]     lowmem  : 0xc0000000 - 0xf79fe000   ( 889 MB)
[    0.000000]       .init : 0xc07c6000 - 0xc086f000   ( 676 kB)
[    0.000000]       .data : 0xc05a636b - 0xc07c50c8   (2171 kB)
[    0.000000]       .text : 0xc0100000 - 0xc05a636b   (4760 kB)
[    0.000000] Checking if this processor honours the WP bit even in supervisor mode...Ok.
[    0.000000] SLUB: Genslabs=13, HWalign=64, Order=0-3, MinObjects=0, CPUs=4, Nodes=1
[    0.000000] Hierarchical RCU implementation.
[    0.000000] NR_IRQS:2304 nr_irqs:440
[    0.000000] TIMEKEEPER_SETUP
[    0.000000] Pid: 0, comm: swapper Not tainted 2.6.32.57 #19
[    0.000000] Call Trace:
[    0.000000]  [<c059e8c4>] ? printk+0x1d/0x21
[    0.000000]  [<c01779d1>] timekeeper_setup_internals+0x21/0x190
[    0.000000]  [<c0178254>] ? ntp_update_frequency+0x14/0xc0
[    0.000000]  [<c0170fe4>] ? hrtimer_init+0x14/0xb0
[    0.000000]  [<c07df755>] timekeeping_init+0x53/0x113
[    0.000000]  [<c058c053>] ? register_cpu_notifier+0x23/0x30
[    0.000000]  [<c07c67a8>] start_kernel+0x219/0x35c
[    0.000000]  [<c07c63bb>] ? unknown_bootoption+0x0/0x19e
[    0.000000]  [<c07c60bb>] i386_start_kernel+0xaa/0xb1
[    0.000000] clocksource: jiffies with init reading: fffedb08
[    0.000000] Console: colour VGA+ 80x25
[    0.000000] console [tty0] enabled
[    0.000000] CLOCKSOURCE_REGISTER_BACKTRACE: hpet
[    0.000000] Pid: 0, comm: swapper Not tainted 2.6.32.57 #19
[    0.000000] Call Trace:
[    0.000000]  [<c059e8c4>] ? printk+0x1d/0x21
[    0.000000]  [<c0179767>] clocksource_register+0x27/0x240
[    0.000000]  [<c013102f>] ? ioremap_nocache+0x1f/0x30
[    0.000000]  [<c07da716>] hpet_enable+0x189/0x290
[    0.000000]  [<c07caae5>] hpet_time_init+0x8/0x18
[    0.000000]  [<c07caac5>] x86_late_time_init+0x9/0x10
[    0.000000]  [<c07c6850>] start_kernel+0x2c1/0x35c
[    0.000000]  [<c07c63bb>] ? unknown_bootoption+0x0/0x19e
[    0.000000]  [<c07c60bb>] i386_start_kernel+0xaa/0xb1
[    0.000000] CLOCKSOURCE_REGISTER_BACKTRACE_END
[    0.000000] CLOCKSOURCE SELECTION
[    0.000000] Clocksource: hpet with rating: 250
[    0.000000] BACKTRACE
[    0.000000] Pid: 0, comm: swapper Not tainted 2.6.32.57 #19
[    0.000000] Call Trace:
[    0.000000]  [<c059e8c4>] ? printk+0x1d/0x21
[    0.000000]  [<c01790d4>] clocksource_select+0x44/0x120
[    0.000000]  [<c0179904>] clocksource_register+0x1c4/0x240
[    0.000000]  [<c013102f>] ? ioremap_nocache+0x1f/0x30
[    0.000000]  [<c07da716>] hpet_enable+0x189/0x290
[    0.000000]  [<c07caae5>] hpet_time_init+0x8/0x18
[    0.000000]  [<c07caac5>] x86_late_time_init+0x9/0x10
[    0.000000]  [<c07c6850>] start_kernel+0x2c1/0x35c
[    0.000000]  [<c07c63bb>] ? unknown_bootoption+0x0/0x19e
[    0.000000]  [<c07c60bb>] i386_start_kernel+0xaa/0xb1
[    0.000000] BACKTRACE_END
[    0.000000] hpet clockevent registered
[    0.000000] Fast TSC calibration using PIT
[    0.000000] Detected 2493.699 MHz processor.
[    0.000000] CLOCKSOURCE_REGISTER_BACKTRACE: tsc
[    0.000000] Pid: 0, comm: swapper Not tainted 2.6.32.57 #19
[    0.000000] Call Trace:
[    0.000000]  [<c059e8c4>] ? printk+0x1d/0x21
[    0.000000]  [<c0179767>] clocksource_register+0x27/0x240
[    0.000000]  [<c07ce85e>] tsc_init+0x1b9/0x1c1
[    0.000000]  [<c07caaca>] x86_late_time_init+0xe/0x10
[    0.000000]  [<c07c6850>] start_kernel+0x2c1/0x35c
[    0.000000]  [<c07c63bb>] ? unknown_bootoption+0x0/0x19e
[    0.000000]  [<c07c60bb>] i386_start_kernel+0xaa/0xb1
[    0.000000] CLOCKSOURCE_REGISTER_BACKTRACE_END
[    0.000000] CLOCKSOURCE SELECTION
[    0.000000] Clocksource: tsc with rating: 300
[    0.000000] Clocksource: hpet with rating: 250
[    0.000000] BACKTRACE
[    0.000000] Pid: 0, comm: swapper Not tainted 2.6.32.57 #19
[    0.000000] Call Trace:
[    0.000000]  [<c059e8c4>] ? printk+0x1d/0x21
[    0.000000]  [<c01790d4>] clocksource_select+0x44/0x120
[    0.000000]  [<c0179904>] clocksource_register+0x1c4/0x240
[    0.000000]  [<c07ce85e>] tsc_init+0x1b9/0x1c1
[    0.000000]  [<c07caaca>] x86_late_time_init+0xe/0x10
[    0.000000]  [<c07c6850>] start_kernel+0x2c1/0x35c
[    0.000000]  [<c07c63bb>] ? unknown_bootoption+0x0/0x19e
[    0.000000]  [<c07c60bb>] i386_start_kernel+0xaa/0xb1
[    0.000000] BACKTRACE_END
[    0.004060] Calibrating delay loop (skipped), value calculated using timer frequency.. 4987.39 BogoMIPS (lpj=9974796)
[    0.004072] Security Framework initialized
[    0.004077] SELinux:  Disabled at boot.
[    0.004084] Mount-cache hash table entries: 512
[    0.004191] Initializing cgroup subsys ns
[    0.004194] Initializing cgroup subsys cpuacct
[    0.004197] Initializing cgroup subsys memory
[    0.004202] Initializing cgroup subsys devices
[    0.004204] Initializing cgroup subsys freezer
[    0.004206] Initializing cgroup subsys net_cls
[    0.004224] CPU: L1 I cache: 32K, L1 D cache: 32K
[    0.004227] CPU: L2 cache: 3072K
[    0.004229] CPU: Physical Processor ID: 0
[    0.004230] CPU: Processor Core ID: 0
[    0.004233] mce: CPU supports 6 MCE banks
[    0.004239] CPU0: Thermal monitoring enabled (TM2)
[    0.004242] using mwait in idle threads.
[    0.004248] Performance Events: Core2 events, Intel PMU driver.
[    0.004252] ... version:                2
[    0.004254] ... bit width:              40
[    0.004255] ... generic registers:      2
[    0.004256] ... value mask:             000000ffffffffff
[    0.004258] ... max period:             000000007fffffff
[    0.004259] ... fixed-purpose events:   3
[    0.004261] ... event mask:             0000000700000003
[    0.004264] Checking 'hlt' instruction... OK.
[    0.020759] SMP alternatives: switching to UP code
[    0.027502] ACPI: Core revision 20090903
[    0.034297] ACPI: setting ELCR to 0200 (from 0cb8)
[    0.036006] ftrace: converting mcount calls to 0f 1f 44 00 00
[    0.036010] ftrace: allocating 20938 entries in 41 pages
[    0.040042] Enabling APIC mode:  Flat.  Using 1 I/O APICs
[    0.040044] SMP mode deactivated.
[    0.040047] SMP disabled
[    0.040114] Brought up 1 CPUs
[    0.040116] Total of 1 processors activated (4987.39 BogoMIPS).
[    0.040121] CPU0 attaching NULL sched-domain.
[    0.040183] devtmpfs: initialized
[    0.040312] sysctl table check failed: /kernel/random/now_input .1.40.7 Unknown sysctl binary path
[    0.040529] Pid: 1, comm: swapper Not tainted 2.6.32.57 #19
[    0.040531] Call Trace:
[    0.040536]  [<c059e8c4>] ? printk+0x1d/0x21
[    0.040540]  [<c01766af>] set_fail+0x4f/0x60
[    0.040543]  [<c0176a0e>] sysctl_check_table+0x34e/0x690
[    0.040546]  [<c0176650>] ? sysctl_check_lookup+0x120/0x130
[    0.040548]  [<c0176a27>] sysctl_check_table+0x367/0x690
[    0.040551]  [<c0176650>] ? sysctl_check_lookup+0x120/0x130
[    0.040554]  [<c0176a27>] sysctl_check_table+0x367/0x690
[    0.040557]  [<c07ded5c>] sysctl_init+0x25/0x29
[    0.040559]  [<c0103041>] do_one_initcall+0x31/0x190
[    0.040562]  [<c07ded37>] ? sysctl_init+0x0/0x29
[    0.040565]  [<c07c6365>] kernel_init+0x12d/0x183
[    0.040567]  [<c07c6238>] ? kernel_init+0x0/0x183
[    0.040570]  [<c010a2c7>] kernel_thread_helper+0x7/0x10
[    0.040572] sysctl table check failed: /kernel/random/now_blocking .1.40.8 Unknown sysctl binary path
[    0.040786] Pid: 1, comm: swapper Not tainted 2.6.32.57 #19
[    0.040787] Call Trace:
[    0.040789]  [<c059e8c4>] ? printk+0x1d/0x21
[    0.040792]  [<c01766af>] set_fail+0x4f/0x60
[    0.040794]  [<c0176a0e>] sysctl_check_table+0x34e/0x690
[    0.040797]  [<c0176650>] ? sysctl_check_lookup+0x120/0x130
[    0.040800]  [<c0176a27>] sysctl_check_table+0x367/0x690
[    0.040802]  [<c0176650>] ? sysctl_check_lookup+0x120/0x130
[    0.040805]  [<c0176a27>] sysctl_check_table+0x367/0x690
[    0.040807]  [<c07ded5c>] sysctl_init+0x25/0x29
[    0.040809]  [<c0103041>] do_one_initcall+0x31/0x190
[    0.040812]  [<c07ded37>] ? sysctl_init+0x0/0x29
[    0.040814]  [<c07c6365>] kernel_init+0x12d/0x183
[    0.040816]  [<c07c6238>] ? kernel_init+0x0/0x183
[    0.040819]  [<c010a2c7>] kernel_thread_helper+0x7/0x10
[    0.040821] sysctl table check failed: /kernel/random/now_nonblocking .1.40.9 Unknown sysctl binary path
[    0.041034] Pid: 1, comm: swapper Not tainted 2.6.32.57 #19
[    0.041035] Call Trace:
[    0.041037]  [<c059e8c4>] ? printk+0x1d/0x21
[    0.041040]  [<c01766af>] set_fail+0x4f/0x60
[    0.041042]  [<c0176a0e>] sysctl_check_table+0x34e/0x690
[    0.041045]  [<c0176650>] ? sysctl_check_lookup+0x120/0x130
[    0.041047]  [<c0176a27>] sysctl_check_table+0x367/0x690
[    0.041050]  [<c0176650>] ? sysctl_check_lookup+0x120/0x130
[    0.041052]  [<c0176a27>] sysctl_check_table+0x367/0x690
[    0.041055]  [<c07ded5c>] sysctl_init+0x25/0x29
[    0.041057]  [<c0103041>] do_one_initcall+0x31/0x190
[    0.041059]  [<c07ded37>] ? sysctl_init+0x0/0x29
[    0.041062]  [<c07c6365>] kernel_init+0x12d/0x183
[    0.041064]  [<c07c6238>] ? kernel_init+0x0/0x183
[    0.041066]  [<c010a2c7>] kernel_thread_helper+0x7/0x10
[    0.041068] sysctl table check failed: /kernel/random/nb_input_bytes .1.40.10 Unknown sysctl binary path
[    0.041282] Pid: 1, comm: swapper Not tainted 2.6.32.57 #19
[    0.041283] Call Trace:
[    0.041285]  [<c059e8c4>] ? printk+0x1d/0x21
[    0.041288]  [<c01766af>] set_fail+0x4f/0x60
[    0.041290]  [<c0176a0e>] sysctl_check_table+0x34e/0x690
[    0.041293]  [<c0176650>] ? sysctl_check_lookup+0x120/0x130
[    0.041295]  [<c0176a27>] sysctl_check_table+0x367/0x690
[    0.041298]  [<c0176650>] ? sysctl_check_lookup+0x120/0x130
[    0.041300]  [<c0176a27>] sysctl_check_table+0x367/0x690
[    0.041303]  [<c07ded5c>] sysctl_init+0x25/0x29
[    0.041305]  [<c0103041>] do_one_initcall+0x31/0x190
[    0.041308]  [<c07ded37>] ? sysctl_init+0x0/0x29
[    0.041310]  [<c07c6365>] kernel_init+0x12d/0x183
[    0.041313]  [<c07c6238>] ? kernel_init+0x0/0x183
[    0.041315]  [<c010a2c7>] kernel_thread_helper+0x7/0x10
[    0.041317] sysctl table check failed: /kernel/random/nb_stir_count .1.40.11 Unknown sysctl binary path
[    0.041531] Pid: 1, comm: swapper Not tainted 2.6.32.57 #19
[    0.041532] Call Trace:
[    0.041534]  [<c059e8c4>] ? printk+0x1d/0x21
[    0.041537]  [<c01766af>] set_fail+0x4f/0x60
[    0.041539]  [<c0176a0e>] sysctl_check_table+0x34e/0x690
[    0.041542]  [<c0176650>] ? sysctl_check_lookup+0x120/0x130
[    0.041544]  [<c0176a27>] sysctl_check_table+0x367/0x690
[    0.041547]  [<c0176650>] ? sysctl_check_lookup+0x120/0x130
[    0.041549]  [<c0176a27>] sysctl_check_table+0x367/0x690
[    0.041552]  [<c07ded5c>] sysctl_init+0x25/0x29
[    0.041554]  [<c0103041>] do_one_initcall+0x31/0x190
[    0.041556]  [<c07ded37>] ? sysctl_init+0x0/0x29
[    0.041559]  [<c07c6365>] kernel_init+0x12d/0x183
[    0.041561]  [<c07c6238>] ? kernel_init+0x0/0x183
[    0.041563]  [<c010a2c7>] kernel_thread_helper+0x7/0x10
[    0.041565] sysctl table check failed: /kernel/random/nb_reentry_count .1.40.12 Unknown sysctl binary path
[    0.041779] Pid: 1, comm: swapper Not tainted 2.6.32.57 #19
[    0.041780] Call Trace:
[    0.041782]  [<c059e8c4>] ? printk+0x1d/0x21
[    0.041785]  [<c01766af>] set_fail+0x4f/0x60
[    0.041787]  [<c0176a0e>] sysctl_check_table+0x34e/0x690
[    0.041790]  [<c0176650>] ? sysctl_check_lookup+0x120/0x130
[    0.041793]  [<c0176a27>] sysctl_check_table+0x367/0x690
[    0.041795]  [<c0176650>] ? sysctl_check_lookup+0x120/0x130
[    0.041798]  [<c0176a27>] sysctl_check_table+0x367/0x690
[    0.041800]  [<c07ded5c>] sysctl_init+0x25/0x29
[    0.041802]  [<c0103041>] do_one_initcall+0x31/0x190
[    0.041805]  [<c07ded37>] ? sysctl_init+0x0/0x29
[    0.041807]  [<c07c6365>] kernel_init+0x12d/0x183
[    0.041809]  [<c07c6238>] ? kernel_init+0x0/0x183
[    0.041811]  [<c010a2c7>] kernel_thread_helper+0x7/0x10
[    0.041922] CLOCKSOURCE_REGISTER_BACKTRACE: jiffies
[    0.041924] Pid: 1, comm: swapper Not tainted 2.6.32.57 #19
[    0.041925] Call Trace:
[    0.041928]  [<c059e8c4>] ? printk+0x1d/0x21
[    0.041930]  [<c0179767>] clocksource_register+0x27/0x240
[    0.041933]  [<c014b634>] ? wake_up_process+0x14/0x20
[    0.041936]  [<c07df97f>] init_jiffies_clocksource+0xd/0xf
[    0.041938]  [<c0103041>] do_one_initcall+0x31/0x190
[    0.041941]  [<c07df972>] ? init_jiffies_clocksource+0x0/0xf
[    0.041943]  [<c07c6365>] kernel_init+0x12d/0x183
[    0.041946]  [<c07c6238>] ? kernel_init+0x0/0x183
[    0.041948]  [<c010a2c7>] kernel_thread_helper+0x7/0x10
[    0.041949] CLOCKSOURCE_REGISTER_BACKTRACE_END
[    0.041950] CLOCKSOURCE SELECTION
[    0.041952] Clocksource: jiffies with rating: 301
[    0.041953] Clocksource: tsc with rating: 300
[    0.041954] Clocksource: hpet with rating: 250
[    0.041955] BACKTRACE
[    0.041957] Pid: 1, comm: swapper Not tainted 2.6.32.57 #19
[    0.041958] Call Trace:
[    0.041960]  [<c059e8c4>] ? printk+0x1d/0x21
[    0.041962]  [<c01790d4>] clocksource_select+0x44/0x120
[    0.041965]  [<c0179904>] clocksource_register+0x1c4/0x240
[    0.041967]  [<c07df97f>] init_jiffies_clocksource+0xd/0xf
[    0.041969]  [<c0103041>] do_one_initcall+0x31/0x190
[    0.041972]  [<c07df972>] ? init_jiffies_clocksource+0x0/0xf
[    0.041974]  [<c07c6365>] kernel_init+0x12d/0x183
[    0.041976]  [<c07c6238>] ? kernel_init+0x0/0x183
[    0.041979]  [<c010a2c7>] kernel_thread_helper+0x7/0x10
[    0.041980] BACKTRACE_END
[    0.042006] regulator: core version 0.5
[    0.042026] Time:  1:27:27  Date: 01/23/13
[    0.042057] NET: Registered protocol family 16
[    0.042130] EISA bus registered
[    0.042135] ACPI: bus type pci registered
[    0.042185] PCI: MCFG configuration 0: base f0000000 segment 0 buses 0 - 63
[    0.042187] PCI: Not using MMCONFIG.
[    0.042312] PCI: Using configuration type 1 for base access
[    0.042902] bio: create slab <bio-0> at 0
[    0.043429] ACPI: EC: Look up EC in DSDT
[    0.044979] ACPI: Executed 1 blocks of module-level executable AML code
[    0.048860] ACPI: Interpreter enabled
[    0.048864] ACPI: (supports S0 S1 S3 S4 S5)
[    0.048881] ACPI: Using PIC for interrupt routing
[    0.048922] PCI: MCFG configuration 0: base f0000000 segment 0 buses 0 - 63
[    0.050305] PCI: MCFG area at f0000000 reserved in ACPI motherboard resources
[    0.050307] PCI: Using MMCONFIG for extended config space
[    0.056373] ACPI: No dock devices found.
[    0.056623] ACPI: PCI Root Bridge [PCI0] (0000:00)
[    0.056706] pci 0000:00:01.0: PME# supported from D0 D3hot D3cold
[    0.056708] pci 0000:00:01.0: PME# disabled
[    0.056764] pci 0000:00:1a.0: reg 20 io port: [0xc000-0xc01f]
[    0.056828] pci 0000:00:1a.1: reg 20 io port: [0xc080-0xc09f]
[    0.056891] pci 0000:00:1a.2: reg 20 io port: [0xc400-0xc41f]
[    0.056957] pci 0000:00:1a.7: reg 10 32bit mmio: [0xfe9ff400-0xfe9ff7ff]
[    0.057018] pci 0000:00:1a.7: PME# supported from D0 D3hot D3cold
[    0.057021] pci 0000:00:1a.7: PME# disabled
[    0.057054] pci 0000:00:1b.0: reg 10 64bit mmio: [0xfe9f8000-0xfe9fbfff]
[    0.057099] pci 0000:00:1b.0: PME# supported from D0 D3hot D3cold
[    0.057102] pci 0000:00:1b.0: PME# disabled
[    0.057165] pci 0000:00:1c.0: PME# supported from D0 D3hot D3cold
[    0.057168] pci 0000:00:1c.0: PME# disabled
[    0.057234] pci 0000:00:1c.5: PME# supported from D0 D3hot D3cold
[    0.057237] pci 0000:00:1c.5: PME# disabled
[    0.057281] pci 0000:00:1d.0: reg 20 io port: [0xc480-0xc49f]
[    0.057345] pci 0000:00:1d.1: reg 20 io port: [0xc800-0xc81f]
[    0.057407] pci 0000:00:1d.2: reg 20 io port: [0xc880-0xc89f]
[    0.057475] pci 0000:00:1d.7: reg 10 32bit mmio: [0xfe9ff800-0xfe9ffbff]
[    0.057536] pci 0000:00:1d.7: PME# supported from D0 D3hot D3cold
[    0.057539] pci 0000:00:1d.7: PME# disabled
[    0.057693] pci 0000:00:1f.2: reg 10 io port: [0x00-0x07]
[    0.057698] pci 0000:00:1f.2: reg 14 io port: [0x00-0x03]
[    0.057702] pci 0000:00:1f.2: reg 18 io port: [0x00-0x07]
[    0.057707] pci 0000:00:1f.2: reg 1c io port: [0x00-0x03]
[    0.057711] pci 0000:00:1f.2: reg 20 io port: [0xff90-0xff9f]
[    0.057716] pci 0000:00:1f.2: reg 24 io port: [0xffa0-0xffaf]
[    0.057761] pci 0000:00:1f.3: reg 10 64bit mmio: [0xfe9ffc00-0xfe9ffcff]
[    0.057772] pci 0000:00:1f.3: reg 20 io port: [0x400-0x41f]
[    0.057812] pci 0000:04:00.0: reg 10 64bit mmio pref: [0xe0000000-0xefffffff]
[    0.057819] pci 0000:04:00.0: reg 18 64bit mmio: [0xfebe0000-0xfebeffff]
[    0.057824] pci 0000:04:00.0: reg 20 io port: [0xe000-0xe0ff]
[    0.057831] pci 0000:04:00.0: reg 30 32bit mmio pref: [0xfebc0000-0xfebdffff]
[    0.057858] pci 0000:04:00.0: supports D1 D2
[    0.057885] pci 0000:04:00.1: reg 10 64bit mmio: [0xfebfc000-0xfebfffff]
[    0.057925] pci 0000:04:00.1: supports D1 D2
[    0.057960] pci 0000:00:01.0: bridge io port: [0xe000-0xefff]
[    0.057962] pci 0000:00:01.0: bridge 32bit mmio: [0xfeb00000-0xfebfffff]
[    0.057966] pci 0000:00:01.0: bridge 64bit mmio pref: [0xe0000000-0xefffffff]
[    0.058040] pci 0000:02:00.0: reg 10 io port: [0xd800-0xd8ff]
[    0.058057] pci 0000:02:00.0: reg 18 64bit mmio: [0xfeaff000-0xfeafffff]
[    0.058070] pci 0000:02:00.0: reg 20 64bit mmio pref: [0xdfffc000-0xdfffffff]
[    0.058077] pci 0000:02:00.0: reg 30 32bit mmio pref: [0xfeac0000-0xfeadffff]
[    0.058135] pci 0000:02:00.0: supports D1 D2
[    0.058137] pci 0000:02:00.0: PME# supported from D0 D1 D2 D3hot D3cold
[    0.058141] pci 0000:02:00.0: PME# disabled
[    0.058188] pci 0000:00:1c.5: bridge io port: [0xd000-0xdfff]
[    0.058191] pci 0000:00:1c.5: bridge 32bit mmio: [0xfea00000-0xfeafffff]
[    0.058196] pci 0000:00:1c.5: bridge 64bit mmio pref: [0xdff00000-0xdfffffff]
[    0.058235] pci 0000:00:1e.0: transparent bridge
[    0.058254] pci_bus 0000:00: on NUMA node 0
[    0.058257] ACPI: PCI Interrupt Routing Table [\_SB_.PCI0._PRT]
[    0.058415] ACPI: PCI Interrupt Routing Table [\_SB_.PCI0.P0P2._PRT]
[    0.058497] ACPI: PCI Interrupt Routing Table [\_SB_.PCI0.P0P4._PRT]
[    0.058556] ACPI: PCI Interrupt Routing Table [\_SB_.PCI0.P0P9._PRT]
[    0.070677] ACPI: PCI Interrupt Link [LNKA] (IRQs 3 4 6 7 *10 11 12 14 15)
[    0.070768] ACPI: PCI Interrupt Link [LNKB] (IRQs *5)
[    0.070853] ACPI: PCI Interrupt Link [LNKC] (IRQs 3 4 6 7 10 *11 12 14 15)
[    0.070940] ACPI: PCI Interrupt Link [LNKD] (IRQs 3 4 6 7 10 11 12 14 15) *0, disabled.
[    0.071028] ACPI: PCI Interrupt Link [LNKE] (IRQs 3 4 6 *7 10 11 12 14 15)
[    0.071115] ACPI: PCI Interrupt Link [LNKF] (IRQs 3 4 6 7 *10 11 12 14 15)
[    0.071201] ACPI: PCI Interrupt Link [LNKG] (IRQs 3 *4 6 7 10 11 12 14 15)
[    0.071288] ACPI: PCI Interrupt Link [LNKH] (IRQs *3 4 6 7 10 11 12 14 15)
[    0.071363] vgaarb: device added: PCI:0000:04:00.0,decodes=io+mem,owns=io+mem,locks=none
[    0.071366] vgaarb: loaded
[    0.071441] SCSI subsystem initialized
[    0.071467] libata version 3.00 loaded.
[    0.071513] usbcore: registered new interface driver usbfs
[    0.071522] usbcore: registered new interface driver hub
[    0.071539] usbcore: registered new device driver usb
[    0.071619] ACPI: WMI: Mapper loaded
[    0.071620] PCI: Using ACPI for IRQ routing
[    0.071719] NetLabel: Initializing
[    0.071720] NetLabel:  domain hash size = 128
[    0.071721] NetLabel:  protocols = UNLABELED CIPSOv4
[    0.071730] NetLabel:  unlabeled traffic allowed by default
[    0.071751] HPET: 4 timers in total, 0 timers will be used for per-cpu timer
[    0.071755] hpet0: at MMIO 0xfed00000, IRQs 2, 8, 0, 0
[    0.071759] hpet0: 4 comparators, 64-bit 14.318180 MHz counter
[    0.076015] CLOCKSOURCE SELECTION
[    0.076017] Clocksource: jiffies with rating: 301
[    0.076019] Clocksource: tsc with rating: 300
[    0.076020] Clocksource: hpet with rating: 250
[    0.076022] BACKTRACE
[    0.076024] Pid: 1, comm: swapper Not tainted 2.6.32.57 #19
[    0.076025] Call Trace:
[    0.076029]  [<c059e8c4>] ? printk+0x1d/0x21
[    0.076033]  [<c01790d4>] clocksource_select+0x44/0x120
[    0.076036]  [<c07df89a>] clocksource_done_booting+0x41/0x4f
[    0.076039]  [<c0103041>] do_one_initcall+0x31/0x190
[    0.076042]  [<c07df859>] ? clocksource_done_booting+0x0/0x4f
[    0.076046]  [<c07c6365>] kernel_init+0x12d/0x183
[    0.076049]  [<c07c6238>] ? kernel_init+0x0/0x183
[    0.076052]  [<c010a2c7>] kernel_thread_helper+0x7/0x10
[    0.076053] BACKTRACE_END
[    0.077377] pnp: PnP ACPI init
[    0.077385] ACPI: bus type pnp registered
[    0.079027] pnp: PnP ACPI: found 14 devices
[    0.079029] ACPI: ACPI bus type pnp unregistered
[    0.079032] PnPBIOS: Disabled by ACPI PNP
[    0.079039] system 00:01: iomem range 0xfed14000-0xfed19fff has been reserved
[    0.079041] system 00:01: iomem range 0xfed90000-0xfed93fff has been reserved
[    0.079047] system 00:06: ioport range 0x4d0-0x4d1 has been reserved
[    0.079049] system 00:06: ioport range 0x800-0x87f has been reserved
[    0.079051] system 00:06: ioport range 0x500-0x57f has been reserved
[    0.079053] system 00:06: iomem range 0xfed1c000-0xfed1ffff has been reserved
[    0.079055] system 00:06: iomem range 0xfed20000-0xfed3ffff has been reserved
[    0.079057] system 00:06: iomem range 0xfed40000-0xfed8ffff has been reserved
[    0.079062] system 00:09: iomem range 0xffc00000-0xffefffff has been reserved
[    0.079065] system 00:0a: iomem range 0xfec00000-0xfec00fff has been reserved
[    0.079067] system 00:0a: iomem range 0xfee00000-0xfee00fff has been reserved
[    0.079072] system 00:0b: ioport range 0xa00-0xadf has been reserved
[    0.079075] system 00:0c: iomem range 0xf0000000-0xf3ffffff has been reserved
[    0.079079] system 00:0d: iomem range 0x0-0x9ffff could not be reserved
[    0.079082] system 00:0d: iomem range 0xc0000-0xcffff could not be reserved
[    0.079084] system 00:0d: iomem range 0xe0000-0xfffff could not be reserved
[    0.079086] system 00:0d: iomem range 0x100000-0xcfffffff could not be reserved
[    0.079088] system 00:0d: iomem range 0xfed90000-0xffffffff could not be reserved
[    0.113692] CLOCKSOURCE_REGISTER_BACKTRACE: acpi_pm
[    0.113694] Pid: 1, comm: swapper Not tainted 2.6.32.57 #19
[    0.113695] Call Trace:
[    0.113698]  [<c059e8c4>] ? printk+0x1d/0x21
[    0.113701]  [<c0179767>] clocksource_register+0x27/0x240
[    0.113704]  [<c07f99c6>] init_acpi_pm_clocksource+0x1c0/0x1c8
[    0.113707]  [<c05a0189>] ? mutex_lock+0x19/0x40
[    0.113709]  [<c0103041>] do_one_initcall+0x31/0x190
[    0.113712]  [<c07f9806>] ? init_acpi_pm_clocksource+0x0/0x1c8
[    0.113715]  [<c07c6365>] kernel_init+0x12d/0x183
[    0.113717]  [<c07c6238>] ? kernel_init+0x0/0x183
[    0.113719]  [<c010a2c7>] kernel_thread_helper+0x7/0x10
[    0.113720] CLOCKSOURCE_REGISTER_BACKTRACE_END
[    0.113722] CLOCKSOURCE SELECTION
[    0.113723] Clocksource: jiffies with rating: 301
[    0.113724] Clocksource: tsc with rating: 300
[    0.113726] Clocksource: hpet with rating: 250
[    0.113727] Clocksource: acpi_pm with rating: 200
[    0.113728] BACKTRACE
[    0.113729] Pid: 1, comm: swapper Not tainted 2.6.32.57 #19
[    0.113730] Call Trace:
[    0.113733]  [<c059e8c4>] ? printk+0x1d/0x21
[    0.113735]  [<c01790d4>] clocksource_select+0x44/0x120
[    0.113737]  [<c0179904>] clocksource_register+0x1c4/0x240
[    0.113740]  [<c07f99c6>] init_acpi_pm_clocksource+0x1c0/0x1c8
[    0.113742]  [<c05a0189>] ? mutex_lock+0x19/0x40
[    0.113745]  [<c0103041>] do_one_initcall+0x31/0x190
[    0.113747]  [<c07f9806>] ? init_acpi_pm_clocksource+0x0/0x1c8
[    0.113750]  [<c07c6365>] kernel_init+0x12d/0x183
[    0.113752]  [<c07c6238>] ? kernel_init+0x0/0x183
[    0.113754]  [<c010a2c7>] kernel_thread_helper+0x7/0x10
[    0.113755] BACKTRACE_END
[    0.113786] pci 0000:00:01.0: PCI bridge, secondary bus 0000:04
[    0.113788] pci 0000:00:01.0:   IO window: 0xe000-0xefff
[    0.113791] pci 0000:00:01.0:   MEM window: 0xfeb00000-0xfebfffff
[    0.113794] pci 0000:00:01.0:   PREFETCH window: 0x000000e0000000-0x000000efffffff
[    0.113797] pci 0000:00:1c.0: PCI bridge, secondary bus 0000:03
[    0.113800] pci 0000:00:1c.0:   IO window: 0x1000-0x1fff
[    0.113804] pci 0000:00:1c.0:   MEM window: 0xd0000000-0xd01fffff
[    0.113807] pci 0000:00:1c.0:   PREFETCH window: 0x000000d0200000-0x000000d03fffff
[    0.113812] pci 0000:00:1c.5: PCI bridge, secondary bus 0000:02
[    0.113814] pci 0000:00:1c.5:   IO window: 0xd000-0xdfff
[    0.113818] pci 0000:00:1c.5:   MEM window: 0xfea00000-0xfeafffff
[    0.113822] pci 0000:00:1c.5:   PREFETCH window: 0x000000dff00000-0x000000dfffffff
[    0.113826] pci 0000:00:1e.0: PCI bridge, secondary bus 0000:01
[    0.113828] pci 0000:00:1e.0:   IO window: disabled
[    0.113831] pci 0000:00:1e.0:   MEM window: disabled
[    0.113834] pci 0000:00:1e.0:   PREFETCH window: disabled
[    0.113943] ACPI: PCI Interrupt Link [LNKA] enabled at IRQ 10
[    0.113945] PCI: setting IRQ 10 as level-triggered
[    0.113949] pci 0000:00:01.0: PCI INT A -> Link[LNKA] -> GSI 10 (level, low) -> IRQ 10
[    0.113952] pci 0000:00:01.0: setting latency timer to 64
[    0.113958] pci 0000:00:1c.0: enabling device (0104 -> 0107)
[    0.114056] ACPI: PCI Interrupt Link [LNKB] enabled at IRQ 5
[    0.114058] PCI: setting IRQ 5 as level-triggered
[    0.114062] pci 0000:00:1c.0: PCI INT A -> Link[LNKB] -> GSI 5 (level, low) -> IRQ 5
[    0.114065] pci 0000:00:1c.0: setting latency timer to 64
[    0.114072] pci 0000:00:1c.5: PCI INT B -> Link[LNKA] -> GSI 10 (level, low) -> IRQ 10
[    0.114076] pci 0000:00:1c.5: setting latency timer to 64
[    0.114081] pci 0000:00:1e.0: setting latency timer to 64
[    0.114084] pci_bus 0000:00: resource 0 io:  [0x00-0xffff]
[    0.114086] pci_bus 0000:00: resource 1 mem: [0x000000-0xffffffffffffffff]
[    0.114088] pci_bus 0000:04: resource 0 io:  [0xe000-0xefff]
[    0.114089] pci_bus 0000:04: resource 1 mem: [0xfeb00000-0xfebfffff]
[    0.114091] pci_bus 0000:04: resource 2 pref mem [0xe0000000-0xefffffff]
[    0.114093] pci_bus 0000:03: resource 0 io:  [0x1000-0x1fff]
[    0.114095] pci_bus 0000:03: resource 1 mem: [0xd0000000-0xd01fffff]
[    0.114097] pci_bus 0000:03: resource 2 pref mem [0xd0200000-0xd03fffff]
[    0.114099] pci_bus 0000:02: resource 0 io:  [0xd000-0xdfff]
[    0.114101] pci_bus 0000:02: resource 1 mem: [0xfea00000-0xfeafffff]
[    0.114103] pci_bus 0000:02: resource 2 pref mem [0xdff00000-0xdfffffff]
[    0.114105] pci_bus 0000:01: resource 3 io:  [0x00-0xffff]
[    0.114106] pci_bus 0000:01: resource 4 mem: [0x000000-0xffffffffffffffff]
[    0.114126] NET: Registered protocol family 2
[    0.114183] IP route cache hash table entries: 32768 (order: 5, 131072 bytes)
[    0.114386] TCP established hash table entries: 131072 (order: 8, 1048576 bytes)
[    0.114706] TCP bind hash table entries: 65536 (order: 7, 524288 bytes)
[    0.114871] TCP: Hash tables configured (established 131072 bind 65536)
[    0.114873] TCP reno registered
[    0.114916] NET: Registered protocol family 1
[    0.115022] pci 0000:04:00.0: Boot video device
[    0.115134] cpufreq-nforce2: No nForce2 chipset.
[    0.115148] Scanning for low memory corruption every 60 seconds
[    0.115219] audit: initializing netlink socket (disabled)
[    0.115225] type=2000 audit(1358904447.112:1): initialized
[    0.123472] highmem bounce pool size: 64 pages
[    0.123476] HugeTLB registered 2 MB page size, pre-allocated 0 pages
[    0.124480] VFS: Disk quotas dquot_6.5.2
[    0.124517] Dquot-cache hash table entries: 1024 (order 0, 4096 bytes)
[    0.124920] fuse init (API version 7.13)
[    0.124983] msgmni has been set to 1585
[    0.125116] alg: No test for stdrng (krng)
[    0.125155] Block layer SCSI generic (bsg) driver version 0.4 loaded (major 253)
[    0.125157] io scheduler noop registered
[    0.125159] io scheduler anticipatory registered
[    0.125160] io scheduler deadline registered
[    0.125187] io scheduler cfq registered (default)
[    0.125270]   alloc irq_desc for 24 on node -1
[    0.125272]   alloc kstat_irqs on node -1
[    0.125278] pcieport 0000:00:01.0: irq 24 for MSI/MSI-X
[    0.125283] pcieport 0000:00:01.0: setting latency timer to 64
[    0.125352]   alloc irq_desc for 25 on node -1
[    0.125354]   alloc kstat_irqs on node -1
[    0.125359] pcieport 0000:00:1c.0: irq 25 for MSI/MSI-X
[    0.125365] pcieport 0000:00:1c.0: setting latency timer to 64
[    0.125451]   alloc irq_desc for 26 on node -1
[    0.125453]   alloc kstat_irqs on node -1
[    0.125458] pcieport 0000:00:1c.5: irq 26 for MSI/MSI-X
[    0.125464] pcieport 0000:00:1c.5: setting latency timer to 64
[    0.125526] pci_hotplug: PCI Hot Plug PCI Core version: 0.5
[    0.125539] Firmware did not grant requested _OSC control
[    0.125553] Firmware did not grant requested _OSC control
[    0.125573] Firmware did not grant requested _OSC control
[    0.125582] Firmware did not grant requested _OSC control
[    0.125592] pciehp: PCI Express Hot Plug Controller Driver version: 0.4
[    0.125698] input: Power Button as /devices/LNXSYSTM:00/LNXSYBUS:00/PNP0C0C:00/input/input0
[    0.125701] ACPI: Power Button [PWRB]
[    0.125731] input: Power Button as /devices/LNXSYSTM:00/LNXPWRBN:00/input/input1
[    0.125733] ACPI: Power Button [PWRF]
[    0.126255] ACPI: SSDT cffa0270 0022C (v01 HPQOEM SLIC-CPC 00000011 INTL 20051117)
[    0.126444] processor LNXCPU:00: registered as cooling_device0
[    0.128049] isapnp: Scanning for PnP cards...
[    0.480883] isapnp: No Plug & Play device found
[    0.480894] KTIME ENTROYPY reading nsecs: 0
[    0.480896] KTIME ENTROPY TIME: 0:00:00
[    0.481818] Serial: 8250/16550 driver, 4 ports, IRQ sharing enabled
[    0.482773] brd: module loaded
[    0.483088] loop: module loaded
[    0.483143] input: Macintosh mouse button emulation as /devices/virtual/input/input2
[    0.483211] ata_piix 0000:00:1f.2: version 2.13
[    0.483325] ACPI: PCI Interrupt Link [LNKD] enabled at IRQ 11
[    0.483327] PCI: setting IRQ 11 as level-triggered
[    0.483331] ata_piix 0000:00:1f.2: PCI INT B -> Link[LNKD] -> GSI 11 (level, low) -> IRQ 11
[    0.483335] ata_piix 0000:00:1f.2: MAP [ P0 P2 P1 P3 ]
[    0.483367] ata_piix 0000:00:1f.2: setting latency timer to 64
[    0.483402] scsi0 : ata_piix
[    0.483450] scsi1 : ata_piix
[    0.484553] ata1: SATA max UDMA/133 cmd 0x1f0 ctl 0x3f6 bmdma 0xff90 irq 14
[    0.484558] ata2: SATA max UDMA/133 cmd 0x170 ctl 0x376 bmdma 0xff98 irq 15
[    0.484808] Fixed MDIO Bus: probed
[    0.484833] PPP generic driver version 2.4.2
[    0.484860] tun: Universal TUN/TAP device driver, 1.6
[    0.484862] tun: (C) 1999-2004 Max Krasnyansky <maxk@qualcomm.com>
[    0.484920] ehci_hcd: USB 2.0 'Enhanced' Host Controller (EHCI) Driver
[    0.485034] ACPI: PCI Interrupt Link [LNKC] enabled at IRQ 11
[    0.485037] ehci_hcd 0000:00:1a.7: PCI INT C -> Link[LNKC] -> GSI 11 (level, low) -> IRQ 11
[    0.485044] ehci_hcd 0000:00:1a.7: setting latency timer to 64
[    0.485047] ehci_hcd 0000:00:1a.7: EHCI Host Controller
[    0.485069] ehci_hcd 0000:00:1a.7: new USB bus registered, assigned bus number 1
[    0.485091] ehci_hcd 0000:00:1a.7: debug port 1
[    0.488964] ehci_hcd 0000:00:1a.7: cache line size of 32 is not supported
[    0.488990] ehci_hcd 0000:00:1a.7: irq 11, io mem 0xfe9ff400
[    0.504007] ehci_hcd 0000:00:1a.7: USB 2.0 started, EHCI 1.00
[    0.504088] usb usb1: configuration #1 chosen from 1 choice
[    0.504113] hub 1-0:1.0: USB hub found
[    0.504124] hub 1-0:1.0: 6 ports detected
[    0.504263] ACPI: PCI Interrupt Link [LNKH] enabled at IRQ 3
[    0.504265] PCI: setting IRQ 3 as level-triggered
[    0.504269] ehci_hcd 0000:00:1d.7: PCI INT A -> Link[LNKH] -> GSI 3 (level, low) -> IRQ 3
[    0.504276] ehci_hcd 0000:00:1d.7: setting latency timer to 64
[    0.504278] ehci_hcd 0000:00:1d.7: EHCI Host Controller
[    0.504300] ehci_hcd 0000:00:1d.7: new USB bus registered, assigned bus number 2
[    0.504320] ehci_hcd 0000:00:1d.7: debug port 1
[    0.508191] ehci_hcd 0000:00:1d.7: cache line size of 32 is not supported
[    0.508196] ehci_hcd 0000:00:1d.7: irq 3, io mem 0xfe9ff800
[    0.524008] ehci_hcd 0000:00:1d.7: USB 2.0 started, EHCI 1.00
[    0.524078] usb usb2: configuration #1 chosen from 1 choice
[    0.524100] hub 2-0:1.0: USB hub found
[    0.524106] hub 2-0:1.0: 6 ports detected
[    0.524149] ohci_hcd: USB 1.1 'Open' Host Controller (OHCI) Driver
[    0.524158] uhci_hcd: USB Universal Host Controller Interface driver
[    0.524171] uhci_hcd 0000:00:1a.0: PCI INT A -> Link[LNKA] -> GSI 10 (level, low) -> IRQ 10
[    0.524176] uhci_hcd 0000:00:1a.0: setting latency timer to 64
[    0.524178] uhci_hcd 0000:00:1a.0: UHCI Host Controller
[    0.524200] uhci_hcd 0000:00:1a.0: new USB bus registered, assigned bus number 3
[    0.524220] uhci_hcd 0000:00:1a.0: irq 10, io base 0x0000c000
[    0.524278] usb usb3: configuration #1 chosen from 1 choice
[    0.524299] hub 3-0:1.0: USB hub found
[    0.524304] hub 3-0:1.0: 2 ports detected
[    0.524435] ACPI: PCI Interrupt Link [LNKF] enabled at IRQ 10
[    0.524438] uhci_hcd 0000:00:1a.1: PCI INT B -> Link[LNKF] -> GSI 10 (level, low) -> IRQ 10
[    0.524442] uhci_hcd 0000:00:1a.1: setting latency timer to 64
[    0.524445] uhci_hcd 0000:00:1a.1: UHCI Host Controller
[    0.524471] uhci_hcd 0000:00:1a.1: new USB bus registered, assigned bus number 4
[    0.524490] uhci_hcd 0000:00:1a.1: irq 10, io base 0x0000c080
[    0.524549] usb usb4: configuration #1 chosen from 1 choice
[    0.524566] hub 4-0:1.0: USB hub found
[    0.524570] hub 4-0:1.0: 2 ports detected
[    0.524700] ACPI: PCI Interrupt Link [LNKE] enabled at IRQ 7
[    0.524702] PCI: setting IRQ 7 as level-triggered
[    0.524706] uhci_hcd 0000:00:1a.2: PCI INT D -> Link[LNKE] -> GSI 7 (level, low) -> IRQ 7
[    0.524710] uhci_hcd 0000:00:1a.2: setting latency timer to 64
[    0.524713] uhci_hcd 0000:00:1a.2: UHCI Host Controller
[    0.524736] uhci_hcd 0000:00:1a.2: new USB bus registered, assigned bus number 5
[    0.524756] uhci_hcd 0000:00:1a.2: irq 7, io base 0x0000c400
[    0.524813] usb usb5: configuration #1 chosen from 1 choice
[    0.524830] hub 5-0:1.0: USB hub found
[    0.524834] hub 5-0:1.0: 2 ports detected
[    0.524864] uhci_hcd 0000:00:1d.0: PCI INT A -> Link[LNKH] -> GSI 3 (level, low) -> IRQ 3
[    0.524868] uhci_hcd 0000:00:1d.0: setting latency timer to 64
[    0.524871] uhci_hcd 0000:00:1d.0: UHCI Host Controller
[    0.524891] uhci_hcd 0000:00:1d.0: new USB bus registered, assigned bus number 6
[    0.524909] uhci_hcd 0000:00:1d.0: irq 3, io base 0x0000c480
[    0.524965] usb usb6: configuration #1 chosen from 1 choice
[    0.524983] hub 6-0:1.0: USB hub found
[    0.524987] hub 6-0:1.0: 2 ports detected
[    0.525019] uhci_hcd 0000:00:1d.1: PCI INT B -> Link[LNKE] -> GSI 7 (level, low) -> IRQ 7
[    0.525024] uhci_hcd 0000:00:1d.1: setting latency timer to 64
[    0.525026] uhci_hcd 0000:00:1d.1: UHCI Host Controller
[    0.525046] uhci_hcd 0000:00:1d.1: new USB bus registered, assigned bus number 7
[    0.525065] uhci_hcd 0000:00:1d.1: irq 7, io base 0x0000c800
[    0.525122] usb usb7: configuration #1 chosen from 1 choice
[    0.525141] hub 7-0:1.0: USB hub found
[    0.525145] hub 7-0:1.0: 2 ports detected
[    0.525173] uhci_hcd 0000:00:1d.2: PCI INT C -> Link[LNKC] -> GSI 11 (level, low) -> IRQ 11
[    0.525177] uhci_hcd 0000:00:1d.2: setting latency timer to 64
[    0.525180] uhci_hcd 0000:00:1d.2: UHCI Host Controller
[    0.525199] uhci_hcd 0000:00:1d.2: new USB bus registered, assigned bus number 8
[    0.525218] uhci_hcd 0000:00:1d.2: irq 11, io base 0x0000c880
[    0.525274] usb usb8: configuration #1 chosen from 1 choice
[    0.525293] hub 8-0:1.0: USB hub found
[    0.525297] hub 8-0:1.0: 2 ports detected
[    0.525364] PNP: No PS/2 controller found. Probing ports directly.
[    0.526834] serio: i8042 KBD port at 0x60,0x64 irq 1
[    0.526834] serio: i8042 AUX port at 0x60,0x64 irq 12
[    0.526834] mice: PS/2 mouse device common for all mice
[    0.526834] rtc_cmos 00:03: RTC can wake from S4
[    0.528014] rtc_cmos 00:03: rtc core: registered rtc_cmos as rtc0
[    0.528031] rtc0: alarms up to one month, y3k, 114 bytes nvram, hpet irqs
[    0.528100] device-mapper: uevent: version 1.0.3
[    0.528159] device-mapper: ioctl: 4.15.0-ioctl (2009-04-01) initialised: dm-devel@redhat.com
[    0.528190] device-mapper: multipath: version 1.1.0 loaded
[    0.528192] device-mapper: multipath round-robin: version 1.0.0 loaded
[    0.528262] EISA: Probing bus 0 at eisa.0
[    0.528266] Cannot allocate resource for EISA slot 1
[    0.528283] EISA: Detected 0 cards.
[    0.528309] cpuidle: using governor ladder
[    0.528311] cpuidle: using governor menu
[    0.528569] TCP cubic registered
[    0.528678] NET: Registered protocol family 10
[    0.529163] NET: Registered protocol family 17
[    0.529436] Using IPI No-Shortcut mode
[    0.529483] PM: Resume from disk failed.
[    0.529492] registered taskstats version 1
[    0.529752]   Magic number: 13:724:458
[    0.529797] rtc_cmos 00:03: setting system clock to 2013-01-23 01:27:27 UTC (1358904447)
[    0.529799] BIOS EDD facility v0.16 2004-Jun-25, 0 devices found
[    0.529800] EDD information not available.
[    0.529834] BEGIN NET_SECRET:
[    0.529835] \x36
[    0.529836] \x93
[    0.529837] \x73
[    0.529838] \x4e
[    0.529839] \x8d
[    0.529840] \x68
[    0.529840] \xe9
[    0.529841] \xa0
[    0.529842] \x3b
[    0.529843] \xc6
[    0.529843] \x9a
[    0.529844] \xfe
[    0.529845] \x39
[    0.529846] \x2a
[    0.529847] \x0
[    0.529847] \x8a
[    0.529848] \x1c
[    0.529849] \xa6
[    0.529850] \xe1
[    0.529850] \x59
[    0.529851] \x55
[    0.529852] \xdb
[    0.529853] \x78
[    0.529854] \x4a
[    0.529854] \x96
[    0.529855] \xb5
[    0.529856] \xc4
[    0.529857] \x3e
[    0.529857] \x4a
[    0.529858] \x53
[    0.529859] \x37
[    0.529860] \x53
[    0.529860] \x65
[    0.529861] \xc9
[    0.529862] \x5e
[    0.529863] \xc1
[    0.529863] \x47
[    0.529864] \x74
[    0.529865] \xe1
[    0.529866] \x57
[    0.529867] \xbc
[    0.529867] \x5d
[    0.529868] \xc8
[    0.529869] \xce
[    0.529870] \xb6
[    0.529870] \xc1
[    0.529871] \x1c
[    0.529872] \xd2
[    0.529873] \x39
[    0.529873] \x37
[    0.529874] \x1f
[    0.529875] \xd0
[    0.529876] \x6e
[    0.529877] \x89
[    0.529877] \x5a
[    0.529878] \xe
[    0.529879] \xc8
[    0.529880] \xed
[    0.529880] \xf9
[    0.529881] \xa1
[    0.529882] \xee
[    0.529883] \xec
[    0.529884] \x7c
[    0.529884] \xe
[    0.529885] 
[    0.529886] END NET_SECRET
[    0.816012] usb 1-6: new high speed USB device using ehci_hcd and address 2
[    1.280056] ata1.00: SATA link up 3.0 Gbps (SStatus 123 SControl 300)
[    1.280067] ata1.01: SATA link down (SStatus 0 SControl 300)
[    1.280184] usb 1-6: configuration #1 chosen from 1 choice
[    1.284054] ata2.00: SATA link up 1.5 Gbps (SStatus 113 SControl 300)
[    1.284066] ata2.01: SATA link down (SStatus 0 SControl 300)
[    1.284076] ata2.01: link offline, clearing class 3 to NONE
[    1.288345] ata2.00: ATAPI: TSSTcorp CDDVDW TS-H653R, 0301, max UDMA/33
[    1.288432] ata1.00: ATA-8: WDC WD6400AAKS-65A7B2, 01.03B01, max UDMA/133
[    1.288434] ata1.00: 1250263728 sectors, multi 16: LBA48 NCQ (depth 0/32)
[    1.304359] ata2.00: configured for UDMA/33
[    1.304431] ata1.00: configured for UDMA/133
[    1.304513] scsi 0:0:0:0: Direct-Access     ATA      WDC WD6400AAKS-6 01.0 PQ: 0 ANSI: 5
[    1.304588] sd 0:0:0:0: Attached scsi generic sg0 type 0
[    1.304635] sd 0:0:0:0: [sda] 1250263728 512-byte logical blocks: (640 GB/596 GiB)
[    1.304667] sd 0:0:0:0: [sda] Write Protect is off
[    1.304669] sd 0:0:0:0: [sda] Mode Sense: 00 3a 00 00
[    1.304687] sd 0:0:0:0: [sda] Write cache: enabled, read cache: enabled, doesn't support DPO or FUA
[    1.304772]  sda:
[    1.304849] scsi 1:0:0:0: CD-ROM            TSSTcorp CDDVDW TS-H653R  0301 PQ: 0 ANSI: 5
[    1.308020] sr0: scsi3-mmc drive: 40x/40x writer dvd-ram cd/rw xa/form2 cdda tray
[    1.308022] Uniform CD-ROM driver Revision: 3.20
[    1.308088] sr 1:0:0:0: Attached scsi CD-ROM sr0
[    1.308128] sr 1:0:0:0: Attached scsi generic sg1 type 5
[    1.320026]  sda1 sda2 < sda5 >
[    1.348210] sd 0:0:0:0: [sda] Attached SCSI disk
[    1.348218] md: Waiting for all devices to be available before autodetect
[    1.348221] md: If you don't use raid, use raid=noautodetect
[    1.348280] md: Autodetecting RAID arrays.
[    1.348282] md: Scanned 0 and added 0 devices.
[    1.348283] md: autorun ...
[    1.348284] md: ... autorun DONE.
[    1.376021] EXT3-fs: sda1: couldn't mount because of unsupported optional features (240).
[    1.376127] EXT2-fs: sda1: couldn't mount because of unsupported optional features (240).
[    1.472534] EXT4-fs (sda1): mounted filesystem with ordered data mode
[    1.472542] VFS: Mounted root (ext4 filesystem) readonly on device 8:1.
[    1.508022] devtmpfs: mounted
[    1.508039] Freeing unused kernel memory: 676k freed
[    1.508260] Write protecting the kernel text: 4764k
[    1.508300] Write protecting the kernel read-only data: 1832k
[    1.632012] usb 7-2: new low speed USB device using uhci_hcd and address 2
[    1.812088] usb 7-2: configuration #1 chosen from 1 choice
[    5.148611] udev: starting version 151
[    5.350927] Linux agpgart interface v0.103
[    5.865316] Initializing USB Mass Storage driver...
[    5.865398] scsi2 : SCSI emulation for USB Mass Storage devices
[    5.865542] usbcore: registered new interface driver usb-storage
[    5.865544] USB Mass Storage support registered.
[    5.865853] usb-storage: device found at 2
[    5.865855] usb-storage: waiting for device to settle before scanning
[    6.046780] Adding 9828344k swap on /dev/sda5.  Priority:-1 extents:1 across:9828344k 
[    6.138179] lp: driver loaded but no devices found
[    6.146072] usbcore: registered new interface driver hiddev
[    6.307631] [drm] Initialized drm 1.1.0 20060810
[    6.363726] r8169 Gigabit Ethernet driver 2.3LK-NAPI loaded
[    6.363743] r8169 0000:02:00.0: PCI INT A -> Link[LNKB] -> GSI 5 (level, low) -> IRQ 5
[    6.363774] r8169 0000:02:00.0: setting latency timer to 64
[    6.363812]   alloc irq_desc for 27 on node -1
[    6.363813]   alloc kstat_irqs on node -1
[    6.363824] r8169 0000:02:00.0: irq 27 for MSI/MSI-X
[    6.364334] eth0: RTL8168d/8111d at 0xf9846000, 00:26:18:a5:38:24, XID 081000c0 IRQ 27
[    6.587242] r8169: eth0: link down
[    6.587252] r8169: eth0: link down
[    6.587419] ADDRCONF(NETDEV_UP): eth0: link is not ready
[    6.836524] ACPI: PCI Interrupt Link [LNKG] enabled at IRQ 4
[    6.836527] PCI: setting IRQ 4 as level-triggered
[    6.836532] HDA Intel 0000:00:1b.0: PCI INT A -> Link[LNKG] -> GSI 4 (level, low) -> IRQ 4
[    6.836552] HDA Intel 0000:00:1b.0: setting latency timer to 64
[    7.102546] [drm] radeon defaulting to kernel modesetting.
[    7.102548] [drm] radeon kernel modesetting enabled.
[    7.102585] radeon 0000:04:00.0: PCI INT A -> Link[LNKA] -> GSI 10 (level, low) -> IRQ 10
[    7.102589] radeon 0000:04:00.0: setting latency timer to 64
[    7.103524] [drm] radeon: Initializing kernel modesetting.
[    7.103543] [drm] register mmio base: 0xFEBE0000
[    7.103544] [drm] register mmio size: 65536
[    7.103598] ATOM BIOS: 113
[    7.103602] [drm] Clocks initialized !
[    7.103615] mtrr: type mismatch for e0000000,10000000 old: write-back new: write-combining
[    7.103617] [drm] Detected VRAM RAM=256M, BAR=256M
[    7.103618] [drm] RAM width 128bits DDR
[    7.103663] [TTM] Zone  kernel: Available graphics memory: 406134 kiB.
[    7.103665] [TTM] Zone highmem: Available graphics memory: 3095962 kiB.
[    7.103674] [drm] radeon: 256M of VRAM memory ready
[    7.103676] [drm] radeon: 512M of GTT memory ready.
[    7.103721] [drm] Loading RV730 CP Microcode
[    7.103878] platform radeon_cp.0: firmware: requesting radeon/RV730_pfp.bin
[    7.173034] hda_codec: ALC888: BIOS auto-probing.
[    7.174532] input: HDA Digital PCBeep as /devices/pci0000:00/0000:00:1b.0/input/input3
[    7.244398] platform radeon_cp.0: firmware: requesting radeon/RV730_me.bin
[    7.280195] [drm] GART: num cpu pages 131072, num gpu pages 131072
[    7.314568] [drm] ring test succeeded in 1 usecs
[    7.314671] [drm] radeon: ib pool ready.
[    7.314717] [drm] ib test succeeded in 0 usecs
[    7.316017] [drm] Radeon Display Connectors
[    7.316019] [drm] Connector 0:
[    7.316038] [drm]   HDMI-A
[    7.316040] [drm]   DDC: 0x7f10 0x7f10 0x7f14 0x7f14 0x7f18 0x7f18 0x7f1c 0x7f1c
[    7.316041] [drm]   Encoders:
[    7.316042] [drm]     DFP2: INTERNAL_UNIPHY1
[    7.316043] [drm] Connector 1:
[    7.316044] [drm]   VGA
[    7.316046] [drm]   DDC: 0x7e50 0x7e50 0x7e54 0x7e54 0x7e58 0x7e58 0x7e5c 0x7e5c
[    7.316047] [drm]   Encoders:
[    7.316049] [drm]     CRT2: INTERNAL_KLDSCP_DAC2
[    7.316050] [drm] Connector 2:
[    7.316051] [drm]   DVI-I
[    7.316052] [drm]   DDC: 0x7e20 0x7e20 0x7e24 0x7e24 0x7e28 0x7e28 0x7e2c 0x7e2c
[    7.316054] [drm]   Encoders:
[    7.316055] [drm]     CRT1: INTERNAL_KLDSCP_DAC1
[    7.316056] [drm]     DFP1: INTERNAL_UNIPHY
[    7.447245] [drm] fb mappable at 0xE0141000
[    7.447247] [drm] vram apper at 0xE0000000
[    7.447249] [drm] size 8294400
[    7.447250] [drm] fb depth is 24
[    7.447251] [drm]    pitch is 7680
[    7.447378] fb0: radeondrmfb frame buffer device
[    7.447380] registered panic notifier
[    7.447383] [drm] Initialized radeon 2.0.0 20080528 for 0000:04:00.0 on minor 0
[    7.447419] HDA Intel 0000:04:00.1: PCI INT B -> Link[LNKB] -> GSI 5 (level, low) -> IRQ 5
[    7.447435] HDA Intel 0000:04:00.1: setting latency timer to 64
[    7.535193] executing set pll
[    7.540046] executing set crtc timing
[    7.540076] [drm] TV-11: set mode 1920x1080 21
[    7.546695] Console: switching to colour frame buffer device 240x67
[    9.468049] r8169: eth0: link up
[    9.468224] ADDRCONF(NETDEV_CHANGE): eth0: link becomes ready
[   16.148095] generic-usb 0003:0BDA:0152.0001: timeout initializing reports
[   16.148186] generic-usb 0003:0BDA:0152.0001: hiddev96,hidraw0: USB HID v1.11 Device [Generic USB2.0-CRW] on usb-0000:00:1a.7-6/input1
[   16.149684] usb-storage: device scan complete
[   16.152268] scsi 2:0:0:0: Direct-Access     Generic- Compact Flash    1.00 PQ: 0 ANSI: 0 CCS
[   16.156107] scsi 2:0:0:1: Direct-Access     Generic- SM/xD-Picture    1.00 PQ: 0 ANSI: 0 CCS
[   16.160295] input: CHICONY HP USB Multimedia Keyboard as /devices/pci0000:00/0000:00:1d.1/usb7/7-2/7-2:1.0/input/input4
[   16.160343] generic-usb 0003:04F2:0841.0002: input,hidraw1: USB HID v1.11 Keyboard [CHICONY HP USB Multimedia Keyboard] on usb-0000:00:1d.1-2/input0
[   16.164579] scsi 2:0:0:2: Direct-Access     Generic- SD/MMC           1.00 PQ: 0 ANSI: 0 CCS
[   16.168108] scsi 2:0:0:3: Direct-Access     Generic- MS/MS-Pro        1.00 PQ: 0 ANSI: 0 CCS
[   16.168400] sd 2:0:0:0: Attached scsi generic sg2 type 0
[   16.168488] sd 2:0:0:1: Attached scsi generic sg3 type 0
[   16.168570] sd 2:0:0:2: Attached scsi generic sg4 type 0
[   16.168651] sd 2:0:0:3: Attached scsi generic sg5 type 0
[   16.182440] sd 2:0:0:0: [sdb] Attached SCSI removable disk
[   16.183312] sd 2:0:0:1: [sdc] Attached SCSI removable disk
[   16.184193] sd 2:0:0:2: [sdd] Attached SCSI removable disk
[   16.185064] sd 2:0:0:3: [sde] Attached SCSI removable disk
[   16.187620] input: CHICONY HP USB Multimedia Keyboard as /devices/pci0000:00/0000:00:1d.1/usb7/7-2/7-2:1.1/input/input5
[   16.187698] generic-usb 0003:04F2:0841.0003: input,hiddev97,hidraw2: USB HID v1.11 Device [CHICONY HP USB Multimedia Keyboard] on usb-0000:00:1d.1-2/input1
[   16.187722] usbcore: registered new interface driver usbhid
[   16.187724] usbhid: v2.6:USB HID core driver
[   19.948107] eth0: no IPv6 routers present
