[    0.000000] Initializing cgroup subsys cpuset
[    0.000000] Initializing cgroup subsys cpu
[    0.000000] Linux version 2.6.32.57 (dcashman@dcashman-01) (gcc version 4.4.3 (Ubuntu 4.4.3-4ubuntu5.1) ) #14 SMP Thu Dec 20 16:15:26 PST 2012
[    0.000000] KERNEL supported cpus:
[    0.000000]   Intel GenuineIntel
[    0.000000]   AMD AuthenticAMD
[    0.000000]   NSC Geode by NSC
[    0.000000]   Cyrix CyrixInstead
[    0.000000]   Centaur CentaurHauls
[    0.000000]   Transmeta GenuineTMx86
[    0.000000]   Transmeta TransmetaCPU
[    0.000000]   UMC UMC UMC UMC
[    0.000000] BIOS-provided physical RAM map:
[    0.000000]  BIOS-e820: 0000000000000000 - 000000000009fc00 (usable)
[    0.000000]  BIOS-e820: 000000000009fc00 - 00000000000a0000 (reserved)
[    0.000000]  BIOS-e820: 00000000000e4000 - 0000000000100000 (reserved)
[    0.000000]  BIOS-e820: 0000000000100000 - 00000000cff90000 (usable)
[    0.000000]  BIOS-e820: 00000000cff90000 - 00000000cff9e000 (ACPI data)
[    0.000000]  BIOS-e820: 00000000cff9e000 - 00000000cffe0000 (ACPI NVS)
[    0.000000]  BIOS-e820: 00000000cffe0000 - 00000000d0000000 (reserved)
[    0.000000]  BIOS-e820: 00000000fee00000 - 00000000fee01000 (reserved)
[    0.000000]  BIOS-e820: 00000000fff00000 - 0000000100000000 (reserved)
[    0.000000]  BIOS-e820: 0000000100000000 - 00000001b0000000 (usable)
[    0.000000] DMI present.
[    0.000000] AMI BIOS detected: BIOS may corrupt low RAM, working around it.
[    0.000000] e820 update range: 0000000000000000 - 0000000000010000 (usable) ==> (reserved)
[    0.000000] last_pfn = 0x1b0000 max_arch_pfn = 0x1000000
[    0.000000] MTRR default type: uncachable
[    0.000000] MTRR fixed ranges enabled:
[    0.000000]   00000-9FFFF write-back
[    0.000000]   A0000-BFFFF uncachable
[    0.000000]   C0000-CFFFF write-protect
[    0.000000]   D0000-DFFFF uncachable
[    0.000000]   E0000-EFFFF write-through
[    0.000000]   F0000-FFFFF write-protect
[    0.000000] MTRR variable ranges enabled:
[    0.000000]   0 base 1B0000000 mask FF0000000 uncachable
[    0.000000]   1 base 1C0000000 mask FC0000000 uncachable
[    0.000000]   2 base 000000000 mask E00000000 write-back
[    0.000000]   3 base 0D0000000 mask FF0000000 uncachable
[    0.000000]   4 base 0E0000000 mask FE0000000 uncachable
[    0.000000]   5 disabled
[    0.000000]   6 disabled
[    0.000000]   7 disabled
[    0.000000] x86 PAT enabled: cpu 0, old 0x7040600070406, new 0x7010600070106
[    0.000000] e820 update range: 00000000d0000000 - 0000000100000000 (usable) ==> (reserved)
[    0.000000] Scanning 0 areas for low memory corruption
[    0.000000] modified physical RAM map:
[    0.000000]  modified: 0000000000000000 - 0000000000010000 (reserved)
[    0.000000]  modified: 0000000000010000 - 000000000009fc00 (usable)
[    0.000000]  modified: 000000000009fc00 - 00000000000a0000 (reserved)
[    0.000000]  modified: 00000000000e4000 - 0000000000100000 (reserved)
[    0.000000]  modified: 0000000000100000 - 00000000cff90000 (usable)
[    0.000000]  modified: 00000000cff90000 - 00000000cff9e000 (ACPI data)
[    0.000000]  modified: 00000000cff9e000 - 00000000cffe0000 (ACPI NVS)
[    0.000000]  modified: 00000000cffe0000 - 00000000d0000000 (reserved)
[    0.000000]  modified: 00000000fee00000 - 00000000fee01000 (reserved)
[    0.000000]  modified: 00000000fff00000 - 0000000100000000 (reserved)
[    0.000000]  modified: 0000000100000000 - 00000001b0000000 (usable)
[    0.000000] initial memory mapped : 0 - 00e00000
[    0.000000] init_memory_mapping: 0000000000000000-00000000379fe000
[    0.000000] NX (Execute Disable) protection: active
[    0.000000]  0000000000 - 0000200000 page 4k
[    0.000000]  0000200000 - 0037800000 page 2M
[    0.000000]  0037800000 - 00379fe000 page 4k
[    0.000000] kernel direct mapping tables up to 379fe000 @ 10000-16000
[    0.000000] ACPI: RSDP 000f91f0 00014 (v00 HPQOEM)
[    0.000000] ACPI: RSDT cff90000 00044 (v01 HPQOEM SLIC-CPC 20090819 MSFT 00000097)
[    0.000000] ACPI: FACP cff90200 00084 (v01 HPQOEM SLIC-CPC 20090819 MSFT 00000097)
[    0.000000] ACPI: DSDT cff90440 05753 (v01 HPQOEM SLIC-CPC 00000050 INTL 20051117)
[    0.000000] ACPI: FACS cff9e000 00040
[    0.000000] ACPI: APIC cff90390 0006C (v01 HPQOEM SLIC-CPC 20090819 MSFT 00000097)
[    0.000000] ACPI: MCFG cff90400 0003C (v01 HPQOEM SLIC-CPC 20090819 MSFT 00000097)
[    0.000000] ACPI: OEMB cff9e040 00076 (v01 HPQOEM SLIC-CPC 20090819 MSFT 00000097)
[    0.000000] ACPI: HPET cff95ba0 00038 (v01 HPQOEM SLIC-CPC 20090819 MSFT 00000097)
[    0.000000] ACPI: GSCI cff9e0c0 02024 (v01 HPQOEM SLIC-CPC 20090819 MSFT 00000097)
[    0.000000] ACPI: SLIC cffa00f0 00176 (v01 HPQOEM SLIC-CPC 00000001 MSFT 00000001)
[    0.000000] ACPI: SSDT cffa0b30 00A7C (v01 HPQOEM SLIC-CPC 00000012 INTL 20051117)
[    0.000000] ACPI: Local APIC address 0xfee00000
[    0.000000] 6022MB HIGHMEM available.
[    0.000000] 889MB LOWMEM available.
[    0.000000]   mapped low ram: 0 - 379fe000
[    0.000000]   low ram: 0 - 379fe000
[    0.000000]   node 0 low ram: 00000000 - 379fe000
[    0.000000]   node 0 bootmap 00012000 - 00018f40
[    0.000000] (8 early reservations) ==> bootmem [0000000000 - 00379fe000]
[    0.000000]   #0 [0000000000 - 0000001000]   BIOS data page ==> [0000000000 - 0000001000]
[    0.000000]   #1 [0000001000 - 0000002000]    EX TRAMPOLINE ==> [0000001000 - 0000002000]
[    0.000000]   #2 [0000006000 - 0000007000]       TRAMPOLINE ==> [0000006000 - 0000007000]
[    0.000000]   #3 [0000100000 - 0000918778]    TEXT DATA BSS ==> [0000100000 - 0000918778]
[    0.000000]   #4 [000009fc00 - 0000100000]    BIOS reserved ==> [000009fc00 - 0000100000]
[    0.000000]   #5 [0000919000 - 0000920640]              BRK ==> [0000919000 - 0000920640]
[    0.000000]   #6 [0000010000 - 0000012000]          PGTABLE ==> [0000010000 - 0000012000]
[    0.000000]   #7 [0000012000 - 0000019000]          BOOTMAP ==> [0000012000 - 0000019000]
[    0.000000] found SMP MP-table at [c00ff780] ff780
[    0.000000] Zone PFN ranges:
[    0.000000]   DMA      0x00000010 -> 0x00001000
[    0.000000]   Normal   0x00001000 -> 0x000379fe
[    0.000000]   HighMem  0x000379fe -> 0x001b0000
[    0.000000] Movable zone start PFN for each node
[    0.000000] early_node_map[3] active PFN ranges
[    0.000000]     0: 0x00000010 -> 0x0000009f
[    0.000000]     0: 0x00000100 -> 0x000cff90
[    0.000000]     0: 0x00100000 -> 0x001b0000
[    0.000000] On node 0 totalpages: 1572639
[    0.000000] free_area_init_node: node 0, pgdat c07ba8a0, node_mem_map c1001200
[    0.000000]   DMA zone: 32 pages used for memmap
[    0.000000]   DMA zone: 0 pages reserved
[    0.000000]   DMA zone: 3951 pages, LIFO batch:0
[    0.000000]   Normal zone: 1748 pages used for memmap
[    0.000000]   Normal zone: 221994 pages, LIFO batch:31
[    0.000000]   HighMem zone: 12045 pages used for memmap
[    0.000000]   HighMem zone: 1332869 pages, LIFO batch:31
[    0.000000] Using APIC driver default
[    0.000000] ACPI: PM-Timer IO Port: 0x808
[    0.000000] ACPI: Local APIC address 0xfee00000
[    0.000000] ACPI: LAPIC (acpi_id[0x01] lapic_id[0x00] enabled)
[    0.000000] ACPI: LAPIC (acpi_id[0x02] lapic_id[0x01] enabled)
[    0.000000] ACPI: LAPIC (acpi_id[0x03] lapic_id[0x02] enabled)
[    0.000000] ACPI: LAPIC (acpi_id[0x04] lapic_id[0x03] enabled)
[    0.000000] ACPI: Skipping IOAPIC probe due to 'noapic' option.
[    0.000000] Using ACPI for processor (LAPIC) configuration information
[    0.000000] ACPI: HPET id: 0xffffffff base: 0xfed00000
[    0.000000] Intel MultiProcessor Specification v1.4
[    0.000000]     Virtual Wire compatibility mode.
[    0.000000] MPTABLE: OEM ID: Intel   
[    0.000000] MPTABLE: Product ID: Eaglelake   
[    0.000000] MPTABLE: APIC at: 0xFEE00000
[    0.000000] I/O APIC #4 Version 32 at 0xFEC00000.
[    0.000000] Processors: 4
[    0.000000] SMP: Allowing 4 CPUs, 0 hotplug CPUs
[    0.000000] nr_irqs_gsi: 24
[    0.000000] PM: Registered nosave memory: 000000000009f000 - 00000000000a0000
[    0.000000] PM: Registered nosave memory: 00000000000a0000 - 00000000000e4000
[    0.000000] PM: Registered nosave memory: 00000000000e4000 - 0000000000100000
[    0.000000] Allocating PCI resources starting at d0000000 (gap: d0000000:2ee00000)
[    0.000000] Booting paravirtualized kernel on bare hardware
[    0.000000] NR_CPUS:8 nr_cpumask_bits:8 nr_cpu_ids:4 nr_node_ids:1
[    0.000000] PERCPU: Embedded 15 pages/cpu @c4800000 s39416 r0 d22024 u524288
[    0.000000] pcpu-alloc: s39416 r0 d22024 u524288 alloc=1*2097152
[    0.000000] pcpu-alloc: [0] 0 1 2 3 
[    0.000000] Built 1 zonelists in Zone order, mobility grouping on.  Total pages: 1558814
[    0.000000] Kernel command line: BOOT_IMAGE=/boot/vmlinuz-2.6.32.57 root=/dev/sda1 ro quiet maxcpus=0
[    0.000000] PID hash table entries: 4096 (order: 2, 16384 bytes)
[    0.000000] Dentry cache hash table entries: 131072 (order: 7, 524288 bytes)
[    0.000000] Inode-cache hash table entries: 65536 (order: 6, 262144 bytes)
[    0.000000] Enabling fast FPU save and restore... done.
[    0.000000] Enabling unmasked SIMD FPU exception support... done.
[    0.000000] Initializing CPU#0
[    0.000000] allocated 35389120 bytes of page_cgroup
[    0.000000] please try 'cgroup_disable=memory' option if you don't want memory cgroups
[    0.000000] Initializing HighMem for node 0 (000379fe:001b0000)
[    0.000000] Memory: 6190164k/7077888k available (4760k kernel code, 99308k reserved, 2171k data, 676k init, 5379656k highmem)
[    0.000000] virtual kernel memory layout:
[    0.000000]     fixmap  : 0xfff1d000 - 0xfffff000   ( 904 kB)
[    0.000000]     pkmap   : 0xffa00000 - 0xffc00000   (2048 kB)
[    0.000000]     vmalloc : 0xf81fe000 - 0xff9fe000   ( 120 MB)
[    0.000000]     lowmem  : 0xc0000000 - 0xf79fe000   ( 889 MB)
[    0.000000]       .init : 0xc07c6000 - 0xc086f000   ( 676 kB)
[    0.000000]       .data : 0xc05a62eb - 0xc07c50c8   (2171 kB)
[    0.000000]       .text : 0xc0100000 - 0xc05a62eb   (4760 kB)
[    0.000000] Checking if this processor honours the WP bit even in supervisor mode...Ok.
[    0.000000] SLUB: Genslabs=13, HWalign=64, Order=0-3, MinObjects=0, CPUs=4, Nodes=1
[    0.000000] Hierarchical RCU implementation.
[    0.000000] NR_IRQS:2304 nr_irqs:440
[    0.000000] Console: colour VGA+ 80x25
[    0.000000] console [tty0] enabled
[    0.000000] hpet clockevent registered
[    0.000000] Fast TSC calibration using PIT
[    0.000000] Detected 2493.622 MHz processor.
[    0.004004] Calibrating delay loop (skipped), value calculated using timer frequency.. 4987.24 BogoMIPS (lpj=9974488)
[    0.004016] Security Framework initialized
[    0.004021] SELinux:  Disabled at boot.
[    0.004028] Mount-cache hash table entries: 512
[    0.004134] Initializing cgroup subsys ns
[    0.004137] Initializing cgroup subsys cpuacct
[    0.004141] Initializing cgroup subsys memory
[    0.004146] Initializing cgroup subsys devices
[    0.004148] Initializing cgroup subsys freezer
[    0.004150] Initializing cgroup subsys net_cls
[    0.004169] CPU: L1 I cache: 32K, L1 D cache: 32K
[    0.004171] CPU: L2 cache: 3072K
[    0.004173] CPU: Physical Processor ID: 0
[    0.004175] CPU: Processor Core ID: 0
[    0.004178] mce: CPU supports 6 MCE banks
[    0.004185] CPU0: Thermal monitoring enabled (TM2)
[    0.004188] using mwait in idle threads.
[    0.004193] Performance Events: Core2 events, Intel PMU driver.
[    0.004197] ... version:                2
[    0.004199] ... bit width:              40
[    0.004200] ... generic registers:      2
[    0.004202] ... value mask:             000000ffffffffff
[    0.004203] ... max period:             000000007fffffff
[    0.004205] ... fixed-purpose events:   3
[    0.004206] ... event mask:             0000000700000003
[    0.004210] Checking 'hlt' instruction... OK.
[    0.020758] SMP alternatives: switching to UP code
[    0.027838] ACPI: Core revision 20090903
[    0.034636] ACPI: setting ELCR to 0200 (from 0cb8)
[    0.036007] ftrace: converting mcount calls to 0f 1f 44 00 00
[    0.036010] ftrace: allocating 20938 entries in 41 pages
[    0.040042] Enabling APIC mode:  Flat.  Using 1 I/O APICs
[    0.040045] SMP mode deactivated.
[    0.040048] SMP disabled
[    0.040115] Brought up 1 CPUs
[    0.040117] Total of 1 processors activated (4987.24 BogoMIPS).
[    0.040122] CPU0 attaching NULL sched-domain.
[    0.040184] devtmpfs: initialized
[    0.040313] sysctl table check failed: /kernel/random/now_input .1.40.7 Unknown sysctl binary path
[    0.040530] Pid: 1, comm: swapper Not tainted 2.6.32.57 #14
[    0.040531] Call Trace:
[    0.040537]  [<c059e844>] ? printk+0x1d/0x21
[    0.040541]  [<c01766af>] set_fail+0x4f/0x60
[    0.040544]  [<c0176a0e>] sysctl_check_table+0x34e/0x690
[    0.040546]  [<c0176650>] ? sysctl_check_lookup+0x120/0x130
[    0.040549]  [<c0176a27>] sysctl_check_table+0x367/0x690
[    0.040552]  [<c0176650>] ? sysctl_check_lookup+0x120/0x130
[    0.040554]  [<c0176a27>] sysctl_check_table+0x367/0x690
[    0.040558]  [<c07ded5c>] sysctl_init+0x25/0x29
[    0.040560]  [<c0103041>] do_one_initcall+0x31/0x190
[    0.040563]  [<c07ded37>] ? sysctl_init+0x0/0x29
[    0.040566]  [<c07c6365>] kernel_init+0x12d/0x183
[    0.040568]  [<c07c6238>] ? kernel_init+0x0/0x183
[    0.040571]  [<c010a2c7>] kernel_thread_helper+0x7/0x10
[    0.040573] sysctl table check failed: /kernel/random/now_blocking .1.40.8 Unknown sysctl binary path
[    0.040787] Pid: 1, comm: swapper Not tainted 2.6.32.57 #14
[    0.040788] Call Trace:
[    0.040790]  [<c059e844>] ? printk+0x1d/0x21
[    0.040793]  [<c01766af>] set_fail+0x4f/0x60
[    0.040795]  [<c0176a0e>] sysctl_check_table+0x34e/0x690
[    0.040798]  [<c0176650>] ? sysctl_check_lookup+0x120/0x130
[    0.040800]  [<c0176a27>] sysctl_check_table+0x367/0x690
[    0.040803]  [<c0176650>] ? sysctl_check_lookup+0x120/0x130
[    0.040806]  [<c0176a27>] sysctl_check_table+0x367/0x690
[    0.040808]  [<c07ded5c>] sysctl_init+0x25/0x29
[    0.040810]  [<c0103041>] do_one_initcall+0x31/0x190
[    0.040813]  [<c07ded37>] ? sysctl_init+0x0/0x29
[    0.040815]  [<c07c6365>] kernel_init+0x12d/0x183
[    0.040817]  [<c07c6238>] ? kernel_init+0x0/0x183
[    0.040819]  [<c010a2c7>] kernel_thread_helper+0x7/0x10
[    0.040821] sysctl table check failed: /kernel/random/now_nonblocking .1.40.9 Unknown sysctl binary path
[    0.041035] Pid: 1, comm: swapper Not tainted 2.6.32.57 #14
[    0.041036] Call Trace:
[    0.041038]  [<c059e844>] ? printk+0x1d/0x21
[    0.041041]  [<c01766af>] set_fail+0x4f/0x60
[    0.041043]  [<c0176a0e>] sysctl_check_table+0x34e/0x690
[    0.041046]  [<c0176650>] ? sysctl_check_lookup+0x120/0x130
[    0.041048]  [<c0176a27>] sysctl_check_table+0x367/0x690
[    0.041051]  [<c0176650>] ? sysctl_check_lookup+0x120/0x130
[    0.041053]  [<c0176a27>] sysctl_check_table+0x367/0x690
[    0.041056]  [<c07ded5c>] sysctl_init+0x25/0x29
[    0.041058]  [<c0103041>] do_one_initcall+0x31/0x190
[    0.041060]  [<c07ded37>] ? sysctl_init+0x0/0x29
[    0.041063]  [<c07c6365>] kernel_init+0x12d/0x183
[    0.041065]  [<c07c6238>] ? kernel_init+0x0/0x183
[    0.041067]  [<c010a2c7>] kernel_thread_helper+0x7/0x10
[    0.041069] sysctl table check failed: /kernel/random/nb_input_bytes .1.40.10 Unknown sysctl binary path
[    0.041283] Pid: 1, comm: swapper Not tainted 2.6.32.57 #14
[    0.041284] Call Trace:
[    0.041286]  [<c059e844>] ? printk+0x1d/0x21
[    0.041289]  [<c01766af>] set_fail+0x4f/0x60
[    0.041291]  [<c0176a0e>] sysctl_check_table+0x34e/0x690
[    0.041294]  [<c0176650>] ? sysctl_check_lookup+0x120/0x130
[    0.041297]  [<c0176a27>] sysctl_check_table+0x367/0x690
[    0.041299]  [<c0176650>] ? sysctl_check_lookup+0x120/0x130
[    0.041302]  [<c0176a27>] sysctl_check_table+0x367/0x690
[    0.041304]  [<c07ded5c>] sysctl_init+0x25/0x29
[    0.041306]  [<c0103041>] do_one_initcall+0x31/0x190
[    0.041309]  [<c07ded37>] ? sysctl_init+0x0/0x29
[    0.041311]  [<c07c6365>] kernel_init+0x12d/0x183
[    0.041313]  [<c07c6238>] ? kernel_init+0x0/0x183
[    0.041316]  [<c010a2c7>] kernel_thread_helper+0x7/0x10
[    0.041317] sysctl table check failed: /kernel/random/nb_stir_count .1.40.11 Unknown sysctl binary path
[    0.041531] Pid: 1, comm: swapper Not tainted 2.6.32.57 #14
[    0.041532] Call Trace:
[    0.041535]  [<c059e844>] ? printk+0x1d/0x21
[    0.041537]  [<c01766af>] set_fail+0x4f/0x60
[    0.041539]  [<c0176a0e>] sysctl_check_table+0x34e/0x690
[    0.041542]  [<c0176650>] ? sysctl_check_lookup+0x120/0x130
[    0.041545]  [<c0176a27>] sysctl_check_table+0x367/0x690
[    0.041547]  [<c0176650>] ? sysctl_check_lookup+0x120/0x130
[    0.041550]  [<c0176a27>] sysctl_check_table+0x367/0x690
[    0.041552]  [<c07ded5c>] sysctl_init+0x25/0x29
[    0.041555]  [<c0103041>] do_one_initcall+0x31/0x190
[    0.041557]  [<c07ded37>] ? sysctl_init+0x0/0x29
[    0.041559]  [<c07c6365>] kernel_init+0x12d/0x183
[    0.041562]  [<c07c6238>] ? kernel_init+0x0/0x183
[    0.041564]  [<c010a2c7>] kernel_thread_helper+0x7/0x10
[    0.041566] sysctl table check failed: /kernel/random/nb_reentry_count .1.40.12 Unknown sysctl binary path
[    0.041780] Pid: 1, comm: swapper Not tainted 2.6.32.57 #14
[    0.041781] Call Trace:
[    0.041783]  [<c059e844>] ? printk+0x1d/0x21
[    0.041786]  [<c01766af>] set_fail+0x4f/0x60
[    0.041788]  [<c0176a0e>] sysctl_check_table+0x34e/0x690
[    0.041791]  [<c0176650>] ? sysctl_check_lookup+0x120/0x130
[    0.041793]  [<c0176a27>] sysctl_check_table+0x367/0x690
[    0.041796]  [<c0176650>] ? sysctl_check_lookup+0x120/0x130
[    0.041798]  [<c0176a27>] sysctl_check_table+0x367/0x690
[    0.041801]  [<c07ded5c>] sysctl_init+0x25/0x29
[    0.041803]  [<c0103041>] do_one_initcall+0x31/0x190
[    0.041805]  [<c07ded37>] ? sysctl_init+0x0/0x29
[    0.041808]  [<c07c6365>] kernel_init+0x12d/0x183
[    0.041810]  [<c07c6238>] ? kernel_init+0x0/0x183
[    0.041812]  [<c010a2c7>] kernel_thread_helper+0x7/0x10
[    0.041947] regulator: core version 0.5
[    0.041967] Time:  0:18:00  Date: 12/21/12
[    0.041998] NET: Registered protocol family 16
[    0.042071] EISA bus registered
[    0.042077] ACPI: bus type pci registered
[    0.042126] PCI: MCFG configuration 0: base f0000000 segment 0 buses 0 - 63
[    0.042128] PCI: Not using MMCONFIG.
[    0.042253] PCI: Using configuration type 1 for base access
[    0.042843] bio: create slab <bio-0> at 0
[    0.043370] ACPI: EC: Look up EC in DSDT
[    0.045257] ACPI: Executed 1 blocks of module-level executable AML code
[    0.049145] ACPI: Interpreter enabled
[    0.049149] ACPI: (supports S0 S1 S3 S4 S5)
[    0.049166] ACPI: Using PIC for interrupt routing
[    0.049205] PCI: MCFG configuration 0: base f0000000 segment 0 buses 0 - 63
[    0.050587] PCI: MCFG area at f0000000 reserved in ACPI motherboard resources
[    0.050589] PCI: Using MMCONFIG for extended config space
[    0.056635] ACPI: No dock devices found.
[    0.056884] ACPI: PCI Root Bridge [PCI0] (0000:00)
[    0.056967] pci 0000:00:01.0: PME# supported from D0 D3hot D3cold
[    0.056970] pci 0000:00:01.0: PME# disabled
[    0.057026] pci 0000:00:1a.0: reg 20 io port: [0xc000-0xc01f]
[    0.057089] pci 0000:00:1a.1: reg 20 io port: [0xc080-0xc09f]
[    0.057152] pci 0000:00:1a.2: reg 20 io port: [0xc400-0xc41f]
[    0.057219] pci 0000:00:1a.7: reg 10 32bit mmio: [0xfe9ff400-0xfe9ff7ff]
[    0.057280] pci 0000:00:1a.7: PME# supported from D0 D3hot D3cold
[    0.057283] pci 0000:00:1a.7: PME# disabled
[    0.057316] pci 0000:00:1b.0: reg 10 64bit mmio: [0xfe9f8000-0xfe9fbfff]
[    0.057361] pci 0000:00:1b.0: PME# supported from D0 D3hot D3cold
[    0.057364] pci 0000:00:1b.0: PME# disabled
[    0.057427] pci 0000:00:1c.0: PME# supported from D0 D3hot D3cold
[    0.057430] pci 0000:00:1c.0: PME# disabled
[    0.057496] pci 0000:00:1c.5: PME# supported from D0 D3hot D3cold
[    0.057499] pci 0000:00:1c.5: PME# disabled
[    0.057543] pci 0000:00:1d.0: reg 20 io port: [0xc480-0xc49f]
[    0.057606] pci 0000:00:1d.1: reg 20 io port: [0xc800-0xc81f]
[    0.057670] pci 0000:00:1d.2: reg 20 io port: [0xc880-0xc89f]
[    0.057738] pci 0000:00:1d.7: reg 10 32bit mmio: [0xfe9ff800-0xfe9ffbff]
[    0.057799] pci 0000:00:1d.7: PME# supported from D0 D3hot D3cold
[    0.057802] pci 0000:00:1d.7: PME# disabled
[    0.057956] pci 0000:00:1f.2: reg 10 io port: [0x00-0x07]
[    0.057960] pci 0000:00:1f.2: reg 14 io port: [0x00-0x03]
[    0.057965] pci 0000:00:1f.2: reg 18 io port: [0x00-0x07]
[    0.057969] pci 0000:00:1f.2: reg 1c io port: [0x00-0x03]
[    0.057974] pci 0000:00:1f.2: reg 20 io port: [0xff90-0xff9f]
[    0.057979] pci 0000:00:1f.2: reg 24 io port: [0xffa0-0xffaf]
[    0.058024] pci 0000:00:1f.3: reg 10 64bit mmio: [0xfe9ffc00-0xfe9ffcff]
[    0.058035] pci 0000:00:1f.3: reg 20 io port: [0x400-0x41f]
[    0.058074] pci 0000:04:00.0: reg 10 64bit mmio pref: [0xe0000000-0xefffffff]
[    0.058082] pci 0000:04:00.0: reg 18 64bit mmio: [0xfebe0000-0xfebeffff]
[    0.058086] pci 0000:04:00.0: reg 20 io port: [0xe000-0xe0ff]
[    0.058094] pci 0000:04:00.0: reg 30 32bit mmio pref: [0xfebc0000-0xfebdffff]
[    0.058120] pci 0000:04:00.0: supports D1 D2
[    0.058147] pci 0000:04:00.1: reg 10 64bit mmio: [0xfebfc000-0xfebfffff]
[    0.058187] pci 0000:04:00.1: supports D1 D2
[    0.058222] pci 0000:00:01.0: bridge io port: [0xe000-0xefff]
[    0.058224] pci 0000:00:01.0: bridge 32bit mmio: [0xfeb00000-0xfebfffff]
[    0.058228] pci 0000:00:01.0: bridge 64bit mmio pref: [0xe0000000-0xefffffff]
[    0.058302] pci 0000:02:00.0: reg 10 io port: [0xd800-0xd8ff]
[    0.058320] pci 0000:02:00.0: reg 18 64bit mmio: [0xfeaff000-0xfeafffff]
[    0.058332] pci 0000:02:00.0: reg 20 64bit mmio pref: [0xdfffc000-0xdfffffff]
[    0.058339] pci 0000:02:00.0: reg 30 32bit mmio pref: [0xfeac0000-0xfeadffff]
[    0.058398] pci 0000:02:00.0: supports D1 D2
[    0.058400] pci 0000:02:00.0: PME# supported from D0 D1 D2 D3hot D3cold
[    0.058404] pci 0000:02:00.0: PME# disabled
[    0.058450] pci 0000:00:1c.5: bridge io port: [0xd000-0xdfff]
[    0.058454] pci 0000:00:1c.5: bridge 32bit mmio: [0xfea00000-0xfeafffff]
[    0.058458] pci 0000:00:1c.5: bridge 64bit mmio pref: [0xdff00000-0xdfffffff]
[    0.058497] pci 0000:00:1e.0: transparent bridge
[    0.058516] pci_bus 0000:00: on NUMA node 0
[    0.058519] ACPI: PCI Interrupt Routing Table [\_SB_.PCI0._PRT]
[    0.058677] ACPI: PCI Interrupt Routing Table [\_SB_.PCI0.P0P2._PRT]
[    0.058759] ACPI: PCI Interrupt Routing Table [\_SB_.PCI0.P0P4._PRT]
[    0.058818] ACPI: PCI Interrupt Routing Table [\_SB_.PCI0.P0P9._PRT]
[    0.070864] ACPI: PCI Interrupt Link [LNKA] (IRQs 3 4 6 7 *10 11 12 14 15)
[    0.070955] ACPI: PCI Interrupt Link [LNKB] (IRQs *5)
[    0.071040] ACPI: PCI Interrupt Link [LNKC] (IRQs 3 4 6 7 10 *11 12 14 15)
[    0.071127] ACPI: PCI Interrupt Link [LNKD] (IRQs 3 4 6 7 10 11 12 14 15) *0, disabled.
[    0.071215] ACPI: PCI Interrupt Link [LNKE] (IRQs 3 4 6 *7 10 11 12 14 15)
[    0.071302] ACPI: PCI Interrupt Link [LNKF] (IRQs 3 4 6 7 *10 11 12 14 15)
[    0.071388] ACPI: PCI Interrupt Link [LNKG] (IRQs 3 *4 6 7 10 11 12 14 15)
[    0.071475] ACPI: PCI Interrupt Link [LNKH] (IRQs *3 4 6 7 10 11 12 14 15)
[    0.071550] vgaarb: device added: PCI:0000:04:00.0,decodes=io+mem,owns=io+mem,locks=none
[    0.071553] vgaarb: loaded
[    0.071628] SCSI subsystem initialized
[    0.071654] libata version 3.00 loaded.
[    0.071701] usbcore: registered new interface driver usbfs
[    0.071709] usbcore: registered new interface driver hub
[    0.071726] usbcore: registered new device driver usb
[    0.071806] ACPI: WMI: Mapper loaded
[    0.071808] PCI: Using ACPI for IRQ routing
[    0.071906] NetLabel: Initializing
[    0.071908] NetLabel:  domain hash size = 128
[    0.071909] NetLabel:  protocols = UNLABELED CIPSOv4
[    0.071918] NetLabel:  unlabeled traffic allowed by default
[    0.071938] HPET: 4 timers in total, 0 timers will be used for per-cpu timer
[    0.071943] hpet0: at MMIO 0xfed00000, IRQs 2, 8, 0, 0
[    0.071947] hpet0: 4 comparators, 64-bit 14.318180 MHz counter
[    0.076015] Switching to clocksource tsc
[    0.077373] pnp: PnP ACPI init
[    0.077381] ACPI: bus type pnp registered
[    0.079016] pnp: PnP ACPI: found 14 devices
[    0.079018] ACPI: ACPI bus type pnp unregistered
[    0.079021] PnPBIOS: Disabled by ACPI PNP
[    0.079028] system 00:01: iomem range 0xfed14000-0xfed19fff has been reserved
[    0.079031] system 00:01: iomem range 0xfed90000-0xfed93fff has been reserved
[    0.079036] system 00:06: ioport range 0x4d0-0x4d1 has been reserved
[    0.079039] system 00:06: ioport range 0x800-0x87f has been reserved
[    0.079041] system 00:06: ioport range 0x500-0x57f has been reserved
[    0.079043] system 00:06: iomem range 0xfed1c000-0xfed1ffff has been reserved
[    0.079045] system 00:06: iomem range 0xfed20000-0xfed3ffff has been reserved
[    0.079047] system 00:06: iomem range 0xfed40000-0xfed8ffff has been reserved
[    0.079051] system 00:09: iomem range 0xffc00000-0xffefffff has been reserved
[    0.079055] system 00:0a: iomem range 0xfec00000-0xfec00fff has been reserved
[    0.079057] system 00:0a: iomem range 0xfee00000-0xfee00fff has been reserved
[    0.079061] system 00:0b: ioport range 0xa00-0xadf has been reserved
[    0.079065] system 00:0c: iomem range 0xf0000000-0xf3ffffff has been reserved
[    0.079069] system 00:0d: iomem range 0x0-0x9ffff could not be reserved
[    0.079071] system 00:0d: iomem range 0xc0000-0xcffff could not be reserved
[    0.079073] system 00:0d: iomem range 0xe0000-0xfffff could not be reserved
[    0.079076] system 00:0d: iomem range 0x100000-0xcfffffff could not be reserved
[    0.079078] system 00:0d: iomem range 0xfed90000-0xffffffff could not be reserved
[    0.113673] pci 0000:00:01.0: PCI bridge, secondary bus 0000:04
[    0.113675] pci 0000:00:01.0:   IO window: 0xe000-0xefff
[    0.113679] pci 0000:00:01.0:   MEM window: 0xfeb00000-0xfebfffff
[    0.113681] pci 0000:00:01.0:   PREFETCH window: 0x000000e0000000-0x000000efffffff
[    0.113685] pci 0000:00:1c.0: PCI bridge, secondary bus 0000:03
[    0.113687] pci 0000:00:1c.0:   IO window: 0x1000-0x1fff
[    0.113691] pci 0000:00:1c.0:   MEM window: 0xd0000000-0xd01fffff
[    0.113695] pci 0000:00:1c.0:   PREFETCH window: 0x000000d0200000-0x000000d03fffff
[    0.113700] pci 0000:00:1c.5: PCI bridge, secondary bus 0000:02
[    0.113702] pci 0000:00:1c.5:   IO window: 0xd000-0xdfff
[    0.113706] pci 0000:00:1c.5:   MEM window: 0xfea00000-0xfeafffff
[    0.113709] pci 0000:00:1c.5:   PREFETCH window: 0x000000dff00000-0x000000dfffffff
[    0.113714] pci 0000:00:1e.0: PCI bridge, secondary bus 0000:01
[    0.113716] pci 0000:00:1e.0:   IO window: disabled
[    0.113719] pci 0000:00:1e.0:   MEM window: disabled
[    0.113722] pci 0000:00:1e.0:   PREFETCH window: disabled
[    0.113831] ACPI: PCI Interrupt Link [LNKA] enabled at IRQ 10
[    0.113833] PCI: setting IRQ 10 as level-triggered
[    0.113837] pci 0000:00:01.0: PCI INT A -> Link[LNKA] -> GSI 10 (level, low) -> IRQ 10
[    0.113840] pci 0000:00:01.0: setting latency timer to 64
[    0.113847] pci 0000:00:1c.0: enabling device (0104 -> 0107)
[    0.113945] ACPI: PCI Interrupt Link [LNKB] enabled at IRQ 5
[    0.113946] PCI: setting IRQ 5 as level-triggered
[    0.113950] pci 0000:00:1c.0: PCI INT A -> Link[LNKB] -> GSI 5 (level, low) -> IRQ 5
[    0.113954] pci 0000:00:1c.0: setting latency timer to 64
[    0.113961] pci 0000:00:1c.5: PCI INT B -> Link[LNKA] -> GSI 10 (level, low) -> IRQ 10
[    0.113964] pci 0000:00:1c.5: setting latency timer to 64
[    0.113969] pci 0000:00:1e.0: setting latency timer to 64
[    0.113972] pci_bus 0000:00: resource 0 io:  [0x00-0xffff]
[    0.113974] pci_bus 0000:00: resource 1 mem: [0x000000-0xffffffffffffffff]
[    0.113976] pci_bus 0000:04: resource 0 io:  [0xe000-0xefff]
[    0.113978] pci_bus 0000:04: resource 1 mem: [0xfeb00000-0xfebfffff]
[    0.113980] pci_bus 0000:04: resource 2 pref mem [0xe0000000-0xefffffff]
[    0.113982] pci_bus 0000:03: resource 0 io:  [0x1000-0x1fff]
[    0.113984] pci_bus 0000:03: resource 1 mem: [0xd0000000-0xd01fffff]
[    0.113986] pci_bus 0000:03: resource 2 pref mem [0xd0200000-0xd03fffff]
[    0.113987] pci_bus 0000:02: resource 0 io:  [0xd000-0xdfff]
[    0.113989] pci_bus 0000:02: resource 1 mem: [0xfea00000-0xfeafffff]
[    0.113991] pci_bus 0000:02: resource 2 pref mem [0xdff00000-0xdfffffff]
[    0.113993] pci_bus 0000:01: resource 3 io:  [0x00-0xffff]
[    0.113995] pci_bus 0000:01: resource 4 mem: [0x000000-0xffffffffffffffff]
[    0.114014] NET: Registered protocol family 2
[    0.114071] IP route cache hash table entries: 32768 (order: 5, 131072 bytes)
[    0.114276] TCP established hash table entries: 131072 (order: 8, 1048576 bytes)
[    0.114597] TCP bind hash table entries: 65536 (order: 7, 524288 bytes)
[    0.114762] TCP: Hash tables configured (established 131072 bind 65536)
[    0.114763] TCP reno registered
[    0.114807] NET: Registered protocol family 1
[    0.114913] pci 0000:04:00.0: Boot video device
[    0.115022] cpufreq-nforce2: No nForce2 chipset.
[    0.115036] Scanning for low memory corruption every 60 seconds
[    0.115106] audit: initializing netlink socket (disabled)
[    0.115113] type=2000 audit(1356049080.111:1): initialized
[    0.123363] highmem bounce pool size: 64 pages
[    0.123367] HugeTLB registered 2 MB page size, pre-allocated 0 pages
[    0.124371] VFS: Disk quotas dquot_6.5.2
[    0.124409] Dquot-cache hash table entries: 1024 (order 0, 4096 bytes)
[    0.124811] fuse init (API version 7.13)
[    0.124873] msgmni has been set to 1585
[    0.125006] alg: No test for stdrng (krng)
[    0.125045] Block layer SCSI generic (bsg) driver version 0.4 loaded (major 253)
[    0.125048] io scheduler noop registered
[    0.125049] io scheduler anticipatory registered
[    0.125050] io scheduler deadline registered
[    0.125077] io scheduler cfq registered (default)
[    0.125160]   alloc irq_desc for 24 on node -1
[    0.125162]   alloc kstat_irqs on node -1
[    0.125169] pcieport 0000:00:01.0: irq 24 for MSI/MSI-X
[    0.125173] pcieport 0000:00:01.0: setting latency timer to 64
[    0.125243]   alloc irq_desc for 25 on node -1
[    0.125245]   alloc kstat_irqs on node -1
[    0.125250] pcieport 0000:00:1c.0: irq 25 for MSI/MSI-X
[    0.125256] pcieport 0000:00:1c.0: setting latency timer to 64
[    0.125342]   alloc irq_desc for 26 on node -1
[    0.125343]   alloc kstat_irqs on node -1
[    0.125348] pcieport 0000:00:1c.5: irq 26 for MSI/MSI-X
[    0.125354] pcieport 0000:00:1c.5: setting latency timer to 64
[    0.125418] pci_hotplug: PCI Hot Plug PCI Core version: 0.5
[    0.125431] Firmware did not grant requested _OSC control
[    0.125443] Firmware did not grant requested _OSC control
[    0.125462] Firmware did not grant requested _OSC control
[    0.125471] Firmware did not grant requested _OSC control
[    0.125481] pciehp: PCI Express Hot Plug Controller Driver version: 0.4
[    0.125587] input: Power Button as /devices/LNXSYSTM:00/LNXSYBUS:00/PNP0C0C:00/input/input0
[    0.125590] ACPI: Power Button [PWRB]
[    0.125620] input: Power Button as /devices/LNXSYSTM:00/LNXPWRBN:00/input/input1
[    0.125622] ACPI: Power Button [PWRF]
[    0.126145] ACPI: SSDT cffa0270 0022C (v01 HPQOEM SLIC-CPC 00000011 INTL 20051117)
[    0.126333] processor LNXCPU:00: registered as cooling_device0
[    0.127915] isapnp: Scanning for PnP cards...
[    0.480751] isapnp: No Plug & Play device found
[    0.480762] KTIME ENTROYPY reading nsecs: 1007488336
[    0.480764] KTIME ENTROPY TIME: 0:18:00
[    0.481687] Serial: 8250/16550 driver, 4 ports, IRQ sharing enabled
[    0.482640] brd: module loaded
[    0.482953] loop: module loaded
[    0.483008] input: Macintosh mouse button emulation as /devices/virtual/input/input2
[    0.483076] ata_piix 0000:00:1f.2: version 2.13
[    0.483190] ACPI: PCI Interrupt Link [LNKD] enabled at IRQ 11
[    0.483192] PCI: setting IRQ 11 as level-triggered
[    0.483196] ata_piix 0000:00:1f.2: PCI INT B -> Link[LNKD] -> GSI 11 (level, low) -> IRQ 11
[    0.483200] ata_piix 0000:00:1f.2: MAP [ P0 P2 P1 P3 ]
[    0.483232] ata_piix 0000:00:1f.2: setting latency timer to 64
[    0.483268] scsi0 : ata_piix
[    0.483315] scsi1 : ata_piix
[    0.484418] ata1: SATA max UDMA/133 cmd 0x1f0 ctl 0x3f6 bmdma 0xff90 irq 14
[    0.484423] ata2: SATA max UDMA/133 cmd 0x170 ctl 0x376 bmdma 0xff98 irq 15
[    0.484672] Fixed MDIO Bus: probed
[    0.484697] PPP generic driver version 2.4.2
[    0.484724] tun: Universal TUN/TAP device driver, 1.6
[    0.484726] tun: (C) 1999-2004 Max Krasnyansky <maxk@qualcomm.com>
[    0.484784] ehci_hcd: USB 2.0 'Enhanced' Host Controller (EHCI) Driver
[    0.484897] ACPI: PCI Interrupt Link [LNKC] enabled at IRQ 11
[    0.484900] ehci_hcd 0000:00:1a.7: PCI INT C -> Link[LNKC] -> GSI 11 (level, low) -> IRQ 11
[    0.484908] ehci_hcd 0000:00:1a.7: setting latency timer to 64
[    0.484910] ehci_hcd 0000:00:1a.7: EHCI Host Controller
[    0.484932] ehci_hcd 0000:00:1a.7: new USB bus registered, assigned bus number 1
[    0.484954] ehci_hcd 0000:00:1a.7: debug port 1
[    0.488851] ehci_hcd 0000:00:1a.7: cache line size of 32 is not supported
[    0.488878] ehci_hcd 0000:00:1a.7: irq 11, io mem 0xfe9ff400
[    0.503981] ehci_hcd 0000:00:1a.7: USB 2.0 started, EHCI 1.00
[    0.504061] usb usb1: configuration #1 chosen from 1 choice
[    0.504085] hub 1-0:1.0: USB hub found
[    0.504096] hub 1-0:1.0: 6 ports detected
[    0.504236] ACPI: PCI Interrupt Link [LNKH] enabled at IRQ 3
[    0.504237] PCI: setting IRQ 3 as level-triggered
[    0.504242] ehci_hcd 0000:00:1d.7: PCI INT A -> Link[LNKH] -> GSI 3 (level, low) -> IRQ 3
[    0.504249] ehci_hcd 0000:00:1d.7: setting latency timer to 64
[    0.504252] ehci_hcd 0000:00:1d.7: EHCI Host Controller
[    0.504273] ehci_hcd 0000:00:1d.7: new USB bus registered, assigned bus number 2
[    0.504293] ehci_hcd 0000:00:1d.7: debug port 1
[    0.508170] ehci_hcd 0000:00:1d.7: cache line size of 32 is not supported
[    0.508175] ehci_hcd 0000:00:1d.7: irq 3, io mem 0xfe9ff800
[    0.523981] ehci_hcd 0000:00:1d.7: USB 2.0 started, EHCI 1.00
[    0.524051] usb usb2: configuration #1 chosen from 1 choice
[    0.524073] hub 2-0:1.0: USB hub found
[    0.524078] hub 2-0:1.0: 6 ports detected
[    0.524122] ohci_hcd: USB 1.1 'Open' Host Controller (OHCI) Driver
[    0.524131] uhci_hcd: USB Universal Host Controller Interface driver
[    0.524144] uhci_hcd 0000:00:1a.0: PCI INT A -> Link[LNKA] -> GSI 10 (level, low) -> IRQ 10
[    0.524149] uhci_hcd 0000:00:1a.0: setting latency timer to 64
[    0.524151] uhci_hcd 0000:00:1a.0: UHCI Host Controller
[    0.524173] uhci_hcd 0000:00:1a.0: new USB bus registered, assigned bus number 3
[    0.524193] uhci_hcd 0000:00:1a.0: irq 10, io base 0x0000c000
[    0.524250] usb usb3: configuration #1 chosen from 1 choice
[    0.524271] hub 3-0:1.0: USB hub found
[    0.524276] hub 3-0:1.0: 2 ports detected
[    0.524407] ACPI: PCI Interrupt Link [LNKF] enabled at IRQ 10
[    0.524410] uhci_hcd 0000:00:1a.1: PCI INT B -> Link[LNKF] -> GSI 10 (level, low) -> IRQ 10
[    0.524414] uhci_hcd 0000:00:1a.1: setting latency timer to 64
[    0.524417] uhci_hcd 0000:00:1a.1: UHCI Host Controller
[    0.524442] uhci_hcd 0000:00:1a.1: new USB bus registered, assigned bus number 4
[    0.524461] uhci_hcd 0000:00:1a.1: irq 10, io base 0x0000c080
[    0.524520] usb usb4: configuration #1 chosen from 1 choice
[    0.524538] hub 4-0:1.0: USB hub found
[    0.524542] hub 4-0:1.0: 2 ports detected
[    0.524672] ACPI: PCI Interrupt Link [LNKE] enabled at IRQ 7
[    0.524674] PCI: setting IRQ 7 as level-triggered
[    0.524678] uhci_hcd 0000:00:1a.2: PCI INT D -> Link[LNKE] -> GSI 7 (level, low) -> IRQ 7
[    0.524682] uhci_hcd 0000:00:1a.2: setting latency timer to 64
[    0.524685] uhci_hcd 0000:00:1a.2: UHCI Host Controller
[    0.524707] uhci_hcd 0000:00:1a.2: new USB bus registered, assigned bus number 5
[    0.524728] uhci_hcd 0000:00:1a.2: irq 7, io base 0x0000c400
[    0.524784] usb usb5: configuration #1 chosen from 1 choice
[    0.524802] hub 5-0:1.0: USB hub found
[    0.524806] hub 5-0:1.0: 2 ports detected
[    0.524836] uhci_hcd 0000:00:1d.0: PCI INT A -> Link[LNKH] -> GSI 3 (level, low) -> IRQ 3
[    0.524840] uhci_hcd 0000:00:1d.0: setting latency timer to 64
[    0.524843] uhci_hcd 0000:00:1d.0: UHCI Host Controller
[    0.524863] uhci_hcd 0000:00:1d.0: new USB bus registered, assigned bus number 6
[    0.524881] uhci_hcd 0000:00:1d.0: irq 3, io base 0x0000c480
[    0.524937] usb usb6: configuration #1 chosen from 1 choice
[    0.524955] hub 6-0:1.0: USB hub found
[    0.524959] hub 6-0:1.0: 2 ports detected
[    0.524992] uhci_hcd 0000:00:1d.1: PCI INT B -> Link[LNKE] -> GSI 7 (level, low) -> IRQ 7
[    0.524996] uhci_hcd 0000:00:1d.1: setting latency timer to 64
[    0.524998] uhci_hcd 0000:00:1d.1: UHCI Host Controller
[    0.525018] uhci_hcd 0000:00:1d.1: new USB bus registered, assigned bus number 7
[    0.525037] uhci_hcd 0000:00:1d.1: irq 7, io base 0x0000c800
[    0.525095] usb usb7: configuration #1 chosen from 1 choice
[    0.525114] hub 7-0:1.0: USB hub found
[    0.525118] hub 7-0:1.0: 2 ports detected
[    0.525146] uhci_hcd 0000:00:1d.2: PCI INT C -> Link[LNKC] -> GSI 11 (level, low) -> IRQ 11
[    0.525150] uhci_hcd 0000:00:1d.2: setting latency timer to 64
[    0.525153] uhci_hcd 0000:00:1d.2: UHCI Host Controller
[    0.525172] uhci_hcd 0000:00:1d.2: new USB bus registered, assigned bus number 8
[    0.525191] uhci_hcd 0000:00:1d.2: irq 11, io base 0x0000c880
[    0.525247] usb usb8: configuration #1 chosen from 1 choice
[    0.525266] hub 8-0:1.0: USB hub found
[    0.525270] hub 8-0:1.0: 2 ports detected
[    0.525337] PNP: No PS/2 controller found. Probing ports directly.
[    0.527787] serio: i8042 KBD port at 0x60,0x64 irq 1
[    0.527791] serio: i8042 AUX port at 0x60,0x64 irq 12
[    0.527867] mice: PS/2 mouse device common for all mice
[    0.527946] rtc_cmos 00:03: RTC can wake from S4
[    0.527979] rtc_cmos 00:03: rtc core: registered rtc_cmos as rtc0
[    0.527996] rtc0: alarms up to one month, y3k, 114 bytes nvram, hpet irqs
[    0.528064] device-mapper: uevent: version 1.0.3
[    0.528123] device-mapper: ioctl: 4.15.0-ioctl (2009-04-01) initialised: dm-devel@redhat.com
[    0.528154] device-mapper: multipath: version 1.1.0 loaded
[    0.528155] device-mapper: multipath round-robin: version 1.0.0 loaded
[    0.528226] EISA: Probing bus 0 at eisa.0
[    0.528230] Cannot allocate resource for EISA slot 1
[    0.528246] EISA: Detected 0 cards.
[    0.528273] cpuidle: using governor ladder
[    0.528275] cpuidle: using governor menu
[    0.528530] TCP cubic registered
[    0.528638] NET: Registered protocol family 10
[    0.529122] NET: Registered protocol family 17
[    0.529395] Using IPI No-Shortcut mode
[    0.529442] PM: Resume from disk failed.
[    0.529450] registered taskstats version 1
[    0.529710]   Magic number: 8:881:304
[    0.529720] tty tty33: hash matches
[    0.529757] rtc_cmos 00:03: setting system clock to 2012-12-21 00:18:01 UTC (1356049081)
[    0.529759] BIOS EDD facility v0.16 2004-Jun-25, 0 devices found
[    0.529761] EDD information not available.
[    0.529795] BEGIN NET_SECRET:
[    0.529796] \xce
[    0.529797] \x20
[    0.529798] \x98
[    0.529798] \x76
[    0.529799] \xb
[    0.529800] \x4c
[    0.529801] \xd6
[    0.529802] \x5
[    0.529803] \xe5
[    0.529803] \x5c
[    0.529804] \x6c
[    0.529805] \x5d
[    0.529806] \x2f
[    0.529807] \xd2
[    0.529807] \x56
[    0.529808] \x82
[    0.529809] \xc5
[    0.529810] \x9
[    0.529810] \x5c
[    0.529811] \x61
[    0.529812] \x75
[    0.529813] \x39
[    0.529814] \x1e
[    0.529814] \x10
[    0.529815] \x85
[    0.529816] \x98
[    0.529817] \x5c
[    0.529817] \xb5
[    0.529818] \x4e
[    0.529819] \x52
[    0.529820] \xe6
[    0.529820] \xd3
[    0.529821] \x45
[    0.529822] \xd5
[    0.529823] \xcb
[    0.529824] \x3e
[    0.529824] \x65
[    0.529825] \xd1
[    0.529826] \xe4
[    0.529827] \xd6
[    0.529828] \x24
[    0.529828] \x97
[    0.529829] \xef
[    0.529830] \x19
[    0.529831] \xdc
[    0.529831] \x5
[    0.529832] \x9f
[    0.529833] \xeb
[    0.529834] \x3b
[    0.529835] \xa6
[    0.529835] \x7e
[    0.529836] \xb4
[    0.529837] \x92
[    0.529838] \x8a
[    0.529838] \xc6
[    0.529839] \x6
[    0.529840] \xda
[    0.529841] \x92
[    0.529842] \xe0
[    0.529842] \xea
[    0.529843] \xba
[    0.529844] \xec
[    0.529845] \xf1
[    0.529845] \x38
[    0.529846] 
[    0.529847] END NET_SECRET
[    0.815995] usb 1-6: new high speed USB device using ehci_hcd and address 2
[    1.031362] usb 1-6: configuration #1 chosen from 1 choice
[    1.280061] ata1.00: SATA link up 3.0 Gbps (SStatus 123 SControl 300)
[    1.280071] ata1.01: SATA link down (SStatus 0 SControl 300)
[    1.284057] ata2.00: SATA link up 1.5 Gbps (SStatus 113 SControl 300)
[    1.284069] ata2.01: SATA link down (SStatus 0 SControl 300)
[    1.284078] ata2.01: link offline, clearing class 3 to NONE
[    1.288347] ata2.00: ATAPI: TSSTcorp CDDVDW TS-H653R, 0301, max UDMA/33
[    1.288433] ata1.00: ATA-8: WDC WD6400AAKS-65A7B2, 01.03B01, max UDMA/133
[    1.288436] ata1.00: 1250263728 sectors, multi 16: LBA48 NCQ (depth 0/32)
[    1.304364] ata2.00: configured for UDMA/33
[    1.304437] ata1.00: configured for UDMA/133
[    1.304520] scsi 0:0:0:0: Direct-Access     ATA      WDC WD6400AAKS-6 01.0 PQ: 0 ANSI: 5
[    1.304596] sd 0:0:0:0: Attached scsi generic sg0 type 0
[    1.304642] sd 0:0:0:0: [sda] 1250263728 512-byte logical blocks: (640 GB/596 GiB)
[    1.304675] sd 0:0:0:0: [sda] Write Protect is off
[    1.304677] sd 0:0:0:0: [sda] Mode Sense: 00 3a 00 00
[    1.304695] sd 0:0:0:0: [sda] Write cache: enabled, read cache: enabled, doesn't support DPO or FUA
[    1.304779]  sda:
[    1.305701] scsi 1:0:0:0: CD-ROM            TSSTcorp CDDVDW TS-H653R  0301 PQ: 0 ANSI: 5
[    1.310708] sr0: scsi3-mmc drive: 40x/40x writer dvd-ram cd/rw xa/form2 cdda tray
[    1.310711] Uniform CD-ROM driver Revision: 3.20
[    1.310776] sr 1:0:0:0: Attached scsi CD-ROM sr0
[    1.310816] sr 1:0:0:0: Attached scsi generic sg1 type 5
[    1.333419]  sda1 sda2 < sda5 >
[    1.363327] sd 0:0:0:0: [sda] Attached SCSI disk
[    1.363335] md: Waiting for all devices to be available before autodetect
[    1.363338] md: If you don't use raid, use raid=noautodetect
[    1.363398] md: Autodetecting RAID arrays.
[    1.363399] md: Scanned 0 and added 0 devices.
[    1.363401] md: autorun ...
[    1.363402] md: ... autorun DONE.
[    1.384018] usb 7-2: new low speed USB device using uhci_hcd and address 2
[    1.391638] EXT3-fs: sda1: couldn't mount because of unsupported optional features (240).
[    1.392280] EXT2-fs: sda1: couldn't mount because of unsupported optional features (240).
[    1.485208] EXT4-fs (sda1): mounted filesystem with ordered data mode
[    1.485215] VFS: Mounted root (ext4 filesystem) readonly on device 8:1.
[    1.521468] devtmpfs: mounted
[    1.521485] Freeing unused kernel memory: 676k freed
[    1.521708] Write protecting the kernel text: 4764k
[    1.521747] Write protecting the kernel read-only data: 1832k
[    1.564176] usb 7-2: configuration #1 chosen from 1 choice
[    5.220609] udev: starting version 151
[    5.465782] Linux agpgart interface v0.103
[    6.028292] Adding 9828344k swap on /dev/sda5.  Priority:-1 extents:1 across:9828344k 
[    6.076368] Initializing USB Mass Storage driver...
[    6.076448] scsi2 : SCSI emulation for USB Mass Storage devices
[    6.076589] usbcore: registered new interface driver usb-storage
[    6.076591] USB Mass Storage support registered.
[    6.076891] usb-storage: device found at 2
[    6.076893] usb-storage: waiting for device to settle before scanning
[    6.193094] r8169 Gigabit Ethernet driver 2.3LK-NAPI loaded
[    6.193111] r8169 0000:02:00.0: PCI INT A -> Link[LNKB] -> GSI 5 (level, low) -> IRQ 5
[    6.193144] r8169 0000:02:00.0: setting latency timer to 64
[    6.193181]   alloc irq_desc for 27 on node -1
[    6.193183]   alloc kstat_irqs on node -1
[    6.193194] r8169 0000:02:00.0: irq 27 for MSI/MSI-X
[    6.193644] eth0: RTL8168d/8111d at 0xf92d4000, 00:26:18:a5:38:24, XID 081000c0 IRQ 27
[    6.357762] [drm] Initialized drm 1.1.0 20060810
[    6.370438] usbcore: registered new interface driver hiddev
[    6.531738] r8169: eth0: link down
[    6.531747] r8169: eth0: link down
[    6.531902] ADDRCONF(NETDEV_UP): eth0: link is not ready
[    6.761783] lp: driver loaded but no devices found
[    7.184693] [drm] radeon defaulting to kernel modesetting.
[    7.184696] [drm] radeon kernel modesetting enabled.
[    7.184733] radeon 0000:04:00.0: PCI INT A -> Link[LNKA] -> GSI 10 (level, low) -> IRQ 10
[    7.184737] radeon 0000:04:00.0: setting latency timer to 64
[    7.185682] [drm] radeon: Initializing kernel modesetting.
[    7.185701] [drm] register mmio base: 0xFEBE0000
[    7.185702] [drm] register mmio size: 65536
[    7.185760] ATOM BIOS: 113
[    7.185764] [drm] Clocks initialized !
[    7.185778] mtrr: type mismatch for e0000000,10000000 old: write-back new: write-combining
[    7.185780] [drm] Detected VRAM RAM=256M, BAR=256M
[    7.185782] [drm] RAM width 128bits DDR
[    7.185826] [TTM] Zone  kernel: Available graphics memory: 406134 kiB.
[    7.185828] [TTM] Zone highmem: Available graphics memory: 3095962 kiB.
[    7.185839] [drm] radeon: 256M of VRAM memory ready
[    7.185840] [drm] radeon: 512M of GTT memory ready.
[    7.185892] [drm] Loading RV730 CP Microcode
[    7.186051] platform radeon_cp.0: firmware: requesting radeon/RV730_pfp.bin
[    7.265523] platform radeon_cp.0: firmware: requesting radeon/RV730_me.bin
[    7.302041] [drm] GART: num cpu pages 131072, num gpu pages 131072
[    7.335748] [drm] ring test succeeded in 1 usecs
[    7.335858] [drm] radeon: ib pool ready.
[    7.335898] [drm] ib test succeeded in 0 usecs
[    7.337219] [drm] Radeon Display Connectors
[    7.337221] [drm] Connector 0:
[    7.337222] [drm]   HDMI-A
[    7.337224] [drm]   DDC: 0x7f10 0x7f10 0x7f14 0x7f14 0x7f18 0x7f18 0x7f1c 0x7f1c
[    7.337225] [drm]   Encoders:
[    7.337226] [drm]     DFP2: INTERNAL_UNIPHY1
[    7.337228] [drm] Connector 1:
[    7.337228] [drm]   VGA
[    7.337230] [drm]   DDC: 0x7e50 0x7e50 0x7e54 0x7e54 0x7e58 0x7e58 0x7e5c 0x7e5c
[    7.337231] [drm]   Encoders:
[    7.337232] [drm]     CRT2: INTERNAL_KLDSCP_DAC2
[    7.337234] [drm] Connector 2:
[    7.337235] [drm]   DVI-I
[    7.337236] [drm]   DDC: 0x7e20 0x7e20 0x7e24 0x7e24 0x7e28 0x7e28 0x7e2c 0x7e2c
[    7.337237] [drm]   Encoders:
[    7.337239] [drm]     CRT1: INTERNAL_KLDSCP_DAC1
[    7.337240] [drm]     DFP1: INTERNAL_UNIPHY
[    7.423001] ACPI: PCI Interrupt Link [LNKG] enabled at IRQ 4
[    7.423004] PCI: setting IRQ 4 as level-triggered
[    7.423009] HDA Intel 0000:00:1b.0: PCI INT A -> Link[LNKG] -> GSI 4 (level, low) -> IRQ 4
[    7.423031] HDA Intel 0000:00:1b.0: setting latency timer to 64
[    7.491250] [drm] fb mappable at 0xE0141000
[    7.491251] [drm] vram apper at 0xE0000000
[    7.491253] [drm] size 8294400
[    7.491254] [drm] fb depth is 24
[    7.491255] [drm]    pitch is 7680
[    7.491356] fb0: radeondrmfb frame buffer device
[    7.491357] registered panic notifier
[    7.491361] [drm] Initialized radeon 2.0.0 20080528 for 0000:04:00.0 on minor 0
[    7.586117] hda_codec: ALC888: BIOS auto-probing.
[    7.587527] input: HDA Digital PCBeep as /devices/pci0000:00/0000:00:1b.0/input/input3
[    7.590541] HDA Intel 0000:04:00.1: PCI INT B -> Link[LNKB] -> GSI 5 (level, low) -> IRQ 5
[    7.590561] HDA Intel 0000:04:00.1: setting latency timer to 64
[    7.599013] executing set pll
[    7.604052] executing set crtc timing
[    7.604080] [drm] TV-11: set mode 1920x1080 21
[    7.614165] Console: switching to colour frame buffer device 240x67
[    9.340491] r8169: eth0: link up
[    9.340665] ADDRCONF(NETDEV_CHANGE): eth0: link becomes ready
[   16.376145] generic-usb 0003:0BDA:0152.0001: timeout initializing reports
[   16.376228] generic-usb 0003:0BDA:0152.0001: hiddev96,hidraw0: USB HID v1.11 Device [Generic USB2.0-CRW] on usb-0000:00:1a.7-6/input1
[   16.377695] usb-storage: device scan complete
[   16.382667] scsi 2:0:0:0: Direct-Access     Generic- Compact Flash    1.00 PQ: 0 ANSI: 0 CCS
[   16.387531] scsi 2:0:0:1: Direct-Access     Generic- SM/xD-Picture    1.00 PQ: 0 ANSI: 0 CCS
[   16.390989] input: CHICONY HP USB Multimedia Keyboard as /devices/pci0000:00/0000:00:1d.1/usb7/7-2/7-2:1.0/input/input4
[   16.391037] generic-usb 0003:04F2:0841.0002: input,hidraw1: USB HID v1.11 Keyboard [CHICONY HP USB Multimedia Keyboard] on usb-0000:00:1d.1-2/input0
[   16.392414] scsi 2:0:0:2: Direct-Access     Generic- SD/MMC           1.00 PQ: 0 ANSI: 0 CCS
[   16.397285] scsi 2:0:0:3: Direct-Access     Generic- MS/MS-Pro        1.00 PQ: 0 ANSI: 0 CCS
[   16.397577] sd 2:0:0:0: Attached scsi generic sg2 type 0
[   16.397662] sd 2:0:0:1: Attached scsi generic sg3 type 0
[   16.397745] sd 2:0:0:2: Attached scsi generic sg4 type 0
[   16.397828] sd 2:0:0:3: Attached scsi generic sg5 type 0
[   16.410897] sd 2:0:0:0: [sdb] Attached SCSI removable disk
[   16.411894] sd 2:0:0:1: [sdc] Attached SCSI removable disk
[   16.412774] sd 2:0:0:2: [sdd] Attached SCSI removable disk
[   16.413647] sd 2:0:0:3: [sde] Attached SCSI removable disk
[   16.416068] input: CHICONY HP USB Multimedia Keyboard as /devices/pci0000:00/0000:00:1d.1/usb7/7-2/7-2:1.1/input/input5
[   16.416147] generic-usb 0003:04F2:0841.0003: input,hiddev97,hidraw2: USB HID v1.11 Device [CHICONY HP USB Multimedia Keyboard] on usb-0000:00:1d.1-2/input1
[   16.416169] usbcore: registered new interface driver usbhid
[   16.416171] usbhid: v2.6:USB HID core driver
[   19.628010] eth0: no IPv6 routers present
