[    0.000000] random 0000 0000 0000 00000000 00000000: rand_read_num 1 get_random_bytes(8): sig 00000000 00000000 00000000
[    0.000000] random 0000 0000 0000 00000000 00000000: extract_entropy(.. 8 ..)
[    0.000000] random 0000 0000 0000 00000000 00000000: going to reseed nonblocking with 64 bits (64 of 0 requested)
[    0.000000] random 0000 0000 0000 00000000 00000000: extract_entropy(.. 8 ..)
[    0.000000] random 0000 0000 0000 00000000 00000000: trying to extract 64 bits from input
[    0.000000] random 0000 0000 0000 00000000 00000000: debiting 0 entropy credits from input
[    0.000000] random 0000 0000 0000 00000000 00000000: trying to extract 64 bits from nonblocking
[    0.000000] random 0000 0000 0000 00000000 00000000: debiting 64 entropy credits from nonblocking (unlimited)
[    0.000000] Initializing cgroup subsys cpuset
[    0.000000] Initializing cgroup subsys cpu
[    0.000000] Linux version 2.6.32.57 (dcashman@dcashman-01) (gcc version 4.4.3 (Ubuntu 4.4.3-4ubuntu5.1) ) #98 SMP Tue Mar 26 16:37:46 PDT 2013
[    0.000000] KERNEL supported cpus:
[    0.000000]   Intel GenuineIntel
[    0.000000]   AMD AuthenticAMD
[    0.000000]   NSC Geode by NSC
[    0.000000]   Cyrix CyrixInstead
[    0.000000]   Centaur CentaurHauls
[    0.000000]   Transmeta GenuineTMx86
[    0.000000]   Transmeta TransmetaCPU
[    0.000000]   UMC UMC UMC UMC
[    0.000000] BIOS-provided physical RAM map:
[    0.000000]  BIOS-e820: 0000000000000000 - 000000000009fc00 (usable)
[    0.000000]  BIOS-e820: 000000000009fc00 - 00000000000a0000 (reserved)
[    0.000000]  BIOS-e820: 00000000000e4000 - 0000000000100000 (reserved)
[    0.000000]  BIOS-e820: 0000000000100000 - 00000000cff90000 (usable)
[    0.000000]  BIOS-e820: 00000000cff90000 - 00000000cff9e000 (ACPI data)
[    0.000000]  BIOS-e820: 00000000cff9e000 - 00000000cffe0000 (ACPI NVS)
[    0.000000]  BIOS-e820: 00000000cffe0000 - 00000000d0000000 (reserved)
[    0.000000]  BIOS-e820: 00000000fee00000 - 00000000fee01000 (reserved)
[    0.000000]  BIOS-e820: 00000000fff00000 - 0000000100000000 (reserved)
[    0.000000]  BIOS-e820: 0000000100000000 - 00000001b0000000 (usable)
[    0.000000] DMI present.
[    0.000000] AMI BIOS detected: BIOS may corrupt low RAM, working around it.
[    0.000000] e820 update range: 0000000000000000 - 0000000000010000 (usable) ==> (reserved)
[    0.000000] last_pfn = 0x1b0000 max_arch_pfn = 0x1000000
[    0.000000] MTRR default type: uncachable
[    0.000000] MTRR fixed ranges enabled:
[    0.000000]   00000-9FFFF write-back
[    0.000000]   A0000-BFFFF uncachable
[    0.000000]   C0000-CFFFF write-protect
[    0.000000]   D0000-DFFFF uncachable
[    0.000000]   E0000-EFFFF write-through
[    0.000000]   F0000-FFFFF write-protect
[    0.000000] MTRR variable ranges enabled:
[    0.000000]   0 base 1B0000000 mask FF0000000 uncachable
[    0.000000]   1 base 1C0000000 mask FC0000000 uncachable
[    0.000000]   2 base 000000000 mask E00000000 write-back
[    0.000000]   3 base 0D0000000 mask FF0000000 uncachable
[    0.000000]   4 base 0E0000000 mask FE0000000 uncachable
[    0.000000]   5 disabled
[    0.000000]   6 disabled
[    0.000000]   7 disabled
[    0.000000] x86 PAT enabled: cpu 0, old 0x7040600070406, new 0x7010600070106
[    0.000000] e820 update range: 00000000d0000000 - 0000000100000000 (usable) ==> (reserved)
[    0.000000] Scanning 0 areas for low memory corruption
[    0.000000] modified physical RAM map:
[    0.000000]  modified: 0000000000000000 - 0000000000010000 (reserved)
[    0.000000]  modified: 0000000000010000 - 000000000009fc00 (usable)
[    0.000000]  modified: 000000000009fc00 - 00000000000a0000 (reserved)
[    0.000000]  modified: 00000000000e4000 - 0000000000100000 (reserved)
[    0.000000]  modified: 0000000000100000 - 00000000cff90000 (usable)
[    0.000000]  modified: 00000000cff90000 - 00000000cff9e000 (ACPI data)
[    0.000000]  modified: 00000000cff9e000 - 00000000cffe0000 (ACPI NVS)
[    0.000000]  modified: 00000000cffe0000 - 00000000d0000000 (reserved)
[    0.000000]  modified: 00000000fee00000 - 00000000fee01000 (reserved)
[    0.000000]  modified: 00000000fff00000 - 0000000100000000 (reserved)
[    0.000000]  modified: 0000000100000000 - 00000001b0000000 (usable)
[    0.000000] initial memory mapped : 0 - 01000000
[    0.000000] init_memory_mapping: 0000000000000000-00000000379fe000
[    0.000000] NX (Execute Disable) protection: active
[    0.000000]  0000000000 - 0000200000 page 4k
[    0.000000]  0000200000 - 0037800000 page 2M
[    0.000000]  0037800000 - 00379fe000 page 4k
[    0.000000] kernel direct mapping tables up to 379fe000 @ 10000-16000
[    0.000000] ACPI: RSDP 000f91f0 00014 (v00 HPQOEM)
[    0.000000] ACPI: RSDT cff90000 00044 (v01 HPQOEM SLIC-CPC 20090819 MSFT 00000097)
[    0.000000] ACPI: FACP cff90200 00084 (v01 HPQOEM SLIC-CPC 20090819 MSFT 00000097)
[    0.000000] ACPI: DSDT cff90440 05753 (v01 HPQOEM SLIC-CPC 00000050 INTL 20051117)
[    0.000000] ACPI: FACS cff9e000 00040
[    0.000000] ACPI: APIC cff90390 0006C (v01 HPQOEM SLIC-CPC 20090819 MSFT 00000097)
[    0.000000] ACPI: MCFG cff90400 0003C (v01 HPQOEM SLIC-CPC 20090819 MSFT 00000097)
[    0.000000] ACPI: OEMB cff9e040 00076 (v01 HPQOEM SLIC-CPC 20090819 MSFT 00000097)
[    0.000000] ACPI: HPET cff95ba0 00038 (v01 HPQOEM SLIC-CPC 20090819 MSFT 00000097)
[    0.000000] ACPI: GSCI cff9e0c0 02024 (v01 HPQOEM SLIC-CPC 20090819 MSFT 00000097)
[    0.000000] ACPI: SLIC cffa00f0 00176 (v01 HPQOEM SLIC-CPC 00000001 MSFT 00000001)
[    0.000000] ACPI: SSDT cffa0b30 00A7C (v01 HPQOEM SLIC-CPC 00000012 INTL 20051117)
[    0.000000] ACPI: Local APIC address 0xfee00000
[    0.000000] 6022MB HIGHMEM available.
[    0.000000] 889MB LOWMEM available.
[    0.000000]   mapped low ram: 0 - 379fe000
[    0.000000]   low ram: 0 - 379fe000
[    0.000000]   node 0 low ram: 00000000 - 379fe000
[    0.000000]   node 0 bootmap 00012000 - 00018f40
[    0.000000] (8 early reservations) ==> bootmem [0000000000 - 00379fe000]
[    0.000000]   #0 [0000000000 - 0000001000]   BIOS data page ==> [0000000000 - 0000001000]
[    0.000000]   #1 [0000001000 - 0000002000]    EX TRAMPOLINE ==> [0000001000 - 0000002000]
[    0.000000]   #2 [0000006000 - 0000007000]       TRAMPOLINE ==> [0000006000 - 0000007000]
[    0.000000]   #3 [0000100000 - 0000af8778]    TEXT DATA BSS ==> [0000100000 - 0000af8778]
[    0.000000]   #4 [000009fc00 - 0000100000]    BIOS reserved ==> [000009fc00 - 0000100000]
[    0.000000]   #5 [0000af9000 - 0000b01640]              BRK ==> [0000af9000 - 0000b01640]
[    0.000000]   #6 [0000010000 - 0000012000]          PGTABLE ==> [0000010000 - 0000012000]
[    0.000000]   #7 [0000012000 - 0000019000]          BOOTMAP ==> [0000012000 - 0000019000]
[    0.000000] found SMP MP-table at [c00ff780] ff780
[    0.000000] Zone PFN ranges:
[    0.000000]   DMA      0x00000010 -> 0x00001000
[    0.000000]   Normal   0x00001000 -> 0x000379fe
[    0.000000]   HighMem  0x000379fe -> 0x001b0000
[    0.000000] Movable zone start PFN for each node
[    0.000000] early_node_map[3] active PFN ranges
[    0.000000]     0: 0x00000010 -> 0x0000009f
[    0.000000]     0: 0x00000100 -> 0x000cff90
[    0.000000]     0: 0x00100000 -> 0x001b0000
[    0.000000] On node 0 totalpages: 1572639
[    0.000000] free_area_init_node: node 0, pgdat c07ba8a0, node_mem_map c1001200
[    0.000000]   DMA zone: 32 pages used for memmap
[    0.000000]   DMA zone: 0 pages reserved
[    0.000000]   DMA zone: 3951 pages, LIFO batch:0
[    0.000000]   Normal zone: 1748 pages used for memmap
[    0.000000]   Normal zone: 221994 pages, LIFO batch:31
[    0.000000]   HighMem zone: 12045 pages used for memmap
[    0.000000]   HighMem zone: 1332869 pages, LIFO batch:31
[    0.000000] Using APIC driver default
[    0.000000] ACPI: PM-Timer IO Port: 0x808
[    0.000000] ACPI: Local APIC address 0xfee00000
[    0.000000] ACPI: LAPIC (acpi_id[0x01] lapic_id[0x00] enabled)
[    0.000000] ACPI: LAPIC (acpi_id[0x02] lapic_id[0x01] enabled)
[    0.000000] ACPI: LAPIC (acpi_id[0x03] lapic_id[0x02] enabled)
[    0.000000] ACPI: LAPIC (acpi_id[0x04] lapic_id[0x03] enabled)
[    0.000000] ACPI: Skipping IOAPIC probe due to 'noapic' option.
[    0.000000] Using ACPI for processor (LAPIC) configuration information
[    0.000000] ACPI: HPET id: 0xffffffff base: 0xfed00000
[    0.000000] Intel MultiProcessor Specification v1.4
[    0.000000]     Virtual Wire compatibility mode.
[    0.000000] MPTABLE: OEM ID: Intel   
[    0.000000] MPTABLE: Product ID: Eaglelake   
[    0.000000] MPTABLE: APIC at: 0xFEE00000
[    0.000000] I/O APIC #4 Version 32 at 0xFEC00000.
[    0.000000] Processors: 4
[    0.000000] SMP: Allowing 4 CPUs, 0 hotplug CPUs
[    0.000000] nr_irqs_gsi: 24
[    0.000000] PM: Registered nosave memory: 000000000009f000 - 00000000000a0000
[    0.000000] PM: Registered nosave memory: 00000000000a0000 - 00000000000e4000
[    0.000000] PM: Registered nosave memory: 00000000000e4000 - 0000000000100000
[    0.000000] Allocating PCI resources starting at d0000000 (gap: d0000000:2ee00000)
[    0.000000] Booting paravirtualized kernel on bare hardware
[    0.000000] NR_CPUS:8 nr_cpumask_bits:8 nr_cpu_ids:4 nr_node_ids:1
[    0.000000] PERCPU: Embedded 15 pages/cpu @c4800000 s39416 r0 d22024 u524288
[    0.000000] pcpu-alloc: s39416 r0 d22024 u524288 alloc=1*2097152
[    0.000000] pcpu-alloc: [0] 0 1 2 3 
[    0.000000] Built 1 zonelists in Zone order, mobility grouping on.  Total pages: 1558814
[    0.000000] Kernel command line: BOOT_IMAGE=/boot/vmlinuz-2.6.32.57 root=/dev/sda1 ro quiet maxcpus=0 kgdboe=132.239.95.229/132.239.95.228
[    0.000000] PID hash table entries: 4096 (order: 2, 16384 bytes)
[    0.000000] Dentry cache hash table entries: 131072 (order: 7, 524288 bytes)
[    0.000000] Inode-cache hash table entries: 65536 (order: 6, 262144 bytes)
[    0.000000] Enabling fast FPU save and restore... done.
[    0.000000] Enabling unmasked SIMD FPU exception support... done.
[    0.000000] Initializing CPU#0
[    0.000000] allocated 35389120 bytes of page_cgroup
[    0.000000] please try 'cgroup_disable=memory' option if you don't want memory cgroups
[    0.000000] Initializing HighMem for node 0 (000379fe:001b0000)
[    0.000000] Memory: 6188240k/7077888k available (4762k kernel code, 101232k reserved, 2169k data, 676k init, 5379656k highmem)
[    0.000000] virtual kernel memory layout:
[    0.000000]     fixmap  : 0xfff1d000 - 0xfffff000   ( 904 kB)
[    0.000000]     pkmap   : 0xffa00000 - 0xffc00000   (2048 kB)
[    0.000000]     vmalloc : 0xf81fe000 - 0xff9fe000   ( 120 MB)
[    0.000000]     lowmem  : 0xc0000000 - 0xf79fe000   ( 889 MB)
[    0.000000]       .init : 0xc07c6000 - 0xc086f000   ( 676 kB)
[    0.000000]       .data : 0xc05a696b - 0xc07c50c8   (2169 kB)
[    0.000000]       .text : 0xc0100000 - 0xc05a696b   (4762 kB)
[    0.000000] Checking if this processor honours the WP bit even in supervisor mode...Ok.
[    0.000000] SLUB: Genslabs=13, HWalign=64, Order=0-3, MinObjects=0, CPUs=4, Nodes=1
[    0.000000] Hierarchical RCU implementation.
[    0.000000] NR_IRQS:2304 nr_irqs:440
[    0.000000] Console: colour VGA+ 80x25
[    0.000000] console [tty0] enabled
[    0.000000] hpet clockevent registered
[    0.000000] Fast TSC calibration using PIT
[    0.000000] Detected 2493.331 MHz processor.
[    0.004004] Calibrating delay loop (skipped), value calculated using timer frequency.. 4986.66 BogoMIPS (lpj=9973324)
[    0.004016] Security Framework initialized
[    0.004022] SELinux:  Disabled at boot.
[    0.004028] Mount-cache hash table entries: 512
[    0.004135] Initializing cgroup subsys ns
[    0.004138] Initializing cgroup subsys cpuacct
[    0.004141] Initializing cgroup subsys memory
[    0.004147] Initializing cgroup subsys devices
[    0.004149] Initializing cgroup subsys freezer
[    0.004150] Initializing cgroup subsys net_cls
[    0.004170] CPU: L1 I cache: 32K, L1 D cache: 32K
[    0.004172] CPU: L2 cache: 3072K
[    0.004174] CPU: Physical Processor ID: 0
[    0.004176] CPU: Processor Core ID: 0
[    0.004179] mce: CPU supports 6 MCE banks
[    0.004186] CPU0: Thermal monitoring enabled (TM2)
[    0.004189] using mwait in idle threads.
[    0.004194] Performance Events: Core2 events, Intel PMU driver.
[    0.004198] ... version:                2
[    0.004200] ... bit width:              40
[    0.004201] ... generic registers:      2
[    0.004203] ... value mask:             000000ffffffffff
[    0.004204] ... max period:             000000007fffffff
[    0.004206] ... fixed-purpose events:   3
[    0.004207] ... event mask:             0000000700000003
[    0.004211] Checking 'hlt' instruction... OK.
[    0.020759] SMP alternatives: switching to UP code
[    0.027447] ACPI: Core revision 20090903
[    0.034244] ACPI: setting ELCR to 0200 (from 0cb8)
[    0.036006] ftrace: converting mcount calls to 0f 1f 44 00 00
[    0.036010] ftrace: allocating 20938 entries in 41 pages
[    0.040041] Enabling APIC mode:  Flat.  Using 1 I/O APICs
[    0.040044] SMP mode deactivated.
[    0.040047] SMP disabled
[    0.040114] Brought up 1 CPUs
[    0.040116] Total of 1 processors activated (4986.66 BogoMIPS).
[    0.040121] CPU0 attaching NULL sched-domain.
[    0.040183] devtmpfs: initialized
[    0.040312] sysctl table check failed: /kernel/random/now_input .1.40.7 Unknown sysctl binary path
[    0.040529] 
[    0.040529]  dacashman Pid: 1, comm: swapper Not tainted 2.6.32.57 #98
[    0.040531] Call Trace:
[    0.040536]  [<c059eec4>] ? printk+0x1d/0x21
[    0.040541]  [<c01766af>] set_fail+0x4f/0x60
[    0.040543]  [<c0176a0e>] sysctl_check_table+0x34e/0x690
[    0.040546]  [<c0176650>] ? sysctl_check_lookup+0x120/0x130
[    0.040549]  [<c0176a27>] sysctl_check_table+0x367/0x690
[    0.040551]  [<c0176650>] ? sysctl_check_lookup+0x120/0x130
[    0.040554]  [<c0176a27>] sysctl_check_table+0x367/0x690
[    0.040558]  [<c07ded5c>] sysctl_init+0x25/0x29
[    0.040560]  [<c0103041>] do_one_initcall+0x31/0x190
[    0.040562]  [<c07ded37>] ? sysctl_init+0x0/0x29
[    0.040565]  [<c07c6365>] kernel_init+0x12d/0x183
[    0.040568]  [<c07c6238>] ? kernel_init+0x0/0x183
[    0.040570]  [<c010a2c7>] kernel_thread_helper+0x7/0x10
[    0.040572] sysctl table check failed: /kernel/random/now_blocking .1.40.8 Unknown sysctl binary path
[    0.040786] 
[    0.040787]  dacashman Pid: 1, comm: swapper Not tainted 2.6.32.57 #98
[    0.040788] Call Trace:
[    0.040790]  [<c059eec4>] ? printk+0x1d/0x21
[    0.040793]  [<c01766af>] set_fail+0x4f/0x60
[    0.040795]  [<c0176a0e>] sysctl_check_table+0x34e/0x690
[    0.040798]  [<c0176650>] ? sysctl_check_lookup+0x120/0x130
[    0.040801]  [<c0176a27>] sysctl_check_table+0x367/0x690
[    0.040803]  [<c0176650>] ? sysctl_check_lookup+0x120/0x130
[    0.040806]  [<c0176a27>] sysctl_check_table+0x367/0x690
[    0.040808]  [<c07ded5c>] sysctl_init+0x25/0x29
[    0.040810]  [<c0103041>] do_one_initcall+0x31/0x190
[    0.040813]  [<c07ded37>] ? sysctl_init+0x0/0x29
[    0.040815]  [<c07c6365>] kernel_init+0x12d/0x183
[    0.040818]  [<c07c6238>] ? kernel_init+0x0/0x183
[    0.040820]  [<c010a2c7>] kernel_thread_helper+0x7/0x10
[    0.040822] sysctl table check failed: /kernel/random/now_nonblocking .1.40.9 Unknown sysctl binary path
[    0.041035] 
[    0.041036]  dacashman Pid: 1, comm: swapper Not tainted 2.6.32.57 #98
[    0.041037] Call Trace:
[    0.041039]  [<c059eec4>] ? printk+0x1d/0x21
[    0.041042]  [<c01766af>] set_fail+0x4f/0x60
[    0.041044]  [<c0176a0e>] sysctl_check_table+0x34e/0x690
[    0.041047]  [<c0176650>] ? sysctl_check_lookup+0x120/0x130
[    0.041050]  [<c0176a27>] sysctl_check_table+0x367/0x690
[    0.041052]  [<c0176650>] ? sysctl_check_lookup+0x120/0x130
[    0.041055]  [<c0176a27>] sysctl_check_table+0x367/0x690
[    0.041057]  [<c07ded5c>] sysctl_init+0x25/0x29
[    0.041059]  [<c0103041>] do_one_initcall+0x31/0x190
[    0.041062]  [<c07ded37>] ? sysctl_init+0x0/0x29
[    0.041064]  [<c07c6365>] kernel_init+0x12d/0x183
[    0.041067]  [<c07c6238>] ? kernel_init+0x0/0x183
[    0.041069]  [<c010a2c7>] kernel_thread_helper+0x7/0x10
[    0.041071] sysctl table check failed: /kernel/random/nb_input_bytes .1.40.10 Unknown sysctl binary path
[    0.041285] 
[    0.041285]  dacashman Pid: 1, comm: swapper Not tainted 2.6.32.57 #98
[    0.041286] Call Trace:
[    0.041289]  [<c059eec4>] ? printk+0x1d/0x21
[    0.041291]  [<c01766af>] set_fail+0x4f/0x60
[    0.041294]  [<c0176a0e>] sysctl_check_table+0x34e/0x690
[    0.041296]  [<c0176650>] ? sysctl_check_lookup+0x120/0x130
[    0.041299]  [<c0176a27>] sysctl_check_table+0x367/0x690
[    0.041301]  [<c0176650>] ? sysctl_check_lookup+0x120/0x130
[    0.041304]  [<c0176a27>] sysctl_check_table+0x367/0x690
[    0.041307]  [<c07ded5c>] sysctl_init+0x25/0x29
[    0.041309]  [<c0103041>] do_one_initcall+0x31/0x190
[    0.041311]  [<c07ded37>] ? sysctl_init+0x0/0x29
[    0.041314]  [<c07c6365>] kernel_init+0x12d/0x183
[    0.041316]  [<c07c6238>] ? kernel_init+0x0/0x183
[    0.041318]  [<c010a2c7>] kernel_thread_helper+0x7/0x10
[    0.041320] sysctl table check failed: /kernel/random/nb_stir_count .1.40.11 Unknown sysctl binary path
[    0.041534] 
[    0.041535]  dacashman Pid: 1, comm: swapper Not tainted 2.6.32.57 #98
[    0.041536] Call Trace:
[    0.041538]  [<c059eec4>] ? printk+0x1d/0x21
[    0.041541]  [<c01766af>] set_fail+0x4f/0x60
[    0.041543]  [<c0176a0e>] sysctl_check_table+0x34e/0x690
[    0.041546]  [<c0176650>] ? sysctl_check_lookup+0x120/0x130
[    0.041549]  [<c0176a27>] sysctl_check_table+0x367/0x690
[    0.041551]  [<c0176650>] ? sysctl_check_lookup+0x120/0x130
[    0.041554]  [<c0176a27>] sysctl_check_table+0x367/0x690
[    0.041556]  [<c07ded5c>] sysctl_init+0x25/0x29
[    0.041558]  [<c0103041>] do_one_initcall+0x31/0x190
[    0.041561]  [<c07ded37>] ? sysctl_init+0x0/0x29
[    0.041563]  [<c07c6365>] kernel_init+0x12d/0x183
[    0.041566]  [<c07c6238>] ? kernel_init+0x0/0x183
[    0.041568]  [<c010a2c7>] kernel_thread_helper+0x7/0x10
[    0.041570] sysctl table check failed: /kernel/random/nb_reentry_count .1.40.12 Unknown sysctl binary path
[    0.041784] 
[    0.041784]  dacashman Pid: 1, comm: swapper Not tainted 2.6.32.57 #98
[    0.041786] Call Trace:
[    0.041788]  [<c059eec4>] ? printk+0x1d/0x21
[    0.041790]  [<c01766af>] set_fail+0x4f/0x60
[    0.041793]  [<c0176a0e>] sysctl_check_table+0x34e/0x690
[    0.041795]  [<c0176650>] ? sysctl_check_lookup+0x120/0x130
[    0.041798]  [<c0176a27>] sysctl_check_table+0x367/0x690
[    0.041801]  [<c0176650>] ? sysctl_check_lookup+0x120/0x130
[    0.041803]  [<c0176a27>] sysctl_check_table+0x367/0x690
[    0.041806]  [<c07ded5c>] sysctl_init+0x25/0x29
[    0.041808]  [<c0103041>] do_one_initcall+0x31/0x190
[    0.041810]  [<c07ded37>] ? sysctl_init+0x0/0x29
[    0.041813]  [<c07c6365>] kernel_init+0x12d/0x183
[    0.041815]  [<c07c6238>] ? kernel_init+0x0/0x183
[    0.041817]  [<c010a2c7>] kernel_thread_helper+0x7/0x10
[    0.041953] regulator: core version 0.5
[    0.041973] Time: 23:42:26  Date: 03/26/13
[    0.042003] NET: Registered protocol family 16
[    0.042075] EISA bus registered
[    0.042080] ACPI: bus type pci registered
[    0.042130] PCI: MCFG configuration 0: base f0000000 segment 0 buses 0 - 63
[    0.042132] PCI: Not using MMCONFIG.
[    0.042258] PCI: Using configuration type 1 for base access
[    0.042852] bio: create slab <bio-0> at 0
[    0.043378] ACPI: EC: Look up EC in DSDT
[    0.044904] ACPI: Executed 1 blocks of module-level executable AML code
[    0.048803] ACPI: Interpreter enabled
[    0.048807] ACPI: (supports S0 S1 S3 S4 S5)
[    0.048824] ACPI: Using PIC for interrupt routing
[    0.048864] PCI: MCFG configuration 0: base f0000000 segment 0 buses 0 - 63
[    0.050253] PCI: MCFG area at f0000000 reserved in ACPI motherboard resources
[    0.050255] PCI: Using MMCONFIG for extended config space
[    0.056316] ACPI: No dock devices found.
[    0.056566] ACPI: PCI Root Bridge [PCI0] (0000:00)
[    0.056648] pci 0000:00:01.0: PME# supported from D0 D3hot D3cold
[    0.056650] pci 0000:00:01.0: PME# disabled
[    0.056707] pci 0000:00:1a.0: reg 20 io port: [0xc000-0xc01f]
[    0.056770] pci 0000:00:1a.1: reg 20 io port: [0xc080-0xc09f]
[    0.056833] pci 0000:00:1a.2: reg 20 io port: [0xc400-0xc41f]
[    0.056899] pci 0000:00:1a.7: reg 10 32bit mmio: [0xfe9ff400-0xfe9ff7ff]
[    0.056960] pci 0000:00:1a.7: PME# supported from D0 D3hot D3cold
[    0.056964] pci 0000:00:1a.7: PME# disabled
[    0.056997] pci 0000:00:1b.0: reg 10 64bit mmio: [0xfe9f8000-0xfe9fbfff]
[    0.057042] pci 0000:00:1b.0: PME# supported from D0 D3hot D3cold
[    0.057045] pci 0000:00:1b.0: PME# disabled
[    0.057107] pci 0000:00:1c.0: PME# supported from D0 D3hot D3cold
[    0.057110] pci 0000:00:1c.0: PME# disabled
[    0.057177] pci 0000:00:1c.5: PME# supported from D0 D3hot D3cold
[    0.057180] pci 0000:00:1c.5: PME# disabled
[    0.057224] pci 0000:00:1d.0: reg 20 io port: [0xc480-0xc49f]
[    0.057287] pci 0000:00:1d.1: reg 20 io port: [0xc800-0xc81f]
[    0.057350] pci 0000:00:1d.2: reg 20 io port: [0xc880-0xc89f]
[    0.057417] pci 0000:00:1d.7: reg 10 32bit mmio: [0xfe9ff800-0xfe9ffbff]
[    0.057478] pci 0000:00:1d.7: PME# supported from D0 D3hot D3cold
[    0.057482] pci 0000:00:1d.7: PME# disabled
[    0.057635] pci 0000:00:1f.2: reg 10 io port: [0x00-0x07]
[    0.057640] pci 0000:00:1f.2: reg 14 io port: [0x00-0x03]
[    0.057645] pci 0000:00:1f.2: reg 18 io port: [0x00-0x07]
[    0.057649] pci 0000:00:1f.2: reg 1c io port: [0x00-0x03]
[    0.057654] pci 0000:00:1f.2: reg 20 io port: [0xff90-0xff9f]
[    0.057658] pci 0000:00:1f.2: reg 24 io port: [0xffa0-0xffaf]
[    0.057704] pci 0000:00:1f.3: reg 10 64bit mmio: [0xfe9ffc00-0xfe9ffcff]
[    0.057715] pci 0000:00:1f.3: reg 20 io port: [0x400-0x41f]
[    0.057755] pci 0000:04:00.0: reg 10 64bit mmio pref: [0xe0000000-0xefffffff]
[    0.057762] pci 0000:04:00.0: reg 18 64bit mmio: [0xfebe0000-0xfebeffff]
[    0.057767] pci 0000:04:00.0: reg 20 io port: [0xe000-0xe0ff]
[    0.057774] pci 0000:04:00.0: reg 30 32bit mmio pref: [0xfebc0000-0xfebdffff]
[    0.057801] pci 0000:04:00.0: supports D1 D2
[    0.057828] pci 0000:04:00.1: reg 10 64bit mmio: [0xfebfc000-0xfebfffff]
[    0.057868] pci 0000:04:00.1: supports D1 D2
[    0.057903] pci 0000:00:01.0: bridge io port: [0xe000-0xefff]
[    0.057906] pci 0000:00:01.0: bridge 32bit mmio: [0xfeb00000-0xfebfffff]
[    0.057909] pci 0000:00:01.0: bridge 64bit mmio pref: [0xe0000000-0xefffffff]
[    0.057984] pci 0000:02:00.0: reg 10 io port: [0xd800-0xd8ff]
[    0.058001] pci 0000:02:00.0: reg 18 64bit mmio: [0xfeaff000-0xfeafffff]
[    0.058014] pci 0000:02:00.0: reg 20 64bit mmio pref: [0xdfffc000-0xdfffffff]
[    0.058021] pci 0000:02:00.0: reg 30 32bit mmio pref: [0xfeac0000-0xfeadffff]
[    0.058079] pci 0000:02:00.0: supports D1 D2
[    0.058081] pci 0000:02:00.0: PME# supported from D0 D1 D2 D3hot D3cold
[    0.058085] pci 0000:02:00.0: PME# disabled
[    0.058132] pci 0000:00:1c.5: bridge io port: [0xd000-0xdfff]
[    0.058135] pci 0000:00:1c.5: bridge 32bit mmio: [0xfea00000-0xfeafffff]
[    0.058140] pci 0000:00:1c.5: bridge 64bit mmio pref: [0xdff00000-0xdfffffff]
[    0.058179] pci 0000:00:1e.0: transparent bridge
[    0.058198] pci_bus 0000:00: on NUMA node 0
[    0.058201] ACPI: PCI Interrupt Routing Table [\_SB_.PCI0._PRT]
[    0.058359] ACPI: PCI Interrupt Routing Table [\_SB_.PCI0.P0P2._PRT]
[    0.058440] ACPI: PCI Interrupt Routing Table [\_SB_.PCI0.P0P4._PRT]
[    0.058499] ACPI: PCI Interrupt Routing Table [\_SB_.PCI0.P0P9._PRT]
[    0.070572] ACPI: PCI Interrupt Link [LNKA] (IRQs 3 4 6 7 *10 11 12 14 15)
[    0.070661] ACPI: PCI Interrupt Link [LNKB] (IRQs *5)
[    0.070746] ACPI: PCI Interrupt Link [LNKC] (IRQs 3 4 6 7 10 *11 12 14 15)
[    0.070833] ACPI: PCI Interrupt Link [LNKD] (IRQs 3 4 6 7 10 11 12 14 15) *0, disabled.
[    0.070920] ACPI: PCI Interrupt Link [LNKE] (IRQs 3 4 6 *7 10 11 12 14 15)
[    0.071006] ACPI: PCI Interrupt Link [LNKF] (IRQs 3 4 6 7 *10 11 12 14 15)
[    0.071093] ACPI: PCI Interrupt Link [LNKG] (IRQs 3 *4 6 7 10 11 12 14 15)
[    0.071179] ACPI: PCI Interrupt Link [LNKH] (IRQs *3 4 6 7 10 11 12 14 15)
[    0.071253] vgaarb: device added: PCI:0000:04:00.0,decodes=io+mem,owns=io+mem,locks=none
[    0.071256] vgaarb: loaded
[    0.071331] SCSI subsystem initialized
[    0.071358] libata version 3.00 loaded.
[    0.071404] usbcore: registered new interface driver usbfs
[    0.071412] usbcore: registered new interface driver hub
[    0.071429] usbcore: registered new device driver usb
[    0.071509] ACPI: WMI: Mapper loaded
[    0.071510] PCI: Using ACPI for IRQ routing
[    0.071608] NetLabel: Initializing
[    0.071609] NetLabel:  domain hash size = 128
[    0.071610] NetLabel:  protocols = UNLABELED CIPSOv4
[    0.071619] NetLabel:  unlabeled traffic allowed by default
[    0.071640] HPET: 4 timers in total, 0 timers will be used for per-cpu timer
[    0.071644] hpet0: at MMIO 0xfed00000, IRQs 2, 8, 0, 0
[    0.071648] hpet0: 4 comparators, 64-bit 14.318180 MHz counter
[    0.073007] random 0000 0000 0000 00000000 00000000: rand_read_num 2 get_random_bytes(8): sig fffffe1a 00000000 00000000
[    0.073010] random 0000 0000 0000 00000000 00000000: extract_entropy(.. 8 ..)
[    0.073012] random 0000 0000 0000 00000000 00000000: going to reseed nonblocking with 64 bits (64 of 0 requested)
[    0.073014] random 0000 0000 0000 00000000 00000000: extract_entropy(.. 8 ..)
[    0.073017] random 0000 0000 0000 00000000 00000000: trying to extract 64 bits from input
[    0.073019] random 0000 0000 0000 00000000 00000000: debiting 0 entropy credits from input
[    0.073021] random 0000 0000 0000 00000000 00000000: trying to extract 64 bits from nonblocking
[    0.073023] random 0000 0000 0000 00000000 00000000: debiting 64 entropy credits from nonblocking (unlimited)
[    0.076016] Switching to clocksource tsc
[    0.077371] pnp: PnP ACPI init
[    0.077378] ACPI: bus type pnp registered
[    0.079018] pnp: PnP ACPI: found 14 devices
[    0.079020] ACPI: ACPI bus type pnp unregistered
[    0.079023] PnPBIOS: Disabled by ACPI PNP
[    0.079030] system 00:01: iomem range 0xfed14000-0xfed19fff has been reserved
[    0.079032] system 00:01: iomem range 0xfed90000-0xfed93fff has been reserved
[    0.079038] system 00:06: ioport range 0x4d0-0x4d1 has been reserved
[    0.079040] system 00:06: ioport range 0x800-0x87f has been reserved
[    0.079042] system 00:06: ioport range 0x500-0x57f has been reserved
[    0.079045] system 00:06: iomem range 0xfed1c000-0xfed1ffff has been reserved
[    0.079047] system 00:06: iomem range 0xfed20000-0xfed3ffff has been reserved
[    0.079049] system 00:06: iomem range 0xfed40000-0xfed8ffff has been reserved
[    0.079053] system 00:09: iomem range 0xffc00000-0xffefffff has been reserved
[    0.079057] system 00:0a: iomem range 0xfec00000-0xfec00fff has been reserved
[    0.079059] system 00:0a: iomem range 0xfee00000-0xfee00fff has been reserved
[    0.079063] system 00:0b: ioport range 0xa00-0xadf has been reserved
[    0.079067] system 00:0c: iomem range 0xf0000000-0xf3ffffff has been reserved
[    0.079071] system 00:0d: iomem range 0x0-0x9ffff could not be reserved
[    0.079074] system 00:0d: iomem range 0xc0000-0xcffff could not be reserved
[    0.079076] system 00:0d: iomem range 0xe0000-0xfffff could not be reserved
[    0.079078] system 00:0d: iomem range 0x100000-0xcfffffff could not be reserved
[    0.079080] system 00:0d: iomem range 0xfed90000-0xffffffff could not be reserved
[    0.113678] pci 0000:00:01.0: PCI bridge, secondary bus 0000:04
[    0.113680] pci 0000:00:01.0:   IO window: 0xe000-0xefff
[    0.113684] pci 0000:00:01.0:   MEM window: 0xfeb00000-0xfebfffff
[    0.113686] pci 0000:00:01.0:   PREFETCH window: 0x000000e0000000-0x000000efffffff
[    0.113690] pci 0000:00:1c.0: PCI bridge, secondary bus 0000:03
[    0.113692] pci 0000:00:1c.0:   IO window: 0x1000-0x1fff
[    0.113696] pci 0000:00:1c.0:   MEM window: 0xd0000000-0xd01fffff
[    0.113699] pci 0000:00:1c.0:   PREFETCH window: 0x000000d0200000-0x000000d03fffff
[    0.113704] pci 0000:00:1c.5: PCI bridge, secondary bus 0000:02
[    0.113706] pci 0000:00:1c.5:   IO window: 0xd000-0xdfff
[    0.113710] pci 0000:00:1c.5:   MEM window: 0xfea00000-0xfeafffff
[    0.113713] pci 0000:00:1c.5:   PREFETCH window: 0x000000dff00000-0x000000dfffffff
[    0.113718] pci 0000:00:1e.0: PCI bridge, secondary bus 0000:01
[    0.113720] pci 0000:00:1e.0:   IO window: disabled
[    0.113723] pci 0000:00:1e.0:   MEM window: disabled
[    0.113726] pci 0000:00:1e.0:   PREFETCH window: disabled
[    0.113836] ACPI: PCI Interrupt Link [LNKA] enabled at IRQ 10
[    0.113838] PCI: setting IRQ 10 as level-triggered
[    0.113842] pci 0000:00:01.0: PCI INT A -> Link[LNKA] -> GSI 10 (level, low) -> IRQ 10
[    0.113845] pci 0000:00:01.0: setting latency timer to 64
[    0.113851] pci 0000:00:1c.0: enabling device (0104 -> 0107)
[    0.113950] ACPI: PCI Interrupt Link [LNKB] enabled at IRQ 5
[    0.113952] PCI: setting IRQ 5 as level-triggered
[    0.113956] pci 0000:00:1c.0: PCI INT A -> Link[LNKB] -> GSI 5 (level, low) -> IRQ 5
[    0.113959] pci 0000:00:1c.0: setting latency timer to 64
[    0.113966] pci 0000:00:1c.5: PCI INT B -> Link[LNKA] -> GSI 10 (level, low) -> IRQ 10
[    0.113969] pci 0000:00:1c.5: setting latency timer to 64
[    0.113974] pci 0000:00:1e.0: setting latency timer to 64
[    0.113977] pci_bus 0000:00: resource 0 io:  [0x00-0xffff]
[    0.113979] pci_bus 0000:00: resource 1 mem: [0x000000-0xffffffffffffffff]
[    0.113981] pci_bus 0000:04: resource 0 io:  [0xe000-0xefff]
[    0.113983] pci_bus 0000:04: resource 1 mem: [0xfeb00000-0xfebfffff]
[    0.113985] pci_bus 0000:04: resource 2 pref mem [0xe0000000-0xefffffff]
[    0.113987] pci_bus 0000:03: resource 0 io:  [0x1000-0x1fff]
[    0.113989] pci_bus 0000:03: resource 1 mem: [0xd0000000-0xd01fffff]
[    0.113991] pci_bus 0000:03: resource 2 pref mem [0xd0200000-0xd03fffff]
[    0.113993] pci_bus 0000:02: resource 0 io:  [0xd000-0xdfff]
[    0.113994] pci_bus 0000:02: resource 1 mem: [0xfea00000-0xfeafffff]
[    0.113996] pci_bus 0000:02: resource 2 pref mem [0xdff00000-0xdfffffff]
[    0.113998] pci_bus 0000:01: resource 3 io:  [0x00-0xffff]
[    0.114000] pci_bus 0000:01: resource 4 mem: [0x000000-0xffffffffffffffff]
[    0.114020] NET: Registered protocol family 2
[    0.114045] random 0000 0000 0000 5f8db4e5 4cfdf2a8: rand_read_num 3 get_random_bytes(4): sig fffffb64 5f8db4e5 4cfdf2a8
[    0.114048] random 0000 0000 0000 5f8db4e5 4cfdf2a8: extract_entropy(.. 4 ..)
[    0.114050] random 0000 0000 0000 5f8db4e5 4cfdf2a8: going to reseed nonblocking with 64 bits (32 of 0 requested)
[    0.114053] random 0000 0000 0000 5f8db4e5 4cfdf2a8: extract_entropy(.. 8 ..)
[    0.114055] random 0000 0000 0000 5f8db4e5 4cfdf2a8: trying to extract 64 bits from input
[    0.114057] random 0000 0000 0000 5f8db4e5 4cfdf2a8: debiting 0 entropy credits from input
[    0.114059] random 0000 0000 0000 5f8db4e5 4cfdf2a8: trying to extract 32 bits from nonblocking
[    0.114062] random 0000 0000 0000 5f8db4e5 4cfdf2a8: debiting 32 entropy credits from nonblocking (unlimited)
[    0.114096] IP route cache hash table entries: 32768 (order: 5, 131072 bytes)
[    0.114303] TCP established hash table entries: 131072 (order: 8, 1048576 bytes)
[    0.114623] TCP bind hash table entries: 65536 (order: 7, 524288 bytes)
[    0.114790] TCP: Hash tables configured (established 131072 bind 65536)
[    0.114792] TCP reno registered
[    0.114836] NET: Registered protocol family 1
[    0.114942] pci 0000:04:00.0: Boot video device
[    0.115052] cpufreq-nforce2: No nForce2 chipset.
[    0.115067] Scanning for low memory corruption every 60 seconds
[    0.115139] audit: initializing netlink socket (disabled)
[    0.115145] type=2000 audit(1364341346.111:1): initialized
[    0.123396] highmem bounce pool size: 64 pages
[    0.123399] HugeTLB registered 2 MB page size, pre-allocated 0 pages
[    0.124402] VFS: Disk quotas dquot_6.5.2
[    0.124441] Dquot-cache hash table entries: 1024 (order 0, 4096 bytes)
[    0.124843] fuse init (API version 7.13)
[    0.124905] msgmni has been set to 1581
[    0.125037] alg: No test for stdrng (krng)
[    0.125076] Block layer SCSI generic (bsg) driver version 0.4 loaded (major 253)
[    0.125078] io scheduler noop registered
[    0.125080] io scheduler anticipatory registered
[    0.125081] io scheduler deadline registered
[    0.125108] io scheduler cfq registered (default)
[    0.125190]   alloc irq_desc for 24 on node -1
[    0.125192]   alloc kstat_irqs on node -1
[    0.125199] pcieport 0000:00:01.0: irq 24 for MSI/MSI-X
[    0.125203] pcieport 0000:00:01.0: setting latency timer to 64
[    0.125273]   alloc irq_desc for 25 on node -1
[    0.125274]   alloc kstat_irqs on node -1
[    0.125280] pcieport 0000:00:1c.0: irq 25 for MSI/MSI-X
[    0.125286] pcieport 0000:00:1c.0: setting latency timer to 64
[    0.125371]   alloc irq_desc for 26 on node -1
[    0.125373]   alloc kstat_irqs on node -1
[    0.125378] pcieport 0000:00:1c.5: irq 26 for MSI/MSI-X
[    0.125384] pcieport 0000:00:1c.5: setting latency timer to 64
[    0.125447] pci_hotplug: PCI Hot Plug PCI Core version: 0.5
[    0.125460] Firmware did not grant requested _OSC control
[    0.125473] Firmware did not grant requested _OSC control
[    0.125492] Firmware did not grant requested _OSC control
[    0.125501] Firmware did not grant requested _OSC control
[    0.125511] pciehp: PCI Express Hot Plug Controller Driver version: 0.4
[    0.125617] input: Power Button as /devices/LNXSYSTM:00/LNXSYBUS:00/PNP0C0C:00/input/input0
[    0.125621] ACPI: Power Button [PWRB]
[    0.125652] input: Power Button as /devices/LNXSYSTM:00/LNXPWRBN:00/input/input1
[    0.125654] ACPI: Power Button [PWRF]
[    0.126178] ACPI: SSDT cffa0270 0022C (v01 HPQOEM SLIC-CPC 00000011 INTL 20051117)
[    0.126367] processor LNXCPU:00: registered as cooling_device0
[    0.127948] isapnp: Scanning for PnP cards...
[    0.480788] isapnp: No Plug & Play device found
[    0.480799] random 0000 0000 0000 5f8db4e5 4cfdf2a8: initializing
[    0.481724] Serial: 8250/16550 driver, 4 ports, IRQ sharing enabled
[    0.482678] brd: module loaded
[    0.482990] loop: module loaded
[    0.483045] input: Macintosh mouse button emulation as /devices/virtual/input/input2
[    0.483114] ata_piix 0000:00:1f.2: version 2.13
[    0.483228] ACPI: PCI Interrupt Link [LNKD] enabled at IRQ 11
[    0.483231] PCI: setting IRQ 11 as level-triggered
[    0.483235] ata_piix 0000:00:1f.2: PCI INT B -> Link[LNKD] -> GSI 11 (level, low) -> IRQ 11
[    0.483239] ata_piix 0000:00:1f.2: MAP [ P0 P2 P1 P3 ]
[    0.483271] ata_piix 0000:00:1f.2: setting latency timer to 64
[    0.483305] scsi0 : ata_piix
[    0.483353] scsi1 : ata_piix
[    0.484458] ata1: SATA max UDMA/133 cmd 0x1f0 ctl 0x3f6 bmdma 0xff90 irq 14
[    0.484463] ata2: SATA max UDMA/133 cmd 0x170 ctl 0x376 bmdma 0xff98 irq 15
[    0.484714] Fixed MDIO Bus: probed
[    0.484738] PPP generic driver version 2.4.2
[    0.484766] tun: Universal TUN/TAP device driver, 1.6
[    0.484767] tun: (C) 1999-2004 Max Krasnyansky <maxk@qualcomm.com>
[    0.484825] ehci_hcd: USB 2.0 'Enhanced' Host Controller (EHCI) Driver
[    0.484939] ACPI: PCI Interrupt Link [LNKC] enabled at IRQ 11
[    0.484942] ehci_hcd 0000:00:1a.7: PCI INT C -> Link[LNKC] -> GSI 11 (level, low) -> IRQ 11
[    0.484950] ehci_hcd 0000:00:1a.7: setting latency timer to 64
[    0.484953] ehci_hcd 0000:00:1a.7: EHCI Host Controller
[    0.484975] ehci_hcd 0000:00:1a.7: new USB bus registered, assigned bus number 1
[    0.484997] ehci_hcd 0000:00:1a.7: debug port 1
[    0.488886] ehci_hcd 0000:00:1a.7: cache line size of 32 is not supported
[    0.488911] ehci_hcd 0000:00:1a.7: irq 11, io mem 0xfe9ff400
[    0.504029] ehci_hcd 0000:00:1a.7: USB 2.0 started, EHCI 1.00
[    0.504110] usb usb1: configuration #1 chosen from 1 choice
[    0.504135] hub 1-0:1.0: USB hub found
[    0.504146] hub 1-0:1.0: 6 ports detected
[    0.504285] ACPI: PCI Interrupt Link [LNKH] enabled at IRQ 3
[    0.504287] PCI: setting IRQ 3 as level-triggered
[    0.504291] ehci_hcd 0000:00:1d.7: PCI INT A -> Link[LNKH] -> GSI 3 (level, low) -> IRQ 3
[    0.504299] ehci_hcd 0000:00:1d.7: setting latency timer to 64
[    0.504302] ehci_hcd 0000:00:1d.7: EHCI Host Controller
[    0.504323] ehci_hcd 0000:00:1d.7: new USB bus registered, assigned bus number 2
[    0.504342] ehci_hcd 0000:00:1d.7: debug port 1
[    0.508238] ehci_hcd 0000:00:1d.7: cache line size of 32 is not supported
[    0.508243] ehci_hcd 0000:00:1d.7: irq 3, io mem 0xfe9ff800
[    0.524032] ehci_hcd 0000:00:1d.7: USB 2.0 started, EHCI 1.00
[    0.524102] usb usb2: configuration #1 chosen from 1 choice
[    0.524124] hub 2-0:1.0: USB hub found
[    0.524130] hub 2-0:1.0: 6 ports detected
[    0.524174] ohci_hcd: USB 1.1 'Open' Host Controller (OHCI) Driver
[    0.524182] uhci_hcd: USB Universal Host Controller Interface driver
[    0.524196] uhci_hcd 0000:00:1a.0: PCI INT A -> Link[LNKA] -> GSI 10 (level, low) -> IRQ 10
[    0.524201] uhci_hcd 0000:00:1a.0: setting latency timer to 64
[    0.524203] uhci_hcd 0000:00:1a.0: UHCI Host Controller
[    0.524225] uhci_hcd 0000:00:1a.0: new USB bus registered, assigned bus number 3
[    0.524245] uhci_hcd 0000:00:1a.0: irq 10, io base 0x0000c000
[    0.524303] usb usb3: configuration #1 chosen from 1 choice
[    0.524324] hub 3-0:1.0: USB hub found
[    0.524328] hub 3-0:1.0: 2 ports detected
[    0.524460] ACPI: PCI Interrupt Link [LNKF] enabled at IRQ 10
[    0.524463] uhci_hcd 0000:00:1a.1: PCI INT B -> Link[LNKF] -> GSI 10 (level, low) -> IRQ 10
[    0.524467] uhci_hcd 0000:00:1a.1: setting latency timer to 64
[    0.524470] uhci_hcd 0000:00:1a.1: UHCI Host Controller
[    0.524495] uhci_hcd 0000:00:1a.1: new USB bus registered, assigned bus number 4
[    0.524514] uhci_hcd 0000:00:1a.1: irq 10, io base 0x0000c080
[    0.524573] usb usb4: configuration #1 chosen from 1 choice
[    0.524591] hub 4-0:1.0: USB hub found
[    0.524595] hub 4-0:1.0: 2 ports detected
[    0.524725] ACPI: PCI Interrupt Link [LNKE] enabled at IRQ 7
[    0.524727] PCI: setting IRQ 7 as level-triggered
[    0.524731] uhci_hcd 0000:00:1a.2: PCI INT D -> Link[LNKE] -> GSI 7 (level, low) -> IRQ 7
[    0.524735] uhci_hcd 0000:00:1a.2: setting latency timer to 64
[    0.524738] uhci_hcd 0000:00:1a.2: UHCI Host Controller
[    0.524760] uhci_hcd 0000:00:1a.2: new USB bus registered, assigned bus number 5
[    0.524780] uhci_hcd 0000:00:1a.2: irq 7, io base 0x0000c400
[    0.524837] usb usb5: configuration #1 chosen from 1 choice
[    0.524854] hub 5-0:1.0: USB hub found
[    0.524859] hub 5-0:1.0: 2 ports detected
[    0.524888] uhci_hcd 0000:00:1d.0: PCI INT A -> Link[LNKH] -> GSI 3 (level, low) -> IRQ 3
[    0.524893] uhci_hcd 0000:00:1d.0: setting latency timer to 64
[    0.524895] uhci_hcd 0000:00:1d.0: UHCI Host Controller
[    0.524915] uhci_hcd 0000:00:1d.0: new USB bus registered, assigned bus number 6
[    0.524933] uhci_hcd 0000:00:1d.0: irq 3, io base 0x0000c480
[    0.524990] usb usb6: configuration #1 chosen from 1 choice
[    0.525009] hub 6-0:1.0: USB hub found
[    0.525013] hub 6-0:1.0: 2 ports detected
[    0.525045] uhci_hcd 0000:00:1d.1: PCI INT B -> Link[LNKE] -> GSI 7 (level, low) -> IRQ 7
[    0.525049] uhci_hcd 0000:00:1d.1: setting latency timer to 64
[    0.525052] uhci_hcd 0000:00:1d.1: UHCI Host Controller
[    0.525073] uhci_hcd 0000:00:1d.1: new USB bus registered, assigned bus number 7
[    0.525091] uhci_hcd 0000:00:1d.1: irq 7, io base 0x0000c800
[    0.525148] usb usb7: configuration #1 chosen from 1 choice
[    0.525167] hub 7-0:1.0: USB hub found
[    0.525171] hub 7-0:1.0: 2 ports detected
[    0.525199] uhci_hcd 0000:00:1d.2: PCI INT C -> Link[LNKC] -> GSI 11 (level, low) -> IRQ 11
[    0.525203] uhci_hcd 0000:00:1d.2: setting latency timer to 64
[    0.525206] uhci_hcd 0000:00:1d.2: UHCI Host Controller
[    0.525225] uhci_hcd 0000:00:1d.2: new USB bus registered, assigned bus number 8
[    0.525244] uhci_hcd 0000:00:1d.2: irq 11, io base 0x0000c880
[    0.525302] usb usb8: configuration #1 chosen from 1 choice
[    0.525319] hub 8-0:1.0: USB hub found
[    0.525324] hub 8-0:1.0: 2 ports detected
[    0.525390] PNP: No PS/2 controller found. Probing ports directly.
[    0.527842] serio: i8042 KBD port at 0x60,0x64 irq 1
[    0.527846] serio: i8042 AUX port at 0x60,0x64 irq 12
[    0.527922] mice: PS/2 mouse device common for all mice
[    0.528001] rtc_cmos 00:03: RTC can wake from S4
[    0.528036] rtc_cmos 00:03: rtc core: registered rtc_cmos as rtc0
[    0.528051] rtc0: alarms up to one month, y3k, 114 bytes nvram, hpet irqs
[    0.528120] device-mapper: uevent: version 1.0.3
[    0.528178] device-mapper: ioctl: 4.15.0-ioctl (2009-04-01) initialised: dm-devel@redhat.com
[    0.528209] device-mapper: multipath: version 1.1.0 loaded
[    0.528211] device-mapper: multipath round-robin: version 1.0.0 loaded
[    0.528281] EISA: Probing bus 0 at eisa.0
[    0.528285] Cannot allocate resource for EISA slot 1
[    0.528301] EISA: Detected 0 cards.
[    0.528328] cpuidle: using governor ladder
[    0.528330] cpuidle: using governor menu
[    0.528561] random 0000 0000 0000 00000000 00000000: rand_read_num 4 get_random_bytes(136): sig 00000000 00000000 00000000
[    0.528564] random 0000 0000 0000 00000000 00000000: extract_entropy(.. 136 ..)
[    0.528566] random 0000 0000 0000 00000000 00000000: going to reseed nonblocking with 1024 bits (1088 of 0 requested)
[    0.528569] random 0000 0000 0000 00000000 00000000: extract_entropy(.. 128 ..)
[    0.528571] random 0000 0000 0000 00000000 00000000: trying to extract 1024 bits from input
[    0.528573] random 0000 0000 0000 00000000 00000000: debiting 0 entropy credits from input
[    0.528576] random 0000 0000 0000 00000000 00000000: trying to extract 1088 bits from nonblocking
[    0.528578] random 0000 0000 0000 00000000 00000000: debiting 1088 entropy credits from nonblocking (unlimited)
[    0.528608] TCP cubic registered
[    0.528716] NET: Registered protocol family 10
[    0.528752] random 0000 0000 0000 9ff19f9c c07a1d2a: rand_read_num 5 get_random_bytes(4): sig 0000031b 9ff19f9c c07a1d2a
[    0.528755] random 0000 0000 0000 9ff19f9c c07a1d2a: extract_entropy(.. 4 ..)
[    0.528757] random 0000 0000 0000 9ff19f9c c07a1d2a: going to reseed nonblocking with 64 bits (32 of 0 requested)
[    0.528760] random 0000 0000 0000 9ff19f9c c07a1d2a: extract_entropy(.. 8 ..)
[    0.528762] random 0000 0000 0000 9ff19f9c c07a1d2a: trying to extract 64 bits from input
[    0.528764] random 0000 0000 0000 9ff19f9c c07a1d2a: debiting 0 entropy credits from input
[    0.528766] random 0000 0000 0000 9ff19f9c c07a1d2a: trying to extract 32 bits from nonblocking
[    0.528769] random 0000 0000 0000 9ff19f9c c07a1d2a: debiting 32 entropy credits from nonblocking (unlimited)
[    0.529220] NET: Registered protocol family 17
[    0.529495] Using IPI No-Shortcut mode
[    0.529502] random 0000 0000 0000 277f73c3 42024bb9: rand_read_num 6 get_random_bytes(8): sig 000007e9 277f73c3 42024bb9
[    0.529504] random 0000 0000 0000 277f73c3 42024bb9: extract_entropy(.. 8 ..)
[    0.529507] random 0000 0000 0000 277f73c3 42024bb9: going to reseed nonblocking with 64 bits (64 of 0 requested)
[    0.529509] random 0000 0000 0000 277f73c3 42024bb9: extract_entropy(.. 8 ..)
[    0.529511] random 0000 0000 0000 277f73c3 42024bb9: trying to extract 64 bits from input
[    0.529513] random 0000 0000 0000 277f73c3 42024bb9: debiting 0 entropy credits from input
[    0.529516] random 0000 0000 0000 277f73c3 42024bb9: trying to extract 64 bits from nonblocking
[    0.529518] random 0000 0000 0000 277f73c3 42024bb9: debiting 64 entropy credits from nonblocking (unlimited)
[    0.529562] PM: Resume from disk failed.
[    0.529570] registered taskstats version 1
[    0.529573] random 0000 0000 0000 277f73c3 42024bb9: rand_read_num 7 get_random_bytes(12): sig 00000498 277f73c3 42024bb9
[    0.529576] random 0000 0000 0000 277f73c3 42024bb9: extract_entropy(.. 12 ..)
[    0.529578] random 0000 0000 0000 277f73c3 42024bb9: going to reseed nonblocking with 96 bits (96 of 0 requested)
[    0.529580] random 0000 0000 0000 277f73c3 42024bb9: extract_entropy(.. 12 ..)
[    0.529582] random 0000 0000 0000 277f73c3 42024bb9: trying to extract 96 bits from input
[    0.529585] random 0000 0000 0000 277f73c3 42024bb9: debiting 0 entropy credits from input
[    0.529587] random 0000 0000 0000 277f73c3 42024bb9: trying to extract 96 bits from nonblocking
[    0.529589] random 0000 0000 0000 277f73c3 42024bb9: debiting 96 entropy credits from nonblocking (unlimited)
[    0.529838] random 0000 0000 0000 412698f6 0cc8689a: rand_read_num 8 get_random_bytes(64): sig 00000122 412698f6 0cc8689a
[    0.529841] random 0000 0000 0000 412698f6 0cc8689a: extract_entropy(.. 64 ..)
[    0.529843] random 0000 0000 0000 412698f6 0cc8689a: going to reseed nonblocking with 512 bits (512 of 0 requested)
[    0.529845] random 0000 0000 0000 412698f6 0cc8689a: extract_entropy(.. 64 ..)
[    0.529848] random 0000 0000 0000 412698f6 0cc8689a: trying to extract 512 bits from input
[    0.529850] random 0000 0000 0000 412698f6 0cc8689a: debiting 0 entropy credits from input
[    0.529852] random 0000 0000 0000 412698f6 0cc8689a: trying to extract 512 bits from nonblocking
[    0.529855] random 0000 0000 0000 412698f6 0cc8689a: debiting 512 entropy credits from nonblocking (unlimited)
[    0.529868]   Magic number: 5:62:758
[    0.529912] rtc_cmos 00:03: setting system clock to 2013-03-26 23:42:26 UTC (1364341346)
[    0.529915] BIOS EDD facility v0.16 2004-Jun-25, 0 devices found
[    0.529916] EDD information not available.
[    0.529938] random 0000 0000 0000 70cfd302 e5edec11: rand_read_num 9 get_random_bytes(64): sig fffffdc1 70cfd302 e5edec11
[    0.529941] random 0000 0000 0000 70cfd302 e5edec11: extract_entropy(.. 64 ..)
[    0.529943] random 0000 0000 0000 70cfd302 e5edec11: going to reseed nonblocking with 512 bits (512 of 0 requested)
[    0.529945] random 0000 0000 0000 70cfd302 e5edec11: extract_entropy(.. 64 ..)
[    0.529947] random 0000 0000 0000 70cfd302 e5edec11: trying to extract 512 bits from input
[    0.529950] random 0000 0000 0000 70cfd302 e5edec11: debiting 0 entropy credits from input
[    0.529952] random 0000 0000 0000 70cfd302 e5edec11: trying to extract 512 bits from nonblocking
[    0.529954] random 0000 0000 0000 70cfd302 e5edec11: debiting 512 entropy credits from nonblocking (unlimited)
[    0.529967] BEGIN NET_SECRET:
[    0.529968] \x18
[    0.529969] \x5c
[    0.529970] \x2b
[    0.529971] \x1
[    0.529972] \xffffff90
[    0.529973] \x19
[    0.529974] \x3c
[    0.529975] \xfffffff2
[    0.529976] \xffffff82
[    0.529977] \x2a
[    0.529977] \xffffffb3
[    0.529978] \xffffffa2
[    0.529979] \x3f
[    0.529980] \x5
[    0.529981] \x52
[    0.529982] \x77
[    0.529983] \x57
[    0.529983] \x79
[    0.529984] \x16
[    0.529985] \x43
[    0.529986] \xffffff84
[    0.529987] \xffffffc3
[    0.529988] \xffffffe9
[    0.529988] \x79
[    0.529989] \x50
[    0.529990] \xffffff8e
[    0.529991] \x3f
[    0.529992] \xfffffff3
[    0.529993] \x19
[    0.529993] \x2a
[    0.529994] \xfffffffd
[    0.529995] \xfffffffb
[    0.529996] \x62
[    0.529997] \x3c
[    0.529998] \xffffffac
[    0.529999] \x1c
[    0.529999] \x3b
[    0.530000] \x3b
[    0.530001] \x15
[    0.530002] \x27
[    0.530003] \xffffffa8
[    0.530003] \x22
[    0.530004] \xffffffc5
[    0.530005] \xffffff9a
[    0.530006] \x5
[    0.530007] \x6c
[    0.530008] \xffffffa8
[    0.530009] \x3a
[    0.530009] \x44
[    0.530010] \xffffffaf
[    0.530011] \x13
[    0.530012] \xffffffe0
[    0.530013] \xffffff9d
[    0.530014] \x22
[    0.530014] \xf
[    0.530015] \xffffffc9
[    0.530016] \x6c
[    0.530017] \x28
[    0.530018] \xffffff87
[    0.530019] \x79
[    0.530019] \x69
[    0.530020] \xffffff91
[    0.530021] \xffffff8a
[    0.530022] \xfffffff9
[    0.530023] 
[    0.530023] END NET_SECRET
[    0.530026] random 0000 0000 0000 e7f555d9 e8ce5c3c: rand_read_num 10 get_random_bytes(4): sig ffffff72 e7f555d9 e8ce5c3c
[    0.530028] random 0000 0000 0000 e7f555d9 e8ce5c3c: extract_entropy(.. 4 ..)
[    0.530031] random 0000 0000 0000 e7f555d9 e8ce5c3c: going to reseed nonblocking with 64 bits (32 of 0 requested)
[    0.530033] random 0000 0000 0000 e7f555d9 e8ce5c3c: extract_entropy(.. 8 ..)
[    0.530035] random 0000 0000 0000 e7f555d9 e8ce5c3c: trying to extract 64 bits from input
[    0.530037] random 0000 0000 0000 e7f555d9 e8ce5c3c: debiting 0 entropy credits from input
[    0.530039] random 0000 0000 0000 e7f555d9 e8ce5c3c: trying to extract 32 bits from nonblocking
[    0.530042] random 0000 0000 0000 e7f555d9 e8ce5c3c: debiting 32 entropy credits from nonblocking (unlimited)
[    0.816080] usb 1-6: new high speed USB device using ehci_hcd and address 2
[    1.280064] ata1.00: SATA link up 3.0 Gbps (SStatus 123 SControl 300)
[    1.280074] ata1.01: SATA link down (SStatus 0 SControl 300)
[    1.280625] usb 1-6: configuration #1 chosen from 1 choice
[    1.284059] ata2.00: SATA link up 1.5 Gbps (SStatus 113 SControl 300)
[    1.284071] ata2.01: SATA link down (SStatus 0 SControl 300)
[    1.284081] ata2.01: link offline, clearing class 3 to NONE
[    1.288349] ata2.00: ATAPI: TSSTcorp CDDVDW TS-H653R, 0301, max UDMA/33
[    1.288435] ata1.00: ATA-8: WDC WD6400AAKS-65A7B2, 01.03B01, max UDMA/133
[    1.288438] ata1.00: 1250263728 sectors, multi 16: LBA48 NCQ (depth 0/32)
[    1.304365] ata2.00: configured for UDMA/33
[    1.304437] ata1.00: configured for UDMA/133
[    1.304521] scsi 0:0:0:0: Direct-Access     ATA      WDC WD6400AAKS-6 01.0 PQ: 0 ANSI: 5
[    1.304596] sd 0:0:0:0: Attached scsi generic sg0 type 0
[    1.304642] sd 0:0:0:0: [sda] 1250263728 512-byte logical blocks: (640 GB/596 GiB)
[    1.304675] sd 0:0:0:0: [sda] Write Protect is off
[    1.304677] sd 0:0:0:0: [sda] Mode Sense: 00 3a 00 00
[    1.304694] sd 0:0:0:0: [sda] Write cache: enabled, read cache: enabled, doesn't support DPO or FUA
[    1.304780]  sda:
[    1.305731] scsi 1:0:0:0: CD-ROM            TSSTcorp CDDVDW TS-H653R  0301 PQ: 0 ANSI: 5
[    1.310451] sr0: scsi3-mmc drive: 40x/40x writer dvd-ram cd/rw xa/form2 cdda tray
[    1.310454] Uniform CD-ROM driver Revision: 3.20
[    1.310519] sr 1:0:0:0: Attached scsi CD-ROM sr0
[    1.310558] sr 1:0:0:0: Attached scsi generic sg1 type 5
[    1.321222] random 0000 0000 0000 91716c54 eeb6a1e7: add_disk_randomness(8:0) 91716c54 eeb6a1e7
[    1.321225] random 0000 0000 0000 91716c54 eeb6a1e7: add_timer_randomness(.. 8388864)
[    1.321229] random 0000 0000 0000 91716c54 eeb6a1e7: added 11 entropy credits to input
[    1.321243]  sda1 sda2 <
[    1.350950] random 0011 0000 0000 91716c54 eeb6a1e7: add_disk_randomness(8:0) 91716c54 eeb6a1e7
[    1.350953] random 0011 0000 0000 91716c54 eeb6a1e7: add_timer_randomness(.. 8388864)
[    1.350956] random 0011 0000 0000 91716c54 eeb6a1e7: added 2 entropy credits to input
[    1.350964]  sda5 >
[    1.351152] sd 0:0:0:0: [sda] Attached SCSI disk
[    1.351161] md: Waiting for all devices to be available before autodetect
[    1.351163] md: If you don't use raid, use raid=noautodetect
[    1.351223] md: Autodetecting RAID arrays.
[    1.351224] md: Scanned 0 and added 0 devices.
[    1.351225] md: autorun ...
[    1.351226] md: ... autorun DONE.
[    1.379455] random 0013 0000 0000 91716c54 eeb6a1e7: add_disk_randomness(8:0) 91716c54 eeb6a1e7
[    1.379458] random 0013 0000 0000 91716c54 eeb6a1e7: add_timer_randomness(.. 8388864)
[    1.379468] EXT3-fs: sda1: couldn't mount because of unsupported optional features (240).
[    1.380115] random 0013 0000 0000 91716c54 eeb6a1e7: add_disk_randomness(8:0) 91716c54 eeb6a1e7
[    1.380118] random 0013 0000 0000 91716c54 eeb6a1e7: add_timer_randomness(.. 8388864)
[    1.380127] EXT2-fs: sda1: couldn't mount because of unsupported optional features (240).
[    1.380307] random 0013 0000 0000 91716c54 eeb6a1e7: add_disk_randomness(8:0) 91716c54 eeb6a1e7
[    1.380310] random 0013 0000 0000 91716c54 eeb6a1e7: add_timer_randomness(.. 8388864)
[    1.387806] random 0013 0000 0000 91716c54 eeb6a1e7: add_disk_randomness(8:0) 91716c54 eeb6a1e7
[    1.387809] random 0013 0000 0000 91716c54 eeb6a1e7: add_timer_randomness(.. 8388864)
[    1.387978] random 0013 0000 0000 91716c54 eeb6a1e7: add_disk_randomness(8:0) 91716c54 eeb6a1e7
[    1.387981] random 0013 0000 0000 91716c54 eeb6a1e7: add_timer_randomness(.. 8388864)
[    1.388127] random 0013 0000 0000 91716c54 eeb6a1e7: add_disk_randomness(8:0) 91716c54 eeb6a1e7
[    1.388130] random 0013 0000 0000 91716c54 eeb6a1e7: add_timer_randomness(.. 8388864)
[    1.388279] random 0013 0000 0000 91716c54 eeb6a1e7: add_disk_randomness(8:0) 91716c54 eeb6a1e7
[    1.388282] random 0013 0000 0000 91716c54 eeb6a1e7: add_timer_randomness(.. 8388864)
[    1.388426] random 0013 0000 0000 91716c54 eeb6a1e7: add_disk_randomness(8:0) 91716c54 eeb6a1e7
[    1.388428] random 0013 0000 0000 91716c54 eeb6a1e7: add_timer_randomness(.. 8388864)
[    1.388579] random 0013 0000 0000 91716c54 eeb6a1e7: add_disk_randomness(8:0) 91716c54 eeb6a1e7
[    1.388582] random 0013 0000 0000 91716c54 eeb6a1e7: add_timer_randomness(.. 8388864)
[    1.388727] random 0013 0000 0000 91716c54 eeb6a1e7: add_disk_randomness(8:0) 91716c54 eeb6a1e7
[    1.388730] random 0013 0000 0000 91716c54 eeb6a1e7: add_timer_randomness(.. 8388864)
[    1.388878] random 0013 0000 0000 91716c54 eeb6a1e7: add_disk_randomness(8:0) 91716c54 eeb6a1e7
[    1.388881] random 0013 0000 0000 91716c54 eeb6a1e7: add_timer_randomness(.. 8388864)
[    1.389029] random 0013 0000 0000 91716c54 eeb6a1e7: add_disk_randomness(8:0) 91716c54 eeb6a1e7
[    1.389032] random 0013 0000 0000 91716c54 eeb6a1e7: add_timer_randomness(.. 8388864)
[    1.397185] random 0013 0000 0000 91716c54 eeb6a1e7: add_disk_randomness(8:0) 91716c54 eeb6a1e7
[    1.397188] random 0013 0000 0000 91716c54 eeb6a1e7: add_timer_randomness(.. 8388864)
[    1.397192] random 0013 0000 0000 91716c54 eeb6a1e7: added 1 entropy credits to input
[    1.397412] random 0014 0000 0000 91716c54 eeb6a1e7: add_disk_randomness(8:0) 91716c54 eeb6a1e7
[    1.397415] random 0014 0000 0000 91716c54 eeb6a1e7: add_timer_randomness(.. 8388864)
[    1.397653] random 0014 0000 0000 91716c54 eeb6a1e7: add_disk_randomness(8:0) 91716c54 eeb6a1e7
[    1.397656] random 0014 0000 0000 91716c54 eeb6a1e7: add_timer_randomness(.. 8388864)
[    1.397890] random 0014 0000 0000 91716c54 eeb6a1e7: add_disk_randomness(8:0) 91716c54 eeb6a1e7
[    1.397893] random 0014 0000 0000 91716c54 eeb6a1e7: add_timer_randomness(.. 8388864)
[    1.398076] random 0014 0000 0000 91716c54 eeb6a1e7: add_disk_randomness(8:0) 91716c54 eeb6a1e7
[    1.398078] random 0014 0000 0000 91716c54 eeb6a1e7: add_timer_randomness(.. 8388864)
[    1.398253] random 0014 0000 0000 91716c54 eeb6a1e7: add_disk_randomness(8:0) 91716c54 eeb6a1e7
[    1.398256] random 0014 0000 0000 91716c54 eeb6a1e7: add_timer_randomness(.. 8388864)
[    1.398433] random 0014 0000 0000 91716c54 eeb6a1e7: add_disk_randomness(8:0) 91716c54 eeb6a1e7
[    1.398436] random 0014 0000 0000 91716c54 eeb6a1e7: add_timer_randomness(.. 8388864)
[    1.398617] random 0014 0000 0000 91716c54 eeb6a1e7: add_disk_randomness(8:0) 91716c54 eeb6a1e7
[    1.398619] random 0014 0000 0000 91716c54 eeb6a1e7: add_timer_randomness(.. 8388864)
[    1.398799] random 0014 0000 0000 91716c54 eeb6a1e7: add_disk_randomness(8:0) 91716c54 eeb6a1e7
[    1.398802] random 0014 0000 0000 91716c54 eeb6a1e7: add_timer_randomness(.. 8388864)
[    1.398985] random 0014 0000 0000 91716c54 eeb6a1e7: add_disk_randomness(8:0) 91716c54 eeb6a1e7
[    1.398987] random 0014 0000 0000 91716c54 eeb6a1e7: add_timer_randomness(.. 8388864)
[    1.399161] random 0014 0000 0000 91716c54 eeb6a1e7: add_disk_randomness(8:0) 91716c54 eeb6a1e7
[    1.399164] random 0014 0000 0000 91716c54 eeb6a1e7: add_timer_randomness(.. 8388864)
[    1.399341] random 0014 0000 0000 91716c54 eeb6a1e7: add_disk_randomness(8:0) 91716c54 eeb6a1e7
[    1.399344] random 0014 0000 0000 91716c54 eeb6a1e7: add_timer_randomness(.. 8388864)
[    1.399523] random 0014 0000 0000 91716c54 eeb6a1e7: add_disk_randomness(8:0) 91716c54 eeb6a1e7
[    1.399526] random 0014 0000 0000 91716c54 eeb6a1e7: add_timer_randomness(.. 8388864)
[    1.399704] random 0014 0000 0000 91716c54 eeb6a1e7: add_disk_randomness(8:0) 91716c54 eeb6a1e7
[    1.399707] random 0014 0000 0000 91716c54 eeb6a1e7: add_timer_randomness(.. 8388864)
[    1.399890] random 0014 0000 0000 91716c54 eeb6a1e7: add_disk_randomness(8:0) 91716c54 eeb6a1e7
[    1.399893] random 0014 0000 0000 91716c54 eeb6a1e7: add_timer_randomness(.. 8388864)
[    1.400067] random 0014 0000 0000 91716c54 eeb6a1e7: add_disk_randomness(8:0) 91716c54 eeb6a1e7
[    1.400070] random 0014 0000 0000 91716c54 eeb6a1e7: add_timer_randomness(.. 8388864)
[    1.400248] random 0014 0000 0000 91716c54 eeb6a1e7: add_disk_randomness(8:0) 91716c54 eeb6a1e7
[    1.400251] random 0014 0000 0000 91716c54 eeb6a1e7: add_timer_randomness(.. 8388864)
[    1.400429] random 0014 0000 0000 91716c54 eeb6a1e7: add_disk_randomness(8:0) 91716c54 eeb6a1e7
[    1.400432] random 0014 0000 0000 91716c54 eeb6a1e7: add_timer_randomness(.. 8388864)
[    1.400613] random 0014 0000 0000 91716c54 eeb6a1e7: add_disk_randomness(8:0) 91716c54 eeb6a1e7
[    1.400616] random 0014 0000 0000 91716c54 eeb6a1e7: add_timer_randomness(.. 8388864)
[    1.400798] random 0014 0000 0000 91716c54 eeb6a1e7: add_disk_randomness(8:0) 91716c54 eeb6a1e7
[    1.400800] random 0014 0000 0000 91716c54 eeb6a1e7: add_timer_randomness(.. 8388864)
[    1.400976] random 0014 0000 0000 91716c54 eeb6a1e7: add_disk_randomness(8:0) 91716c54 eeb6a1e7
[    1.400978] random 0014 0000 0000 91716c54 eeb6a1e7: add_timer_randomness(.. 8388864)
[    1.401156] random 0014 0000 0000 91716c54 eeb6a1e7: add_disk_randomness(8:0) 91716c54 eeb6a1e7
[    1.401159] random 0014 0000 0000 91716c54 eeb6a1e7: add_timer_randomness(.. 8388864)
[    1.401337] random 0014 0000 0000 91716c54 eeb6a1e7: add_disk_randomness(8:0) 91716c54 eeb6a1e7
[    1.401340] random 0014 0000 0000 91716c54 eeb6a1e7: add_timer_randomness(.. 8388864)
[    1.401518] random 0014 0000 0000 91716c54 eeb6a1e7: add_disk_randomness(8:0) 91716c54 eeb6a1e7
[    1.401521] random 0014 0000 0000 91716c54 eeb6a1e7: add_timer_randomness(.. 8388864)
[    1.401704] random 0014 0000 0000 91716c54 eeb6a1e7: add_disk_randomness(8:0) 91716c54 eeb6a1e7
[    1.401707] random 0014 0000 0000 91716c54 eeb6a1e7: add_timer_randomness(.. 8388864)
[    1.401882] random 0014 0000 0000 91716c54 eeb6a1e7: add_disk_randomness(8:0) 91716c54 eeb6a1e7
[    1.401885] random 0014 0000 0000 91716c54 eeb6a1e7: add_timer_randomness(.. 8388864)
[    1.402062] random 0014 0000 0000 91716c54 eeb6a1e7: add_disk_randomness(8:0) 91716c54 eeb6a1e7
[    1.402065] random 0014 0000 0000 91716c54 eeb6a1e7: add_timer_randomness(.. 8388864)
[    1.402241] random 0014 0000 0000 91716c54 eeb6a1e7: add_disk_randomness(8:0) 91716c54 eeb6a1e7
[    1.402244] random 0014 0000 0000 91716c54 eeb6a1e7: add_timer_randomness(.. 8388864)
[    1.402420] random 0014 0000 0000 91716c54 eeb6a1e7: add_disk_randomness(8:0) 91716c54 eeb6a1e7
[    1.402423] random 0014 0000 0000 91716c54 eeb6a1e7: add_timer_randomness(.. 8388864)
[    1.403932] random 0014 0000 0000 91716c54 eeb6a1e7: rand_read_num 11 get_random_bytes(4): sig fffffcad 91716c54 eeb6a1e7
[    1.403934] random 0014 0000 0000 91716c54 eeb6a1e7: extract_entropy(.. 4 ..)
[    1.403937] random 0014 0000 0000 91716c54 eeb6a1e7: going to reseed nonblocking with 64 bits (32 of 0 requested)
[    1.403939] random 0014 0000 0000 91716c54 eeb6a1e7: extract_entropy(.. 8 ..)
[    1.403941] random 0014 0000 0000 91716c54 eeb6a1e7: trying to extract 64 bits from input
[    1.403944] random 0014 0000 0000 91716c54 eeb6a1e7: debiting 0 entropy credits from input
[    1.403946] random 0014 0000 0000 91716c54 eeb6a1e7: trying to extract 32 bits from nonblocking
[    1.403948] random 0014 0000 0000 91716c54 eeb6a1e7: debiting 32 entropy credits from nonblocking (unlimited)
[    1.408959] random 0014 0000 0000 fd637b06 6cf47bc1: add_disk_randomness(8:0) fd637b06 6cf47bc1
[    1.408961] random 0014 0000 0000 fd637b06 6cf47bc1: add_timer_randomness(.. 8388864)
[    1.408965] random 0014 0000 0000 fd637b06 6cf47bc1: added 1 entropy credits to input
[    1.430086] random 0015 0000 0000 fd637b06 6cf47bc1: add_disk_randomness(8:0) fd637b06 6cf47bc1
[    1.430089] random 0015 0000 0000 fd637b06 6cf47bc1: add_timer_randomness(.. 8388864)
[    1.472449] EXT4-fs (sda1): mounted filesystem with ordered data mode
[    1.472457] VFS: Mounted root (ext4 filesystem) readonly on device 8:1.
[    1.487866] random 0015 0000 0000 fd637b06 6cf47bc1: add_disk_randomness(8:0) fd637b06 6cf47bc1
[    1.487869] random 0015 0000 0000 fd637b06 6cf47bc1: add_timer_randomness(.. 8388864)
[    1.487872] random 0015 0000 0000 fd637b06 6cf47bc1: added 2 entropy credits to input
[    1.509298] random 0017 0000 0000 fd637b06 6cf47bc1: add_disk_randomness(8:0) fd637b06 6cf47bc1
[    1.509301] random 0017 0000 0000 fd637b06 6cf47bc1: add_timer_randomness(.. 8388864)
[    1.509304] random 0017 0000 0000 fd637b06 6cf47bc1: added 2 entropy credits to input
[    1.509314] devtmpfs: mounted
[    1.509331] Freeing unused kernel memory: 676k freed
[    1.509555] Write protecting the kernel text: 4764k
[    1.509594] Write protecting the kernel read-only data: 1836k
[    1.531284] random 0019 0000 0000 fd637b06 6cf47bc1: add_disk_randomness(8:0) fd637b06 6cf47bc1
[    1.531287] random 0019 0000 0000 fd637b06 6cf47bc1: add_timer_randomness(.. 8388864)
[    1.539406] random 0019 0000 0000 fd637b06 6cf47bc1: add_disk_randomness(8:0) fd637b06 6cf47bc1
[    1.539409] random 0019 0000 0000 fd637b06 6cf47bc1: add_timer_randomness(.. 8388864)
[    1.539412] random 0019 0000 0000 fd637b06 6cf47bc1: added 1 entropy credits to input
[    1.547689] random 0020 0000 0000 fd637b06 6cf47bc1: add_disk_randomness(8:0) fd637b06 6cf47bc1
[    1.547692] random 0020 0000 0000 fd637b06 6cf47bc1: add_timer_randomness(.. 8388864)
[    1.547717] Loading Elf Binary for pid: 1 comm: swapper
[    1.561832] random 0020 0000 0000 fd637b06 6cf47bc1: add_disk_randomness(8:0) fd637b06 6cf47bc1
[    1.561835] random 0020 0000 0000 fd637b06 6cf47bc1: add_timer_randomness(.. 8388864)
[    1.561838] random 0020 0000 0000 fd637b06 6cf47bc1: added 1 entropy credits to input
[    1.569961] random 0021 0000 0000 fd637b06 6cf47bc1: add_disk_randomness(8:0) fd637b06 6cf47bc1
[    1.569964] random 0021 0000 0000 fd637b06 6cf47bc1: add_timer_randomness(.. 8388864)
[    1.569967] random 0021 0000 0000 fd637b06 6cf47bc1: added 1 entropy credits to input
[    1.572012] random 0022 0000 0000 fd637b06 6cf47bc1: add_disk_randomness(8:0) fd637b06 6cf47bc1
[    1.572015] random 0022 0000 0000 fd637b06 6cf47bc1: add_timer_randomness(.. 8388864)
[    1.583288] random 0022 0000 0000 fd637b06 6cf47bc1: add_disk_randomness(8:0) fd637b06 6cf47bc1
[    1.583291] random 0022 0000 0000 fd637b06 6cf47bc1: add_timer_randomness(.. 8388864)
[    1.593116] random 0022 0000 0000 fd637b06 6cf47bc1: add_disk_randomness(8:0) fd637b06 6cf47bc1
[    1.593119] random 0022 0000 0000 fd637b06 6cf47bc1: add_timer_randomness(.. 8388864)
[    1.593602] random 0022 0000 0000 fd637b06 6cf47bc1: add_disk_randomness(8:0) fd637b06 6cf47bc1
[    1.593605] random 0022 0000 0000 fd637b06 6cf47bc1: add_timer_randomness(.. 8388864)
[    1.594394] random 0022 0000 0000 fd637b06 6cf47bc1: add_disk_randomness(8:0) fd637b06 6cf47bc1
[    1.594397] random 0022 0000 0000 fd637b06 6cf47bc1: add_timer_randomness(.. 8388864)
[    1.594413] random 0022 0000 0000 fd637b06 6cf47bc1: rand_read_num 12 get_random_bytes(16): sig fffffede fd637b06 6cf47bc1
[    1.594416] random 0022 0000 0000 fd637b06 6cf47bc1: extract_entropy(.. 16 ..)
[    1.594419] random 0022 0000 0000 fd637b06 6cf47bc1: going to reseed nonblocking with 128 bits (128 of 0 requested)
[    1.594422] random 0022 0000 0000 fd637b06 6cf47bc1: extract_entropy(.. 16 ..)
[    1.594425] random 0022 0000 0000 fd637b06 6cf47bc1: trying to extract 128 bits from input
[    1.594428] random 0022 0000 0000 fd637b06 6cf47bc1: debiting 0 entropy credits from input
[    1.594431] random 0022 0000 0000 fd637b06 6cf47bc1: trying to extract 128 bits from nonblocking
[    1.594434] random 0022 0000 0000 fd637b06 6cf47bc1: debiting 128 entropy credits from nonblocking (unlimited)
[    1.594751] random 0022 0000 0000 0ec1f012 d4727ca8: add_disk_randomness(8:0) 0ec1f012 d4727ca8
[    1.594754] random 0022 0000 0000 0ec1f012 d4727ca8: add_timer_randomness(.. 8388864)
[    1.613338] random 0022 0000 0000 0ec1f012 d4727ca8: add_disk_randomness(8:0) 0ec1f012 d4727ca8
[    1.613341] random 0022 0000 0000 0ec1f012 d4727ca8: add_timer_randomness(.. 8388864)
[    1.613344] random 0022 0000 0000 0ec1f012 d4727ca8: added 2 entropy credits to input
[    1.620573] random 0024 0000 0000 0ec1f012 d4727ca8: add_disk_randomness(8:0) 0ec1f012 d4727ca8
[    1.620576] random 0024 0000 0000 0ec1f012 d4727ca8: add_timer_randomness(.. 8388864)
[    1.620579] random 0024 0000 0000 0ec1f012 d4727ca8: added 1 entropy credits to input
[    1.620858] random 0025 0000 0000 0ec1f012 d4727ca8: add_disk_randomness(8:0) 0ec1f012 d4727ca8
[    1.620862] random 0025 0000 0000 0ec1f012 d4727ca8: add_timer_randomness(.. 8388864)
[    1.624565] random 0025 0000 0000 0ec1f012 d4727ca8: add_disk_randomness(8:0) 0ec1f012 d4727ca8
[    1.624568] random 0025 0000 0000 0ec1f012 d4727ca8: add_timer_randomness(.. 8388864)
[    1.632015] usb 7-2: new low speed USB device using uhci_hcd and address 2
[    1.640884] random 0025 0000 0000 0ec1f012 d4727ca8: add_disk_randomness(8:0) 0ec1f012 d4727ca8
[    1.640887] random 0025 0000 0000 0ec1f012 d4727ca8: add_timer_randomness(.. 8388864)
[    1.640890] random 0025 0000 0000 0ec1f012 d4727ca8: added 1 entropy credits to input
[    1.664981] random 0026 0000 0000 0ec1f012 d4727ca8: add_disk_randomness(8:0) 0ec1f012 d4727ca8
[    1.664984] random 0026 0000 0000 0ec1f012 d4727ca8: add_timer_randomness(.. 8388864)
[    1.665837] random 0026 0000 0000 0ec1f012 d4727ca8: add_disk_randomness(8:0) 0ec1f012 d4727ca8
[    1.665840] random 0026 0000 0000 0ec1f012 d4727ca8: add_timer_randomness(.. 8388864)
[    1.666033] random 0026 0000 0000 0ec1f012 d4727ca8: add_disk_randomness(8:0) 0ec1f012 d4727ca8
[    1.666037] random 0026 0000 0000 0ec1f012 d4727ca8: add_timer_randomness(.. 8388864)
[    1.673067] random 0026 0000 0000 0ec1f012 d4727ca8: add_disk_randomness(8:0) 0ec1f012 d4727ca8
[    1.673070] random 0026 0000 0000 0ec1f012 d4727ca8: add_timer_randomness(.. 8388864)
[    1.673074] random 0026 0000 0000 0ec1f012 d4727ca8: added 1 entropy credits to input
[    1.673333] random 0027 0000 0000 0ec1f012 d4727ca8: add_disk_randomness(8:0) 0ec1f012 d4727ca8
[    1.673336] random 0027 0000 0000 0ec1f012 d4727ca8: add_timer_randomness(.. 8388864)
[    1.682354] random 0027 0000 0000 0ec1f012 d4727ca8: add_disk_randomness(8:0) 0ec1f012 d4727ca8
[    1.682357] random 0027 0000 0000 0ec1f012 d4727ca8: add_timer_randomness(.. 8388864)
[    1.682361] random 0027 0000 0000 0ec1f012 d4727ca8: added 1 entropy credits to input
[    1.686012] random 0028 0000 0000 0ec1f012 d4727ca8: add_disk_randomness(8:0) 0ec1f012 d4727ca8
[    1.686015] random 0028 0000 0000 0ec1f012 d4727ca8: add_timer_randomness(.. 8388864)
[    1.686704] random 0028 0000 0000 0ec1f012 d4727ca8: add_disk_randomness(8:0) 0ec1f012 d4727ca8
[    1.686707] random 0028 0000 0000 0ec1f012 d4727ca8: add_timer_randomness(.. 8388864)
[    1.686897] random 0028 0000 0000 0ec1f012 d4727ca8: add_disk_randomness(8:0) 0ec1f012 d4727ca8
[    1.686900] random 0028 0000 0000 0ec1f012 d4727ca8: add_timer_randomness(.. 8388864)
[    1.687074] random 0028 0000 0000 0ec1f012 d4727ca8: add_disk_randomness(8:0) 0ec1f012 d4727ca8
[    1.687077] random 0028 0000 0000 0ec1f012 d4727ca8: add_timer_randomness(.. 8388864)
[    1.687236] random 0028 0000 0000 0ec1f012 d4727ca8: add_disk_randomness(8:0) 0ec1f012 d4727ca8
[    1.687240] random 0028 0000 0000 0ec1f012 d4727ca8: add_timer_randomness(.. 8388864)
[    1.694239] random 0028 0000 0000 0ec1f012 d4727ca8: add_disk_randomness(8:0) 0ec1f012 d4727ca8
[    1.694242] random 0028 0000 0000 0ec1f012 d4727ca8: add_timer_randomness(.. 8388864)
[    1.694245] random 0028 0000 0000 0ec1f012 d4727ca8: added 1 entropy credits to input
[    1.696420] random 0029 0000 0000 0ec1f012 d4727ca8: add_disk_randomness(8:0) 0ec1f012 d4727ca8
[    1.696424] random 0029 0000 0000 0ec1f012 d4727ca8: add_timer_randomness(.. 8388864)
[    1.703580] random 0029 0000 0000 0ec1f012 d4727ca8: add_disk_randomness(8:0) 0ec1f012 d4727ca8
[    1.703583] random 0029 0000 0000 0ec1f012 d4727ca8: add_timer_randomness(.. 8388864)
[    1.703840] random 0029 0000 0000 0ec1f012 d4727ca8: add_disk_randomness(8:0) 0ec1f012 d4727ca8
[    1.703843] random 0029 0000 0000 0ec1f012 d4727ca8: add_timer_randomness(.. 8388864)
[    1.712837] random 0029 0000 0000 0ec1f012 d4727ca8: add_disk_randomness(8:0) 0ec1f012 d4727ca8
[    1.712840] random 0029 0000 0000 0ec1f012 d4727ca8: add_timer_randomness(.. 8388864)
[    1.712844] random 0029 0000 0000 0ec1f012 d4727ca8: added 1 entropy credits to input
[    1.717565] random 0030 0000 0000 0ec1f012 d4727ca8: add_disk_randomness(8:0) 0ec1f012 d4727ca8
[    1.717568] random 0030 0000 0000 0ec1f012 d4727ca8: add_timer_randomness(.. 8388864)
[    1.723661] random 0030 0000 0000 0ec1f012 d4727ca8: add_disk_randomness(8:0) 0ec1f012 d4727ca8
[    1.723664] random 0030 0000 0000 0ec1f012 d4727ca8: add_timer_randomness(.. 8388864)
[    1.723895] random 0030 0000 0000 0ec1f012 d4727ca8: add_disk_randomness(8:0) 0ec1f012 d4727ca8
[    1.723898] random 0030 0000 0000 0ec1f012 d4727ca8: add_timer_randomness(.. 8388864)
[    1.724169] random 0030 0000 0000 0ec1f012 d4727ca8: add_disk_randomness(8:0) 0ec1f012 d4727ca8
[    1.724172] random 0030 0000 0000 0ec1f012 d4727ca8: add_timer_randomness(.. 8388864)
[    1.729087] random 0030 0000 0000 0ec1f012 d4727ca8: add_disk_randomness(8:0) 0ec1f012 d4727ca8
[    1.729090] random 0030 0000 0000 0ec1f012 d4727ca8: add_timer_randomness(.. 8388864)
[    1.734503] random 0030 0000 0000 0ec1f012 d4727ca8: add_disk_randomness(8:0) 0ec1f012 d4727ca8
[    1.734506] random 0030 0000 0000 0ec1f012 d4727ca8: add_timer_randomness(.. 8388864)
[    1.735181] random 0030 0000 0000 0ec1f012 d4727ca8: add_disk_randomness(8:0) 0ec1f012 d4727ca8
[    1.735184] random 0030 0000 0000 0ec1f012 d4727ca8: add_timer_randomness(.. 8388864)
[    1.740716] random 0030 0000 0000 0ec1f012 d4727ca8: add_disk_randomness(8:0) 0ec1f012 d4727ca8
[    1.740719] random 0030 0000 0000 0ec1f012 d4727ca8: add_timer_randomness(.. 8388864)
[    1.740722] random 0030 0000 0000 0ec1f012 d4727ca8: added 1 entropy credits to input
[    1.741405] random 0031 0000 0000 0ec1f012 d4727ca8: add_disk_randomness(8:0) 0ec1f012 d4727ca8
[    1.741408] random 0031 0000 0000 0ec1f012 d4727ca8: add_timer_randomness(.. 8388864)
[    1.741953] random 0031 0000 0000 0ec1f012 d4727ca8: add_disk_randomness(8:0) 0ec1f012 d4727ca8
[    1.741956] random 0031 0000 0000 0ec1f012 d4727ca8: add_timer_randomness(.. 8388864)
[    1.750145] random 0031 0000 0000 0ec1f012 d4727ca8: add_disk_randomness(8:0) 0ec1f012 d4727ca8
[    1.750148] random 0031 0000 0000 0ec1f012 d4727ca8: add_timer_randomness(.. 8388864)
[    1.750152] random 0031 0000 0000 0ec1f012 d4727ca8: added 1 entropy credits to input
[    1.750534] random 0032 0000 0000 0ec1f012 d4727ca8: add_disk_randomness(8:0) 0ec1f012 d4727ca8
[    1.750538] random 0032 0000 0000 0ec1f012 d4727ca8: add_timer_randomness(.. 8388864)
[    1.751112] random 0032 0000 0000 0ec1f012 d4727ca8: add_disk_randomness(8:0) 0ec1f012 d4727ca8
[    1.751115] random 0032 0000 0000 0ec1f012 d4727ca8: add_timer_randomness(.. 8388864)
[    1.767887] random 0032 0000 0000 0ec1f012 d4727ca8: add_disk_randomness(8:0) 0ec1f012 d4727ca8
[    1.767890] random 0032 0000 0000 0ec1f012 d4727ca8: add_timer_randomness(.. 8388864)
[    1.767893] random 0032 0000 0000 0ec1f012 d4727ca8: added 2 entropy credits to input
[    1.788181] random 0034 0000 0000 0ec1f012 d4727ca8: add_disk_randomness(8:0) 0ec1f012 d4727ca8
[    1.788184] random 0034 0000 0000 0ec1f012 d4727ca8: add_timer_randomness(.. 8388864)
[    1.788187] random 0034 0000 0000 0ec1f012 d4727ca8: added 1 entropy credits to input
[    1.810682] random 0035 0000 0000 0ec1f012 d4727ca8: add_disk_randomness(8:0) 0ec1f012 d4727ca8
[    1.810686] random 0035 0000 0000 0ec1f012 d4727ca8: add_timer_randomness(.. 8388864)
[    1.810918] random 0035 0000 0000 0ec1f012 d4727ca8: add_disk_randomness(8:0) 0ec1f012 d4727ca8
[    1.810921] random 0035 0000 0000 0ec1f012 d4727ca8: add_timer_randomness(.. 8388864)
[    1.812403] usb 7-2: configuration #1 chosen from 1 choice
[    1.829544] random 0035 0000 0000 0ec1f012 d4727ca8: add_disk_randomness(8:0) 0ec1f012 d4727ca8
[    1.829547] random 0035 0000 0000 0ec1f012 d4727ca8: add_timer_randomness(.. 8388864)
[    1.829550] random 0035 0000 0000 0ec1f012 d4727ca8: added 2 entropy credits to input
[    1.840190] random 0037 0000 0000 0ec1f012 d4727ca8: add_disk_randomness(8:0) 0ec1f012 d4727ca8
[    1.840193] random 0037 0000 0000 0ec1f012 d4727ca8: add_timer_randomness(.. 8388864)
[    1.840196] random 0037 0000 0000 0ec1f012 d4727ca8: added 1 entropy credits to input
[    1.844155] random 0038 0000 0000 0ec1f012 d4727ca8: add_disk_randomness(8:0) 0ec1f012 d4727ca8
[    1.844158] random 0038 0000 0000 0ec1f012 d4727ca8: add_timer_randomness(.. 8388864)
[    1.850239] random 0038 0000 0000 0ec1f012 d4727ca8: add_disk_randomness(8:0) 0ec1f012 d4727ca8
[    1.850242] random 0038 0000 0000 0ec1f012 d4727ca8: add_timer_randomness(.. 8388864)
[    1.859519] random 0038 0000 0000 0ec1f012 d4727ca8: add_disk_randomness(8:0) 0ec1f012 d4727ca8
[    1.859522] random 0038 0000 0000 0ec1f012 d4727ca8: add_timer_randomness(.. 8388864)
[    1.859751] random 0038 0000 0000 0ec1f012 d4727ca8: add_disk_randomness(8:0) 0ec1f012 d4727ca8
[    1.859755] random 0038 0000 0000 0ec1f012 d4727ca8: add_timer_randomness(.. 8388864)
[    1.865448] random 0038 0000 0000 0ec1f012 d4727ca8: add_disk_randomness(8:0) 0ec1f012 d4727ca8
[    1.865451] random 0038 0000 0000 0ec1f012 d4727ca8: add_timer_randomness(.. 8388864)
[    1.865455] random 0038 0000 0000 0ec1f012 d4727ca8: added 1 entropy credits to input
[    1.865696] random 0039 0000 0000 0ec1f012 d4727ca8: add_disk_randomness(8:0) 0ec1f012 d4727ca8
[    1.865699] random 0039 0000 0000 0ec1f012 d4727ca8: add_timer_randomness(.. 8388864)
[    1.868098] random 0039 0000 0000 0ec1f012 d4727ca8: add_disk_randomness(8:0) 0ec1f012 d4727ca8
[    1.868101] random 0039 0000 0000 0ec1f012 d4727ca8: add_timer_randomness(.. 8388864)
[    1.868325] random 0039 0000 0000 0ec1f012 d4727ca8: add_disk_randomness(8:0) 0ec1f012 d4727ca8
[    1.868328] random 0039 0000 0000 0ec1f012 d4727ca8: add_timer_randomness(.. 8388864)
[    1.868978] random 0039 0000 0000 0ec1f012 d4727ca8: add_disk_randomness(8:0) 0ec1f012 d4727ca8
[    1.868981] random 0039 0000 0000 0ec1f012 d4727ca8: add_timer_randomness(.. 8388864)
[    1.869204] random 0039 0000 0000 0ec1f012 d4727ca8: add_disk_randomness(8:0) 0ec1f012 d4727ca8
[    1.869207] random 0039 0000 0000 0ec1f012 d4727ca8: add_timer_randomness(.. 8388864)
[    1.873996] random 0039 0000 0000 0ec1f012 d4727ca8: add_disk_randomness(8:0) 0ec1f012 d4727ca8
[    1.873999] random 0039 0000 0000 0ec1f012 d4727ca8: add_timer_randomness(.. 8388864)
[    1.881806] random 0039 0000 0000 0ec1f012 d4727ca8: add_disk_randomness(8:0) 0ec1f012 d4727ca8
[    1.881809] random 0039 0000 0000 0ec1f012 d4727ca8: add_timer_randomness(.. 8388864)
[    1.882067] random 0039 0000 0000 0ec1f012 d4727ca8: add_disk_randomness(8:0) 0ec1f012 d4727ca8
[    1.882071] random 0039 0000 0000 0ec1f012 d4727ca8: add_timer_randomness(.. 8388864)
[    1.882310] random 0039 0000 0000 0ec1f012 d4727ca8: add_disk_randomness(8:0) 0ec1f012 d4727ca8
[    1.882313] random 0039 0000 0000 0ec1f012 d4727ca8: add_timer_randomness(.. 8388864)
[    1.882567] random 0039 0000 0000 0ec1f012 d4727ca8: add_disk_randomness(8:0) 0ec1f012 d4727ca8
[    1.882570] random 0039 0000 0000 0ec1f012 d4727ca8: add_timer_randomness(.. 8388864)
[    1.882872] random 0039 0000 0000 0ec1f012 d4727ca8: add_disk_randomness(8:0) 0ec1f012 d4727ca8
[    1.882876] random 0039 0000 0000 0ec1f012 d4727ca8: add_timer_randomness(.. 8388864)
[    1.883423] random 0039 0000 0000 0ec1f012 d4727ca8: add_disk_randomness(8:0) 0ec1f012 d4727ca8
[    1.883427] random 0039 0000 0000 0ec1f012 d4727ca8: add_timer_randomness(.. 8388864)
[    1.883688] random 0039 0000 0000 0ec1f012 d4727ca8: add_disk_randomness(8:0) 0ec1f012 d4727ca8
[    1.883691] random 0039 0000 0000 0ec1f012 d4727ca8: add_timer_randomness(.. 8388864)
[    1.883926] random 0039 0000 0000 0ec1f012 d4727ca8: add_disk_randomness(8:0) 0ec1f012 d4727ca8
[    1.883929] random 0039 0000 0000 0ec1f012 d4727ca8: add_timer_randomness(.. 8388864)
[    1.889289] random 0039 0000 0000 0ec1f012 d4727ca8: add_disk_randomness(8:0) 0ec1f012 d4727ca8
[    1.889292] random 0039 0000 0000 0ec1f012 d4727ca8: add_timer_randomness(.. 8388864)
[    1.889295] random 0039 0000 0000 0ec1f012 d4727ca8: added 1 entropy credits to input
[    1.889606] random 0040 0000 0000 0ec1f012 d4727ca8: add_disk_randomness(8:0) 0ec1f012 d4727ca8
[    1.889609] random 0040 0000 0000 0ec1f012 d4727ca8: add_timer_randomness(.. 8388864)
[    1.894692] random 0040 0000 0000 0ec1f012 d4727ca8: add_disk_randomness(8:0) 0ec1f012 d4727ca8
[    1.894695] random 0040 0000 0000 0ec1f012 d4727ca8: add_timer_randomness(.. 8388864)
[    1.894925] random 0040 0000 0000 0ec1f012 d4727ca8: add_disk_randomness(8:0) 0ec1f012 d4727ca8
[    1.894928] random 0040 0000 0000 0ec1f012 d4727ca8: add_timer_randomness(.. 8388864)
[    1.895144] random 0040 0000 0000 0ec1f012 d4727ca8: add_disk_randomness(8:0) 0ec1f012 d4727ca8
[    1.895147] random 0040 0000 0000 0ec1f012 d4727ca8: add_timer_randomness(.. 8388864)
[    1.895409] random 0040 0000 0000 0ec1f012 d4727ca8: add_disk_randomness(8:0) 0ec1f012 d4727ca8
[    1.895412] random 0040 0000 0000 0ec1f012 d4727ca8: add_timer_randomness(.. 8388864)
[    1.895711] random 0040 0000 0000 0ec1f012 d4727ca8: add_disk_randomness(8:0) 0ec1f012 d4727ca8
[    1.895715] random 0040 0000 0000 0ec1f012 d4727ca8: add_timer_randomness(.. 8388864)
[    1.896020] random 0040 0000 0000 0ec1f012 d4727ca8: add_disk_randomness(8:0) 0ec1f012 d4727ca8
[    1.896023] random 0040 0000 0000 0ec1f012 d4727ca8: add_timer_randomness(.. 8388864)
[    1.896252] random 0040 0000 0000 0ec1f012 d4727ca8: add_disk_randomness(8:0) 0ec1f012 d4727ca8
[    1.896255] random 0040 0000 0000 0ec1f012 d4727ca8: add_timer_randomness(.. 8388864)
[    1.896529] random 0040 0000 0000 0ec1f012 d4727ca8: add_disk_randomness(8:0) 0ec1f012 d4727ca8
[    1.896532] random 0040 0000 0000 0ec1f012 d4727ca8: add_timer_randomness(.. 8388864)
[    1.896774] random 0040 0000 0000 0ec1f012 d4727ca8: add_disk_randomness(8:0) 0ec1f012 d4727ca8
[    1.896777] random 0040 0000 0000 0ec1f012 d4727ca8: add_timer_randomness(.. 8388864)
[    1.897010] random 0040 0000 0000 0ec1f012 d4727ca8: add_disk_randomness(8:0) 0ec1f012 d4727ca8
[    1.897013] random 0040 0000 0000 0ec1f012 d4727ca8: add_timer_randomness(.. 8388864)
[    1.897228] random 0040 0000 0000 0ec1f012 d4727ca8: add_disk_randomness(8:0) 0ec1f012 d4727ca8
[    1.897231] random 0040 0000 0000 0ec1f012 d4727ca8: add_timer_randomness(.. 8388864)
[    1.897460] random 0040 0000 0000 0ec1f012 d4727ca8: add_disk_randomness(8:0) 0ec1f012 d4727ca8
[    1.897462] random 0040 0000 0000 0ec1f012 d4727ca8: add_timer_randomness(.. 8388864)
[    1.897674] random 0040 0000 0000 0ec1f012 d4727ca8: add_disk_randomness(8:0) 0ec1f012 d4727ca8
[    1.897677] random 0040 0000 0000 0ec1f012 d4727ca8: add_timer_randomness(.. 8388864)
[    1.897908] random 0040 0000 0000 0ec1f012 d4727ca8: add_disk_randomness(8:0) 0ec1f012 d4727ca8
[    1.897911] random 0040 0000 0000 0ec1f012 d4727ca8: add_timer_randomness(.. 8388864)
[    1.898125] random 0040 0000 0000 0ec1f012 d4727ca8: add_disk_randomness(8:0) 0ec1f012 d4727ca8
[    1.898128] random 0040 0000 0000 0ec1f012 d4727ca8: add_timer_randomness(.. 8388864)
[    1.898346] random 0040 0000 0000 0ec1f012 d4727ca8: add_disk_randomness(8:0) 0ec1f012 d4727ca8
[    1.898349] random 0040 0000 0000 0ec1f012 d4727ca8: add_timer_randomness(.. 8388864)
[    1.898545] random 0040 0000 0000 0ec1f012 d4727ca8: add_disk_randomness(8:0) 0ec1f012 d4727ca8
[    1.898549] random 0040 0000 0000 0ec1f012 d4727ca8: add_timer_randomness(.. 8388864)
[    1.898759] random 0040 0000 0000 0ec1f012 d4727ca8: add_disk_randomness(8:0) 0ec1f012 d4727ca8
[    1.898762] random 0040 0000 0000 0ec1f012 d4727ca8: add_timer_randomness(.. 8388864)
[    1.898977] random 0040 0000 0000 0ec1f012 d4727ca8: add_disk_randomness(8:0) 0ec1f012 d4727ca8
[    1.898980] random 0040 0000 0000 0ec1f012 d4727ca8: add_timer_randomness(.. 8388864)
[    1.899209] random 0040 0000 0000 0ec1f012 d4727ca8: add_disk_randomness(8:0) 0ec1f012 d4727ca8
[    1.899212] random 0040 0000 0000 0ec1f012 d4727ca8: add_timer_randomness(.. 8388864)
[    1.899430] random 0040 0000 0000 0ec1f012 d4727ca8: add_disk_randomness(8:0) 0ec1f012 d4727ca8
[    1.899434] random 0040 0000 0000 0ec1f012 d4727ca8: add_timer_randomness(.. 8388864)
[    1.899662] random 0040 0000 0000 0ec1f012 d4727ca8: add_disk_randomness(8:0) 0ec1f012 d4727ca8
[    1.899665] random 0040 0000 0000 0ec1f012 d4727ca8: add_timer_randomness(.. 8388864)
[    1.902587] random 0040 0000 0000 0ec1f012 d4727ca8: add_disk_randomness(8:0) 0ec1f012 d4727ca8
[    1.902590] random 0040 0000 0000 0ec1f012 d4727ca8: add_timer_randomness(.. 8388864)
[    1.902866] random 0040 0000 0000 0ec1f012 d4727ca8: add_disk_randomness(8:0) 0ec1f012 d4727ca8
[    1.902869] random 0040 0000 0000 0ec1f012 d4727ca8: add_timer_randomness(.. 8388864)
[    1.903111] random 0040 0000 0000 0ec1f012 d4727ca8: add_disk_randomness(8:0) 0ec1f012 d4727ca8
[    1.903114] random 0040 0000 0000 0ec1f012 d4727ca8: add_timer_randomness(.. 8388864)
[    1.903353] random 0040 0000 0000 0ec1f012 d4727ca8: add_disk_randomness(8:0) 0ec1f012 d4727ca8
[    1.903356] random 0040 0000 0000 0ec1f012 d4727ca8: add_timer_randomness(.. 8388864)
[    1.903525] random 0040 0000 0000 0ec1f012 d4727ca8: rand_read_num 13 urandom_read(12): sig fffffcf5 0ec1f012 d4727ca8 pid=1
[    1.903527] random 0040 0000 0000 0ec1f012 d4727ca8: extract_entropy_user(12)
[    1.903531] random 0040 0000 0000 0ec1f012 d4727ca8: going to reseed nonblocking with 96 bits (96 of 0 requested)
[    1.903533] random 0040 0000 0000 0ec1f012 d4727ca8: extract_entropy(.. 12 ..)
[    1.903535] random 0040 0000 0000 0ec1f012 d4727ca8: trying to extract 96 bits from input
[    1.903538] random 0040 0000 0000 0ec1f012 d4727ca8: debiting 0 entropy credits from input
[    1.903540] random 0040 0000 0000 0ec1f012 d4727ca8: trying to extract 96 bits from nonblocking
[    1.903543] random 0040 0000 0000 0ec1f012 d4727ca8: debiting 96 entropy credits from nonblocking (unlimited)
[    1.903545] random 0040 0000 0000 0ec1f012 d4727ca8:   got 12 bytes
[    1.915575] random 0040 0000 0000 45b1d0b1 845a73f7: add_disk_randomness(8:0) 45b1d0b1 845a73f7
[    1.915578] random 0040 0000 0000 45b1d0b1 845a73f7: add_timer_randomness(.. 8388864)
[    1.915582] random 0040 0000 0000 45b1d0b1 845a73f7: added 1 entropy credits to input
[    1.918901] random 0041 0000 0000 45b1d0b1 845a73f7: add_disk_randomness(8:0) 45b1d0b1 845a73f7
[    1.918904] random 0041 0000 0000 45b1d0b1 845a73f7: add_timer_randomness(.. 8388864)
[    1.919115] random 0041 0000 0000 45b1d0b1 845a73f7: add_disk_randomness(8:0) 45b1d0b1 845a73f7
[    1.919118] random 0041 0000 0000 45b1d0b1 845a73f7: add_timer_randomness(.. 8388864)
[    1.940423] random 0041 0000 0000 45b1d0b1 845a73f7: add_disk_randomness(8:0) 45b1d0b1 845a73f7
[    1.940426] random 0041 0000 0000 45b1d0b1 845a73f7: add_timer_randomness(.. 8388864)
[    1.940429] random 0041 0000 0000 45b1d0b1 845a73f7: added 2 entropy credits to input
[    1.945983] random 0043 0000 0000 45b1d0b1 845a73f7: add_disk_randomness(8:0) 45b1d0b1 845a73f7
[    1.945986] random 0043 0000 0000 45b1d0b1 845a73f7: add_timer_randomness(.. 8388864)
[    1.951219] random 0043 0000 0000 45b1d0b1 845a73f7: add_disk_randomness(8:0) 45b1d0b1 845a73f7
[    1.951221] random 0043 0000 0000 45b1d0b1 845a73f7: add_timer_randomness(.. 8388864)
[    1.967887] random 0043 0000 0000 45b1d0b1 845a73f7: add_disk_randomness(8:0) 45b1d0b1 845a73f7
[    1.967890] random 0043 0000 0000 45b1d0b1 845a73f7: add_timer_randomness(.. 8388864)
[    1.967893] random 0043 0000 0000 45b1d0b1 845a73f7: added 1 entropy credits to input
[    1.970283] random 0044 0000 0000 45b1d0b1 845a73f7: add_disk_randomness(8:0) 45b1d0b1 845a73f7
[    1.970286] random 0044 0000 0000 45b1d0b1 845a73f7: add_timer_randomness(.. 8388864)
[    1.970472] random 0044 0000 0000 45b1d0b1 845a73f7: add_disk_randomness(8:0) 45b1d0b1 845a73f7
[    1.970475] random 0044 0000 0000 45b1d0b1 845a73f7: add_timer_randomness(.. 8388864)
[    1.970659] random 0044 0000 0000 45b1d0b1 845a73f7: add_disk_randomness(8:0) 45b1d0b1 845a73f7
[    1.970661] random 0044 0000 0000 45b1d0b1 845a73f7: add_timer_randomness(.. 8388864)
[    1.970813] random 0044 0000 0000 45b1d0b1 845a73f7: add_disk_randomness(8:0) 45b1d0b1 845a73f7
[    1.970816] random 0044 0000 0000 45b1d0b1 845a73f7: add_timer_randomness(.. 8388864)
[    1.970995] random 0044 0000 0000 45b1d0b1 845a73f7: add_disk_randomness(8:0) 45b1d0b1 845a73f7
[    1.970998] random 0044 0000 0000 45b1d0b1 845a73f7: add_timer_randomness(.. 8388864)
[    1.984651] random 0044 0000 0000 45b1d0b1 845a73f7: add_disk_randomness(8:0) 45b1d0b1 845a73f7
[    1.984654] random 0044 0000 0000 45b1d0b1 845a73f7: add_timer_randomness(.. 8388864)
[    1.984658] random 0044 0000 0000 45b1d0b1 845a73f7: added 2 entropy credits to input
[    1.989219] random 0046 0000 0000 45b1d0b1 845a73f7: add_disk_randomness(8:0) 45b1d0b1 845a73f7
[    1.989222] random 0046 0000 0000 45b1d0b1 845a73f7: add_timer_randomness(.. 8388864)
[    2.003609] random 0046 0000 0000 45b1d0b1 845a73f7: add_disk_randomness(8:0) 45b1d0b1 845a73f7
[    2.003612] random 0046 0000 0000 45b1d0b1 845a73f7: add_timer_randomness(.. 8388864)
[    2.003615] random 0046 0000 0000 45b1d0b1 845a73f7: added 1 entropy credits to input
[    2.003635] Loading Elf Binary for pid: 46 comm: init
[    2.003874] random 0047 0000 0000 45b1d0b1 845a73f7: rand_read_num 14 get_random_bytes(16): sig fffffc05 45b1d0b1 845a73f7
[    2.003877] random 0047 0000 0000 45b1d0b1 845a73f7: extract_entropy(.. 16 ..)
[    2.003880] random 0047 0000 0000 45b1d0b1 845a73f7: going to reseed nonblocking with 128 bits (128 of 0 requested)
[    2.003882] random 0047 0000 0000 45b1d0b1 845a73f7: extract_entropy(.. 16 ..)
[    2.003885] random 0047 0000 0000 45b1d0b1 845a73f7: trying to extract 128 bits from input
[    2.003887] random 0047 0000 0000 45b1d0b1 845a73f7: debiting 0 entropy credits from input
[    2.003889] random 0047 0000 0000 45b1d0b1 845a73f7: trying to extract 128 bits from nonblocking
[    2.003892] random 0047 0000 0000 45b1d0b1 845a73f7: debiting 128 entropy credits from nonblocking (unlimited)
[    2.025078] random 0047 0000 0000 5012cce3 b8a30621: add_disk_randomness(8:0) 5012cce3 b8a30621
[    2.025081] random 0047 0000 0000 5012cce3 b8a30621: add_timer_randomness(.. 8388864)
[    2.025999] random 0047 0000 0000 5012cce3 b8a30621: add_disk_randomness(8:0) 5012cce3 b8a30621
[    2.026002] random 0047 0000 0000 5012cce3 b8a30621: add_timer_randomness(.. 8388864)
[    2.026435] random 0047 0000 0000 5012cce3 b8a30621: add_disk_randomness(8:0) 5012cce3 b8a30621
[    2.026438] random 0047 0000 0000 5012cce3 b8a30621: add_timer_randomness(.. 8388864)
[    2.043665] random 0047 0000 0000 5012cce3 b8a30621: add_disk_randomness(8:0) 5012cce3 b8a30621
[    2.043668] random 0047 0000 0000 5012cce3 b8a30621: add_timer_randomness(.. 8388864)
[    2.043672] random 0047 0000 0000 5012cce3 b8a30621: added 2 entropy credits to input
[    2.043688] Loading Elf Binary for pid: 47 comm: init
[    2.044060] Loading Elf Binary for pid: 48 comm: init
[    2.044404] random 0049 0000 0000 5012cce3 b8a30621: add_disk_randomness(8:0) 5012cce3 b8a30621
[    2.044408] random 0049 0000 0000 5012cce3 b8a30621: add_timer_randomness(.. 8388864)
[    2.044437] random 0049 0000 0000 5012cce3 b8a30621: rand_read_num 15 get_random_bytes(16): sig fffffb9d 5012cce3 b8a30621
[    2.044440] random 0049 0000 0000 5012cce3 b8a30621: extract_entropy(.. 16 ..)
[    2.044444] random 0049 0000 0000 5012cce3 b8a30621: going to reseed nonblocking with 128 bits (128 of 0 requested)
[    2.044447] random 0049 0000 0000 5012cce3 b8a30621: extract_entropy(.. 16 ..)
[    2.044449] random 0049 0000 0000 5012cce3 b8a30621: trying to extract 128 bits from input
[    2.044452] random 0049 0000 0000 5012cce3 b8a30621: debiting 0 entropy credits from input
[    2.044455] random 0049 0000 0000 5012cce3 b8a30621: trying to extract 128 bits from nonblocking
[    2.044458] random 0049 0000 0000 5012cce3 b8a30621: debiting 128 entropy credits from nonblocking (unlimited)
[    2.044504] random 0049 0000 0000 89bae1ab 704c432f: rand_read_num 16 get_random_bytes(16): sig 0000006e 89bae1ab 704c432f
[    2.044508] random 0049 0000 0000 89bae1ab 704c432f: extract_entropy(.. 16 ..)
[    2.044511] random 0049 0000 0000 89bae1ab 704c432f: going to reseed nonblocking with 128 bits (128 of 0 requested)
[    2.044514] random 0049 0000 0000 89bae1ab 704c432f: extract_entropy(.. 16 ..)
[    2.044516] random 0049 0000 0000 89bae1ab 704c432f: trying to extract 128 bits from input
[    2.044519] random 0049 0000 0000 89bae1ab 704c432f: debiting 0 entropy credits from input
[    2.044522] random 0049 0000 0000 89bae1ab 704c432f: trying to extract 128 bits from nonblocking
[    2.044525] random 0049 0000 0000 89bae1ab 704c432f: debiting 128 entropy credits from nonblocking (unlimited)
[    2.065437] random 0049 0000 0000 6c298a02 2b1539f8: add_disk_randomness(8:0) 6c298a02 2b1539f8
[    2.065440] random 0049 0000 0000 6c298a02 2b1539f8: add_timer_randomness(.. 8388864)
[    2.065443] random 0049 0000 0000 6c298a02 2b1539f8: added 2 entropy credits to input
[    2.065463] Loading Elf Binary for pid: 49 comm: init
[    2.069017] random 0051 0000 0000 6c298a02 2b1539f8: add_disk_randomness(8:0) 6c298a02 2b1539f8
[    2.069021] random 0051 0000 0000 6c298a02 2b1539f8: add_timer_randomness(.. 8388864)
[    2.069084] Loading Elf Binary for pid: 47 comm: sh
[    2.069184] random 0051 0000 0000 6c298a02 2b1539f8: add_disk_randomness(8:0) 6c298a02 2b1539f8
[    2.069187] random 0051 0000 0000 6c298a02 2b1539f8: add_timer_randomness(.. 8388864)
[    2.092314] random 0051 0000 0000 6c298a02 2b1539f8: add_disk_randomness(8:0) 6c298a02 2b1539f8
[    2.092317] random 0051 0000 0000 6c298a02 2b1539f8: add_timer_randomness(.. 8388864)
[    2.092320] random 0051 0000 0000 6c298a02 2b1539f8: added 2 entropy credits to input
[    2.112728] random 0053 0000 0000 6c298a02 2b1539f8: add_disk_randomness(8:0) 6c298a02 2b1539f8
[    2.112731] random 0053 0000 0000 6c298a02 2b1539f8: add_timer_randomness(.. 8388864)
[    2.126579] random 0053 0000 0000 6c298a02 2b1539f8: add_disk_randomness(8:0) 6c298a02 2b1539f8
[    2.126582] random 0053 0000 0000 6c298a02 2b1539f8: add_timer_randomness(.. 8388864)
[    2.126600] Loading Elf Binary for pid: 48 comm: sh
[    2.126972] random 0053 0000 0000 6c298a02 2b1539f8: add_disk_randomness(8:0) 6c298a02 2b1539f8
[    2.126975] random 0053 0000 0000 6c298a02 2b1539f8: add_timer_randomness(.. 8388864)
[    2.127004] random 0053 0000 0000 6c298a02 2b1539f8: rand_read_num 17 get_random_bytes(16): sig 00000124 6c298a02 2b1539f8
[    2.127008] random 0053 0000 0000 6c298a02 2b1539f8: extract_entropy(.. 16 ..)
[    2.127011] random 0053 0000 0000 6c298a02 2b1539f8: going to reseed nonblocking with 128 bits (128 of 0 requested)
[    2.127014] random 0053 0000 0000 6c298a02 2b1539f8: extract_entropy(.. 16 ..)
[    2.127016] random 0053 0000 0000 6c298a02 2b1539f8: trying to extract 128 bits from input
[    2.127019] random 0053 0000 0000 6c298a02 2b1539f8: debiting 0 entropy credits from input
[    2.127022] random 0053 0000 0000 6c298a02 2b1539f8: trying to extract 128 bits from nonblocking
[    2.127025] random 0053 0000 0000 6c298a02 2b1539f8: debiting 128 entropy credits from nonblocking (unlimited)
[    2.127491] random 0053 0000 0000 c77b8b35 70f6cab5: add_disk_randomness(8:0) c77b8b35 70f6cab5
[    2.127494] random 0053 0000 0000 c77b8b35 70f6cab5: add_timer_randomness(.. 8388864)
[    2.127829] random 0053 0000 0000 c77b8b35 70f6cab5: add_disk_randomness(8:0) c77b8b35 70f6cab5
[    2.127832] random 0053 0000 0000 c77b8b35 70f6cab5: add_timer_randomness(.. 8388864)
[    2.128116] random 0053 0000 0000 c77b8b35 70f6cab5: add_disk_randomness(8:0) c77b8b35 70f6cab5
[    2.128119] random 0053 0000 0000 c77b8b35 70f6cab5: add_timer_randomness(.. 8388864)
[    2.128147] random 0053 0000 0000 c77b8b35 70f6cab5: rand_read_num 18 get_random_bytes(16): sig ffffff1c c77b8b35 70f6cab5
[    2.128151] random 0053 0000 0000 c77b8b35 70f6cab5: extract_entropy(.. 16 ..)
[    2.128154] random 0053 0000 0000 c77b8b35 70f6cab5: going to reseed nonblocking with 128 bits (128 of 0 requested)
[    2.128157] random 0053 0000 0000 c77b8b35 70f6cab5: extract_entropy(.. 16 ..)
[    2.128160] random 0053 0000 0000 c77b8b35 70f6cab5: trying to extract 128 bits from input
[    2.128163] random 0053 0000 0000 c77b8b35 70f6cab5: debiting 0 entropy credits from input
[    2.128166] random 0053 0000 0000 c77b8b35 70f6cab5: trying to extract 128 bits from nonblocking
[    2.128169] random 0053 0000 0000 c77b8b35 70f6cab5: debiting 128 entropy credits from nonblocking (unlimited)
[    2.134119] random 0053 0000 0000 af21d212 57d20ca3: add_disk_randomness(8:0) af21d212 57d20ca3
[    2.134122] random 0053 0000 0000 af21d212 57d20ca3: add_timer_randomness(.. 8388864)
[    2.135446] random 0053 0000 0000 af21d212 57d20ca3: add_disk_randomness(8:0) af21d212 57d20ca3
[    2.135448] random 0053 0000 0000 af21d212 57d20ca3: add_timer_randomness(.. 8388864)
[    2.135737] random 0053 0000 0000 af21d212 57d20ca3: add_disk_randomness(8:0) af21d212 57d20ca3
[    2.135740] random 0053 0000 0000 af21d212 57d20ca3: add_timer_randomness(.. 8388864)
[    2.135937] random 0053 0000 0000 af21d212 57d20ca3: add_disk_randomness(8:0) af21d212 57d20ca3
[    2.135940] random 0053 0000 0000 af21d212 57d20ca3: add_timer_randomness(.. 8388864)
[    2.136436] random 0053 0000 0000 af21d212 57d20ca3: add_disk_randomness(8:0) af21d212 57d20ca3
[    2.136439] random 0053 0000 0000 af21d212 57d20ca3: add_timer_randomness(.. 8388864)
[    2.136934] random 0053 0000 0000 af21d212 57d20ca3: add_disk_randomness(8:0) af21d212 57d20ca3
[    2.136937] random 0053 0000 0000 af21d212 57d20ca3: add_timer_randomness(.. 8388864)
[    2.144990] random 0053 0000 0000 af21d212 57d20ca3: add_disk_randomness(8:0) af21d212 57d20ca3
[    2.144994] random 0053 0000 0000 af21d212 57d20ca3: add_timer_randomness(.. 8388864)
[    2.144997] random 0053 0000 0000 af21d212 57d20ca3: added 1 entropy credits to input
[    2.145227] random 0054 0000 0000 af21d212 57d20ca3: add_disk_randomness(8:0) af21d212 57d20ca3
[    2.145230] random 0054 0000 0000 af21d212 57d20ca3: add_timer_randomness(.. 8388864)
[    2.145858] random 0054 0000 0000 af21d212 57d20ca3: add_disk_randomness(8:0) af21d212 57d20ca3
[    2.145862] random 0054 0000 0000 af21d212 57d20ca3: add_timer_randomness(.. 8388864)
[    2.166747] random 0054 0000 0000 af21d212 57d20ca3: add_disk_randomness(8:0) af21d212 57d20ca3
[    2.166750] random 0054 0000 0000 af21d212 57d20ca3: add_timer_randomness(.. 8388864)
[    2.166754] random 0054 0000 0000 af21d212 57d20ca3: added 2 entropy credits to input
[    2.166936] random 0056 0000 0000 af21d212 57d20ca3: add_disk_randomness(8:0) af21d212 57d20ca3
[    2.166939] random 0056 0000 0000 af21d212 57d20ca3: add_timer_randomness(.. 8388864)
[    2.167904] random 0056 0000 0000 af21d212 57d20ca3: add_disk_randomness(8:0) af21d212 57d20ca3
[    2.167907] random 0056 0000 0000 af21d212 57d20ca3: add_timer_randomness(.. 8388864)
[    2.171876] random 0056 0000 0000 af21d212 57d20ca3: add_disk_randomness(8:0) af21d212 57d20ca3
[    2.171879] random 0056 0000 0000 af21d212 57d20ca3: add_timer_randomness(.. 8388864)
[    2.202918] random 0056 0000 0000 af21d212 57d20ca3: add_disk_randomness(8:0) af21d212 57d20ca3
[    2.202921] random 0056 0000 0000 af21d212 57d20ca3: add_timer_randomness(.. 8388864)
[    2.202925] random 0056 0000 0000 af21d212 57d20ca3: added 2 entropy credits to input
[    2.202956] random 0058 0000 0000 af21d212 57d20ca3: rand_read_num 19 get_random_bytes(16): sig fffffe1d af21d212 57d20ca3
[    2.202959] random 0058 0000 0000 af21d212 57d20ca3: extract_entropy(.. 16 ..)
[    2.202963] random 0058 0000 0000 af21d212 57d20ca3: going to reseed nonblocking with 128 bits (128 of 0 requested)
[    2.202966] random 0058 0000 0000 af21d212 57d20ca3: extract_entropy(.. 16 ..)
[    2.202968] random 0058 0000 0000 af21d212 57d20ca3: trying to extract 128 bits from input
[    2.202971] random 0058 0000 0000 af21d212 57d20ca3: debiting 0 entropy credits from input
[    2.202974] random 0058 0000 0000 af21d212 57d20ca3: trying to extract 128 bits from nonblocking
[    2.202977] random 0058 0000 0000 af21d212 57d20ca3: debiting 128 entropy credits from nonblocking (unlimited)
[    2.215155] random 0058 0000 0000 151530a2 56c65dd3: add_disk_randomness(8:0) 151530a2 56c65dd3
[    2.215159] random 0058 0000 0000 151530a2 56c65dd3: add_timer_randomness(.. 8388864)
[    2.215162] random 0058 0000 0000 151530a2 56c65dd3: added 1 entropy credits to input
[    2.216042] random 0059 0000 0000 151530a2 56c65dd3: add_disk_randomness(8:0) 151530a2 56c65dd3
[    2.216045] random 0059 0000 0000 151530a2 56c65dd3: add_timer_randomness(.. 8388864)
[    2.219652] random 0059 0000 0000 151530a2 56c65dd3: add_disk_randomness(8:0) 151530a2 56c65dd3
[    2.219655] random 0059 0000 0000 151530a2 56c65dd3: add_timer_randomness(.. 8388864)
[    2.220317] random 0059 0000 0000 151530a2 56c65dd3: add_disk_randomness(8:0) 151530a2 56c65dd3
[    2.220320] random 0059 0000 0000 151530a2 56c65dd3: add_timer_randomness(.. 8388864)
[    2.225988] random 0059 0000 0000 151530a2 56c65dd3: add_disk_randomness(8:0) 151530a2 56c65dd3
[    2.225991] random 0059 0000 0000 151530a2 56c65dd3: add_timer_randomness(.. 8388864)
[    2.227816] random 0059 0000 0000 151530a2 56c65dd3: add_disk_randomness(8:0) 151530a2 56c65dd3
[    2.227819] random 0059 0000 0000 151530a2 56c65dd3: add_timer_randomness(.. 8388864)
[    2.228080] random 0059 0000 0000 151530a2 56c65dd3: add_disk_randomness(8:0) 151530a2 56c65dd3
[    2.228083] random 0059 0000 0000 151530a2 56c65dd3: add_timer_randomness(.. 8388864)
[    2.228636] random 0059 0000 0000 151530a2 56c65dd3: add_disk_randomness(8:0) 151530a2 56c65dd3
[    2.228638] random 0059 0000 0000 151530a2 56c65dd3: add_timer_randomness(.. 8388864)
[    2.229151] Loading Elf Binary for pid: 51 comm: init
[    2.229260] random 0059 0000 0000 151530a2 56c65dd3: rand_read_num 20 get_random_bytes(16): sig ffffffbf 151530a2 56c65dd3
[    2.229263] random 0059 0000 0000 151530a2 56c65dd3: extract_entropy(.. 16 ..)
