[    0.000000] random 0000 0000 0000 00000000 00000000: rand_read_num 1 get_random_bytes(8): sig 00000000 00000000 00000000
[    0.000000] random 0000 0000 0000 00000000 00000000: extract_entropy(.. 8 ..)
[    0.000000] random 0000 0000 0000 00000000 00000000: going to reseed nonblocking with 64 bits (64 of 0 requested)
[    0.000000] random 0000 0000 0000 00000000 00000000: extract_entropy(.. 8 ..)
[    0.000000] random 0000 0000 0000 00000000 00000000: trying to extract 64 bits from input
[    0.000000] random 0000 0000 0000 00000000 00000000: debiting 0 entropy credits from input
[    0.000000] random 0000 0000 0000 00000000 00000000: trying to extract 64 bits from nonblocking
[    0.000000] random 0000 0000 0000 00000000 00000000: debiting 64 entropy credits from nonblocking (unlimited)
[    0.000000] Initializing cgroup subsys cpuset
[    0.000000] Initializing cgroup subsys cpu
[    0.000000] Linux version 2.6.32.57 (dcashman@dcashman-01) (gcc version 4.4.3 (Ubuntu 4.4.3-4ubuntu5.1) ) #98 SMP Tue Mar 26 16:37:46 PDT 2013
[    0.000000] KERNEL supported cpus:
[    0.000000]   Intel GenuineIntel
[    0.000000]   AMD AuthenticAMD
[    0.000000]   NSC Geode by NSC
[    0.000000]   Cyrix CyrixInstead
[    0.000000]   Centaur CentaurHauls
[    0.000000]   Transmeta GenuineTMx86
[    0.000000]   Transmeta TransmetaCPU
[    0.000000]   UMC UMC UMC UMC
[    0.000000] BIOS-provided physical RAM map:
[    0.000000]  BIOS-e820: 0000000000000000 - 000000000009fc00 (usable)
[    0.000000]  BIOS-e820: 000000000009fc00 - 00000000000a0000 (reserved)
[    0.000000]  BIOS-e820: 00000000000e4000 - 0000000000100000 (reserved)
[    0.000000]  BIOS-e820: 0000000000100000 - 00000000cff90000 (usable)
[    0.000000]  BIOS-e820: 00000000cff90000 - 00000000cff9e000 (ACPI data)
[    0.000000]  BIOS-e820: 00000000cff9e000 - 00000000cffe0000 (ACPI NVS)
[    0.000000]  BIOS-e820: 00000000cffe0000 - 00000000d0000000 (reserved)
[    0.000000]  BIOS-e820: 00000000fee00000 - 00000000fee01000 (reserved)
[    0.000000]  BIOS-e820: 00000000fff00000 - 0000000100000000 (reserved)
[    0.000000]  BIOS-e820: 0000000100000000 - 00000001b0000000 (usable)
[    0.000000] DMI present.
[    0.000000] AMI BIOS detected: BIOS may corrupt low RAM, working around it.
[    0.000000] e820 update range: 0000000000000000 - 0000000000010000 (usable) ==> (reserved)
[    0.000000] last_pfn = 0x1b0000 max_arch_pfn = 0x1000000
[    0.000000] MTRR default type: uncachable
[    0.000000] MTRR fixed ranges enabled:
[    0.000000]   00000-9FFFF write-back
[    0.000000]   A0000-BFFFF uncachable
[    0.000000]   C0000-CFFFF write-protect
[    0.000000]   D0000-DFFFF uncachable
[    0.000000]   E0000-EFFFF write-through
[    0.000000]   F0000-FFFFF write-protect
[    0.000000] MTRR variable ranges enabled:
[    0.000000]   0 base 1B0000000 mask FF0000000 uncachable
[    0.000000]   1 base 1C0000000 mask FC0000000 uncachable
[    0.000000]   2 base 000000000 mask E00000000 write-back
[    0.000000]   3 base 0D0000000 mask FF0000000 uncachable
[    0.000000]   4 base 0E0000000 mask FE0000000 uncachable
[    0.000000]   5 disabled
[    0.000000]   6 disabled
[    0.000000]   7 disabled
[    0.000000] x86 PAT enabled: cpu 0, old 0x7040600070406, new 0x7010600070106
[    0.000000] e820 update range: 00000000d0000000 - 0000000100000000 (usable) ==> (reserved)
[    0.000000] Scanning 0 areas for low memory corruption
[    0.000000] modified physical RAM map:
[    0.000000]  modified: 0000000000000000 - 0000000000010000 (reserved)
[    0.000000]  modified: 0000000000010000 - 000000000009fc00 (usable)
[    0.000000]  modified: 000000000009fc00 - 00000000000a0000 (reserved)
[    0.000000]  modified: 00000000000e4000 - 0000000000100000 (reserved)
[    0.000000]  modified: 0000000000100000 - 00000000cff90000 (usable)
[    0.000000]  modified: 00000000cff90000 - 00000000cff9e000 (ACPI data)
[    0.000000]  modified: 00000000cff9e000 - 00000000cffe0000 (ACPI NVS)
[    0.000000]  modified: 00000000cffe0000 - 00000000d0000000 (reserved)
[    0.000000]  modified: 00000000fee00000 - 00000000fee01000 (reserved)
[    0.000000]  modified: 00000000fff00000 - 0000000100000000 (reserved)
[    0.000000]  modified: 0000000100000000 - 00000001b0000000 (usable)
[    0.000000] initial memory mapped : 0 - 01000000
[    0.000000] init_memory_mapping: 0000000000000000-00000000379fe000
[    0.000000] NX (Execute Disable) protection: active
[    0.000000]  0000000000 - 0000200000 page 4k
[    0.000000]  0000200000 - 0037800000 page 2M
[    0.000000]  0037800000 - 00379fe000 page 4k
[    0.000000] kernel direct mapping tables up to 379fe000 @ 10000-16000
[    0.000000] ACPI: RSDP 000f91f0 00014 (v00 HPQOEM)
[    0.000000] ACPI: RSDT cff90000 00044 (v01 HPQOEM SLIC-CPC 20090819 MSFT 00000097)
[    0.000000] ACPI: FACP cff90200 00084 (v01 HPQOEM SLIC-CPC 20090819 MSFT 00000097)
[    0.000000] ACPI: DSDT cff90440 05753 (v01 HPQOEM SLIC-CPC 00000050 INTL 20051117)
[    0.000000] ACPI: FACS cff9e000 00040
[    0.000000] ACPI: APIC cff90390 0006C (v01 HPQOEM SLIC-CPC 20090819 MSFT 00000097)
[    0.000000] ACPI: MCFG cff90400 0003C (v01 HPQOEM SLIC-CPC 20090819 MSFT 00000097)
[    0.000000] ACPI: OEMB cff9e040 00076 (v01 HPQOEM SLIC-CPC 20090819 MSFT 00000097)
[    0.000000] ACPI: HPET cff95ba0 00038 (v01 HPQOEM SLIC-CPC 20090819 MSFT 00000097)
[    0.000000] ACPI: GSCI cff9e0c0 02024 (v01 HPQOEM SLIC-CPC 20090819 MSFT 00000097)
[    0.000000] ACPI: SLIC cffa00f0 00176 (v01 HPQOEM SLIC-CPC 00000001 MSFT 00000001)
[    0.000000] ACPI: SSDT cffa0b30 00A7C (v01 HPQOEM SLIC-CPC 00000012 INTL 20051117)
[    0.000000] ACPI: Local APIC address 0xfee00000
[    0.000000] 6022MB HIGHMEM available.
[    0.000000] 889MB LOWMEM available.
[    0.000000]   mapped low ram: 0 - 379fe000
[    0.000000]   low ram: 0 - 379fe000
[    0.000000]   node 0 low ram: 00000000 - 379fe000
[    0.000000]   node 0 bootmap 00012000 - 00018f40
[    0.000000] (8 early reservations) ==> bootmem [0000000000 - 00379fe000]
[    0.000000]   #0 [0000000000 - 0000001000]   BIOS data page ==> [0000000000 - 0000001000]
[    0.000000]   #1 [0000001000 - 0000002000]    EX TRAMPOLINE ==> [0000001000 - 0000002000]
[    0.000000]   #2 [0000006000 - 0000007000]       TRAMPOLINE ==> [0000006000 - 0000007000]
[    0.000000]   #3 [0000100000 - 0000af8778]    TEXT DATA BSS ==> [0000100000 - 0000af8778]
[    0.000000]   #4 [000009fc00 - 0000100000]    BIOS reserved ==> [000009fc00 - 0000100000]
[    0.000000]   #5 [0000af9000 - 0000b01640]              BRK ==> [0000af9000 - 0000b01640]
[    0.000000]   #6 [0000010000 - 0000012000]          PGTABLE ==> [0000010000 - 0000012000]
[    0.000000]   #7 [0000012000 - 0000019000]          BOOTMAP ==> [0000012000 - 0000019000]
[    0.000000] found SMP MP-table at [c00ff780] ff780
[    0.000000] Zone PFN ranges:
[    0.000000]   DMA      0x00000010 -> 0x00001000
[    0.000000]   Normal   0x00001000 -> 0x000379fe
[    0.000000]   HighMem  0x000379fe -> 0x001b0000
[    0.000000] Movable zone start PFN for each node
[    0.000000] early_node_map[3] active PFN ranges
[    0.000000]     0: 0x00000010 -> 0x0000009f
[    0.000000]     0: 0x00000100 -> 0x000cff90
[    0.000000]     0: 0x00100000 -> 0x001b0000
[    0.000000] On node 0 totalpages: 1572639
[    0.000000] free_area_init_node: node 0, pgdat c07ba8a0, node_mem_map c1001200
[    0.000000]   DMA zone: 32 pages used for memmap
[    0.000000]   DMA zone: 0 pages reserved
[    0.000000]   DMA zone: 3951 pages, LIFO batch:0
[    0.000000]   Normal zone: 1748 pages used for memmap
[    0.000000]   Normal zone: 221994 pages, LIFO batch:31
[    0.000000]   HighMem zone: 12045 pages used for memmap
[    0.000000]   HighMem zone: 1332869 pages, LIFO batch:31
[    0.000000] Using APIC driver default
[    0.000000] ACPI: PM-Timer IO Port: 0x808
[    0.000000] ACPI: Local APIC address 0xfee00000
[    0.000000] ACPI: LAPIC (acpi_id[0x01] lapic_id[0x00] enabled)
[    0.000000] ACPI: LAPIC (acpi_id[0x02] lapic_id[0x01] enabled)
[    0.000000] ACPI: LAPIC (acpi_id[0x03] lapic_id[0x02] enabled)
[    0.000000] ACPI: LAPIC (acpi_id[0x04] lapic_id[0x03] enabled)
[    0.000000] ACPI: Skipping IOAPIC probe due to 'noapic' option.
[    0.000000] Using ACPI for processor (LAPIC) configuration information
[    0.000000] ACPI: HPET id: 0xffffffff base: 0xfed00000
[    0.000000] Intel MultiProcessor Specification v1.4
[    0.000000]     Virtual Wire compatibility mode.
[    0.000000] MPTABLE: OEM ID: Intel   
[    0.000000] MPTABLE: Product ID: Eaglelake   
[    0.000000] MPTABLE: APIC at: 0xFEE00000
[    0.000000] I/O APIC #4 Version 32 at 0xFEC00000.
[    0.000000] Processors: 4
[    0.000000] SMP: Allowing 4 CPUs, 0 hotplug CPUs
[    0.000000] nr_irqs_gsi: 24
[    0.000000] PM: Registered nosave memory: 000000000009f000 - 00000000000a0000
[    0.000000] PM: Registered nosave memory: 00000000000a0000 - 00000000000e4000
[    0.000000] PM: Registered nosave memory: 00000000000e4000 - 0000000000100000
[    0.000000] Allocating PCI resources starting at d0000000 (gap: d0000000:2ee00000)
[    0.000000] Booting paravirtualized kernel on bare hardware
[    0.000000] NR_CPUS:8 nr_cpumask_bits:8 nr_cpu_ids:4 nr_node_ids:1
[    0.000000] PERCPU: Embedded 15 pages/cpu @c4800000 s39416 r0 d22024 u524288
[    0.000000] pcpu-alloc: s39416 r0 d22024 u524288 alloc=1*2097152
[    0.000000] pcpu-alloc: [0] 0 1 2 3 
[    0.000000] Built 1 zonelists in Zone order, mobility grouping on.  Total pages: 1558814
[    0.000000] Kernel command line: BOOT_IMAGE=/boot/vmlinuz-2.6.32.57 root=/dev/sda1 ro quiet maxcpus=0 kgdboe=132.239.95.229/132.239.95.228
[    0.000000] PID hash table entries: 4096 (order: 2, 16384 bytes)
[    0.000000] Dentry cache hash table entries: 131072 (order: 7, 524288 bytes)
[    0.000000] Inode-cache hash table entries: 65536 (order: 6, 262144 bytes)
[    0.000000] Enabling fast FPU save and restore... done.
[    0.000000] Enabling unmasked SIMD FPU exception support... done.
[    0.000000] Initializing CPU#0
[    0.000000] allocated 35389120 bytes of page_cgroup
[    0.000000] please try 'cgroup_disable=memory' option if you don't want memory cgroups
[    0.000000] Initializing HighMem for node 0 (000379fe:001b0000)
[    0.000000] Memory: 6188240k/7077888k available (4762k kernel code, 101232k reserved, 2169k data, 676k init, 5379656k highmem)
[    0.000000] virtual kernel memory layout:
[    0.000000]     fixmap  : 0xfff1d000 - 0xfffff000   ( 904 kB)
[    0.000000]     pkmap   : 0xffa00000 - 0xffc00000   (2048 kB)
[    0.000000]     vmalloc : 0xf81fe000 - 0xff9fe000   ( 120 MB)
[    0.000000]     lowmem  : 0xc0000000 - 0xf79fe000   ( 889 MB)
[    0.000000]       .init : 0xc07c6000 - 0xc086f000   ( 676 kB)
[    0.000000]       .data : 0xc05a696b - 0xc07c50c8   (2169 kB)
[    0.000000]       .text : 0xc0100000 - 0xc05a696b   (4762 kB)
[    0.000000] Checking if this processor honours the WP bit even in supervisor mode...Ok.
[    0.000000] SLUB: Genslabs=13, HWalign=64, Order=0-3, MinObjects=0, CPUs=4, Nodes=1
[    0.000000] Hierarchical RCU implementation.
[    0.000000] NR_IRQS:2304 nr_irqs:440
[    0.000000] Console: colour VGA+ 80x25
[    0.000000] console [tty0] enabled
[    0.000000] hpet clockevent registered
[    0.000000] Fast TSC calibration failed
[    0.000000] TSC: PIT calibration matches HPET. 1 loops
[    0.000000] Detected 2493.722 MHz processor.
[    0.004004] Calibrating delay loop (skipped), value calculated using timer frequency.. 4987.44 BogoMIPS (lpj=9974888)
[    0.004017] Security Framework initialized
[    0.004022] SELinux:  Disabled at boot.
[    0.004028] Mount-cache hash table entries: 512
[    0.004136] Initializing cgroup subsys ns
[    0.004139] Initializing cgroup subsys cpuacct
[    0.004142] Initializing cgroup subsys memory
[    0.004148] Initializing cgroup subsys devices
[    0.004150] Initializing cgroup subsys freezer
[    0.004151] Initializing cgroup subsys net_cls
[    0.004171] CPU: L1 I cache: 32K, L1 D cache: 32K
[    0.004173] CPU: L2 cache: 3072K
[    0.004176] CPU: Physical Processor ID: 0
[    0.004177] CPU: Processor Core ID: 0
[    0.004180] mce: CPU supports 6 MCE banks
[    0.004187] CPU0: Thermal monitoring enabled (TM2)
[    0.004190] using mwait in idle threads.
[    0.004195] Performance Events: Core2 events, Intel PMU driver.
[    0.004200] ... version:                2
[    0.004201] ... bit width:              40
[    0.004202] ... generic registers:      2
[    0.004204] ... value mask:             000000ffffffffff
[    0.004205] ... max period:             000000007fffffff
[    0.004207] ... fixed-purpose events:   3
[    0.004208] ... event mask:             0000000700000003
[    0.004212] Checking 'hlt' instruction... OK.
[    0.020758] SMP alternatives: switching to UP code
[    0.027445] ACPI: Core revision 20090903
[    0.034244] ACPI: setting ELCR to 0200 (from 0cb8)
[    0.036006] ftrace: converting mcount calls to 0f 1f 44 00 00
[    0.036010] ftrace: allocating 20938 entries in 41 pages
[    0.040042] Enabling APIC mode:  Flat.  Using 1 I/O APICs
[    0.040044] SMP mode deactivated.
[    0.040047] SMP disabled
[    0.040115] Brought up 1 CPUs
[    0.040117] Total of 1 processors activated (4987.44 BogoMIPS).
[    0.040121] CPU0 attaching NULL sched-domain.
[    0.040183] devtmpfs: initialized
[    0.040313] sysctl table check failed: /kernel/random/now_input .1.40.7 Unknown sysctl binary path
[    0.040530] 
[    0.040531]  dacashman Pid: 1, comm: swapper Not tainted 2.6.32.57 #98
[    0.040533] Call Trace:
[    0.040538]  [<c059eec4>] ? printk+0x1d/0x21
[    0.040542]  [<c01766af>] set_fail+0x4f/0x60
[    0.040545]  [<c0176a0e>] sysctl_check_table+0x34e/0x690
[    0.040548]  [<c0176650>] ? sysctl_check_lookup+0x120/0x130
[    0.040550]  [<c0176a27>] sysctl_check_table+0x367/0x690
[    0.040553]  [<c0176650>] ? sysctl_check_lookup+0x120/0x130
[    0.040556]  [<c0176a27>] sysctl_check_table+0x367/0x690
[    0.040559]  [<c07ded5c>] sysctl_init+0x25/0x29
[    0.040561]  [<c0103041>] do_one_initcall+0x31/0x190
[    0.040564]  [<c07ded37>] ? sysctl_init+0x0/0x29
[    0.040567]  [<c07c6365>] kernel_init+0x12d/0x183
[    0.040570]  [<c07c6238>] ? kernel_init+0x0/0x183
[    0.040572]  [<c010a2c7>] kernel_thread_helper+0x7/0x10
[    0.040574] sysctl table check failed: /kernel/random/now_blocking .1.40.8 Unknown sysctl binary path
[    0.040788] 
[    0.040789]  dacashman Pid: 1, comm: swapper Not tainted 2.6.32.57 #98
[    0.040790] Call Trace:
[    0.040792]  [<c059eec4>] ? printk+0x1d/0x21
[    0.040795]  [<c01766af>] set_fail+0x4f/0x60
[    0.040797]  [<c0176a0e>] sysctl_check_table+0x34e/0x690
[    0.040800]  [<c0176650>] ? sysctl_check_lookup+0x120/0x130
[    0.040803]  [<c0176a27>] sysctl_check_table+0x367/0x690
[    0.040805]  [<c0176650>] ? sysctl_check_lookup+0x120/0x130
[    0.040808]  [<c0176a27>] sysctl_check_table+0x367/0x690
[    0.040810]  [<c07ded5c>] sysctl_init+0x25/0x29
[    0.040812]  [<c0103041>] do_one_initcall+0x31/0x190
[    0.040815]  [<c07ded37>] ? sysctl_init+0x0/0x29
[    0.040817]  [<c07c6365>] kernel_init+0x12d/0x183
[    0.040819]  [<c07c6238>] ? kernel_init+0x0/0x183
[    0.040822]  [<c010a2c7>] kernel_thread_helper+0x7/0x10
[    0.040824] sysctl table check failed: /kernel/random/now_nonblocking .1.40.9 Unknown sysctl binary path
[    0.041037] 
[    0.041037]  dacashman Pid: 1, comm: swapper Not tainted 2.6.32.57 #98
[    0.041039] Call Trace:
[    0.041041]  [<c059eec4>] ? printk+0x1d/0x21
[    0.041044]  [<c01766af>] set_fail+0x4f/0x60
[    0.041046]  [<c0176a0e>] sysctl_check_table+0x34e/0x690
[    0.041049]  [<c0176650>] ? sysctl_check_lookup+0x120/0x130
[    0.041051]  [<c0176a27>] sysctl_check_table+0x367/0x690
[    0.041054]  [<c0176650>] ? sysctl_check_lookup+0x120/0x130
[    0.041056]  [<c0176a27>] sysctl_check_table+0x367/0x690
[    0.041059]  [<c07ded5c>] sysctl_init+0x25/0x29
[    0.041061]  [<c0103041>] do_one_initcall+0x31/0x190
[    0.041063]  [<c07ded37>] ? sysctl_init+0x0/0x29
[    0.041066]  [<c07c6365>] kernel_init+0x12d/0x183
[    0.041068]  [<c07c6238>] ? kernel_init+0x0/0x183
[    0.041070]  [<c010a2c7>] kernel_thread_helper+0x7/0x10
[    0.041072] sysctl table check failed: /kernel/random/nb_input_bytes .1.40.10 Unknown sysctl binary path
[    0.041286] 
[    0.041287]  dacashman Pid: 1, comm: swapper Not tainted 2.6.32.57 #98
[    0.041288] Call Trace:
[    0.041290]  [<c059eec4>] ? printk+0x1d/0x21
[    0.041293]  [<c01766af>] set_fail+0x4f/0x60
[    0.041295]  [<c0176a0e>] sysctl_check_table+0x34e/0x690
[    0.041298]  [<c0176650>] ? sysctl_check_lookup+0x120/0x130
[    0.041300]  [<c0176a27>] sysctl_check_table+0x367/0x690
[    0.041303]  [<c0176650>] ? sysctl_check_lookup+0x120/0x130
[    0.041306]  [<c0176a27>] sysctl_check_table+0x367/0x690
[    0.041308]  [<c07ded5c>] sysctl_init+0x25/0x29
[    0.041310]  [<c0103041>] do_one_initcall+0x31/0x190
[    0.041313]  [<c07ded37>] ? sysctl_init+0x0/0x29
[    0.041315]  [<c07c6365>] kernel_init+0x12d/0x183
[    0.041317]  [<c07c6238>] ? kernel_init+0x0/0x183
[    0.041320]  [<c010a2c7>] kernel_thread_helper+0x7/0x10
[    0.041322] sysctl table check failed: /kernel/random/nb_stir_count .1.40.11 Unknown sysctl binary path
[    0.041536] 
[    0.041536]  dacashman Pid: 1, comm: swapper Not tainted 2.6.32.57 #98
[    0.041537] Call Trace:
[    0.041540]  [<c059eec4>] ? printk+0x1d/0x21
[    0.041542]  [<c01766af>] set_fail+0x4f/0x60
[    0.041545]  [<c0176a0e>] sysctl_check_table+0x34e/0x690
[    0.041547]  [<c0176650>] ? sysctl_check_lookup+0x120/0x130
[    0.041550]  [<c0176a27>] sysctl_check_table+0x367/0x690
[    0.041552]  [<c0176650>] ? sysctl_check_lookup+0x120/0x130
[    0.041555]  [<c0176a27>] sysctl_check_table+0x367/0x690
[    0.041558]  [<c07ded5c>] sysctl_init+0x25/0x29
[    0.041560]  [<c0103041>] do_one_initcall+0x31/0x190
[    0.041562]  [<c07ded37>] ? sysctl_init+0x0/0x29
[    0.041564]  [<c07c6365>] kernel_init+0x12d/0x183
[    0.041567]  [<c07c6238>] ? kernel_init+0x0/0x183
[    0.041569]  [<c010a2c7>] kernel_thread_helper+0x7/0x10
[    0.041571] sysctl table check failed: /kernel/random/nb_reentry_count .1.40.12 Unknown sysctl binary path
[    0.041785] 
[    0.041785]  dacashman Pid: 1, comm: swapper Not tainted 2.6.32.57 #98
[    0.041787] Call Trace:
[    0.041789]  [<c059eec4>] ? printk+0x1d/0x21
[    0.041791]  [<c01766af>] set_fail+0x4f/0x60
[    0.041794]  [<c0176a0e>] sysctl_check_table+0x34e/0x690
[    0.041796]  [<c0176650>] ? sysctl_check_lookup+0x120/0x130
[    0.041799]  [<c0176a27>] sysctl_check_table+0x367/0x690
[    0.041802]  [<c0176650>] ? sysctl_check_lookup+0x120/0x130
[    0.041804]  [<c0176a27>] sysctl_check_table+0x367/0x690
[    0.041807]  [<c07ded5c>] sysctl_init+0x25/0x29
[    0.041809]  [<c0103041>] do_one_initcall+0x31/0x190
[    0.041811]  [<c07ded37>] ? sysctl_init+0x0/0x29
[    0.041814]  [<c07c6365>] kernel_init+0x12d/0x183
[    0.041816]  [<c07c6238>] ? kernel_init+0x0/0x183
[    0.041818]  [<c010a2c7>] kernel_thread_helper+0x7/0x10
[    0.041953] regulator: core version 0.5
[    0.041974] Time: 23:42:58  Date: 03/26/13
[    0.042004] NET: Registered protocol family 16
[    0.042076] EISA bus registered
[    0.042082] ACPI: bus type pci registered
[    0.042131] PCI: MCFG configuration 0: base f0000000 segment 0 buses 0 - 63
[    0.042133] PCI: Not using MMCONFIG.
[    0.042259] PCI: Using configuration type 1 for base access
[    0.042854] bio: create slab <bio-0> at 0
[    0.043379] ACPI: EC: Look up EC in DSDT
[    0.044895] ACPI: Executed 1 blocks of module-level executable AML code
[    0.048794] ACPI: Interpreter enabled
[    0.048799] ACPI: (supports S0 S1 S3 S4 S5)
[    0.048816] ACPI: Using PIC for interrupt routing
[    0.048856] PCI: MCFG configuration 0: base f0000000 segment 0 buses 0 - 63
[    0.050246] PCI: MCFG area at f0000000 reserved in ACPI motherboard resources
[    0.050248] PCI: Using MMCONFIG for extended config space
[    0.056306] ACPI: No dock devices found.
[    0.056557] ACPI: PCI Root Bridge [PCI0] (0000:00)
[    0.056639] pci 0000:00:01.0: PME# supported from D0 D3hot D3cold
[    0.056642] pci 0000:00:01.0: PME# disabled
[    0.056698] pci 0000:00:1a.0: reg 20 io port: [0xc000-0xc01f]
[    0.056761] pci 0000:00:1a.1: reg 20 io port: [0xc080-0xc09f]
[    0.056824] pci 0000:00:1a.2: reg 20 io port: [0xc400-0xc41f]
[    0.056890] pci 0000:00:1a.7: reg 10 32bit mmio: [0xfe9ff400-0xfe9ff7ff]
[    0.056951] pci 0000:00:1a.7: PME# supported from D0 D3hot D3cold
[    0.056954] pci 0000:00:1a.7: PME# disabled
[    0.056987] pci 0000:00:1b.0: reg 10 64bit mmio: [0xfe9f8000-0xfe9fbfff]
[    0.057032] pci 0000:00:1b.0: PME# supported from D0 D3hot D3cold
[    0.057035] pci 0000:00:1b.0: PME# disabled
[    0.057098] pci 0000:00:1c.0: PME# supported from D0 D3hot D3cold
[    0.057101] pci 0000:00:1c.0: PME# disabled
[    0.057168] pci 0000:00:1c.5: PME# supported from D0 D3hot D3cold
[    0.057171] pci 0000:00:1c.5: PME# disabled
[    0.057215] pci 0000:00:1d.0: reg 20 io port: [0xc480-0xc49f]
[    0.057278] pci 0000:00:1d.1: reg 20 io port: [0xc800-0xc81f]
[    0.057340] pci 0000:00:1d.2: reg 20 io port: [0xc880-0xc89f]
[    0.057408] pci 0000:00:1d.7: reg 10 32bit mmio: [0xfe9ff800-0xfe9ffbff]
[    0.057469] pci 0000:00:1d.7: PME# supported from D0 D3hot D3cold
[    0.057472] pci 0000:00:1d.7: PME# disabled
[    0.057626] pci 0000:00:1f.2: reg 10 io port: [0x00-0x07]
[    0.057630] pci 0000:00:1f.2: reg 14 io port: [0x00-0x03]
[    0.057635] pci 0000:00:1f.2: reg 18 io port: [0x00-0x07]
[    0.057640] pci 0000:00:1f.2: reg 1c io port: [0x00-0x03]
[    0.057644] pci 0000:00:1f.2: reg 20 io port: [0xff90-0xff9f]
[    0.057649] pci 0000:00:1f.2: reg 24 io port: [0xffa0-0xffaf]
[    0.057694] pci 0000:00:1f.3: reg 10 64bit mmio: [0xfe9ffc00-0xfe9ffcff]
[    0.057705] pci 0000:00:1f.3: reg 20 io port: [0x400-0x41f]
[    0.057745] pci 0000:04:00.0: reg 10 64bit mmio pref: [0xe0000000-0xefffffff]
[    0.057752] pci 0000:04:00.0: reg 18 64bit mmio: [0xfebe0000-0xfebeffff]
[    0.057757] pci 0000:04:00.0: reg 20 io port: [0xe000-0xe0ff]
[    0.057764] pci 0000:04:00.0: reg 30 32bit mmio pref: [0xfebc0000-0xfebdffff]
[    0.057791] pci 0000:04:00.0: supports D1 D2
[    0.057818] pci 0000:04:00.1: reg 10 64bit mmio: [0xfebfc000-0xfebfffff]
[    0.057858] pci 0000:04:00.1: supports D1 D2
[    0.057894] pci 0000:00:01.0: bridge io port: [0xe000-0xefff]
[    0.057896] pci 0000:00:01.0: bridge 32bit mmio: [0xfeb00000-0xfebfffff]
[    0.057900] pci 0000:00:01.0: bridge 64bit mmio pref: [0xe0000000-0xefffffff]
[    0.057974] pci 0000:02:00.0: reg 10 io port: [0xd800-0xd8ff]
[    0.057991] pci 0000:02:00.0: reg 18 64bit mmio: [0xfeaff000-0xfeafffff]
[    0.058004] pci 0000:02:00.0: reg 20 64bit mmio pref: [0xdfffc000-0xdfffffff]
[    0.058011] pci 0000:02:00.0: reg 30 32bit mmio pref: [0xfeac0000-0xfeadffff]
[    0.058069] pci 0000:02:00.0: supports D1 D2
[    0.058071] pci 0000:02:00.0: PME# supported from D0 D1 D2 D3hot D3cold
[    0.058075] pci 0000:02:00.0: PME# disabled
[    0.058121] pci 0000:00:1c.5: bridge io port: [0xd000-0xdfff]
[    0.058125] pci 0000:00:1c.5: bridge 32bit mmio: [0xfea00000-0xfeafffff]
[    0.058129] pci 0000:00:1c.5: bridge 64bit mmio pref: [0xdff00000-0xdfffffff]
[    0.058169] pci 0000:00:1e.0: transparent bridge
[    0.058187] pci_bus 0000:00: on NUMA node 0
[    0.058191] ACPI: PCI Interrupt Routing Table [\_SB_.PCI0._PRT]
[    0.058348] ACPI: PCI Interrupt Routing Table [\_SB_.PCI0.P0P2._PRT]
[    0.058430] ACPI: PCI Interrupt Routing Table [\_SB_.PCI0.P0P4._PRT]
[    0.058489] ACPI: PCI Interrupt Routing Table [\_SB_.PCI0.P0P9._PRT]
[    0.070559] ACPI: PCI Interrupt Link [LNKA] (IRQs 3 4 6 7 *10 11 12 14 15)
[    0.070647] ACPI: PCI Interrupt Link [LNKB] (IRQs *5)
[    0.070732] ACPI: PCI Interrupt Link [LNKC] (IRQs 3 4 6 7 10 *11 12 14 15)
[    0.070819] ACPI: PCI Interrupt Link [LNKD] (IRQs 3 4 6 7 10 11 12 14 15) *0, disabled.
[    0.070906] ACPI: PCI Interrupt Link [LNKE] (IRQs 3 4 6 *7 10 11 12 14 15)
[    0.070993] ACPI: PCI Interrupt Link [LNKF] (IRQs 3 4 6 7 *10 11 12 14 15)
[    0.071079] ACPI: PCI Interrupt Link [LNKG] (IRQs 3 *4 6 7 10 11 12 14 15)
[    0.071165] ACPI: PCI Interrupt Link [LNKH] (IRQs *3 4 6 7 10 11 12 14 15)
[    0.071241] vgaarb: device added: PCI:0000:04:00.0,decodes=io+mem,owns=io+mem,locks=none
[    0.071243] vgaarb: loaded
[    0.071319] SCSI subsystem initialized
[    0.071345] libata version 3.00 loaded.
[    0.071391] usbcore: registered new interface driver usbfs
[    0.071399] usbcore: registered new interface driver hub
[    0.071416] usbcore: registered new device driver usb
[    0.071495] ACPI: WMI: Mapper loaded
[    0.071496] PCI: Using ACPI for IRQ routing
[    0.071595] NetLabel: Initializing
[    0.071596] NetLabel:  domain hash size = 128
[    0.071598] NetLabel:  protocols = UNLABELED CIPSOv4
[    0.071606] NetLabel:  unlabeled traffic allowed by default
[    0.071627] HPET: 4 timers in total, 0 timers will be used for per-cpu timer
[    0.071632] hpet0: at MMIO 0xfed00000, IRQs 2, 8, 0, 0
[    0.071635] hpet0: 4 comparators, 64-bit 14.318180 MHz counter
[    0.073008] random 0000 0000 0000 00000000 00000000: rand_read_num 2 get_random_bytes(8): sig fffffe1a 00000000 00000000
[    0.073010] random 0000 0000 0000 00000000 00000000: extract_entropy(.. 8 ..)
[    0.073013] random 0000 0000 0000 00000000 00000000: going to reseed nonblocking with 64 bits (64 of 0 requested)
[    0.073015] random 0000 0000 0000 00000000 00000000: extract_entropy(.. 8 ..)
[    0.073017] random 0000 0000 0000 00000000 00000000: trying to extract 64 bits from input
[    0.073019] random 0000 0000 0000 00000000 00000000: debiting 0 entropy credits from input
[    0.073022] random 0000 0000 0000 00000000 00000000: trying to extract 64 bits from nonblocking
[    0.073024] random 0000 0000 0000 00000000 00000000: debiting 64 entropy credits from nonblocking (unlimited)
[    0.076016] Switching to clocksource tsc
[    0.077368] pnp: PnP ACPI init
[    0.077376] ACPI: bus type pnp registered
[    0.079019] pnp: PnP ACPI: found 14 devices
[    0.079021] ACPI: ACPI bus type pnp unregistered
[    0.079023] PnPBIOS: Disabled by ACPI PNP
[    0.079031] system 00:01: iomem range 0xfed14000-0xfed19fff has been reserved
[    0.079033] system 00:01: iomem range 0xfed90000-0xfed93fff has been reserved
[    0.079039] system 00:06: ioport range 0x4d0-0x4d1 has been reserved
[    0.079041] system 00:06: ioport range 0x800-0x87f has been reserved
[    0.079043] system 00:06: ioport range 0x500-0x57f has been reserved
[    0.079046] system 00:06: iomem range 0xfed1c000-0xfed1ffff has been reserved
[    0.079048] system 00:06: iomem range 0xfed20000-0xfed3ffff has been reserved
[    0.079050] system 00:06: iomem range 0xfed40000-0xfed8ffff has been reserved
[    0.079054] system 00:09: iomem range 0xffc00000-0xffefffff has been reserved
[    0.079058] system 00:0a: iomem range 0xfec00000-0xfec00fff has been reserved
[    0.079060] system 00:0a: iomem range 0xfee00000-0xfee00fff has been reserved
[    0.079064] system 00:0b: ioport range 0xa00-0xadf has been reserved
[    0.079068] system 00:0c: iomem range 0xf0000000-0xf3ffffff has been reserved
[    0.079072] system 00:0d: iomem range 0x0-0x9ffff could not be reserved
[    0.079075] system 00:0d: iomem range 0xc0000-0xcffff could not be reserved
[    0.079077] system 00:0d: iomem range 0xe0000-0xfffff could not be reserved
[    0.079079] system 00:0d: iomem range 0x100000-0xcfffffff could not be reserved
[    0.079081] system 00:0d: iomem range 0xfed90000-0xffffffff could not be reserved
[    0.113673] pci 0000:00:01.0: PCI bridge, secondary bus 0000:04
[    0.113675] pci 0000:00:01.0:   IO window: 0xe000-0xefff
[    0.113678] pci 0000:00:01.0:   MEM window: 0xfeb00000-0xfebfffff
[    0.113681] pci 0000:00:01.0:   PREFETCH window: 0x000000e0000000-0x000000efffffff
[    0.113685] pci 0000:00:1c.0: PCI bridge, secondary bus 0000:03
[    0.113687] pci 0000:00:1c.0:   IO window: 0x1000-0x1fff
[    0.113691] pci 0000:00:1c.0:   MEM window: 0xd0000000-0xd01fffff
[    0.113694] pci 0000:00:1c.0:   PREFETCH window: 0x000000d0200000-0x000000d03fffff
[    0.113699] pci 0000:00:1c.5: PCI bridge, secondary bus 0000:02
[    0.113701] pci 0000:00:1c.5:   IO window: 0xd000-0xdfff
[    0.113705] pci 0000:00:1c.5:   MEM window: 0xfea00000-0xfeafffff
[    0.113708] pci 0000:00:1c.5:   PREFETCH window: 0x000000dff00000-0x000000dfffffff
[    0.113713] pci 0000:00:1e.0: PCI bridge, secondary bus 0000:01
[    0.113715] pci 0000:00:1e.0:   IO window: disabled
[    0.113718] pci 0000:00:1e.0:   MEM window: disabled
[    0.113721] pci 0000:00:1e.0:   PREFETCH window: disabled
[    0.113830] ACPI: PCI Interrupt Link [LNKA] enabled at IRQ 10
[    0.113832] PCI: setting IRQ 10 as level-triggered
[    0.113836] pci 0000:00:01.0: PCI INT A -> Link[LNKA] -> GSI 10 (level, low) -> IRQ 10
[    0.113840] pci 0000:00:01.0: setting latency timer to 64
[    0.113846] pci 0000:00:1c.0: enabling device (0104 -> 0107)
[    0.113944] ACPI: PCI Interrupt Link [LNKB] enabled at IRQ 5
[    0.113946] PCI: setting IRQ 5 as level-triggered
[    0.113950] pci 0000:00:1c.0: PCI INT A -> Link[LNKB] -> GSI 5 (level, low) -> IRQ 5
[    0.113953] pci 0000:00:1c.0: setting latency timer to 64
[    0.113960] pci 0000:00:1c.5: PCI INT B -> Link[LNKA] -> GSI 10 (level, low) -> IRQ 10
[    0.113963] pci 0000:00:1c.5: setting latency timer to 64
[    0.113968] pci 0000:00:1e.0: setting latency timer to 64
[    0.113971] pci_bus 0000:00: resource 0 io:  [0x00-0xffff]
[    0.113973] pci_bus 0000:00: resource 1 mem: [0x000000-0xffffffffffffffff]
[    0.113975] pci_bus 0000:04: resource 0 io:  [0xe000-0xefff]
[    0.113977] pci_bus 0000:04: resource 1 mem: [0xfeb00000-0xfebfffff]
[    0.113979] pci_bus 0000:04: resource 2 pref mem [0xe0000000-0xefffffff]
[    0.113981] pci_bus 0000:03: resource 0 io:  [0x1000-0x1fff]
[    0.113983] pci_bus 0000:03: resource 1 mem: [0xd0000000-0xd01fffff]
[    0.113985] pci_bus 0000:03: resource 2 pref mem [0xd0200000-0xd03fffff]
[    0.113987] pci_bus 0000:02: resource 0 io:  [0xd000-0xdfff]
[    0.113989] pci_bus 0000:02: resource 1 mem: [0xfea00000-0xfeafffff]
[    0.113991] pci_bus 0000:02: resource 2 pref mem [0xdff00000-0xdfffffff]
[    0.113993] pci_bus 0000:01: resource 3 io:  [0x00-0xffff]
[    0.113994] pci_bus 0000:01: resource 4 mem: [0x000000-0xffffffffffffffff]
[    0.114014] NET: Registered protocol family 2
[    0.114039] random 0000 0000 0000 5f8db4e5 4cfdf2a8: rand_read_num 3 get_random_bytes(4): sig fffffb64 5f8db4e5 4cfdf2a8
[    0.114042] random 0000 0000 0000 5f8db4e5 4cfdf2a8: extract_entropy(.. 4 ..)
[    0.114044] random 0000 0000 0000 5f8db4e5 4cfdf2a8: going to reseed nonblocking with 64 bits (32 of 0 requested)
[    0.114047] random 0000 0000 0000 5f8db4e5 4cfdf2a8: extract_entropy(.. 8 ..)
[    0.114049] random 0000 0000 0000 5f8db4e5 4cfdf2a8: trying to extract 64 bits from input
[    0.114051] random 0000 0000 0000 5f8db4e5 4cfdf2a8: debiting 0 entropy credits from input
[    0.114053] random 0000 0000 0000 5f8db4e5 4cfdf2a8: trying to extract 32 bits from nonblocking
[    0.114056] random 0000 0000 0000 5f8db4e5 4cfdf2a8: debiting 32 entropy credits from nonblocking (unlimited)
[    0.114090] IP route cache hash table entries: 32768 (order: 5, 131072 bytes)
[    0.114297] TCP established hash table entries: 131072 (order: 8, 1048576 bytes)
[    0.114618] TCP bind hash table entries: 65536 (order: 7, 524288 bytes)
[    0.114784] TCP: Hash tables configured (established 131072 bind 65536)
[    0.114786] TCP reno registered
[    0.114830] NET: Registered protocol family 1
[    0.114936] pci 0000:04:00.0: Boot video device
[    0.115046] cpufreq-nforce2: No nForce2 chipset.
[    0.115061] Scanning for low memory corruption every 60 seconds
[    0.115131] audit: initializing netlink socket (disabled)
[    0.115137] type=2000 audit(1364341378.111:1): initialized
[    0.123385] highmem bounce pool size: 64 pages
[    0.123389] HugeTLB registered 2 MB page size, pre-allocated 0 pages
[    0.124392] VFS: Disk quotas dquot_6.5.2
[    0.124432] Dquot-cache hash table entries: 1024 (order 0, 4096 bytes)
[    0.124832] fuse init (API version 7.13)
[    0.124893] msgmni has been set to 1581
[    0.125026] alg: No test for stdrng (krng)
[    0.125066] Block layer SCSI generic (bsg) driver version 0.4 loaded (major 253)
[    0.125068] io scheduler noop registered
[    0.125069] io scheduler anticipatory registered
[    0.125071] io scheduler deadline registered
[    0.125098] io scheduler cfq registered (default)
[    0.125181]   alloc irq_desc for 24 on node -1
[    0.125182]   alloc kstat_irqs on node -1
[    0.125189] pcieport 0000:00:01.0: irq 24 for MSI/MSI-X
[    0.125194] pcieport 0000:00:01.0: setting latency timer to 64
[    0.125263]   alloc irq_desc for 25 on node -1
[    0.125265]   alloc kstat_irqs on node -1
[    0.125270] pcieport 0000:00:1c.0: irq 25 for MSI/MSI-X
[    0.125276] pcieport 0000:00:1c.0: setting latency timer to 64
[    0.125362]   alloc irq_desc for 26 on node -1
[    0.125363]   alloc kstat_irqs on node -1
[    0.125368] pcieport 0000:00:1c.5: irq 26 for MSI/MSI-X
[    0.125374] pcieport 0000:00:1c.5: setting latency timer to 64
[    0.125438] pci_hotplug: PCI Hot Plug PCI Core version: 0.5
[    0.125450] Firmware did not grant requested _OSC control
[    0.125463] Firmware did not grant requested _OSC control
[    0.125482] Firmware did not grant requested _OSC control
[    0.125491] Firmware did not grant requested _OSC control
[    0.125501] pciehp: PCI Express Hot Plug Controller Driver version: 0.4
[    0.125608] input: Power Button as /devices/LNXSYSTM:00/LNXSYBUS:00/PNP0C0C:00/input/input0
[    0.125611] ACPI: Power Button [PWRB]
[    0.125642] input: Power Button as /devices/LNXSYSTM:00/LNXPWRBN:00/input/input1
[    0.125644] ACPI: Power Button [PWRF]
[    0.126169] ACPI: SSDT cffa0270 0022C (v01 HPQOEM SLIC-CPC 00000011 INTL 20051117)
[    0.126358] processor LNXCPU:00: registered as cooling_device0
[    0.127938] isapnp: Scanning for PnP cards...
[    0.480786] isapnp: No Plug & Play device found
[    0.480797] random 0000 0000 0000 5f8db4e5 4cfdf2a8: initializing
[    0.481724] Serial: 8250/16550 driver, 4 ports, IRQ sharing enabled
[    0.482678] brd: module loaded
[    0.482989] loop: module loaded
[    0.483044] input: Macintosh mouse button emulation as /devices/virtual/input/input2
[    0.483112] ata_piix 0000:00:1f.2: version 2.13
[    0.483226] ACPI: PCI Interrupt Link [LNKD] enabled at IRQ 11
[    0.483228] PCI: setting IRQ 11 as level-triggered
[    0.483233] ata_piix 0000:00:1f.2: PCI INT B -> Link[LNKD] -> GSI 11 (level, low) -> IRQ 11
[    0.483236] ata_piix 0000:00:1f.2: MAP [ P0 P2 P1 P3 ]
[    0.483268] ata_piix 0000:00:1f.2: setting latency timer to 64
[    0.483303] scsi0 : ata_piix
[    0.483350] scsi1 : ata_piix
[    0.484455] ata1: SATA max UDMA/133 cmd 0x1f0 ctl 0x3f6 bmdma 0xff90 irq 14
[    0.484459] ata2: SATA max UDMA/133 cmd 0x170 ctl 0x376 bmdma 0xff98 irq 15
[    0.484710] Fixed MDIO Bus: probed
[    0.484735] PPP generic driver version 2.4.2
[    0.484762] tun: Universal TUN/TAP device driver, 1.6
[    0.484763] tun: (C) 1999-2004 Max Krasnyansky <maxk@qualcomm.com>
[    0.484822] ehci_hcd: USB 2.0 'Enhanced' Host Controller (EHCI) Driver
[    0.484936] ACPI: PCI Interrupt Link [LNKC] enabled at IRQ 11
[    0.484939] ehci_hcd 0000:00:1a.7: PCI INT C -> Link[LNKC] -> GSI 11 (level, low) -> IRQ 11
[    0.484947] ehci_hcd 0000:00:1a.7: setting latency timer to 64
[    0.484949] ehci_hcd 0000:00:1a.7: EHCI Host Controller
[    0.484971] ehci_hcd 0000:00:1a.7: new USB bus registered, assigned bus number 1
[    0.484994] ehci_hcd 0000:00:1a.7: debug port 1
[    0.488864] ehci_hcd 0000:00:1a.7: cache line size of 32 is not supported
[    0.488890] ehci_hcd 0000:00:1a.7: irq 11, io mem 0xfe9ff400
[    0.503963] ehci_hcd 0000:00:1a.7: USB 2.0 started, EHCI 1.00
[    0.504044] usb usb1: configuration #1 chosen from 1 choice
[    0.504069] hub 1-0:1.0: USB hub found
[    0.504080] hub 1-0:1.0: 6 ports detected
[    0.504219] ACPI: PCI Interrupt Link [LNKH] enabled at IRQ 3
[    0.504221] PCI: setting IRQ 3 as level-triggered
[    0.504225] ehci_hcd 0000:00:1d.7: PCI INT A -> Link[LNKH] -> GSI 3 (level, low) -> IRQ 3
[    0.504233] ehci_hcd 0000:00:1d.7: setting latency timer to 64
[    0.504235] ehci_hcd 0000:00:1d.7: EHCI Host Controller
[    0.504257] ehci_hcd 0000:00:1d.7: new USB bus registered, assigned bus number 2
[    0.504276] ehci_hcd 0000:00:1d.7: debug port 1
[    0.508151] ehci_hcd 0000:00:1d.7: cache line size of 32 is not supported
[    0.508157] ehci_hcd 0000:00:1d.7: irq 3, io mem 0xfe9ff800
[    0.523963] ehci_hcd 0000:00:1d.7: USB 2.0 started, EHCI 1.00
[    0.524032] usb usb2: configuration #1 chosen from 1 choice
[    0.524055] hub 2-0:1.0: USB hub found
[    0.524060] hub 2-0:1.0: 6 ports detected
[    0.524104] ohci_hcd: USB 1.1 'Open' Host Controller (OHCI) Driver
[    0.524113] uhci_hcd: USB Universal Host Controller Interface driver
[    0.524126] uhci_hcd 0000:00:1a.0: PCI INT A -> Link[LNKA] -> GSI 10 (level, low) -> IRQ 10
[    0.524131] uhci_hcd 0000:00:1a.0: setting latency timer to 64
[    0.524133] uhci_hcd 0000:00:1a.0: UHCI Host Controller
[    0.524155] uhci_hcd 0000:00:1a.0: new USB bus registered, assigned bus number 3
[    0.524175] uhci_hcd 0000:00:1a.0: irq 10, io base 0x0000c000
[    0.524233] usb usb3: configuration #1 chosen from 1 choice
[    0.524254] hub 3-0:1.0: USB hub found
[    0.524258] hub 3-0:1.0: 2 ports detected
[    0.524390] ACPI: PCI Interrupt Link [LNKF] enabled at IRQ 10
[    0.524393] uhci_hcd 0000:00:1a.1: PCI INT B -> Link[LNKF] -> GSI 10 (level, low) -> IRQ 10
[    0.524398] uhci_hcd 0000:00:1a.1: setting latency timer to 64
[    0.524400] uhci_hcd 0000:00:1a.1: UHCI Host Controller
[    0.524425] uhci_hcd 0000:00:1a.1: new USB bus registered, assigned bus number 4
[    0.524444] uhci_hcd 0000:00:1a.1: irq 10, io base 0x0000c080
[    0.524503] usb usb4: configuration #1 chosen from 1 choice
[    0.524521] hub 4-0:1.0: USB hub found
[    0.524525] hub 4-0:1.0: 2 ports detected
[    0.524655] ACPI: PCI Interrupt Link [LNKE] enabled at IRQ 7
[    0.524657] PCI: setting IRQ 7 as level-triggered
[    0.524661] uhci_hcd 0000:00:1a.2: PCI INT D -> Link[LNKE] -> GSI 7 (level, low) -> IRQ 7
[    0.524666] uhci_hcd 0000:00:1a.2: setting latency timer to 64
[    0.524668] uhci_hcd 0000:00:1a.2: UHCI Host Controller
[    0.524690] uhci_hcd 0000:00:1a.2: new USB bus registered, assigned bus number 5
[    0.524710] uhci_hcd 0000:00:1a.2: irq 7, io base 0x0000c400
[    0.524768] usb usb5: configuration #1 chosen from 1 choice
[    0.524785] hub 5-0:1.0: USB hub found
[    0.524790] hub 5-0:1.0: 2 ports detected
[    0.524819] uhci_hcd 0000:00:1d.0: PCI INT A -> Link[LNKH] -> GSI 3 (level, low) -> IRQ 3
[    0.524824] uhci_hcd 0000:00:1d.0: setting latency timer to 64
[    0.524826] uhci_hcd 0000:00:1d.0: UHCI Host Controller
[    0.524846] uhci_hcd 0000:00:1d.0: new USB bus registered, assigned bus number 6
[    0.524864] uhci_hcd 0000:00:1d.0: irq 3, io base 0x0000c480
[    0.524921] usb usb6: configuration #1 chosen from 1 choice
[    0.524940] hub 6-0:1.0: USB hub found
[    0.524944] hub 6-0:1.0: 2 ports detected
[    0.524976] uhci_hcd 0000:00:1d.1: PCI INT B -> Link[LNKE] -> GSI 7 (level, low) -> IRQ 7
[    0.524980] uhci_hcd 0000:00:1d.1: setting latency timer to 64
[    0.524982] uhci_hcd 0000:00:1d.1: UHCI Host Controller
[    0.525004] uhci_hcd 0000:00:1d.1: new USB bus registered, assigned bus number 7
[    0.525022] uhci_hcd 0000:00:1d.1: irq 7, io base 0x0000c800
[    0.525079] usb usb7: configuration #1 chosen from 1 choice
[    0.525098] hub 7-0:1.0: USB hub found
[    0.525102] hub 7-0:1.0: 2 ports detected
[    0.525130] uhci_hcd 0000:00:1d.2: PCI INT C -> Link[LNKC] -> GSI 11 (level, low) -> IRQ 11
[    0.525134] uhci_hcd 0000:00:1d.2: setting latency timer to 64
[    0.525137] uhci_hcd 0000:00:1d.2: UHCI Host Controller
[    0.525157] uhci_hcd 0000:00:1d.2: new USB bus registered, assigned bus number 8
[    0.525175] uhci_hcd 0000:00:1d.2: irq 11, io base 0x0000c880
[    0.525233] usb usb8: configuration #1 chosen from 1 choice
[    0.525251] hub 8-0:1.0: USB hub found
[    0.525255] hub 8-0:1.0: 2 ports detected
[    0.525322] PNP: No PS/2 controller found. Probing ports directly.
[    0.527774] serio: i8042 KBD port at 0x60,0x64 irq 1
[    0.527778] serio: i8042 AUX port at 0x60,0x64 irq 12
[    0.527853] mice: PS/2 mouse device common for all mice
[    0.527932] rtc_cmos 00:03: RTC can wake from S4
[    0.527967] rtc_cmos 00:03: rtc core: registered rtc_cmos as rtc0
[    0.527982] rtc0: alarms up to one month, y3k, 114 bytes nvram, hpet irqs
[    0.528050] device-mapper: uevent: version 1.0.3
[    0.528109] device-mapper: ioctl: 4.15.0-ioctl (2009-04-01) initialised: dm-devel@redhat.com
[    0.528140] device-mapper: multipath: version 1.1.0 loaded
[    0.528142] device-mapper: multipath round-robin: version 1.0.0 loaded
[    0.528211] EISA: Probing bus 0 at eisa.0
[    0.528215] Cannot allocate resource for EISA slot 1
[    0.528232] EISA: Detected 0 cards.
[    0.528260] cpuidle: using governor ladder
[    0.528261] cpuidle: using governor menu
[    0.528491] random 0000 0000 0000 00000000 00000000: rand_read_num 4 get_random_bytes(136): sig 00000000 00000000 00000000
[    0.528494] random 0000 0000 0000 00000000 00000000: extract_entropy(.. 136 ..)
[    0.528496] random 0000 0000 0000 00000000 00000000: going to reseed nonblocking with 1024 bits (1088 of 0 requested)
[    0.528499] random 0000 0000 0000 00000000 00000000: extract_entropy(.. 128 ..)
[    0.528501] random 0000 0000 0000 00000000 00000000: trying to extract 1024 bits from input
[    0.528503] random 0000 0000 0000 00000000 00000000: debiting 0 entropy credits from input
[    0.528506] random 0000 0000 0000 00000000 00000000: trying to extract 1088 bits from nonblocking
[    0.528508] random 0000 0000 0000 00000000 00000000: debiting 1088 entropy credits from nonblocking (unlimited)
[    0.528537] TCP cubic registered
[    0.528645] NET: Registered protocol family 10
[    0.528682] random 0000 0000 0000 9ff19f9c c07a1d2a: rand_read_num 5 get_random_bytes(4): sig 0000031b 9ff19f9c c07a1d2a
[    0.528684] random 0000 0000 0000 9ff19f9c c07a1d2a: extract_entropy(.. 4 ..)
[    0.528687] random 0000 0000 0000 9ff19f9c c07a1d2a: going to reseed nonblocking with 64 bits (32 of 0 requested)
[    0.528689] random 0000 0000 0000 9ff19f9c c07a1d2a: extract_entropy(.. 8 ..)
[    0.528691] random 0000 0000 0000 9ff19f9c c07a1d2a: trying to extract 64 bits from input
[    0.528693] random 0000 0000 0000 9ff19f9c c07a1d2a: debiting 0 entropy credits from input
[    0.528696] random 0000 0000 0000 9ff19f9c c07a1d2a: trying to extract 32 bits from nonblocking
[    0.528698] random 0000 0000 0000 9ff19f9c c07a1d2a: debiting 32 entropy credits from nonblocking (unlimited)
[    0.529149] NET: Registered protocol family 17
[    0.529423] Using IPI No-Shortcut mode
[    0.529429] random 0000 0000 0000 277f73c3 42024bb9: rand_read_num 6 get_random_bytes(8): sig 000007e9 277f73c3 42024bb9
[    0.529432] random 0000 0000 0000 277f73c3 42024bb9: extract_entropy(.. 8 ..)
[    0.529434] random 0000 0000 0000 277f73c3 42024bb9: going to reseed nonblocking with 64 bits (64 of 0 requested)
[    0.529436] random 0000 0000 0000 277f73c3 42024bb9: extract_entropy(.. 8 ..)
[    0.529439] random 0000 0000 0000 277f73c3 42024bb9: trying to extract 64 bits from input
[    0.529441] random 0000 0000 0000 277f73c3 42024bb9: debiting 0 entropy credits from input
[    0.529443] random 0000 0000 0000 277f73c3 42024bb9: trying to extract 64 bits from nonblocking
[    0.529445] random 0000 0000 0000 277f73c3 42024bb9: debiting 64 entropy credits from nonblocking (unlimited)
[    0.529489] PM: Resume from disk failed.
[    0.529498] registered taskstats version 1
[    0.529501] random 0000 0000 0000 277f73c3 42024bb9: rand_read_num 7 get_random_bytes(12): sig 00000498 277f73c3 42024bb9
[    0.529503] random 0000 0000 0000 277f73c3 42024bb9: extract_entropy(.. 12 ..)
[    0.529505] random 0000 0000 0000 277f73c3 42024bb9: going to reseed nonblocking with 96 bits (96 of 0 requested)
[    0.529508] random 0000 0000 0000 277f73c3 42024bb9: extract_entropy(.. 12 ..)
[    0.529510] random 0000 0000 0000 277f73c3 42024bb9: trying to extract 96 bits from input
[    0.529512] random 0000 0000 0000 277f73c3 42024bb9: debiting 0 entropy credits from input
[    0.529514] random 0000 0000 0000 277f73c3 42024bb9: trying to extract 96 bits from nonblocking
[    0.529517] random 0000 0000 0000 277f73c3 42024bb9: debiting 96 entropy credits from nonblocking (unlimited)
[    0.529766] random 0000 0000 0000 412698f6 0cc8689a: rand_read_num 8 get_random_bytes(64): sig 00000122 412698f6 0cc8689a
[    0.529769] random 0000 0000 0000 412698f6 0cc8689a: extract_entropy(.. 64 ..)
[    0.529771] random 0000 0000 0000 412698f6 0cc8689a: going to reseed nonblocking with 512 bits (512 of 0 requested)
[    0.529774] random 0000 0000 0000 412698f6 0cc8689a: extract_entropy(.. 64 ..)
[    0.529776] random 0000 0000 0000 412698f6 0cc8689a: trying to extract 512 bits from input
[    0.529778] random 0000 0000 0000 412698f6 0cc8689a: debiting 0 entropy credits from input
[    0.529780] random 0000 0000 0000 412698f6 0cc8689a: trying to extract 512 bits from nonblocking
[    0.529783] random 0000 0000 0000 412698f6 0cc8689a: debiting 512 entropy credits from nonblocking (unlimited)
[    0.529796]   Magic number: 5:62:758
[    0.529842] rtc_cmos 00:03: setting system clock to 2013-03-26 23:42:58 UTC (1364341378)
[    0.529844] BIOS EDD facility v0.16 2004-Jun-25, 0 devices found
[    0.529845] EDD information not available.
[    0.529867] random 0000 0000 0000 70cfd302 e5edec11: rand_read_num 9 get_random_bytes(64): sig fffffdc1 70cfd302 e5edec11
[    0.529870] random 0000 0000 0000 70cfd302 e5edec11: extract_entropy(.. 64 ..)
[    0.529872] random 0000 0000 0000 70cfd302 e5edec11: going to reseed nonblocking with 512 bits (512 of 0 requested)
[    0.529874] random 0000 0000 0000 70cfd302 e5edec11: extract_entropy(.. 64 ..)
[    0.529876] random 0000 0000 0000 70cfd302 e5edec11: trying to extract 512 bits from input
[    0.529878] random 0000 0000 0000 70cfd302 e5edec11: debiting 0 entropy credits from input
[    0.529881] random 0000 0000 0000 70cfd302 e5edec11: trying to extract 512 bits from nonblocking
[    0.529883] random 0000 0000 0000 70cfd302 e5edec11: debiting 512 entropy credits from nonblocking (unlimited)
[    0.529896] BEGIN NET_SECRET:
[    0.529897] \x18
[    0.529898] \x5c
[    0.529899] \x2b
[    0.529900] \x1
[    0.529901] \xffffff90
[    0.529902] \x19
[    0.529903] \x3c
[    0.529904] \xfffffff2
[    0.529905] \xffffff82
[    0.529906] \x2a
[    0.529907] \xffffffb3
[    0.529908] \xffffffa2
[    0.529908] \x3f
[    0.529909] \x5
[    0.529910] \x52
[    0.529911] \x77
[    0.529912] \x57
[    0.529912] \x79
[    0.529913] \x16
[    0.529914] \x43
[    0.529915] \xffffff84
[    0.529916] \xffffffc3
[    0.529917] \xffffffe9
[    0.529917] \x79
[    0.529918] \x50
[    0.529919] \xffffff8e
[    0.529920] \x3f
[    0.529921] \xfffffff3
[    0.529922] \x19
[    0.529922] \x2a
[    0.529923] \xfffffffd
[    0.529924] \xfffffffb
[    0.529925] \x62
[    0.529926] \x3c
[    0.529927] \xffffffac
[    0.529927] \x1c
[    0.529928] \x3b
[    0.529929] \x3b
[    0.529930] \x15
[    0.529931] \x27
[    0.529931] \xffffffa8
[    0.529932] \x22
[    0.529933] \xffffffc5
[    0.529934] \xffffff9a
[    0.529935] \x5
[    0.529936] \x6c
[    0.529937] \xffffffa8
[    0.529937] \x3a
[    0.529938] \x44
[    0.529939] \xffffffaf
[    0.529940] \x13
[    0.529941] \xffffffe0
[    0.529942] \xffffff9d
[    0.529942] \x22
[    0.529943] \xf
[    0.529944] \xffffffc9
[    0.529945] \x6c
[    0.529946] \x28
[    0.529947] \xffffff87
[    0.529948] \x79
[    0.529948] \x69
[    0.529949] \xffffff91
[    0.529950] \xffffff8a
[    0.529951] \xfffffff9
[    0.529952] 
[    0.529952] END NET_SECRET
[    0.529955] random 0000 0000 0000 e7f555d9 e8ce5c3c: rand_read_num 10 get_random_bytes(4): sig ffffff72 e7f555d9 e8ce5c3c
[    0.529957] random 0000 0000 0000 e7f555d9 e8ce5c3c: extract_entropy(.. 4 ..)
[    0.529960] random 0000 0000 0000 e7f555d9 e8ce5c3c: going to reseed nonblocking with 64 bits (32 of 0 requested)
[    0.529962] random 0000 0000 0000 e7f555d9 e8ce5c3c: extract_entropy(.. 8 ..)
[    0.529964] random 0000 0000 0000 e7f555d9 e8ce5c3c: trying to extract 64 bits from input
[    0.529966] random 0000 0000 0000 e7f555d9 e8ce5c3c: debiting 0 entropy credits from input
[    0.529968] random 0000 0000 0000 e7f555d9 e8ce5c3c: trying to extract 32 bits from nonblocking
[    0.529971] random 0000 0000 0000 e7f555d9 e8ce5c3c: debiting 32 entropy credits from nonblocking (unlimited)
[    0.815965] usb 1-6: new high speed USB device using ehci_hcd and address 2
[    1.031354] usb 1-6: configuration #1 chosen from 1 choice
[    1.280061] ata1.00: SATA link up 3.0 Gbps (SStatus 123 SControl 300)
[    1.280071] ata1.01: SATA link down (SStatus 0 SControl 300)
[    1.284057] ata2.00: SATA link up 1.5 Gbps (SStatus 113 SControl 300)
[    1.284068] ata2.01: SATA link down (SStatus 0 SControl 300)
[    1.284078] ata2.01: link offline, clearing class 3 to NONE
[    1.288345] ata2.00: ATAPI: TSSTcorp CDDVDW TS-H653R, 0301, max UDMA/33
[    1.288431] ata1.00: ATA-8: WDC WD6400AAKS-65A7B2, 01.03B01, max UDMA/133
[    1.288434] ata1.00: 1250263728 sectors, multi 16: LBA48 NCQ (depth 0/32)
[    1.304361] ata1.00: configured for UDMA/133
[    1.304444] scsi 0:0:0:0: Direct-Access     ATA      WDC WD6400AAKS-6 01.0 PQ: 0 ANSI: 5
[    1.304520] sd 0:0:0:0: Attached scsi generic sg0 type 0
[    1.304566] sd 0:0:0:0: [sda] 1250263728 512-byte logical blocks: (640 GB/596 GiB)
[    1.304599] sd 0:0:0:0: [sda] Write Protect is off
[    1.304601] sd 0:0:0:0: [sda] Mode Sense: 00 3a 00 00
[    1.304619] sd 0:0:0:0: [sda] Write cache: enabled, read cache: enabled, doesn't support DPO or FUA
[    1.304705]  sda:
[    1.304800] ata2.00: configured for UDMA/33
[    1.305736] scsi 1:0:0:0: CD-ROM            TSSTcorp CDDVDW TS-H653R  0301 PQ: 0 ANSI: 5
[    1.310246] random 0000 0000 0000 91716c54 eeb6a1e7: add_disk_randomness(8:0) 91716c54 eeb6a1e7
[    1.310249] random 0000 0000 0000 91716c54 eeb6a1e7: add_timer_randomness(.. 8388864)
[    1.310253] random 0000 0000 0000 91716c54 eeb6a1e7: added 11 entropy credits to input
[    1.310264]  sda1 sda2 <sr0: scsi3-mmc drive: 40x/40x writer dvd-ram cd/rw xa/form2 cdda tray
[    1.310655] Uniform CD-ROM driver Revision: 3.20
[    1.310721] sr 1:0:0:0: Attached scsi CD-ROM sr0
[    1.310760] sr 1:0:0:0: Attached scsi generic sg1 type 5
[    1.339968] random 0011 0000 0000 91716c54 eeb6a1e7: add_disk_randomness(8:0) 91716c54 eeb6a1e7
[    1.339971] random 0011 0000 0000 91716c54 eeb6a1e7: add_timer_randomness(.. 8388864)
[    1.339975] random 0011 0000 0000 91716c54 eeb6a1e7: added 2 entropy credits to input
[    1.339982]  sda5 >
[    1.340179] sd 0:0:0:0: [sda] Attached SCSI disk
[    1.340188] md: Waiting for all devices to be available before autodetect
[    1.340190] md: If you don't use raid, use raid=noautodetect
[    1.340250] md: Autodetecting RAID arrays.
[    1.340252] md: Scanned 0 and added 0 devices.
[    1.340253] md: autorun ...
[    1.340254] md: ... autorun DONE.
[    1.368468] random 0013 0000 0000 91716c54 eeb6a1e7: add_disk_randomness(8:0) 91716c54 eeb6a1e7
[    1.368471] random 0013 0000 0000 91716c54 eeb6a1e7: add_timer_randomness(.. 8388864)
[    1.368481] EXT3-fs: sda1: couldn't mount because of unsupported optional features (240).
[    1.369103] random 0013 0000 0000 91716c54 eeb6a1e7: add_disk_randomness(8:0) 91716c54 eeb6a1e7
[    1.369106] random 0013 0000 0000 91716c54 eeb6a1e7: add_timer_randomness(.. 8388864)
[    1.369115] EXT2-fs: sda1: couldn't mount because of unsupported optional features (240).
[    1.369309] random 0013 0000 0000 91716c54 eeb6a1e7: add_disk_randomness(8:0) 91716c54 eeb6a1e7
[    1.369312] random 0013 0000 0000 91716c54 eeb6a1e7: add_timer_randomness(.. 8388864)
[    1.376817] random 0013 0000 0000 91716c54 eeb6a1e7: add_disk_randomness(8:0) 91716c54 eeb6a1e7
[    1.376820] random 0013 0000 0000 91716c54 eeb6a1e7: add_timer_randomness(.. 8388864)
[    1.376823] random 0013 0000 0000 91716c54 eeb6a1e7: added 1 entropy credits to input
[    1.376990] random 0014 0000 0000 91716c54 eeb6a1e7: add_disk_randomness(8:0) 91716c54 eeb6a1e7
[    1.376993] random 0014 0000 0000 91716c54 eeb6a1e7: add_timer_randomness(.. 8388864)
[    1.377139] random 0014 0000 0000 91716c54 eeb6a1e7: add_disk_randomness(8:0) 91716c54 eeb6a1e7
[    1.377142] random 0014 0000 0000 91716c54 eeb6a1e7: add_timer_randomness(.. 8388864)
[    1.377290] random 0014 0000 0000 91716c54 eeb6a1e7: add_disk_randomness(8:0) 91716c54 eeb6a1e7
[    1.377293] random 0014 0000 0000 91716c54 eeb6a1e7: add_timer_randomness(.. 8388864)
[    1.377438] random 0014 0000 0000 91716c54 eeb6a1e7: add_disk_randomness(8:0) 91716c54 eeb6a1e7
[    1.377441] random 0014 0000 0000 91716c54 eeb6a1e7: add_timer_randomness(.. 8388864)
[    1.377588] random 0014 0000 0000 91716c54 eeb6a1e7: add_disk_randomness(8:0) 91716c54 eeb6a1e7
[    1.377591] random 0014 0000 0000 91716c54 eeb6a1e7: add_timer_randomness(.. 8388864)
[    1.377739] random 0014 0000 0000 91716c54 eeb6a1e7: add_disk_randomness(8:0) 91716c54 eeb6a1e7
[    1.377742] random 0014 0000 0000 91716c54 eeb6a1e7: add_timer_randomness(.. 8388864)
[    1.377889] random 0014 0000 0000 91716c54 eeb6a1e7: add_disk_randomness(8:0) 91716c54 eeb6a1e7
[    1.377892] random 0014 0000 0000 91716c54 eeb6a1e7: add_timer_randomness(.. 8388864)
[    1.378040] random 0014 0000 0000 91716c54 eeb6a1e7: add_disk_randomness(8:0) 91716c54 eeb6a1e7
[    1.378043] random 0014 0000 0000 91716c54 eeb6a1e7: add_timer_randomness(.. 8388864)
[    1.384016] usb 7-2: new low speed USB device using uhci_hcd and address 2
[    1.386195] random 0014 0000 0000 91716c54 eeb6a1e7: add_disk_randomness(8:0) 91716c54 eeb6a1e7
[    1.386198] random 0014 0000 0000 91716c54 eeb6a1e7: add_timer_randomness(.. 8388864)
[    1.386201] random 0014 0000 0000 91716c54 eeb6a1e7: added 1 entropy credits to input
[    1.386422] random 0015 0000 0000 91716c54 eeb6a1e7: add_disk_randomness(8:0) 91716c54 eeb6a1e7
[    1.386425] random 0015 0000 0000 91716c54 eeb6a1e7: add_timer_randomness(.. 8388864)
[    1.386660] random 0015 0000 0000 91716c54 eeb6a1e7: add_disk_randomness(8:0) 91716c54 eeb6a1e7
[    1.386663] random 0015 0000 0000 91716c54 eeb6a1e7: add_timer_randomness(.. 8388864)
[    1.386897] random 0015 0000 0000 91716c54 eeb6a1e7: add_disk_randomness(8:0) 91716c54 eeb6a1e7
[    1.386899] random 0015 0000 0000 91716c54 eeb6a1e7: add_timer_randomness(.. 8388864)
[    1.387084] random 0015 0000 0000 91716c54 eeb6a1e7: add_disk_randomness(8:0) 91716c54 eeb6a1e7
[    1.387086] random 0015 0000 0000 91716c54 eeb6a1e7: add_timer_randomness(.. 8388864)
[    1.387261] random 0015 0000 0000 91716c54 eeb6a1e7: add_disk_randomness(8:0) 91716c54 eeb6a1e7
[    1.387264] random 0015 0000 0000 91716c54 eeb6a1e7: add_timer_randomness(.. 8388864)
[    1.387442] random 0015 0000 0000 91716c54 eeb6a1e7: add_disk_randomness(8:0) 91716c54 eeb6a1e7
[    1.387445] random 0015 0000 0000 91716c54 eeb6a1e7: add_timer_randomness(.. 8388864)
[    1.387623] random 0015 0000 0000 91716c54 eeb6a1e7: add_disk_randomness(8:0) 91716c54 eeb6a1e7
[    1.387626] random 0015 0000 0000 91716c54 eeb6a1e7: add_timer_randomness(.. 8388864)
[    1.387804] random 0015 0000 0000 91716c54 eeb6a1e7: add_disk_randomness(8:0) 91716c54 eeb6a1e7
[    1.387807] random 0015 0000 0000 91716c54 eeb6a1e7: add_timer_randomness(.. 8388864)
[    1.387991] random 0015 0000 0000 91716c54 eeb6a1e7: add_disk_randomness(8:0) 91716c54 eeb6a1e7
[    1.387993] random 0015 0000 0000 91716c54 eeb6a1e7: add_timer_randomness(.. 8388864)
[    1.388167] random 0015 0000 0000 91716c54 eeb6a1e7: add_disk_randomness(8:0) 91716c54 eeb6a1e7
[    1.388170] random 0015 0000 0000 91716c54 eeb6a1e7: add_timer_randomness(.. 8388864)
[    1.388352] random 0015 0000 0000 91716c54 eeb6a1e7: add_disk_randomness(8:0) 91716c54 eeb6a1e7
[    1.388355] random 0015 0000 0000 91716c54 eeb6a1e7: add_timer_randomness(.. 8388864)
[    1.388531] random 0015 0000 0000 91716c54 eeb6a1e7: add_disk_randomness(8:0) 91716c54 eeb6a1e7
[    1.388534] random 0015 0000 0000 91716c54 eeb6a1e7: add_timer_randomness(.. 8388864)
[    1.388710] random 0015 0000 0000 91716c54 eeb6a1e7: add_disk_randomness(8:0) 91716c54 eeb6a1e7
[    1.388713] random 0015 0000 0000 91716c54 eeb6a1e7: add_timer_randomness(.. 8388864)
[    1.388889] random 0015 0000 0000 91716c54 eeb6a1e7: add_disk_randomness(8:0) 91716c54 eeb6a1e7
[    1.388892] random 0015 0000 0000 91716c54 eeb6a1e7: add_timer_randomness(.. 8388864)
[    1.389069] random 0015 0000 0000 91716c54 eeb6a1e7: add_disk_randomness(8:0) 91716c54 eeb6a1e7
[    1.389072] random 0015 0000 0000 91716c54 eeb6a1e7: add_timer_randomness(.. 8388864)
[    1.389248] random 0015 0000 0000 91716c54 eeb6a1e7: add_disk_randomness(8:0) 91716c54 eeb6a1e7
[    1.389251] random 0015 0000 0000 91716c54 eeb6a1e7: add_timer_randomness(.. 8388864)
[    1.389429] random 0015 0000 0000 91716c54 eeb6a1e7: add_disk_randomness(8:0) 91716c54 eeb6a1e7
[    1.389432] random 0015 0000 0000 91716c54 eeb6a1e7: add_timer_randomness(.. 8388864)
[    1.389610] random 0015 0000 0000 91716c54 eeb6a1e7: add_disk_randomness(8:0) 91716c54 eeb6a1e7
[    1.389613] random 0015 0000 0000 91716c54 eeb6a1e7: add_timer_randomness(.. 8388864)
[    1.389791] random 0015 0000 0000 91716c54 eeb6a1e7: add_disk_randomness(8:0) 91716c54 eeb6a1e7
[    1.389794] random 0015 0000 0000 91716c54 eeb6a1e7: add_timer_randomness(.. 8388864)
[    1.389973] random 0015 0000 0000 91716c54 eeb6a1e7: add_disk_randomness(8:0) 91716c54 eeb6a1e7
[    1.389975] random 0015 0000 0000 91716c54 eeb6a1e7: add_timer_randomness(.. 8388864)
[    1.390152] random 0015 0000 0000 91716c54 eeb6a1e7: add_disk_randomness(8:0) 91716c54 eeb6a1e7
[    1.390155] random 0015 0000 0000 91716c54 eeb6a1e7: add_timer_randomness(.. 8388864)
[    1.390337] random 0015 0000 0000 91716c54 eeb6a1e7: add_disk_randomness(8:0) 91716c54 eeb6a1e7
[    1.390340] random 0015 0000 0000 91716c54 eeb6a1e7: add_timer_randomness(.. 8388864)
[    1.390515] random 0015 0000 0000 91716c54 eeb6a1e7: add_disk_randomness(8:0) 91716c54 eeb6a1e7
[    1.390518] random 0015 0000 0000 91716c54 eeb6a1e7: add_timer_randomness(.. 8388864)
[    1.390697] random 0015 0000 0000 91716c54 eeb6a1e7: add_disk_randomness(8:0) 91716c54 eeb6a1e7
[    1.390700] random 0015 0000 0000 91716c54 eeb6a1e7: add_timer_randomness(.. 8388864)
[    1.390879] random 0015 0000 0000 91716c54 eeb6a1e7: add_disk_randomness(8:0) 91716c54 eeb6a1e7
[    1.390882] random 0015 0000 0000 91716c54 eeb6a1e7: add_timer_randomness(.. 8388864)
[    1.391058] random 0015 0000 0000 91716c54 eeb6a1e7: add_disk_randomness(8:0) 91716c54 eeb6a1e7
[    1.391061] random 0015 0000 0000 91716c54 eeb6a1e7: add_timer_randomness(.. 8388864)
[    1.391240] random 0015 0000 0000 91716c54 eeb6a1e7: add_disk_randomness(8:0) 91716c54 eeb6a1e7
[    1.391243] random 0015 0000 0000 91716c54 eeb6a1e7: add_timer_randomness(.. 8388864)
[    1.391421] random 0015 0000 0000 91716c54 eeb6a1e7: add_disk_randomness(8:0) 91716c54 eeb6a1e7
[    1.391423] random 0015 0000 0000 91716c54 eeb6a1e7: add_timer_randomness(.. 8388864)
[    1.392983] random 0015 0000 0000 91716c54 eeb6a1e7: rand_read_num 11 get_random_bytes(4): sig fffffcad 91716c54 eeb6a1e7
[    1.392986] random 0015 0000 0000 91716c54 eeb6a1e7: extract_entropy(.. 4 ..)
[    1.392988] random 0015 0000 0000 91716c54 eeb6a1e7: going to reseed nonblocking with 64 bits (32 of 0 requested)
[    1.392991] random 0015 0000 0000 91716c54 eeb6a1e7: extract_entropy(.. 8 ..)
[    1.392993] random 0015 0000 0000 91716c54 eeb6a1e7: trying to extract 64 bits from input
[    1.392995] random 0015 0000 0000 91716c54 eeb6a1e7: debiting 0 entropy credits from input
[    1.392997] random 0015 0000 0000 91716c54 eeb6a1e7: trying to extract 32 bits from nonblocking
[    1.393000] random 0015 0000 0000 91716c54 eeb6a1e7: debiting 32 entropy credits from nonblocking (unlimited)
[    1.397967] random 0015 0000 0000 fd637b06 6cf47bc1: add_disk_randomness(8:0) fd637b06 6cf47bc1
[    1.397970] random 0015 0000 0000 fd637b06 6cf47bc1: add_timer_randomness(.. 8388864)
[    1.397973] random 0015 0000 0000 fd637b06 6cf47bc1: added 1 entropy credits to input
[    1.419092] random 0016 0000 0000 fd637b06 6cf47bc1: add_disk_randomness(8:0) fd637b06 6cf47bc1
[    1.419095] random 0016 0000 0000 fd637b06 6cf47bc1: add_timer_randomness(.. 8388864)
[    1.461504] EXT4-fs (sda1): mounted filesystem with ordered data mode
[    1.461512] VFS: Mounted root (ext4 filesystem) readonly on device 8:1.
[    1.476861] random 0016 0000 0000 fd637b06 6cf47bc1: add_disk_randomness(8:0) fd637b06 6cf47bc1
[    1.476864] random 0016 0000 0000 fd637b06 6cf47bc1: add_timer_randomness(.. 8388864)
[    1.476868] random 0016 0000 0000 fd637b06 6cf47bc1: added 2 entropy credits to input
[    1.498290] random 0018 0000 0000 fd637b06 6cf47bc1: add_disk_randomness(8:0) fd637b06 6cf47bc1
[    1.498293] random 0018 0000 0000 fd637b06 6cf47bc1: add_timer_randomness(.. 8388864)
[    1.498296] random 0018 0000 0000 fd637b06 6cf47bc1: added 2 entropy credits to input
[    1.498306] devtmpfs: mounted
[    1.498323] Freeing unused kernel memory: 676k freed
[    1.498544] Write protecting the kernel text: 4764k
[    1.498583] Write protecting the kernel read-only data: 1836k
[    1.520272] random 0020 0000 0000 fd637b06 6cf47bc1: add_disk_randomness(8:0) fd637b06 6cf47bc1
[    1.520275] random 0020 0000 0000 fd637b06 6cf47bc1: add_timer_randomness(.. 8388864)
[    1.528392] random 0020 0000 0000 fd637b06 6cf47bc1: add_disk_randomness(8:0) fd637b06 6cf47bc1
[    1.528395] random 0020 0000 0000 fd637b06 6cf47bc1: add_timer_randomness(.. 8388864)
[    1.528399] random 0020 0000 0000 fd637b06 6cf47bc1: added 1 entropy credits to input
[    1.536674] random 0021 0000 0000 fd637b06 6cf47bc1: add_disk_randomness(8:0) fd637b06 6cf47bc1
[    1.536677] random 0021 0000 0000 fd637b06 6cf47bc1: add_timer_randomness(.. 8388864)
[    1.536703] Loading Elf Binary for pid: 1 comm: swapper
[    1.550815] random 0021 0000 0000 fd637b06 6cf47bc1: add_disk_randomness(8:0) fd637b06 6cf47bc1
[    1.550818] random 0021 0000 0000 fd637b06 6cf47bc1: add_timer_randomness(.. 8388864)
[    1.558942] random 0021 0000 0000 fd637b06 6cf47bc1: add_disk_randomness(8:0) fd637b06 6cf47bc1
[    1.558945] random 0021 0000 0000 fd637b06 6cf47bc1: add_timer_randomness(.. 8388864)
[    1.560986] random 0021 0000 0000 fd637b06 6cf47bc1: add_disk_randomness(8:0) fd637b06 6cf47bc1
[    1.560988] random 0021 0000 0000 fd637b06 6cf47bc1: add_timer_randomness(.. 8388864)
[    1.564126] usb 7-2: configuration #1 chosen from 1 choice
[    1.572268] random 0021 0000 0000 fd637b06 6cf47bc1: add_disk_randomness(8:0) fd637b06 6cf47bc1
[    1.572271] random 0021 0000 0000 fd637b06 6cf47bc1: add_timer_randomness(.. 8388864)
[    1.572275] random 0021 0000 0000 fd637b06 6cf47bc1: added 1 entropy credits to input
[    1.582094] random 0022 0000 0000 fd637b06 6cf47bc1: add_disk_randomness(8:0) fd637b06 6cf47bc1
[    1.582097] random 0022 0000 0000 fd637b06 6cf47bc1: add_timer_randomness(.. 8388864)
[    1.582579] random 0022 0000 0000 fd637b06 6cf47bc1: add_disk_randomness(8:0) fd637b06 6cf47bc1
[    1.582582] random 0022 0000 0000 fd637b06 6cf47bc1: add_timer_randomness(.. 8388864)
[    1.583377] random 0022 0000 0000 fd637b06 6cf47bc1: add_disk_randomness(8:0) fd637b06 6cf47bc1
[    1.583380] random 0022 0000 0000 fd637b06 6cf47bc1: add_timer_randomness(.. 8388864)
[    1.583399] random 0022 0000 0000 fd637b06 6cf47bc1: rand_read_num 12 get_random_bytes(16): sig fffffede fd637b06 6cf47bc1
[    1.583402] random 0022 0000 0000 fd637b06 6cf47bc1: extract_entropy(.. 16 ..)
[    1.583405] random 0022 0000 0000 fd637b06 6cf47bc1: going to reseed nonblocking with 128 bits (128 of 0 requested)
[    1.583408] random 0022 0000 0000 fd637b06 6cf47bc1: extract_entropy(.. 16 ..)
[    1.583411] random 0022 0000 0000 fd637b06 6cf47bc1: trying to extract 128 bits from input
[    1.583414] random 0022 0000 0000 fd637b06 6cf47bc1: debiting 0 entropy credits from input
[    1.583417] random 0022 0000 0000 fd637b06 6cf47bc1: trying to extract 128 bits from nonblocking
[    1.583420] random 0022 0000 0000 fd637b06 6cf47bc1: debiting 128 entropy credits from nonblocking (unlimited)
[    1.583734] random 0022 0000 0000 0ec1f012 d4727ca8: add_disk_randomness(8:0) 0ec1f012 d4727ca8
[    1.583737] random 0022 0000 0000 0ec1f012 d4727ca8: add_timer_randomness(.. 8388864)
[    1.602312] random 0022 0000 0000 0ec1f012 d4727ca8: add_disk_randomness(8:0) 0ec1f012 d4727ca8
[    1.602315] random 0022 0000 0000 0ec1f012 d4727ca8: add_timer_randomness(.. 8388864)
[    1.602318] random 0022 0000 0000 0ec1f012 d4727ca8: added 2 entropy credits to input
[    1.609549] random 0024 0000 0000 0ec1f012 d4727ca8: add_disk_randomness(8:0) 0ec1f012 d4727ca8
[    1.609552] random 0024 0000 0000 0ec1f012 d4727ca8: add_timer_randomness(.. 8388864)
[    1.609555] random 0024 0000 0000 0ec1f012 d4727ca8: added 1 entropy credits to input
[    1.609832] random 0025 0000 0000 0ec1f012 d4727ca8: add_disk_randomness(8:0) 0ec1f012 d4727ca8
[    1.609835] random 0025 0000 0000 0ec1f012 d4727ca8: add_timer_randomness(.. 8388864)
[    1.613538] random 0025 0000 0000 0ec1f012 d4727ca8: add_disk_randomness(8:0) 0ec1f012 d4727ca8
[    1.613541] random 0025 0000 0000 0ec1f012 d4727ca8: add_timer_randomness(.. 8388864)
[    1.629855] random 0025 0000 0000 0ec1f012 d4727ca8: add_disk_randomness(8:0) 0ec1f012 d4727ca8
[    1.629858] random 0025 0000 0000 0ec1f012 d4727ca8: add_timer_randomness(.. 8388864)
[    1.629861] random 0025 0000 0000 0ec1f012 d4727ca8: added 1 entropy credits to input
[    1.653948] random 0026 0000 0000 0ec1f012 d4727ca8: add_disk_randomness(8:0) 0ec1f012 d4727ca8
[    1.653951] random 0026 0000 0000 0ec1f012 d4727ca8: add_timer_randomness(.. 8388864)
[    1.654804] random 0026 0000 0000 0ec1f012 d4727ca8: add_disk_randomness(8:0) 0ec1f012 d4727ca8
[    1.654807] random 0026 0000 0000 0ec1f012 d4727ca8: add_timer_randomness(.. 8388864)
[    1.655000] random 0026 0000 0000 0ec1f012 d4727ca8: add_disk_randomness(8:0) 0ec1f012 d4727ca8
[    1.655003] random 0026 0000 0000 0ec1f012 d4727ca8: add_timer_randomness(.. 8388864)
[    1.662032] random 0026 0000 0000 0ec1f012 d4727ca8: add_disk_randomness(8:0) 0ec1f012 d4727ca8
[    1.662035] random 0026 0000 0000 0ec1f012 d4727ca8: add_timer_randomness(.. 8388864)
[    1.662039] random 0026 0000 0000 0ec1f012 d4727ca8: added 1 entropy credits to input
[    1.662298] random 0027 0000 0000 0ec1f012 d4727ca8: add_disk_randomness(8:0) 0ec1f012 d4727ca8
[    1.662301] random 0027 0000 0000 0ec1f012 d4727ca8: add_timer_randomness(.. 8388864)
[    1.671319] random 0027 0000 0000 0ec1f012 d4727ca8: add_disk_randomness(8:0) 0ec1f012 d4727ca8
[    1.671322] random 0027 0000 0000 0ec1f012 d4727ca8: add_timer_randomness(.. 8388864)
[    1.671325] random 0027 0000 0000 0ec1f012 d4727ca8: added 1 entropy credits to input
[    1.674977] random 0028 0000 0000 0ec1f012 d4727ca8: add_disk_randomness(8:0) 0ec1f012 d4727ca8
[    1.674980] random 0028 0000 0000 0ec1f012 d4727ca8: add_timer_randomness(.. 8388864)
[    1.675666] random 0028 0000 0000 0ec1f012 d4727ca8: add_disk_randomness(8:0) 0ec1f012 d4727ca8
[    1.675669] random 0028 0000 0000 0ec1f012 d4727ca8: add_timer_randomness(.. 8388864)
[    1.675858] random 0028 0000 0000 0ec1f012 d4727ca8: add_disk_randomness(8:0) 0ec1f012 d4727ca8
[    1.675861] random 0028 0000 0000 0ec1f012 d4727ca8: add_timer_randomness(.. 8388864)
[    1.676034] random 0028 0000 0000 0ec1f012 d4727ca8: add_disk_randomness(8:0) 0ec1f012 d4727ca8
[    1.676037] random 0028 0000 0000 0ec1f012 d4727ca8: add_timer_randomness(.. 8388864)
[    1.676195] random 0028 0000 0000 0ec1f012 d4727ca8: add_disk_randomness(8:0) 0ec1f012 d4727ca8
[    1.676198] random 0028 0000 0000 0ec1f012 d4727ca8: add_timer_randomness(.. 8388864)
[    1.683202] random 0028 0000 0000 0ec1f012 d4727ca8: add_disk_randomness(8:0) 0ec1f012 d4727ca8
[    1.683205] random 0028 0000 0000 0ec1f012 d4727ca8: add_timer_randomness(.. 8388864)
[    1.685380] random 0028 0000 0000 0ec1f012 d4727ca8: add_disk_randomness(8:0) 0ec1f012 d4727ca8
[    1.685384] random 0028 0000 0000 0ec1f012 d4727ca8: add_timer_randomness(.. 8388864)
[    1.692541] random 0028 0000 0000 0ec1f012 d4727ca8: add_disk_randomness(8:0) 0ec1f012 d4727ca8
[    1.692544] random 0028 0000 0000 0ec1f012 d4727ca8: add_timer_randomness(.. 8388864)
[    1.692815] random 0028 0000 0000 0ec1f012 d4727ca8: add_disk_randomness(8:0) 0ec1f012 d4727ca8
[    1.692818] random 0028 0000 0000 0ec1f012 d4727ca8: add_timer_randomness(.. 8388864)
[    1.701802] random 0028 0000 0000 0ec1f012 d4727ca8: add_disk_randomness(8:0) 0ec1f012 d4727ca8
[    1.701805] random 0028 0000 0000 0ec1f012 d4727ca8: add_timer_randomness(.. 8388864)
[    1.701809] random 0028 0000 0000 0ec1f012 d4727ca8: added 1 entropy credits to input
[    1.706536] random 0029 0000 0000 0ec1f012 d4727ca8: add_disk_randomness(8:0) 0ec1f012 d4727ca8
[    1.706539] random 0029 0000 0000 0ec1f012 d4727ca8: add_timer_randomness(.. 8388864)
[    1.712605] random 0029 0000 0000 0ec1f012 d4727ca8: add_disk_randomness(8:0) 0ec1f012 d4727ca8
[    1.712608] random 0029 0000 0000 0ec1f012 d4727ca8: add_timer_randomness(.. 8388864)
[    1.712848] random 0029 0000 0000 0ec1f012 d4727ca8: add_disk_randomness(8:0) 0ec1f012 d4727ca8
[    1.712852] random 0029 0000 0000 0ec1f012 d4727ca8: add_timer_randomness(.. 8388864)
[    1.713108] random 0029 0000 0000 0ec1f012 d4727ca8: add_disk_randomness(8:0) 0ec1f012 d4727ca8
[    1.713111] random 0029 0000 0000 0ec1f012 d4727ca8: add_timer_randomness(.. 8388864)
[    1.718035] random 0029 0000 0000 0ec1f012 d4727ca8: add_disk_randomness(8:0) 0ec1f012 d4727ca8
[    1.718038] random 0029 0000 0000 0ec1f012 d4727ca8: add_timer_randomness(.. 8388864)
[    1.723459] random 0029 0000 0000 0ec1f012 d4727ca8: add_disk_randomness(8:0) 0ec1f012 d4727ca8
[    1.723462] random 0029 0000 0000 0ec1f012 d4727ca8: add_timer_randomness(.. 8388864)
[    1.724142] random 0029 0000 0000 0ec1f012 d4727ca8: add_disk_randomness(8:0) 0ec1f012 d4727ca8
[    1.724145] random 0029 0000 0000 0ec1f012 d4727ca8: add_timer_randomness(.. 8388864)
[    1.729671] random 0029 0000 0000 0ec1f012 d4727ca8: add_disk_randomness(8:0) 0ec1f012 d4727ca8
[    1.729674] random 0029 0000 0000 0ec1f012 d4727ca8: add_timer_randomness(.. 8388864)
[    1.730363] random 0029 0000 0000 0ec1f012 d4727ca8: add_disk_randomness(8:0) 0ec1f012 d4727ca8
[    1.730366] random 0029 0000 0000 0ec1f012 d4727ca8: add_timer_randomness(.. 8388864)
[    1.730904] random 0029 0000 0000 0ec1f012 d4727ca8: add_disk_randomness(8:0) 0ec1f012 d4727ca8
[    1.730907] random 0029 0000 0000 0ec1f012 d4727ca8: add_timer_randomness(.. 8388864)
[    1.739098] random 0029 0000 0000 0ec1f012 d4727ca8: add_disk_randomness(8:0) 0ec1f012 d4727ca8
[    1.739101] random 0029 0000 0000 0ec1f012 d4727ca8: add_timer_randomness(.. 8388864)
[    1.739104] random 0029 0000 0000 0ec1f012 d4727ca8: added 1 entropy credits to input
[    1.739485] random 0030 0000 0000 0ec1f012 d4727ca8: add_disk_randomness(8:0) 0ec1f012 d4727ca8
[    1.739488] random 0030 0000 0000 0ec1f012 d4727ca8: add_timer_randomness(.. 8388864)
[    1.740065] random 0030 0000 0000 0ec1f012 d4727ca8: add_disk_randomness(8:0) 0ec1f012 d4727ca8
[    1.740068] random 0030 0000 0000 0ec1f012 d4727ca8: add_timer_randomness(.. 8388864)
[    1.756837] random 0030 0000 0000 0ec1f012 d4727ca8: add_disk_randomness(8:0) 0ec1f012 d4727ca8
[    1.756840] random 0030 0000 0000 0ec1f012 d4727ca8: add_timer_randomness(.. 8388864)
[    1.756844] random 0030 0000 0000 0ec1f012 d4727ca8: added 1 entropy credits to input
[    1.777128] random 0031 0000 0000 0ec1f012 d4727ca8: add_disk_randomness(8:0) 0ec1f012 d4727ca8
[    1.777131] random 0031 0000 0000 0ec1f012 d4727ca8: add_timer_randomness(.. 8388864)
[    1.799627] random 0031 0000 0000 0ec1f012 d4727ca8: add_disk_randomness(8:0) 0ec1f012 d4727ca8
[    1.799630] random 0031 0000 0000 0ec1f012 d4727ca8: add_timer_randomness(.. 8388864)
[    1.799860] random 0031 0000 0000 0ec1f012 d4727ca8: add_disk_randomness(8:0) 0ec1f012 d4727ca8
[    1.799863] random 0031 0000 0000 0ec1f012 d4727ca8: add_timer_randomness(.. 8388864)
[    1.818483] random 0031 0000 0000 0ec1f012 d4727ca8: add_disk_randomness(8:0) 0ec1f012 d4727ca8
[    1.818486] random 0031 0000 0000 0ec1f012 d4727ca8: add_timer_randomness(.. 8388864)
[    1.818489] random 0031 0000 0000 0ec1f012 d4727ca8: added 2 entropy credits to input
[    1.829128] random 0033 0000 0000 0ec1f012 d4727ca8: add_disk_randomness(8:0) 0ec1f012 d4727ca8
[    1.829131] random 0033 0000 0000 0ec1f012 d4727ca8: add_timer_randomness(.. 8388864)
[    1.829134] random 0033 0000 0000 0ec1f012 d4727ca8: added 1 entropy credits to input
[    1.833088] random 0034 0000 0000 0ec1f012 d4727ca8: add_disk_randomness(8:0) 0ec1f012 d4727ca8
[    1.833091] random 0034 0000 0000 0ec1f012 d4727ca8: add_timer_randomness(.. 8388864)
[    1.839178] random 0034 0000 0000 0ec1f012 d4727ca8: add_disk_randomness(8:0) 0ec1f012 d4727ca8
[    1.839181] random 0034 0000 0000 0ec1f012 d4727ca8: add_timer_randomness(.. 8388864)
[    1.848455] random 0034 0000 0000 0ec1f012 d4727ca8: add_disk_randomness(8:0) 0ec1f012 d4727ca8
[    1.848458] random 0034 0000 0000 0ec1f012 d4727ca8: add_timer_randomness(.. 8388864)
[    1.848461] random 0034 0000 0000 0ec1f012 d4727ca8: added 1 entropy credits to input
[    1.848687] random 0035 0000 0000 0ec1f012 d4727ca8: add_disk_randomness(8:0) 0ec1f012 d4727ca8
[    1.848690] random 0035 0000 0000 0ec1f012 d4727ca8: add_timer_randomness(.. 8388864)
[    1.854383] random 0035 0000 0000 0ec1f012 d4727ca8: add_disk_randomness(8:0) 0ec1f012 d4727ca8
[    1.854386] random 0035 0000 0000 0ec1f012 d4727ca8: add_timer_randomness(.. 8388864)
[    1.854632] random 0035 0000 0000 0ec1f012 d4727ca8: add_disk_randomness(8:0) 0ec1f012 d4727ca8
[    1.854635] random 0035 0000 0000 0ec1f012 d4727ca8: add_timer_randomness(.. 8388864)
[    1.857033] random 0035 0000 0000 0ec1f012 d4727ca8: add_disk_randomness(8:0) 0ec1f012 d4727ca8
[    1.857036] random 0035 0000 0000 0ec1f012 d4727ca8: add_timer_randomness(.. 8388864)
[    1.857280] random 0035 0000 0000 0ec1f012 d4727ca8: add_disk_randomness(8:0) 0ec1f012 d4727ca8
[    1.857283] random 0035 0000 0000 0ec1f012 d4727ca8: add_timer_randomness(.. 8388864)
[    1.857921] random 0035 0000 0000 0ec1f012 d4727ca8: add_disk_randomness(8:0) 0ec1f012 d4727ca8
[    1.857924] random 0035 0000 0000 0ec1f012 d4727ca8: add_timer_randomness(.. 8388864)
[    1.858156] random 0035 0000 0000 0ec1f012 d4727ca8: add_disk_randomness(8:0) 0ec1f012 d4727ca8
[    1.858159] random 0035 0000 0000 0ec1f012 d4727ca8: add_timer_randomness(.. 8388864)
[    1.862929] random 0035 0000 0000 0ec1f012 d4727ca8: add_disk_randomness(8:0) 0ec1f012 d4727ca8
[    1.862932] random 0035 0000 0000 0ec1f012 d4727ca8: add_timer_randomness(.. 8388864)
[    1.870736] random 0035 0000 0000 0ec1f012 d4727ca8: add_disk_randomness(8:0) 0ec1f012 d4727ca8
[    1.870739] random 0035 0000 0000 0ec1f012 d4727ca8: add_timer_randomness(.. 8388864)
[    1.871000] random 0035 0000 0000 0ec1f012 d4727ca8: add_disk_randomness(8:0) 0ec1f012 d4727ca8
[    1.871003] random 0035 0000 0000 0ec1f012 d4727ca8: add_timer_randomness(.. 8388864)
[    1.871243] random 0035 0000 0000 0ec1f012 d4727ca8: add_disk_randomness(8:0) 0ec1f012 d4727ca8
[    1.871246] random 0035 0000 0000 0ec1f012 d4727ca8: add_timer_randomness(.. 8388864)
[    1.871503] random 0035 0000 0000 0ec1f012 d4727ca8: add_disk_randomness(8:0) 0ec1f012 d4727ca8
[    1.871506] random 0035 0000 0000 0ec1f012 d4727ca8: add_timer_randomness(.. 8388864)
[    1.871807] random 0035 0000 0000 0ec1f012 d4727ca8: add_disk_randomness(8:0) 0ec1f012 d4727ca8
[    1.871811] random 0035 0000 0000 0ec1f012 d4727ca8: add_timer_randomness(.. 8388864)
[    1.872357] random 0035 0000 0000 0ec1f012 d4727ca8: add_disk_randomness(8:0) 0ec1f012 d4727ca8
[    1.872360] random 0035 0000 0000 0ec1f012 d4727ca8: add_timer_randomness(.. 8388864)
[    1.872620] random 0035 0000 0000 0ec1f012 d4727ca8: add_disk_randomness(8:0) 0ec1f012 d4727ca8
[    1.872624] random 0035 0000 0000 0ec1f012 d4727ca8: add_timer_randomness(.. 8388864)
[    1.872858] random 0035 0000 0000 0ec1f012 d4727ca8: add_disk_randomness(8:0) 0ec1f012 d4727ca8
[    1.872861] random 0035 0000 0000 0ec1f012 d4727ca8: add_timer_randomness(.. 8388864)
[    1.878220] random 0035 0000 0000 0ec1f012 d4727ca8: add_disk_randomness(8:0) 0ec1f012 d4727ca8
[    1.878223] random 0035 0000 0000 0ec1f012 d4727ca8: add_timer_randomness(.. 8388864)
[    1.878516] random 0035 0000 0000 0ec1f012 d4727ca8: add_disk_randomness(8:0) 0ec1f012 d4727ca8
[    1.878519] random 0035 0000 0000 0ec1f012 d4727ca8: add_timer_randomness(.. 8388864)
[    1.883622] random 0035 0000 0000 0ec1f012 d4727ca8: add_disk_randomness(8:0) 0ec1f012 d4727ca8
[    1.883625] random 0035 0000 0000 0ec1f012 d4727ca8: add_timer_randomness(.. 8388864)
[    1.883856] random 0035 0000 0000 0ec1f012 d4727ca8: add_disk_randomness(8:0) 0ec1f012 d4727ca8
[    1.883859] random 0035 0000 0000 0ec1f012 d4727ca8: add_timer_randomness(.. 8388864)
[    1.884071] random 0035 0000 0000 0ec1f012 d4727ca8: add_disk_randomness(8:0) 0ec1f012 d4727ca8
[    1.884074] random 0035 0000 0000 0ec1f012 d4727ca8: add_timer_randomness(.. 8388864)
[    1.884339] random 0035 0000 0000 0ec1f012 d4727ca8: add_disk_randomness(8:0) 0ec1f012 d4727ca8
[    1.884342] random 0035 0000 0000 0ec1f012 d4727ca8: add_timer_randomness(.. 8388864)
[    1.884643] random 0035 0000 0000 0ec1f012 d4727ca8: add_disk_randomness(8:0) 0ec1f012 d4727ca8
[    1.884646] random 0035 0000 0000 0ec1f012 d4727ca8: add_timer_randomness(.. 8388864)
[    1.884938] random 0035 0000 0000 0ec1f012 d4727ca8: add_disk_randomness(8:0) 0ec1f012 d4727ca8
[    1.884941] random 0035 0000 0000 0ec1f012 d4727ca8: add_timer_randomness(.. 8388864)
[    1.885157] random 0035 0000 0000 0ec1f012 d4727ca8: add_disk_randomness(8:0) 0ec1f012 d4727ca8
[    1.885160] random 0035 0000 0000 0ec1f012 d4727ca8: add_timer_randomness(.. 8388864)
[    1.885429] random 0035 0000 0000 0ec1f012 d4727ca8: add_disk_randomness(8:0) 0ec1f012 d4727ca8
[    1.885433] random 0035 0000 0000 0ec1f012 d4727ca8: add_timer_randomness(.. 8388864)
[    1.885674] random 0035 0000 0000 0ec1f012 d4727ca8: add_disk_randomness(8:0) 0ec1f012 d4727ca8
[    1.885677] random 0035 0000 0000 0ec1f012 d4727ca8: add_timer_randomness(.. 8388864)
[    1.885909] random 0035 0000 0000 0ec1f012 d4727ca8: add_disk_randomness(8:0) 0ec1f012 d4727ca8
[    1.885913] random 0035 0000 0000 0ec1f012 d4727ca8: add_timer_randomness(.. 8388864)
[    1.886152] random 0035 0000 0000 0ec1f012 d4727ca8: add_disk_randomness(8:0) 0ec1f012 d4727ca8
[    1.886156] random 0035 0000 0000 0ec1f012 d4727ca8: add_timer_randomness(.. 8388864)
[    1.886390] random 0035 0000 0000 0ec1f012 d4727ca8: add_disk_randomness(8:0) 0ec1f012 d4727ca8
[    1.886393] random 0035 0000 0000 0ec1f012 d4727ca8: add_timer_randomness(.. 8388864)
[    1.886638] random 0035 0000 0000 0ec1f012 d4727ca8: add_disk_randomness(8:0) 0ec1f012 d4727ca8
[    1.886641] random 0035 0000 0000 0ec1f012 d4727ca8: add_timer_randomness(.. 8388864)
[    1.886874] random 0035 0000 0000 0ec1f012 d4727ca8: add_disk_randomness(8:0) 0ec1f012 d4727ca8
[    1.886877] random 0035 0000 0000 0ec1f012 d4727ca8: add_timer_randomness(.. 8388864)
[    1.887082] random 0035 0000 0000 0ec1f012 d4727ca8: add_disk_randomness(8:0) 0ec1f012 d4727ca8
[    1.887085] random 0035 0000 0000 0ec1f012 d4727ca8: add_timer_randomness(.. 8388864)
[    1.887297] random 0035 0000 0000 0ec1f012 d4727ca8: add_disk_randomness(8:0) 0ec1f012 d4727ca8
[    1.887300] random 0035 0000 0000 0ec1f012 d4727ca8: add_timer_randomness(.. 8388864)
[    1.887517] random 0035 0000 0000 0ec1f012 d4727ca8: add_disk_randomness(8:0) 0ec1f012 d4727ca8
[    1.887520] random 0035 0000 0000 0ec1f012 d4727ca8: add_timer_randomness(.. 8388864)
[    1.887746] random 0035 0000 0000 0ec1f012 d4727ca8: add_disk_randomness(8:0) 0ec1f012 d4727ca8
[    1.887749] random 0035 0000 0000 0ec1f012 d4727ca8: add_timer_randomness(.. 8388864)
[    1.887957] random 0035 0000 0000 0ec1f012 d4727ca8: add_disk_randomness(8:0) 0ec1f012 d4727ca8
[    1.887960] random 0035 0000 0000 0ec1f012 d4727ca8: add_timer_randomness(.. 8388864)
[    1.888259] random 0035 0000 0000 0ec1f012 d4727ca8: add_disk_randomness(8:0) 0ec1f012 d4727ca8
[    1.888262] random 0035 0000 0000 0ec1f012 d4727ca8: add_timer_randomness(.. 8388864)
[    1.888480] random 0035 0000 0000 0ec1f012 d4727ca8: add_disk_randomness(8:0) 0ec1f012 d4727ca8
[    1.888483] random 0035 0000 0000 0ec1f012 d4727ca8: add_timer_randomness(.. 8388864)
[    1.888712] random 0035 0000 0000 0ec1f012 d4727ca8: add_disk_randomness(8:0) 0ec1f012 d4727ca8
[    1.888716] random 0035 0000 0000 0ec1f012 d4727ca8: add_timer_randomness(.. 8388864)
[    1.891516] random 0035 0000 0000 0ec1f012 d4727ca8: add_disk_randomness(8:0) 0ec1f012 d4727ca8
[    1.891519] random 0035 0000 0000 0ec1f012 d4727ca8: add_timer_randomness(.. 8388864)
[    1.891796] random 0035 0000 0000 0ec1f012 d4727ca8: add_disk_randomness(8:0) 0ec1f012 d4727ca8
[    1.891799] random 0035 0000 0000 0ec1f012 d4727ca8: add_timer_randomness(.. 8388864)
[    1.892038] random 0035 0000 0000 0ec1f012 d4727ca8: add_disk_randomness(8:0) 0ec1f012 d4727ca8
[    1.892042] random 0035 0000 0000 0ec1f012 d4727ca8: add_timer_randomness(.. 8388864)
[    1.892280] random 0035 0000 0000 0ec1f012 d4727ca8: add_disk_randomness(8:0) 0ec1f012 d4727ca8
[    1.892283] random 0035 0000 0000 0ec1f012 d4727ca8: add_timer_randomness(.. 8388864)
[    1.892452] random 0035 0000 0000 0ec1f012 d4727ca8: rand_read_num 13 urandom_read(12): sig fffffcf5 0ec1f012 d4727ca8 pid=1
[    1.892455] random 0035 0000 0000 0ec1f012 d4727ca8: extract_entropy_user(12)
[    1.892458] random 0035 0000 0000 0ec1f012 d4727ca8: going to reseed nonblocking with 96 bits (96 of 0 requested)
[    1.892460] random 0035 0000 0000 0ec1f012 d4727ca8: extract_entropy(.. 12 ..)
[    1.892462] random 0035 0000 0000 0ec1f012 d4727ca8: trying to extract 96 bits from input
[    1.892465] random 0035 0000 0000 0ec1f012 d4727ca8: debiting 0 entropy credits from input
[    1.892467] random 0035 0000 0000 0ec1f012 d4727ca8: trying to extract 96 bits from nonblocking
[    1.892470] random 0035 0000 0000 0ec1f012 d4727ca8: debiting 96 entropy credits from nonblocking (unlimited)
[    1.892472] random 0035 0000 0000 0ec1f012 d4727ca8:   got 12 bytes
[    1.904502] random 0035 0000 0000 45b1d0b1 845a73f7: add_disk_randomness(8:0) 45b1d0b1 845a73f7
[    1.904505] random 0035 0000 0000 45b1d0b1 845a73f7: add_timer_randomness(.. 8388864)
[    1.904509] random 0035 0000 0000 45b1d0b1 845a73f7: added 1 entropy credits to input
[    1.907828] random 0036 0000 0000 45b1d0b1 845a73f7: add_disk_randomness(8:0) 45b1d0b1 845a73f7
[    1.907831] random 0036 0000 0000 45b1d0b1 845a73f7: add_timer_randomness(.. 8388864)
[    1.908040] random 0036 0000 0000 45b1d0b1 845a73f7: add_disk_randomness(8:0) 45b1d0b1 845a73f7
[    1.908043] random 0036 0000 0000 45b1d0b1 845a73f7: add_timer_randomness(.. 8388864)
[    1.937679] random 0036 0000 0000 45b1d0b1 845a73f7: add_disk_randomness(8:0) 45b1d0b1 845a73f7
[    1.937682] random 0036 0000 0000 45b1d0b1 845a73f7: add_timer_randomness(.. 8388864)
[    1.937686] random 0036 0000 0000 45b1d0b1 845a73f7: added 2 entropy credits to input
[    1.943238] random 0038 0000 0000 45b1d0b1 845a73f7: add_disk_randomness(8:0) 45b1d0b1 845a73f7
[    1.943241] random 0038 0000 0000 45b1d0b1 845a73f7: add_timer_randomness(.. 8388864)
[    1.948472] random 0038 0000 0000 45b1d0b1 845a73f7: add_disk_randomness(8:0) 45b1d0b1 845a73f7
[    1.948475] random 0038 0000 0000 45b1d0b1 845a73f7: add_timer_randomness(.. 8388864)
[    1.965139] random 0038 0000 0000 45b1d0b1 845a73f7: add_disk_randomness(8:0) 45b1d0b1 845a73f7
[    1.965142] random 0038 0000 0000 45b1d0b1 845a73f7: add_timer_randomness(.. 8388864)
[    1.967534] random 0038 0000 0000 45b1d0b1 845a73f7: add_disk_randomness(8:0) 45b1d0b1 845a73f7
[    1.967537] random 0038 0000 0000 45b1d0b1 845a73f7: add_timer_randomness(.. 8388864)
[    1.967719] random 0038 0000 0000 45b1d0b1 845a73f7: add_disk_randomness(8:0) 45b1d0b1 845a73f7
[    1.967722] random 0038 0000 0000 45b1d0b1 845a73f7: add_timer_randomness(.. 8388864)
[    1.967907] random 0038 0000 0000 45b1d0b1 845a73f7: add_disk_randomness(8:0) 45b1d0b1 845a73f7
[    1.967910] random 0038 0000 0000 45b1d0b1 845a73f7: add_timer_randomness(.. 8388864)
[    1.968061] random 0038 0000 0000 45b1d0b1 845a73f7: add_disk_randomness(8:0) 45b1d0b1 845a73f7
[    1.968064] random 0038 0000 0000 45b1d0b1 845a73f7: add_timer_randomness(.. 8388864)
[    1.968245] random 0038 0000 0000 45b1d0b1 845a73f7: add_disk_randomness(8:0) 45b1d0b1 845a73f7
[    1.968248] random 0038 0000 0000 45b1d0b1 845a73f7: add_timer_randomness(.. 8388864)
[    1.981900] random 0038 0000 0000 45b1d0b1 845a73f7: add_disk_randomness(8:0) 45b1d0b1 845a73f7
[    1.981903] random 0038 0000 0000 45b1d0b1 845a73f7: add_timer_randomness(.. 8388864)
[    1.981907] random 0038 0000 0000 45b1d0b1 845a73f7: added 1 entropy credits to input
[    1.986468] random 0039 0000 0000 45b1d0b1 845a73f7: add_disk_randomness(8:0) 45b1d0b1 845a73f7
[    1.986471] random 0039 0000 0000 45b1d0b1 845a73f7: add_timer_randomness(.. 8388864)
[    2.000855] random 0039 0000 0000 45b1d0b1 845a73f7: add_disk_randomness(8:0) 45b1d0b1 845a73f7
[    2.000858] random 0039 0000 0000 45b1d0b1 845a73f7: add_timer_randomness(.. 8388864)
[    2.000861] random 0039 0000 0000 45b1d0b1 845a73f7: added 1 entropy credits to input
[    2.000881] Loading Elf Binary for pid: 46 comm: init
[    2.001124] random 0040 0000 0000 45b1d0b1 845a73f7: rand_read_num 14 get_random_bytes(16): sig fffffc05 45b1d0b1 845a73f7
[    2.001127] random 0040 0000 0000 45b1d0b1 845a73f7: extract_entropy(.. 16 ..)
[    2.001129] random 0040 0000 0000 45b1d0b1 845a73f7: going to reseed nonblocking with 128 bits (128 of 0 requested)
[    2.001132] random 0040 0000 0000 45b1d0b1 845a73f7: extract_entropy(.. 16 ..)
[    2.001134] random 0040 0000 0000 45b1d0b1 845a73f7: trying to extract 128 bits from input
[    2.001136] random 0040 0000 0000 45b1d0b1 845a73f7: debiting 0 entropy credits from input
[    2.001138] random 0040 0000 0000 45b1d0b1 845a73f7: trying to extract 128 bits from nonblocking
[    2.001141] random 0040 0000 0000 45b1d0b1 845a73f7: debiting 128 entropy credits from nonblocking (unlimited)
[    2.022320] random 0040 0000 0000 5012cce3 b8a30621: add_disk_randomness(8:0) 5012cce3 b8a30621
[    2.022323] random 0040 0000 0000 5012cce3 b8a30621: add_timer_randomness(.. 8388864)
[    2.023240] random 0040 0000 0000 5012cce3 b8a30621: add_disk_randomness(8:0) 5012cce3 b8a30621
[    2.023243] random 0040 0000 0000 5012cce3 b8a30621: add_timer_randomness(.. 8388864)
[    2.023678] random 0040 0000 0000 5012cce3 b8a30621: add_disk_randomness(8:0) 5012cce3 b8a30621
[    2.023681] random 0040 0000 0000 5012cce3 b8a30621: add_timer_randomness(.. 8388864)
[    2.040906] random 0040 0000 0000 5012cce3 b8a30621: add_disk_randomness(8:0) 5012cce3 b8a30621
[    2.040909] random 0040 0000 0000 5012cce3 b8a30621: add_timer_randomness(.. 8388864)
[    2.040913] random 0040 0000 0000 5012cce3 b8a30621: added 2 entropy credits to input
[    2.040929] Loading Elf Binary for pid: 47 comm: init
[    2.041289] Loading Elf Binary for pid: 48 comm: init
[    2.041643] random 0042 0000 0000 5012cce3 b8a30621: add_disk_randomness(8:0) 5012cce3 b8a30621
[    2.041646] random 0042 0000 0000 5012cce3 b8a30621: add_timer_randomness(.. 8388864)
[    2.041678] random 0042 0000 0000 5012cce3 b8a30621: rand_read_num 15 get_random_bytes(16): sig fffffb9d 5012cce3 b8a30621
[    2.041681] random 0042 0000 0000 5012cce3 b8a30621: extract_entropy(.. 16 ..)
[    2.041685] random 0042 0000 0000 5012cce3 b8a30621: going to reseed nonblocking with 128 bits (128 of 0 requested)
[    2.041688] random 0042 0000 0000 5012cce3 b8a30621: extract_entropy(.. 16 ..)
[    2.041690] random 0042 0000 0000 5012cce3 b8a30621: trying to extract 128 bits from input
[    2.041693] random 0042 0000 0000 5012cce3 b8a30621: debiting 0 entropy credits from input
[    2.041696] random 0042 0000 0000 5012cce3 b8a30621: trying to extract 128 bits from nonblocking
[    2.041699] random 0042 0000 0000 5012cce3 b8a30621: debiting 128 entropy credits from nonblocking (unlimited)
[    2.041746] random 0042 0000 0000 89bae1ab 704c432f: rand_read_num 16 get_random_bytes(16): sig 0000006e 89bae1ab 704c432f
[    2.041749] random 0042 0000 0000 89bae1ab 704c432f: extract_entropy(.. 16 ..)
[    2.041752] random 0042 0000 0000 89bae1ab 704c432f: going to reseed nonblocking with 128 bits (128 of 0 requested)
[    2.041755] random 0042 0000 0000 89bae1ab 704c432f: extract_entropy(.. 16 ..)
[    2.041758] random 0042 0000 0000 89bae1ab 704c432f: trying to extract 128 bits from input
[    2.041761] random 0042 0000 0000 89bae1ab 704c432f: debiting 0 entropy credits from input
[    2.041764] random 0042 0000 0000 89bae1ab 704c432f: trying to extract 128 bits from nonblocking
[    2.041767] random 0042 0000 0000 89bae1ab 704c432f: debiting 128 entropy credits from nonblocking (unlimited)
[    2.062673] random 0042 0000 0000 6c298a02 2b1539f8: add_disk_randomness(8:0) 6c298a02 2b1539f8
[    2.062676] random 0042 0000 0000 6c298a02 2b1539f8: add_timer_randomness(.. 8388864)
[    2.062680] random 0042 0000 0000 6c298a02 2b1539f8: added 2 entropy credits to input
[    2.062699] Loading Elf Binary for pid: 49 comm: init
[    2.066253] random 0044 0000 0000 6c298a02 2b1539f8: add_disk_randomness(8:0) 6c298a02 2b1539f8
[    2.066257] random 0044 0000 0000 6c298a02 2b1539f8: add_timer_randomness(.. 8388864)
[    2.066321] Loading Elf Binary for pid: 47 comm: sh
[    2.066422] random 0044 0000 0000 6c298a02 2b1539f8: add_disk_randomness(8:0) 6c298a02 2b1539f8
[    2.066425] random 0044 0000 0000 6c298a02 2b1539f8: add_timer_randomness(.. 8388864)
[    2.089548] random 0044 0000 0000 6c298a02 2b1539f8: add_disk_randomness(8:0) 6c298a02 2b1539f8
[    2.089551] random 0044 0000 0000 6c298a02 2b1539f8: add_timer_randomness(.. 8388864)
[    2.089554] random 0044 0000 0000 6c298a02 2b1539f8: added 2 entropy credits to input
[    2.109956] random 0046 0000 0000 6c298a02 2b1539f8: add_disk_randomness(8:0) 6c298a02 2b1539f8
[    2.109960] random 0046 0000 0000 6c298a02 2b1539f8: add_timer_randomness(.. 8388864)
[    2.123805] random 0046 0000 0000 6c298a02 2b1539f8: add_disk_randomness(8:0) 6c298a02 2b1539f8
[    2.123808] random 0046 0000 0000 6c298a02 2b1539f8: add_timer_randomness(.. 8388864)
[    2.123827] Loading Elf Binary for pid: 48 comm: sh
[    2.124198] random 0046 0000 0000 6c298a02 2b1539f8: add_disk_randomness(8:0) 6c298a02 2b1539f8
[    2.124201] random 0046 0000 0000 6c298a02 2b1539f8: add_timer_randomness(.. 8388864)
[    2.124231] random 0046 0000 0000 6c298a02 2b1539f8: rand_read_num 17 get_random_bytes(16): sig 00000124 6c298a02 2b1539f8
[    2.124234] random 0046 0000 0000 6c298a02 2b1539f8: extract_entropy(.. 16 ..)
[    2.124238] random 0046 0000 0000 6c298a02 2b1539f8: going to reseed nonblocking with 128 bits (128 of 0 requested)
[    2.124241] random 0046 0000 0000 6c298a02 2b1539f8: extract_entropy(.. 16 ..)
[    2.124243] random 0046 0000 0000 6c298a02 2b1539f8: trying to extract 128 bits from input
[    2.124246] random 0046 0000 0000 6c298a02 2b1539f8: debiting 0 entropy credits from input
[    2.124249] random 0046 0000 0000 6c298a02 2b1539f8: trying to extract 128 bits from nonblocking
[    2.124252] random 0046 0000 0000 6c298a02 2b1539f8: debiting 128 entropy credits from nonblocking (unlimited)
[    2.124716] random 0046 0000 0000 c77b8b35 70f6cab5: add_disk_randomness(8:0) c77b8b35 70f6cab5
[    2.124720] random 0046 0000 0000 c77b8b35 70f6cab5: add_timer_randomness(.. 8388864)
[    2.125056] random 0046 0000 0000 c77b8b35 70f6cab5: add_disk_randomness(8:0) c77b8b35 70f6cab5
[    2.125059] random 0046 0000 0000 c77b8b35 70f6cab5: add_timer_randomness(.. 8388864)
[    2.125347] random 0046 0000 0000 c77b8b35 70f6cab5: add_disk_randomness(8:0) c77b8b35 70f6cab5
[    2.125350] random 0046 0000 0000 c77b8b35 70f6cab5: add_timer_randomness(.. 8388864)
[    2.125378] random 0046 0000 0000 c77b8b35 70f6cab5: rand_read_num 18 get_random_bytes(16): sig ffffff1c c77b8b35 70f6cab5
[    2.125382] random 0046 0000 0000 c77b8b35 70f6cab5: extract_entropy(.. 16 ..)
[    2.125385] random 0046 0000 0000 c77b8b35 70f6cab5: going to reseed nonblocking with 128 bits (128 of 0 requested)
[    2.125388] random 0046 0000 0000 c77b8b35 70f6cab5: extract_entropy(.. 16 ..)
[    2.125391] random 0046 0000 0000 c77b8b35 70f6cab5: trying to extract 128 bits from input
[    2.125394] random 0046 0000 0000 c77b8b35 70f6cab5: debiting 0 entropy credits from input
[    2.125397] random 0046 0000 0000 c77b8b35 70f6cab5: trying to extract 128 bits from nonblocking
[    2.125400] random 0046 0000 0000 c77b8b35 70f6cab5: debiting 128 entropy credits from nonblocking (unlimited)
[    2.131342] random 0046 0000 0000 af21d212 57d20ca3: add_disk_randomness(8:0) af21d212 57d20ca3
[    2.131345] random 0046 0000 0000 af21d212 57d20ca3: add_timer_randomness(.. 8388864)
[    2.132669] random 0046 0000 0000 af21d212 57d20ca3: add_disk_randomness(8:0) af21d212 57d20ca3
[    2.132672] random 0046 0000 0000 af21d212 57d20ca3: add_timer_randomness(.. 8388864)
[    2.132961] random 0046 0000 0000 af21d212 57d20ca3: add_disk_randomness(8:0) af21d212 57d20ca3
[    2.132965] random 0046 0000 0000 af21d212 57d20ca3: add_timer_randomness(.. 8388864)
[    2.133163] random 0046 0000 0000 af21d212 57d20ca3: add_disk_randomness(8:0) af21d212 57d20ca3
[    2.133166] random 0046 0000 0000 af21d212 57d20ca3: add_timer_randomness(.. 8388864)
[    2.133656] random 0046 0000 0000 af21d212 57d20ca3: add_disk_randomness(8:0) af21d212 57d20ca3
[    2.133659] random 0046 0000 0000 af21d212 57d20ca3: add_timer_randomness(.. 8388864)
[    2.134136] random 0046 0000 0000 af21d212 57d20ca3: add_disk_randomness(8:0) af21d212 57d20ca3
[    2.134139] random 0046 0000 0000 af21d212 57d20ca3: add_timer_randomness(.. 8388864)
[    2.142214] random 0046 0000 0000 af21d212 57d20ca3: add_disk_randomness(8:0) af21d212 57d20ca3
[    2.142218] random 0046 0000 0000 af21d212 57d20ca3: add_timer_randomness(.. 8388864)
[    2.142221] random 0046 0000 0000 af21d212 57d20ca3: added 1 entropy credits to input
[    2.142451] random 0047 0000 0000 af21d212 57d20ca3: add_disk_randomness(8:0) af21d212 57d20ca3
[    2.142455] random 0047 0000 0000 af21d212 57d20ca3: add_timer_randomness(.. 8388864)
[    2.143085] random 0047 0000 0000 af21d212 57d20ca3: add_disk_randomness(8:0) af21d212 57d20ca3
[    2.143089] random 0047 0000 0000 af21d212 57d20ca3: add_timer_randomness(.. 8388864)
[    2.163967] random 0047 0000 0000 af21d212 57d20ca3: add_disk_randomness(8:0) af21d212 57d20ca3
[    2.163970] random 0047 0000 0000 af21d212 57d20ca3: add_timer_randomness(.. 8388864)
[    2.163974] random 0047 0000 0000 af21d212 57d20ca3: added 2 entropy credits to input
[    2.164157] random 0049 0000 0000 af21d212 57d20ca3: add_disk_randomness(8:0) af21d212 57d20ca3
[    2.164160] random 0049 0000 0000 af21d212 57d20ca3: add_timer_randomness(.. 8388864)
[    2.165124] random 0049 0000 0000 af21d212 57d20ca3: add_disk_randomness(8:0) af21d212 57d20ca3
[    2.165127] random 0049 0000 0000 af21d212 57d20ca3: add_timer_randomness(.. 8388864)
[    2.165304] random 0049 0000 0000 af21d212 57d20ca3: add_disk_randomness(8:0) af21d212 57d20ca3
[    2.165307] random 0049 0000 0000 af21d212 57d20ca3: add_timer_randomness(.. 8388864)
[    2.183466] random 0049 0000 0000 af21d212 57d20ca3: add_disk_randomness(8:0) af21d212 57d20ca3
[    2.183469] random 0049 0000 0000 af21d212 57d20ca3: add_timer_randomness(.. 8388864)
[    2.183473] random 0049 0000 0000 af21d212 57d20ca3: added 2 entropy credits to input
[    2.183499] random 0051 0000 0000 af21d212 57d20ca3: rand_read_num 19 get_random_bytes(16): sig fffffe1d af21d212 57d20ca3
[    2.183503] random 0051 0000 0000 af21d212 57d20ca3: extract_entropy(.. 16 ..)
[    2.183506] random 0051 0000 0000 af21d212 57d20ca3: going to reseed nonblocking with 128 bits (128 of 0 requested)
[    2.183509] random 0051 0000 0000 af21d212 57d20ca3: extract_entropy(.. 16 ..)
[    2.183511] random 0051 0000 0000 af21d212 57d20ca3: trying to extract 128 bits from input
[    2.183514] random 0051 0000 0000 af21d212 57d20ca3: debiting 0 entropy credits from input
[    2.183517] random 0051 0000 0000 af21d212 57d20ca3: trying to extract 128 bits from nonblocking
[    2.183520] random 0051 0000 0000 af21d212 57d20ca3: debiting 128 entropy credits from nonblocking (unlimited)
[    2.195702] random 0051 0000 0000 151530a2 56c65dd3: add_disk_randomness(8:0) 151530a2 56c65dd3
[    2.195705] random 0051 0000 0000 151530a2 56c65dd3: add_timer_randomness(.. 8388864)
[    2.196589] random 0051 0000 0000 151530a2 56c65dd3: add_disk_randomness(8:0) 151530a2 56c65dd3
[    2.196592] random 0051 0000 0000 151530a2 56c65dd3: add_timer_randomness(.. 8388864)
[    2.200198] random 0051 0000 0000 151530a2 56c65dd3: add_disk_randomness(8:0) 151530a2 56c65dd3
[    2.200201] random 0051 0000 0000 151530a2 56c65dd3: add_timer_randomness(.. 8388864)
[    2.200863] random 0051 0000 0000 151530a2 56c65dd3: add_disk_randomness(8:0) 151530a2 56c65dd3
[    2.200866] random 0051 0000 0000 151530a2 56c65dd3: add_timer_randomness(.. 8388864)
[    2.206534] random 0051 0000 0000 151530a2 56c65dd3: add_disk_randomness(8:0) 151530a2 56c65dd3
[    2.206537] random 0051 0000 0000 151530a2 56c65dd3: add_timer_randomness(.. 8388864)
[    2.208361] random 0051 0000 0000 151530a2 56c65dd3: add_disk_randomness(8:0) 151530a2 56c65dd3
[    2.208364] random 0051 0000 0000 151530a2 56c65dd3: add_timer_randomness(.. 8388864)
[    2.208626] random 0051 0000 0000 151530a2 56c65dd3: add_disk_randomness(8:0) 151530a2 56c65dd3
[    2.208629] random 0051 0000 0000 151530a2 56c65dd3: add_timer_randomness(.. 8388864)
[    2.209171] random 0051 0000 0000 151530a2 56c65dd3: add_disk_randomness(8:0) 151530a2 56c65dd3
[    2.209174] random 0051 0000 0000 151530a2 56c65dd3: add_timer_randomness(.. 8388864)
[    2.209694] Loading Elf Binary for pid: 51 comm: init
[    2.209735] random 0051 0000 0000 151530a2 56c65dd3: add_disk_randomness(8:0) 151530a2 56c65dd3
[    2.209738] random 0051 0000 0000 151530a2 56c65dd3: add_timer_randomness(.. 8388864)
[    2.209862] random 0051 0000 0000 151530a2 56c65dd3: rand_read_num 20 get_random_bytes(16): sig ffffffbf 151530a2 56c65dd3
[    2.209865] random 0051 0000 0000 151530a2 56c65dd3: extract_entropy(.. 16 ..)
[    2.209868] random 0051 0000 0000 151530a2 56c65dd3: going to reseed nonblocking with 128 bits (128 of 0 requested)
[    2.209871] random 0051 0000 0000 151530a2 56c65dd3: extract_entropy(.. 16 ..)
[    2.209873] random 0051 0000 0000 151530a2 56c65dd3: trying to extract 128 bits from input
