[    0.000000] random 0000 0000 0000 00000000 00000000: rand_read_num 1 get_random_bytes(8): sig 00000000 00000000 00000000
[    0.000000] random 0000 0000 0000 00000000 00000000: extract_entropy(.. 8 ..)
[    0.000000] random 0000 0000 0000 00000000 00000000: going to reseed nonblocking with 64 bits (64 of 0 requested)
[    0.000000] random 0000 0000 0000 00000000 00000000: extract_entropy(.. 8 ..)
[    0.000000] random 0000 0000 0000 00000000 00000000: trying to extract 64 bits from input
[    0.000000] random 0000 0000 0000 00000000 00000000: debiting 0 entropy credits from input
[    0.000000] random 0000 0000 0000 00000000 00000000: trying to extract 64 bits from nonblocking
[    0.000000] random 0000 0000 0000 00000000 00000000: debiting 64 entropy credits from nonblocking (unlimited)
[    0.000000] Initializing cgroup subsys cpuset
[    0.000000] Initializing cgroup subsys cpu
[    0.000000] Linux version 2.6.32.57 (dcashman@dcashman-01) (gcc version 4.4.3 (Ubuntu 4.4.3-4ubuntu5.1) ) #92 SMP Tue Mar 26 12:07:13 PDT 2013
[    0.000000] KERNEL supported cpus:
[    0.000000]   Intel GenuineIntel
[    0.000000]   AMD AuthenticAMD
[    0.000000]   NSC Geode by NSC
[    0.000000]   Cyrix CyrixInstead
[    0.000000]   Centaur CentaurHauls
[    0.000000]   Transmeta GenuineTMx86
[    0.000000]   Transmeta TransmetaCPU
[    0.000000]   UMC UMC UMC UMC
[    0.000000] BIOS-provided physical RAM map:
[    0.000000]  BIOS-e820: 0000000000000000 - 000000000009fc00 (usable)
[    0.000000]  BIOS-e820: 000000000009fc00 - 00000000000a0000 (reserved)
[    0.000000]  BIOS-e820: 00000000000e4000 - 0000000000100000 (reserved)
[    0.000000]  BIOS-e820: 0000000000100000 - 00000000cff90000 (usable)
[    0.000000]  BIOS-e820: 00000000cff90000 - 00000000cff9e000 (ACPI data)
[    0.000000]  BIOS-e820: 00000000cff9e000 - 00000000cffe0000 (ACPI NVS)
[    0.000000]  BIOS-e820: 00000000cffe0000 - 00000000d0000000 (reserved)
[    0.000000]  BIOS-e820: 00000000fee00000 - 00000000fee01000 (reserved)
[    0.000000]  BIOS-e820: 00000000fff00000 - 0000000100000000 (reserved)
[    0.000000]  BIOS-e820: 0000000100000000 - 00000001b0000000 (usable)
[    0.000000] DMI present.
[    0.000000] AMI BIOS detected: BIOS may corrupt low RAM, working around it.
[    0.000000] e820 update range: 0000000000000000 - 0000000000010000 (usable) ==> (reserved)
[    0.000000] last_pfn = 0x1b0000 max_arch_pfn = 0x1000000
[    0.000000] MTRR default type: uncachable
[    0.000000] MTRR fixed ranges enabled:
[    0.000000]   00000-9FFFF write-back
[    0.000000]   A0000-BFFFF uncachable
[    0.000000]   C0000-CFFFF write-protect
[    0.000000]   D0000-DFFFF uncachable
[    0.000000]   E0000-EFFFF write-through
[    0.000000]   F0000-FFFFF write-protect
[    0.000000] MTRR variable ranges enabled:
[    0.000000]   0 base 1B0000000 mask FF0000000 uncachable
[    0.000000]   1 base 1C0000000 mask FC0000000 uncachable
[    0.000000]   2 base 000000000 mask E00000000 write-back
[    0.000000]   3 base 0D0000000 mask FF0000000 uncachable
[    0.000000]   4 base 0E0000000 mask FE0000000 uncachable
[    0.000000]   5 disabled
[    0.000000]   6 disabled
[    0.000000]   7 disabled
[    0.000000] x86 PAT enabled: cpu 0, old 0x7040600070406, new 0x7010600070106
[    0.000000] e820 update range: 00000000d0000000 - 0000000100000000 (usable) ==> (reserved)
[    0.000000] Scanning 0 areas for low memory corruption
[    0.000000] modified physical RAM map:
[    0.000000]  modified: 0000000000000000 - 0000000000010000 (reserved)
[    0.000000]  modified: 0000000000010000 - 000000000009fc00 (usable)
[    0.000000]  modified: 000000000009fc00 - 00000000000a0000 (reserved)
[    0.000000]  modified: 00000000000e4000 - 0000000000100000 (reserved)
[    0.000000]  modified: 0000000000100000 - 00000000cff90000 (usable)
[    0.000000]  modified: 00000000cff90000 - 00000000cff9e000 (ACPI data)
[    0.000000]  modified: 00000000cff9e000 - 00000000cffe0000 (ACPI NVS)
[    0.000000]  modified: 00000000cffe0000 - 00000000d0000000 (reserved)
[    0.000000]  modified: 00000000fee00000 - 00000000fee01000 (reserved)
[    0.000000]  modified: 00000000fff00000 - 0000000100000000 (reserved)
[    0.000000]  modified: 0000000100000000 - 00000001b0000000 (usable)
[    0.000000] initial memory mapped : 0 - 01000000
[    0.000000] init_memory_mapping: 0000000000000000-00000000379fe000
[    0.000000] NX (Execute Disable) protection: active
[    0.000000]  0000000000 - 0000200000 page 4k
[    0.000000]  0000200000 - 0037800000 page 2M
[    0.000000]  0037800000 - 00379fe000 page 4k
[    0.000000] kernel direct mapping tables up to 379fe000 @ 10000-16000
[    0.000000] ACPI: RSDP 000f91f0 00014 (v00 HPQOEM)
[    0.000000] ACPI: RSDT cff90000 00044 (v01 HPQOEM SLIC-CPC 20090819 MSFT 00000097)
[    0.000000] ACPI: FACP cff90200 00084 (v01 HPQOEM SLIC-CPC 20090819 MSFT 00000097)
[    0.000000] ACPI: DSDT cff90440 05753 (v01 HPQOEM SLIC-CPC 00000050 INTL 20051117)
[    0.000000] ACPI: FACS cff9e000 00040
[    0.000000] ACPI: APIC cff90390 0006C (v01 HPQOEM SLIC-CPC 20090819 MSFT 00000097)
[    0.000000] ACPI: MCFG cff90400 0003C (v01 HPQOEM SLIC-CPC 20090819 MSFT 00000097)
[    0.000000] ACPI: OEMB cff9e040 00076 (v01 HPQOEM SLIC-CPC 20090819 MSFT 00000097)
[    0.000000] ACPI: HPET cff95ba0 00038 (v01 HPQOEM SLIC-CPC 20090819 MSFT 00000097)
[    0.000000] ACPI: GSCI cff9e0c0 02024 (v01 HPQOEM SLIC-CPC 20090819 MSFT 00000097)
[    0.000000] ACPI: SLIC cffa00f0 00176 (v01 HPQOEM SLIC-CPC 00000001 MSFT 00000001)
[    0.000000] ACPI: SSDT cffa0b30 00A7C (v01 HPQOEM SLIC-CPC 00000012 INTL 20051117)
[    0.000000] ACPI: Local APIC address 0xfee00000
[    0.000000] 6022MB HIGHMEM available.
[    0.000000] 889MB LOWMEM available.
[    0.000000]   mapped low ram: 0 - 379fe000
[    0.000000]   low ram: 0 - 379fe000
[    0.000000]   node 0 low ram: 00000000 - 379fe000
[    0.000000]   node 0 bootmap 00012000 - 00018f40
[    0.000000] (8 early reservations) ==> bootmem [0000000000 - 00379fe000]
[    0.000000]   #0 [0000000000 - 0000001000]   BIOS data page ==> [0000000000 - 0000001000]
[    0.000000]   #1 [0000001000 - 0000002000]    EX TRAMPOLINE ==> [0000001000 - 0000002000]
[    0.000000]   #2 [0000006000 - 0000007000]       TRAMPOLINE ==> [0000006000 - 0000007000]
[    0.000000]   #3 [0000100000 - 0000af8778]    TEXT DATA BSS ==> [0000100000 - 0000af8778]
[    0.000000]   #4 [000009fc00 - 0000100000]    BIOS reserved ==> [000009fc00 - 0000100000]
[    0.000000]   #5 [0000af9000 - 0000b01640]              BRK ==> [0000af9000 - 0000b01640]
[    0.000000]   #6 [0000010000 - 0000012000]          PGTABLE ==> [0000010000 - 0000012000]
[    0.000000]   #7 [0000012000 - 0000019000]          BOOTMAP ==> [0000012000 - 0000019000]
[    0.000000] found SMP MP-table at [c00ff780] ff780
[    0.000000] Zone PFN ranges:
[    0.000000]   DMA      0x00000010 -> 0x00001000
[    0.000000]   Normal   0x00001000 -> 0x000379fe
[    0.000000]   HighMem  0x000379fe -> 0x001b0000
[    0.000000] Movable zone start PFN for each node
[    0.000000] early_node_map[3] active PFN ranges
[    0.000000]     0: 0x00000010 -> 0x0000009f
[    0.000000]     0: 0x00000100 -> 0x000cff90
[    0.000000]     0: 0x00100000 -> 0x001b0000
[    0.000000] On node 0 totalpages: 1572639
[    0.000000] free_area_init_node: node 0, pgdat c07ba8a0, node_mem_map c1001200
[    0.000000]   DMA zone: 32 pages used for memmap
[    0.000000]   DMA zone: 0 pages reserved
[    0.000000]   DMA zone: 3951 pages, LIFO batch:0
[    0.000000]   Normal zone: 1748 pages used for memmap
[    0.000000]   Normal zone: 221994 pages, LIFO batch:31
[    0.000000]   HighMem zone: 12045 pages used for memmap
[    0.000000]   HighMem zone: 1332869 pages, LIFO batch:31
[    0.000000] Using APIC driver default
[    0.000000] ACPI: PM-Timer IO Port: 0x808
[    0.000000] ACPI: Local APIC address 0xfee00000
[    0.000000] ACPI: LAPIC (acpi_id[0x01] lapic_id[0x00] enabled)
[    0.000000] ACPI: LAPIC (acpi_id[0x02] lapic_id[0x01] enabled)
[    0.000000] ACPI: LAPIC (acpi_id[0x03] lapic_id[0x02] enabled)
[    0.000000] ACPI: LAPIC (acpi_id[0x04] lapic_id[0x03] enabled)
[    0.000000] ACPI: Skipping IOAPIC probe due to 'noapic' option.
[    0.000000] Using ACPI for processor (LAPIC) configuration information
[    0.000000] ACPI: HPET id: 0xffffffff base: 0xfed00000
[    0.000000] Intel MultiProcessor Specification v1.4
[    0.000000]     Virtual Wire compatibility mode.
[    0.000000] MPTABLE: OEM ID: Intel   
[    0.000000] MPTABLE: Product ID: Eaglelake   
[    0.000000] MPTABLE: APIC at: 0xFEE00000
[    0.000000] I/O APIC #4 Version 32 at 0xFEC00000.
[    0.000000] Processors: 4
[    0.000000] SMP: Allowing 4 CPUs, 0 hotplug CPUs
[    0.000000] nr_irqs_gsi: 24
[    0.000000] PM: Registered nosave memory: 000000000009f000 - 00000000000a0000
[    0.000000] PM: Registered nosave memory: 00000000000a0000 - 00000000000e4000
[    0.000000] PM: Registered nosave memory: 00000000000e4000 - 0000000000100000
[    0.000000] Allocating PCI resources starting at d0000000 (gap: d0000000:2ee00000)
[    0.000000] Booting paravirtualized kernel on bare hardware
[    0.000000] NR_CPUS:8 nr_cpumask_bits:8 nr_cpu_ids:4 nr_node_ids:1
[    0.000000] PERCPU: Embedded 15 pages/cpu @c4800000 s39416 r0 d22024 u524288
[    0.000000] pcpu-alloc: s39416 r0 d22024 u524288 alloc=1*2097152
[    0.000000] pcpu-alloc: [0] 0 1 2 3 
[    0.000000] Built 1 zonelists in Zone order, mobility grouping on.  Total pages: 1558814
[    0.000000] Kernel command line: BOOT_IMAGE=/boot/vmlinuz-2.6.32.57 root=/dev/sda1 ro quiet maxcpus=0 kgdboe=132.239.95.229/132.239.95.228
[    0.000000] PID hash table entries: 4096 (order: 2, 16384 bytes)
[    0.000000] Dentry cache hash table entries: 131072 (order: 7, 524288 bytes)
[    0.000000] Inode-cache hash table entries: 65536 (order: 6, 262144 bytes)
[    0.000000] Enabling fast FPU save and restore... done.
[    0.000000] Enabling unmasked SIMD FPU exception support... done.
[    0.000000] Initializing CPU#0
[    0.000000] allocated 35389120 bytes of page_cgroup
[    0.000000] please try 'cgroup_disable=memory' option if you don't want memory cgroups
[    0.000000] Initializing HighMem for node 0 (000379fe:001b0000)
[    0.000000] Memory: 6188240k/7077888k available (4762k kernel code, 101232k reserved, 2169k data, 676k init, 5379656k highmem)
[    0.000000] virtual kernel memory layout:
[    0.000000]     fixmap  : 0xfff1d000 - 0xfffff000   ( 904 kB)
[    0.000000]     pkmap   : 0xffa00000 - 0xffc00000   (2048 kB)
[    0.000000]     vmalloc : 0xf81fe000 - 0xff9fe000   ( 120 MB)
[    0.000000]     lowmem  : 0xc0000000 - 0xf79fe000   ( 889 MB)
[    0.000000]       .init : 0xc07c6000 - 0xc086f000   ( 676 kB)
[    0.000000]       .data : 0xc05a692b - 0xc07c50c8   (2169 kB)
[    0.000000]       .text : 0xc0100000 - 0xc05a692b   (4762 kB)
[    0.000000] Checking if this processor honours the WP bit even in supervisor mode...Ok.
[    0.000000] SLUB: Genslabs=13, HWalign=64, Order=0-3, MinObjects=0, CPUs=4, Nodes=1
[    0.000000] Hierarchical RCU implementation.
[    0.000000] NR_IRQS:2304 nr_irqs:440
[    0.000000] Console: colour VGA+ 80x25
[    0.000000] console [tty0] enabled
[    0.000000] hpet clockevent registered
[    0.000000] Fast TSC calibration using PIT
[    0.000000] Detected 2493.345 MHz processor.
[    0.004004] Calibrating delay loop (skipped), value calculated using timer frequency.. 4986.69 BogoMIPS (lpj=9973380)
[    0.004016] Security Framework initialized
[    0.004021] SELinux:  Disabled at boot.
[    0.004027] Mount-cache hash table entries: 512
[    0.004135] Initializing cgroup subsys ns
[    0.004138] Initializing cgroup subsys cpuacct
[    0.004141] Initializing cgroup subsys memory
[    0.004146] Initializing cgroup subsys devices
[    0.004148] Initializing cgroup subsys freezer
[    0.004150] Initializing cgroup subsys net_cls
[    0.004169] CPU: L1 I cache: 32K, L1 D cache: 32K
[    0.004171] CPU: L2 cache: 3072K
[    0.004174] CPU: Physical Processor ID: 0
[    0.004175] CPU: Processor Core ID: 0
[    0.004178] mce: CPU supports 6 MCE banks
[    0.004185] CPU0: Thermal monitoring enabled (TM2)
[    0.004188] using mwait in idle threads.
[    0.004193] Performance Events: Core2 events, Intel PMU driver.
[    0.004198] ... version:                2
[    0.004199] ... bit width:              40
[    0.004200] ... generic registers:      2
[    0.004202] ... value mask:             000000ffffffffff
[    0.004203] ... max period:             000000007fffffff
[    0.004205] ... fixed-purpose events:   3
[    0.004206] ... event mask:             0000000700000003
[    0.004210] Checking 'hlt' instruction... OK.
[    0.020759] SMP alternatives: switching to UP code
[    0.027446] ACPI: Core revision 20090903
[    0.034243] ACPI: setting ELCR to 0200 (from 0cb8)
[    0.036007] ftrace: converting mcount calls to 0f 1f 44 00 00
[    0.036011] ftrace: allocating 20938 entries in 41 pages
[    0.044018] Enabling APIC mode:  Flat.  Using 1 I/O APICs
[    0.044020] SMP mode deactivated.
[    0.044023] SMP disabled
[    0.044090] Brought up 1 CPUs
[    0.044092] Total of 1 processors activated (4986.69 BogoMIPS).
[    0.044097] CPU0 attaching NULL sched-domain.
[    0.044159] devtmpfs: initialized
[    0.044288] sysctl table check failed: /kernel/random/now_input .1.40.7 Unknown sysctl binary path
[    0.044505] 
[    0.044505]  dacashman Pid: 1, comm: swapper Not tainted 2.6.32.57 #92
[    0.044507] Call Trace:
[    0.044512]  [<c059ee84>] ? printk+0x1d/0x21
[    0.044516]  [<c01766af>] set_fail+0x4f/0x60
[    0.044519]  [<c0176a0e>] sysctl_check_table+0x34e/0x690
[    0.044522]  [<c0176650>] ? sysctl_check_lookup+0x120/0x130
[    0.044524]  [<c0176a27>] sysctl_check_table+0x367/0x690
[    0.044527]  [<c0176650>] ? sysctl_check_lookup+0x120/0x130
[    0.044530]  [<c0176a27>] sysctl_check_table+0x367/0x690
[    0.044533]  [<c07ded5c>] sysctl_init+0x25/0x29
[    0.044535]  [<c0103041>] do_one_initcall+0x31/0x190
[    0.044538]  [<c07ded37>] ? sysctl_init+0x0/0x29
[    0.044541]  [<c07c6365>] kernel_init+0x12d/0x183
[    0.044543]  [<c07c6238>] ? kernel_init+0x0/0x183
[    0.044546]  [<c010a2c7>] kernel_thread_helper+0x7/0x10
[    0.044548] sysctl table check failed: /kernel/random/now_blocking .1.40.8 Unknown sysctl binary path
[    0.044762] 
[    0.044762]  dacashman Pid: 1, comm: swapper Not tainted 2.6.32.57 #92
[    0.044763] Call Trace:
[    0.044766]  [<c059ee84>] ? printk+0x1d/0x21
[    0.044768]  [<c01766af>] set_fail+0x4f/0x60
[    0.044771]  [<c0176a0e>] sysctl_check_table+0x34e/0x690
[    0.044773]  [<c0176650>] ? sysctl_check_lookup+0x120/0x130
[    0.044776]  [<c0176a27>] sysctl_check_table+0x367/0x690
[    0.044778]  [<c0176650>] ? sysctl_check_lookup+0x120/0x130
[    0.044781]  [<c0176a27>] sysctl_check_table+0x367/0x690
[    0.044783]  [<c07ded5c>] sysctl_init+0x25/0x29
[    0.044786]  [<c0103041>] do_one_initcall+0x31/0x190
[    0.044788]  [<c07ded37>] ? sysctl_init+0x0/0x29
[    0.044790]  [<c07c6365>] kernel_init+0x12d/0x183
[    0.044793]  [<c07c6238>] ? kernel_init+0x0/0x183
[    0.044795]  [<c010a2c7>] kernel_thread_helper+0x7/0x10
[    0.044797] sysctl table check failed: /kernel/random/now_nonblocking .1.40.9 Unknown sysctl binary path
[    0.045011] 
[    0.045011]  dacashman Pid: 1, comm: swapper Not tainted 2.6.32.57 #92
[    0.045012] Call Trace:
[    0.045015]  [<c059ee84>] ? printk+0x1d/0x21
[    0.045017]  [<c01766af>] set_fail+0x4f/0x60
[    0.045020]  [<c0176a0e>] sysctl_check_table+0x34e/0x690
[    0.045022]  [<c0176650>] ? sysctl_check_lookup+0x120/0x130
[    0.045025]  [<c0176a27>] sysctl_check_table+0x367/0x690
[    0.045027]  [<c0176650>] ? sysctl_check_lookup+0x120/0x130
[    0.045030]  [<c0176a27>] sysctl_check_table+0x367/0x690
[    0.045032]  [<c07ded5c>] sysctl_init+0x25/0x29
[    0.045035]  [<c0103041>] do_one_initcall+0x31/0x190
[    0.045037]  [<c07ded37>] ? sysctl_init+0x0/0x29
[    0.045039]  [<c07c6365>] kernel_init+0x12d/0x183
[    0.045042]  [<c07c6238>] ? kernel_init+0x0/0x183
[    0.045044]  [<c010a2c7>] kernel_thread_helper+0x7/0x10
[    0.045046] sysctl table check failed: /kernel/random/nb_input_bytes .1.40.10 Unknown sysctl binary path
[    0.045260] 
[    0.045260]  dacashman Pid: 1, comm: swapper Not tainted 2.6.32.57 #92
[    0.045261] Call Trace:
[    0.045263]  [<c059ee84>] ? printk+0x1d/0x21
[    0.045266]  [<c01766af>] set_fail+0x4f/0x60
[    0.045268]  [<c0176a0e>] sysctl_check_table+0x34e/0x690
[    0.045271]  [<c0176650>] ? sysctl_check_lookup+0x120/0x130
[    0.045274]  [<c0176a27>] sysctl_check_table+0x367/0x690
[    0.045276]  [<c0176650>] ? sysctl_check_lookup+0x120/0x130
[    0.045279]  [<c0176a27>] sysctl_check_table+0x367/0x690
[    0.045281]  [<c07ded5c>] sysctl_init+0x25/0x29
[    0.045283]  [<c0103041>] do_one_initcall+0x31/0x190
[    0.045285]  [<c07ded37>] ? sysctl_init+0x0/0x29
[    0.045288]  [<c07c6365>] kernel_init+0x12d/0x183
[    0.045290]  [<c07c6238>] ? kernel_init+0x0/0x183
[    0.045292]  [<c010a2c7>] kernel_thread_helper+0x7/0x10
[    0.045294] sysctl table check failed: /kernel/random/nb_stir_count .1.40.11 Unknown sysctl binary path
[    0.045508] 
[    0.045508]  dacashman Pid: 1, comm: swapper Not tainted 2.6.32.57 #92
[    0.045510] Call Trace:
[    0.045512]  [<c059ee84>] ? printk+0x1d/0x21
[    0.045514]  [<c01766af>] set_fail+0x4f/0x60
[    0.045517]  [<c0176a0e>] sysctl_check_table+0x34e/0x690
[    0.045519]  [<c0176650>] ? sysctl_check_lookup+0x120/0x130
[    0.045522]  [<c0176a27>] sysctl_check_table+0x367/0x690
[    0.045525]  [<c0176650>] ? sysctl_check_lookup+0x120/0x130
[    0.045527]  [<c0176a27>] sysctl_check_table+0x367/0x690
[    0.045530]  [<c07ded5c>] sysctl_init+0x25/0x29
[    0.045532]  [<c0103041>] do_one_initcall+0x31/0x190
[    0.045534]  [<c07ded37>] ? sysctl_init+0x0/0x29
[    0.045537]  [<c07c6365>] kernel_init+0x12d/0x183
[    0.045539]  [<c07c6238>] ? kernel_init+0x0/0x183
[    0.045541]  [<c010a2c7>] kernel_thread_helper+0x7/0x10
[    0.045543] sysctl table check failed: /kernel/random/nb_reentry_count .1.40.12 Unknown sysctl binary path
[    0.045757] 
[    0.045757]  dacashman Pid: 1, comm: swapper Not tainted 2.6.32.57 #92
[    0.045758] Call Trace:
[    0.045761]  [<c059ee84>] ? printk+0x1d/0x21
[    0.045763]  [<c01766af>] set_fail+0x4f/0x60
[    0.045766]  [<c0176a0e>] sysctl_check_table+0x34e/0x690
[    0.045768]  [<c0176650>] ? sysctl_check_lookup+0x120/0x130
[    0.045771]  [<c0176a27>] sysctl_check_table+0x367/0x690
[    0.045773]  [<c0176650>] ? sysctl_check_lookup+0x120/0x130
[    0.045776]  [<c0176a27>] sysctl_check_table+0x367/0x690
[    0.045778]  [<c07ded5c>] sysctl_init+0x25/0x29
[    0.045780]  [<c0103041>] do_one_initcall+0x31/0x190
[    0.045783]  [<c07ded37>] ? sysctl_init+0x0/0x29
[    0.045785]  [<c07c6365>] kernel_init+0x12d/0x183
[    0.045787]  [<c07c6238>] ? kernel_init+0x0/0x183
[    0.045790]  [<c010a2c7>] kernel_thread_helper+0x7/0x10
[    0.045925] regulator: core version 0.5
[    0.045945] Time: 19:15:56  Date: 03/26/13
[    0.045976] NET: Registered protocol family 16
[    0.046048] EISA bus registered
[    0.046054] ACPI: bus type pci registered
[    0.046103] PCI: MCFG configuration 0: base f0000000 segment 0 buses 0 - 63
[    0.046106] PCI: Not using MMCONFIG.
[    0.046231] PCI: Using configuration type 1 for base access
[    0.046826] bio: create slab <bio-0> at 0
[    0.047351] ACPI: EC: Look up EC in DSDT
[    0.048860] ACPI: Executed 1 blocks of module-level executable AML code
[    0.052751] ACPI: Interpreter enabled
[    0.052755] ACPI: (supports S0 S1 S3 S4 S5)
[    0.052773] ACPI: Using PIC for interrupt routing
[    0.052812] PCI: MCFG configuration 0: base f0000000 segment 0 buses 0 - 63
[    0.054197] PCI: MCFG area at f0000000 reserved in ACPI motherboard resources
[    0.054198] PCI: Using MMCONFIG for extended config space
[    0.060246] ACPI: No dock devices found.
[    0.060495] ACPI: PCI Root Bridge [PCI0] (0000:00)
[    0.060578] pci 0000:00:01.0: PME# supported from D0 D3hot D3cold
[    0.060580] pci 0000:00:01.0: PME# disabled
[    0.060636] pci 0000:00:1a.0: reg 20 io port: [0xc000-0xc01f]
[    0.060699] pci 0000:00:1a.1: reg 20 io port: [0xc080-0xc09f]
[    0.060762] pci 0000:00:1a.2: reg 20 io port: [0xc400-0xc41f]
[    0.060828] pci 0000:00:1a.7: reg 10 32bit mmio: [0xfe9ff400-0xfe9ff7ff]
[    0.060889] pci 0000:00:1a.7: PME# supported from D0 D3hot D3cold
[    0.060892] pci 0000:00:1a.7: PME# disabled
[    0.060925] pci 0000:00:1b.0: reg 10 64bit mmio: [0xfe9f8000-0xfe9fbfff]
[    0.060970] pci 0000:00:1b.0: PME# supported from D0 D3hot D3cold
[    0.060973] pci 0000:00:1b.0: PME# disabled
[    0.061036] pci 0000:00:1c.0: PME# supported from D0 D3hot D3cold
[    0.061039] pci 0000:00:1c.0: PME# disabled
[    0.061105] pci 0000:00:1c.5: PME# supported from D0 D3hot D3cold
[    0.061108] pci 0000:00:1c.5: PME# disabled
[    0.061152] pci 0000:00:1d.0: reg 20 io port: [0xc480-0xc49f]
[    0.061215] pci 0000:00:1d.1: reg 20 io port: [0xc800-0xc81f]
[    0.061278] pci 0000:00:1d.2: reg 20 io port: [0xc880-0xc89f]
[    0.061345] pci 0000:00:1d.7: reg 10 32bit mmio: [0xfe9ff800-0xfe9ffbff]
[    0.061406] pci 0000:00:1d.7: PME# supported from D0 D3hot D3cold
[    0.061409] pci 0000:00:1d.7: PME# disabled
[    0.061563] pci 0000:00:1f.2: reg 10 io port: [0x00-0x07]
[    0.061567] pci 0000:00:1f.2: reg 14 io port: [0x00-0x03]
[    0.061572] pci 0000:00:1f.2: reg 18 io port: [0x00-0x07]
[    0.061576] pci 0000:00:1f.2: reg 1c io port: [0x00-0x03]
[    0.061581] pci 0000:00:1f.2: reg 20 io port: [0xff90-0xff9f]
[    0.061586] pci 0000:00:1f.2: reg 24 io port: [0xffa0-0xffaf]
[    0.061631] pci 0000:00:1f.3: reg 10 64bit mmio: [0xfe9ffc00-0xfe9ffcff]
[    0.061642] pci 0000:00:1f.3: reg 20 io port: [0x400-0x41f]
[    0.061681] pci 0000:04:00.0: reg 10 64bit mmio pref: [0xe0000000-0xefffffff]
[    0.061689] pci 0000:04:00.0: reg 18 64bit mmio: [0xfebe0000-0xfebeffff]
[    0.061694] pci 0000:04:00.0: reg 20 io port: [0xe000-0xe0ff]
[    0.061701] pci 0000:04:00.0: reg 30 32bit mmio pref: [0xfebc0000-0xfebdffff]
[    0.061728] pci 0000:04:00.0: supports D1 D2
[    0.061754] pci 0000:04:00.1: reg 10 64bit mmio: [0xfebfc000-0xfebfffff]
[    0.061795] pci 0000:04:00.1: supports D1 D2
[    0.061830] pci 0000:00:01.0: bridge io port: [0xe000-0xefff]
[    0.061832] pci 0000:00:01.0: bridge 32bit mmio: [0xfeb00000-0xfebfffff]
[    0.061836] pci 0000:00:01.0: bridge 64bit mmio pref: [0xe0000000-0xefffffff]
[    0.061910] pci 0000:02:00.0: reg 10 io port: [0xd800-0xd8ff]
[    0.061927] pci 0000:02:00.0: reg 18 64bit mmio: [0xfeaff000-0xfeafffff]
[    0.061940] pci 0000:02:00.0: reg 20 64bit mmio pref: [0xdfffc000-0xdfffffff]
[    0.061947] pci 0000:02:00.0: reg 30 32bit mmio pref: [0xfeac0000-0xfeadffff]
[    0.062005] pci 0000:02:00.0: supports D1 D2
[    0.062007] pci 0000:02:00.0: PME# supported from D0 D1 D2 D3hot D3cold
[    0.062011] pci 0000:02:00.0: PME# disabled
[    0.062057] pci 0000:00:1c.5: bridge io port: [0xd000-0xdfff]
[    0.062061] pci 0000:00:1c.5: bridge 32bit mmio: [0xfea00000-0xfeafffff]
[    0.062065] pci 0000:00:1c.5: bridge 64bit mmio pref: [0xdff00000-0xdfffffff]
[    0.062104] pci 0000:00:1e.0: transparent bridge
[    0.062123] pci_bus 0000:00: on NUMA node 0
[    0.062126] ACPI: PCI Interrupt Routing Table [\_SB_.PCI0._PRT]
[    0.062283] ACPI: PCI Interrupt Routing Table [\_SB_.PCI0.P0P2._PRT]
[    0.062365] ACPI: PCI Interrupt Routing Table [\_SB_.PCI0.P0P4._PRT]
[    0.062424] ACPI: PCI Interrupt Routing Table [\_SB_.PCI0.P0P9._PRT]
[    0.074493] ACPI: PCI Interrupt Link [LNKA] (IRQs 3 4 6 7 *10 11 12 14 15)
[    0.074582] ACPI: PCI Interrupt Link [LNKB] (IRQs *5)
[    0.074667] ACPI: PCI Interrupt Link [LNKC] (IRQs 3 4 6 7 10 *11 12 14 15)
[    0.074754] ACPI: PCI Interrupt Link [LNKD] (IRQs 3 4 6 7 10 11 12 14 15) *0, disabled.
[    0.074841] ACPI: PCI Interrupt Link [LNKE] (IRQs 3 4 6 *7 10 11 12 14 15)
[    0.074927] ACPI: PCI Interrupt Link [LNKF] (IRQs 3 4 6 7 *10 11 12 14 15)
[    0.075014] ACPI: PCI Interrupt Link [LNKG] (IRQs 3 *4 6 7 10 11 12 14 15)
[    0.075101] ACPI: PCI Interrupt Link [LNKH] (IRQs *3 4 6 7 10 11 12 14 15)
[    0.075176] vgaarb: device added: PCI:0000:04:00.0,decodes=io+mem,owns=io+mem,locks=none
[    0.075178] vgaarb: loaded
[    0.075254] SCSI subsystem initialized
[    0.075281] libata version 3.00 loaded.
[    0.075327] usbcore: registered new interface driver usbfs
[    0.075335] usbcore: registered new interface driver hub
[    0.075353] usbcore: registered new device driver usb
[    0.075432] ACPI: WMI: Mapper loaded
[    0.075434] PCI: Using ACPI for IRQ routing
[    0.075532] NetLabel: Initializing
[    0.075534] NetLabel:  domain hash size = 128
[    0.075535] NetLabel:  protocols = UNLABELED CIPSOv4
[    0.075543] NetLabel:  unlabeled traffic allowed by default
[    0.075565] HPET: 4 timers in total, 0 timers will be used for per-cpu timer
[    0.075569] hpet0: at MMIO 0xfed00000, IRQs 2, 8, 0, 0
[    0.075573] hpet0: 4 comparators, 64-bit 14.318180 MHz counter
[    0.077007] random 0000 0000 0000 00000000 00000000: rand_read_num 2 get_random_bytes(8): sig fffffe1a 00000000 00000000
[    0.077010] random 0000 0000 0000 00000000 00000000: extract_entropy(.. 8 ..)
[    0.077012] random 0000 0000 0000 00000000 00000000: going to reseed nonblocking with 64 bits (64 of 0 requested)
[    0.077014] random 0000 0000 0000 00000000 00000000: extract_entropy(.. 8 ..)
[    0.077017] random 0000 0000 0000 00000000 00000000: trying to extract 64 bits from input
[    0.077019] random 0000 0000 0000 00000000 00000000: debiting 0 entropy credits from input
[    0.077021] random 0000 0000 0000 00000000 00000000: trying to extract 64 bits from nonblocking
[    0.077024] random 0000 0000 0000 00000000 00000000: debiting 64 entropy credits from nonblocking (unlimited)
[    0.080016] Switching to clocksource tsc
[    0.081385] pnp: PnP ACPI init
[    0.081392] ACPI: bus type pnp registered
[    0.083028] pnp: PnP ACPI: found 14 devices
[    0.083030] ACPI: ACPI bus type pnp unregistered
[    0.083033] PnPBIOS: Disabled by ACPI PNP
[    0.083040] system 00:01: iomem range 0xfed14000-0xfed19fff has been reserved
[    0.083043] system 00:01: iomem range 0xfed90000-0xfed93fff has been reserved
[    0.083048] system 00:06: ioport range 0x4d0-0x4d1 has been reserved
[    0.083050] system 00:06: ioport range 0x800-0x87f has been reserved
[    0.083053] system 00:06: ioport range 0x500-0x57f has been reserved
[    0.083055] system 00:06: iomem range 0xfed1c000-0xfed1ffff has been reserved
[    0.083057] system 00:06: iomem range 0xfed20000-0xfed3ffff has been reserved
[    0.083059] system 00:06: iomem range 0xfed40000-0xfed8ffff has been reserved
[    0.083063] system 00:09: iomem range 0xffc00000-0xffefffff has been reserved
[    0.083067] system 00:0a: iomem range 0xfec00000-0xfec00fff has been reserved
[    0.083069] system 00:0a: iomem range 0xfee00000-0xfee00fff has been reserved
[    0.083073] system 00:0b: ioport range 0xa00-0xadf has been reserved
[    0.083077] system 00:0c: iomem range 0xf0000000-0xf3ffffff has been reserved
[    0.083081] system 00:0d: iomem range 0x0-0x9ffff could not be reserved
[    0.083083] system 00:0d: iomem range 0xc0000-0xcffff could not be reserved
[    0.083085] system 00:0d: iomem range 0xe0000-0xfffff could not be reserved
[    0.083087] system 00:0d: iomem range 0x100000-0xcfffffff could not be reserved
[    0.083090] system 00:0d: iomem range 0xfed90000-0xffffffff could not be reserved
[    0.117685] pci 0000:00:01.0: PCI bridge, secondary bus 0000:04
[    0.117688] pci 0000:00:01.0:   IO window: 0xe000-0xefff
[    0.117691] pci 0000:00:01.0:   MEM window: 0xfeb00000-0xfebfffff
[    0.117694] pci 0000:00:01.0:   PREFETCH window: 0x000000e0000000-0x000000efffffff
[    0.117697] pci 0000:00:1c.0: PCI bridge, secondary bus 0000:03
[    0.117700] pci 0000:00:1c.0:   IO window: 0x1000-0x1fff
[    0.117703] pci 0000:00:1c.0:   MEM window: 0xd0000000-0xd01fffff
[    0.117707] pci 0000:00:1c.0:   PREFETCH window: 0x000000d0200000-0x000000d03fffff
[    0.117711] pci 0000:00:1c.5: PCI bridge, secondary bus 0000:02
[    0.117714] pci 0000:00:1c.5:   IO window: 0xd000-0xdfff
[    0.117718] pci 0000:00:1c.5:   MEM window: 0xfea00000-0xfeafffff
[    0.117721] pci 0000:00:1c.5:   PREFETCH window: 0x000000dff00000-0x000000dfffffff
[    0.117726] pci 0000:00:1e.0: PCI bridge, secondary bus 0000:01
[    0.117727] pci 0000:00:1e.0:   IO window: disabled
[    0.117731] pci 0000:00:1e.0:   MEM window: disabled
[    0.117734] pci 0000:00:1e.0:   PREFETCH window: disabled
[    0.117842] ACPI: PCI Interrupt Link [LNKA] enabled at IRQ 10
[    0.117844] PCI: setting IRQ 10 as level-triggered
[    0.117849] pci 0000:00:01.0: PCI INT A -> Link[LNKA] -> GSI 10 (level, low) -> IRQ 10
[    0.117852] pci 0000:00:01.0: setting latency timer to 64
[    0.117858] pci 0000:00:1c.0: enabling device (0104 -> 0107)
[    0.117956] ACPI: PCI Interrupt Link [LNKB] enabled at IRQ 5
[    0.117957] PCI: setting IRQ 5 as level-triggered
[    0.117961] pci 0000:00:1c.0: PCI INT A -> Link[LNKB] -> GSI 5 (level, low) -> IRQ 5
[    0.117965] pci 0000:00:1c.0: setting latency timer to 64
[    0.117971] pci 0000:00:1c.5: PCI INT B -> Link[LNKA] -> GSI 10 (level, low) -> IRQ 10
[    0.117975] pci 0000:00:1c.5: setting latency timer to 64
[    0.117980] pci 0000:00:1e.0: setting latency timer to 64
[    0.117983] pci_bus 0000:00: resource 0 io:  [0x00-0xffff]
[    0.117985] pci_bus 0000:00: resource 1 mem: [0x000000-0xffffffffffffffff]
[    0.117987] pci_bus 0000:04: resource 0 io:  [0xe000-0xefff]
[    0.117989] pci_bus 0000:04: resource 1 mem: [0xfeb00000-0xfebfffff]
[    0.117991] pci_bus 0000:04: resource 2 pref mem [0xe0000000-0xefffffff]
[    0.117993] pci_bus 0000:03: resource 0 io:  [0x1000-0x1fff]
[    0.117994] pci_bus 0000:03: resource 1 mem: [0xd0000000-0xd01fffff]
[    0.117996] pci_bus 0000:03: resource 2 pref mem [0xd0200000-0xd03fffff]
[    0.117998] pci_bus 0000:02: resource 0 io:  [0xd000-0xdfff]
[    0.118000] pci_bus 0000:02: resource 1 mem: [0xfea00000-0xfeafffff]
[    0.118002] pci_bus 0000:02: resource 2 pref mem [0xdff00000-0xdfffffff]
[    0.118004] pci_bus 0000:01: resource 3 io:  [0x00-0xffff]
[    0.118005] pci_bus 0000:01: resource 4 mem: [0x000000-0xffffffffffffffff]
[    0.118025] NET: Registered protocol family 2
[    0.118050] random 0000 0000 0000 5f8db4e5 4cfdf2a8: rand_read_num 3 get_random_bytes(4): sig fffffb64 5f8db4e5 4cfdf2a8
[    0.118053] random 0000 0000 0000 5f8db4e5 4cfdf2a8: extract_entropy(.. 4 ..)
[    0.118055] random 0000 0000 0000 5f8db4e5 4cfdf2a8: going to reseed nonblocking with 64 bits (32 of 0 requested)
[    0.118057] random 0000 0000 0000 5f8db4e5 4cfdf2a8: extract_entropy(.. 8 ..)
[    0.118059] random 0000 0000 0000 5f8db4e5 4cfdf2a8: trying to extract 64 bits from input
[    0.118062] random 0000 0000 0000 5f8db4e5 4cfdf2a8: debiting 0 entropy credits from input
[    0.118064] random 0000 0000 0000 5f8db4e5 4cfdf2a8: trying to extract 32 bits from nonblocking
[    0.118066] random 0000 0000 0000 5f8db4e5 4cfdf2a8: debiting 32 entropy credits from nonblocking (unlimited)
[    0.118101] IP route cache hash table entries: 32768 (order: 5, 131072 bytes)
[    0.118307] TCP established hash table entries: 131072 (order: 8, 1048576 bytes)
[    0.118626] TCP bind hash table entries: 65536 (order: 7, 524288 bytes)
[    0.118794] TCP: Hash tables configured (established 131072 bind 65536)
[    0.118796] TCP reno registered
[    0.118840] NET: Registered protocol family 1
[    0.118946] pci 0000:04:00.0: Boot video device
[    0.119057] cpufreq-nforce2: No nForce2 chipset.
[    0.119072] Scanning for low memory corruption every 60 seconds
[    0.119143] audit: initializing netlink socket (disabled)
[    0.119149] type=2000 audit(1364325356.115:1): initialized
[    0.127401] highmem bounce pool size: 64 pages
[    0.127405] HugeTLB registered 2 MB page size, pre-allocated 0 pages
[    0.128409] VFS: Disk quotas dquot_6.5.2
[    0.128449] Dquot-cache hash table entries: 1024 (order 0, 4096 bytes)
[    0.128849] fuse init (API version 7.13)
[    0.128912] msgmni has been set to 1581
[    0.129044] alg: No test for stdrng (krng)
[    0.129083] Block layer SCSI generic (bsg) driver version 0.4 loaded (major 253)
[    0.129086] io scheduler noop registered
[    0.129087] io scheduler anticipatory registered
[    0.129088] io scheduler deadline registered
[    0.129115] io scheduler cfq registered (default)
[    0.129198]   alloc irq_desc for 24 on node -1
[    0.129200]   alloc kstat_irqs on node -1
[    0.129207] pcieport 0000:00:01.0: irq 24 for MSI/MSI-X
[    0.129211] pcieport 0000:00:01.0: setting latency timer to 64
[    0.129281]   alloc irq_desc for 25 on node -1
[    0.129283]   alloc kstat_irqs on node -1
[    0.129288] pcieport 0000:00:1c.0: irq 25 for MSI/MSI-X
[    0.129294] pcieport 0000:00:1c.0: setting latency timer to 64
[    0.129380]   alloc irq_desc for 26 on node -1
[    0.129381]   alloc kstat_irqs on node -1
[    0.129386] pcieport 0000:00:1c.5: irq 26 for MSI/MSI-X
[    0.129392] pcieport 0000:00:1c.5: setting latency timer to 64
[    0.129456] pci_hotplug: PCI Hot Plug PCI Core version: 0.5
[    0.129469] Firmware did not grant requested _OSC control
[    0.129481] Firmware did not grant requested _OSC control
[    0.129500] Firmware did not grant requested _OSC control
[    0.129509] Firmware did not grant requested _OSC control
[    0.129519] pciehp: PCI Express Hot Plug Controller Driver version: 0.4
[    0.129626] input: Power Button as /devices/LNXSYSTM:00/LNXSYBUS:00/PNP0C0C:00/input/input0
[    0.129629] ACPI: Power Button [PWRB]
[    0.129659] input: Power Button as /devices/LNXSYSTM:00/LNXPWRBN:00/input/input1
[    0.129661] ACPI: Power Button [PWRF]
[    0.130184] ACPI: SSDT cffa0270 0022C (v01 HPQOEM SLIC-CPC 00000011 INTL 20051117)
[    0.130373] processor LNXCPU:00: registered as cooling_device0
[    0.131973] isapnp: Scanning for PnP cards...
[    0.484809] isapnp: No Plug & Play device found
[    0.484819] random 0000 0000 0000 5f8db4e5 4cfdf2a8: initializing
[    0.485737] Serial: 8250/16550 driver, 4 ports, IRQ sharing enabled
[    0.486692] brd: module loaded
[    0.487004] loop: module loaded
[    0.487059] input: Macintosh mouse button emulation as /devices/virtual/input/input2
[    0.487127] ata_piix 0000:00:1f.2: version 2.13
[    0.487240] ACPI: PCI Interrupt Link [LNKD] enabled at IRQ 11
[    0.487243] PCI: setting IRQ 11 as level-triggered
[    0.487247] ata_piix 0000:00:1f.2: PCI INT B -> Link[LNKD] -> GSI 11 (level, low) -> IRQ 11
[    0.487250] ata_piix 0000:00:1f.2: MAP [ P0 P2 P1 P3 ]
[    0.487283] ata_piix 0000:00:1f.2: setting latency timer to 64
[    0.487318] scsi0 : ata_piix
[    0.487365] scsi1 : ata_piix
[    0.488470] ata1: SATA max UDMA/133 cmd 0x1f0 ctl 0x3f6 bmdma 0xff90 irq 14
[    0.488475] ata2: SATA max UDMA/133 cmd 0x170 ctl 0x376 bmdma 0xff98 irq 15
[    0.488726] Fixed MDIO Bus: probed
[    0.488750] PPP generic driver version 2.4.2
[    0.488778] tun: Universal TUN/TAP device driver, 1.6
[    0.488780] tun: (C) 1999-2004 Max Krasnyansky <maxk@qualcomm.com>
[    0.488839] ehci_hcd: USB 2.0 'Enhanced' Host Controller (EHCI) Driver
[    0.488952] ACPI: PCI Interrupt Link [LNKC] enabled at IRQ 11
[    0.488955] ehci_hcd 0000:00:1a.7: PCI INT C -> Link[LNKC] -> GSI 11 (level, low) -> IRQ 11
[    0.488963] ehci_hcd 0000:00:1a.7: setting latency timer to 64
[    0.488965] ehci_hcd 0000:00:1a.7: EHCI Host Controller
[    0.488987] ehci_hcd 0000:00:1a.7: new USB bus registered, assigned bus number 1
[    0.489009] ehci_hcd 0000:00:1a.7: debug port 1
[    0.492888] ehci_hcd 0000:00:1a.7: cache line size of 32 is not supported
[    0.492915] ehci_hcd 0000:00:1a.7: irq 11, io mem 0xfe9ff400
[    0.508027] ehci_hcd 0000:00:1a.7: USB 2.0 started, EHCI 1.00
[    0.508108] usb usb1: configuration #1 chosen from 1 choice
[    0.508133] hub 1-0:1.0: USB hub found
[    0.508144] hub 1-0:1.0: 6 ports detected
[    0.508283] ACPI: PCI Interrupt Link [LNKH] enabled at IRQ 3
[    0.508285] PCI: setting IRQ 3 as level-triggered
[    0.508289] ehci_hcd 0000:00:1d.7: PCI INT A -> Link[LNKH] -> GSI 3 (level, low) -> IRQ 3
[    0.508296] ehci_hcd 0000:00:1d.7: setting latency timer to 64
[    0.508298] ehci_hcd 0000:00:1d.7: EHCI Host Controller
[    0.508320] ehci_hcd 0000:00:1d.7: new USB bus registered, assigned bus number 2
[    0.508340] ehci_hcd 0000:00:1d.7: debug port 1
[    0.512209] ehci_hcd 0000:00:1d.7: cache line size of 32 is not supported
[    0.512214] ehci_hcd 0000:00:1d.7: irq 3, io mem 0xfe9ff800
[    0.528031] ehci_hcd 0000:00:1d.7: USB 2.0 started, EHCI 1.00
[    0.528101] usb usb2: configuration #1 chosen from 1 choice
[    0.528124] hub 2-0:1.0: USB hub found
[    0.528129] hub 2-0:1.0: 6 ports detected
[    0.528173] ohci_hcd: USB 1.1 'Open' Host Controller (OHCI) Driver
[    0.528181] uhci_hcd: USB Universal Host Controller Interface driver
[    0.528194] uhci_hcd 0000:00:1a.0: PCI INT A -> Link[LNKA] -> GSI 10 (level, low) -> IRQ 10
[    0.528199] uhci_hcd 0000:00:1a.0: setting latency timer to 64
[    0.528201] uhci_hcd 0000:00:1a.0: UHCI Host Controller
[    0.528223] uhci_hcd 0000:00:1a.0: new USB bus registered, assigned bus number 3
[    0.528243] uhci_hcd 0000:00:1a.0: irq 10, io base 0x0000c000
[    0.528301] usb usb3: configuration #1 chosen from 1 choice
[    0.528322] hub 3-0:1.0: USB hub found
[    0.528326] hub 3-0:1.0: 2 ports detected
[    0.528458] ACPI: PCI Interrupt Link [LNKF] enabled at IRQ 10
[    0.528461] uhci_hcd 0000:00:1a.1: PCI INT B -> Link[LNKF] -> GSI 10 (level, low) -> IRQ 10
[    0.528465] uhci_hcd 0000:00:1a.1: setting latency timer to 64
[    0.528468] uhci_hcd 0000:00:1a.1: UHCI Host Controller
[    0.528493] uhci_hcd 0000:00:1a.1: new USB bus registered, assigned bus number 4
[    0.528512] uhci_hcd 0000:00:1a.1: irq 10, io base 0x0000c080
[    0.528571] usb usb4: configuration #1 chosen from 1 choice
[    0.528589] hub 4-0:1.0: USB hub found
[    0.528593] hub 4-0:1.0: 2 ports detected
[    0.528722] ACPI: PCI Interrupt Link [LNKE] enabled at IRQ 7
[    0.528724] PCI: setting IRQ 7 as level-triggered
[    0.528728] uhci_hcd 0000:00:1a.2: PCI INT D -> Link[LNKE] -> GSI 7 (level, low) -> IRQ 7
[    0.528732] uhci_hcd 0000:00:1a.2: setting latency timer to 64
[    0.528734] uhci_hcd 0000:00:1a.2: UHCI Host Controller
[    0.528757] uhci_hcd 0000:00:1a.2: new USB bus registered, assigned bus number 5
[    0.528777] uhci_hcd 0000:00:1a.2: irq 7, io base 0x0000c400
[    0.528834] usb usb5: configuration #1 chosen from 1 choice
[    0.528851] hub 5-0:1.0: USB hub found
[    0.528856] hub 5-0:1.0: 2 ports detected
[    0.528886] uhci_hcd 0000:00:1d.0: PCI INT A -> Link[LNKH] -> GSI 3 (level, low) -> IRQ 3
[    0.528890] uhci_hcd 0000:00:1d.0: setting latency timer to 64
[    0.528893] uhci_hcd 0000:00:1d.0: UHCI Host Controller
[    0.528912] uhci_hcd 0000:00:1d.0: new USB bus registered, assigned bus number 6
[    0.528930] uhci_hcd 0000:00:1d.0: irq 3, io base 0x0000c480
[    0.528987] usb usb6: configuration #1 chosen from 1 choice
[    0.529006] hub 6-0:1.0: USB hub found
[    0.529010] hub 6-0:1.0: 2 ports detected
[    0.529042] uhci_hcd 0000:00:1d.1: PCI INT B -> Link[LNKE] -> GSI 7 (level, low) -> IRQ 7
[    0.529046] uhci_hcd 0000:00:1d.1: setting latency timer to 64
[    0.529048] uhci_hcd 0000:00:1d.1: UHCI Host Controller
[    0.529070] uhci_hcd 0000:00:1d.1: new USB bus registered, assigned bus number 7
[    0.529088] uhci_hcd 0000:00:1d.1: irq 7, io base 0x0000c800
[    0.529145] usb usb7: configuration #1 chosen from 1 choice
[    0.529164] hub 7-0:1.0: USB hub found
[    0.529168] hub 7-0:1.0: 2 ports detected
[    0.529196] uhci_hcd 0000:00:1d.2: PCI INT C -> Link[LNKC] -> GSI 11 (level, low) -> IRQ 11
[    0.529200] uhci_hcd 0000:00:1d.2: setting latency timer to 64
[    0.529203] uhci_hcd 0000:00:1d.2: UHCI Host Controller
[    0.529222] uhci_hcd 0000:00:1d.2: new USB bus registered, assigned bus number 8
[    0.529241] uhci_hcd 0000:00:1d.2: irq 11, io base 0x0000c880
[    0.529299] usb usb8: configuration #1 chosen from 1 choice
[    0.529316] hub 8-0:1.0: USB hub found
[    0.529321] hub 8-0:1.0: 2 ports detected
[    0.529387] PNP: No PS/2 controller found. Probing ports directly.
[    0.531836] serio: i8042 KBD port at 0x60,0x64 irq 1
[    0.531841] serio: i8042 AUX port at 0x60,0x64 irq 12
[    0.531916] mice: PS/2 mouse device common for all mice
[    0.531995] rtc_cmos 00:03: RTC can wake from S4
[    0.532019] rtc_cmos 00:03: rtc core: registered rtc_cmos as rtc0
[    0.532044] rtc0: alarms up to one month, y3k, 114 bytes nvram, hpet irqs
[    0.532112] device-mapper: uevent: version 1.0.3
[    0.532171] device-mapper: ioctl: 4.15.0-ioctl (2009-04-01) initialised: dm-devel@redhat.com
[    0.532201] device-mapper: multipath: version 1.1.0 loaded
[    0.532203] device-mapper: multipath round-robin: version 1.0.0 loaded
[    0.532273] EISA: Probing bus 0 at eisa.0
[    0.532277] Cannot allocate resource for EISA slot 1
[    0.532294] EISA: Detected 0 cards.
[    0.532321] cpuidle: using governor ladder
[    0.532323] cpuidle: using governor menu
[    0.532553] random 0000 0000 0000 00000000 00000000: rand_read_num 4 get_random_bytes(136): sig 00000000 00000000 00000000
[    0.532556] random 0000 0000 0000 00000000 00000000: extract_entropy(.. 136 ..)
[    0.532558] random 0000 0000 0000 00000000 00000000: going to reseed nonblocking with 1024 bits (1088 of 0 requested)
[    0.532561] random 0000 0000 0000 00000000 00000000: extract_entropy(.. 128 ..)
[    0.532563] random 0000 0000 0000 00000000 00000000: trying to extract 1024 bits from input
[    0.532565] random 0000 0000 0000 00000000 00000000: debiting 0 entropy credits from input
[    0.532567] random 0000 0000 0000 00000000 00000000: trying to extract 1088 bits from nonblocking
[    0.532570] random 0000 0000 0000 00000000 00000000: debiting 1088 entropy credits from nonblocking (unlimited)
[    0.532600] TCP cubic registered
[    0.532708] NET: Registered protocol family 10
[    0.532744] random 0000 0000 0000 9ff19f9c c07a1d2a: rand_read_num 5 get_random_bytes(4): sig 0000031b 9ff19f9c c07a1d2a
[    0.532746] random 0000 0000 0000 9ff19f9c c07a1d2a: extract_entropy(.. 4 ..)
[    0.532749] random 0000 0000 0000 9ff19f9c c07a1d2a: going to reseed nonblocking with 64 bits (32 of 0 requested)
[    0.532751] random 0000 0000 0000 9ff19f9c c07a1d2a: extract_entropy(.. 8 ..)
[    0.532753] random 0000 0000 0000 9ff19f9c c07a1d2a: trying to extract 64 bits from input
[    0.532755] random 0000 0000 0000 9ff19f9c c07a1d2a: debiting 0 entropy credits from input
[    0.532757] random 0000 0000 0000 9ff19f9c c07a1d2a: trying to extract 32 bits from nonblocking
[    0.532760] random 0000 0000 0000 9ff19f9c c07a1d2a: debiting 32 entropy credits from nonblocking (unlimited)
[    0.533212] NET: Registered protocol family 17
[    0.533485] Using IPI No-Shortcut mode
[    0.533491] random 0000 0000 0000 277f73c3 42024bb9: rand_read_num 6 get_random_bytes(8): sig 000007e9 277f73c3 42024bb9
[    0.533494] random 0000 0000 0000 277f73c3 42024bb9: extract_entropy(.. 8 ..)
[    0.533496] random 0000 0000 0000 277f73c3 42024bb9: going to reseed nonblocking with 64 bits (64 of 0 requested)
[    0.533498] random 0000 0000 0000 277f73c3 42024bb9: extract_entropy(.. 8 ..)
[    0.533500] random 0000 0000 0000 277f73c3 42024bb9: trying to extract 64 bits from input
[    0.533503] random 0000 0000 0000 277f73c3 42024bb9: debiting 0 entropy credits from input
[    0.533505] random 0000 0000 0000 277f73c3 42024bb9: trying to extract 64 bits from nonblocking
[    0.533507] random 0000 0000 0000 277f73c3 42024bb9: debiting 64 entropy credits from nonblocking (unlimited)
[    0.533551] PM: Resume from disk failed.
[    0.533560] registered taskstats version 1
[    0.533563] random 0000 0000 0000 277f73c3 42024bb9: rand_read_num 7 get_random_bytes(12): sig 00000498 277f73c3 42024bb9
[    0.533565] random 0000 0000 0000 277f73c3 42024bb9: extract_entropy(.. 12 ..)
[    0.533568] random 0000 0000 0000 277f73c3 42024bb9: going to reseed nonblocking with 96 bits (96 of 0 requested)
[    0.533570] random 0000 0000 0000 277f73c3 42024bb9: extract_entropy(.. 12 ..)
[    0.533572] random 0000 0000 0000 277f73c3 42024bb9: trying to extract 96 bits from input
[    0.533574] random 0000 0000 0000 277f73c3 42024bb9: debiting 0 entropy credits from input
[    0.533576] random 0000 0000 0000 277f73c3 42024bb9: trying to extract 96 bits from nonblocking
[    0.533579] random 0000 0000 0000 277f73c3 42024bb9: debiting 96 entropy credits from nonblocking (unlimited)
[    0.533827] random 0000 0000 0000 412698f6 0cc8689a: rand_read_num 8 get_random_bytes(64): sig 00000122 412698f6 0cc8689a
[    0.533830] random 0000 0000 0000 412698f6 0cc8689a: extract_entropy(.. 64 ..)
[    0.533832] random 0000 0000 0000 412698f6 0cc8689a: going to reseed nonblocking with 512 bits (512 of 0 requested)
[    0.533835] random 0000 0000 0000 412698f6 0cc8689a: extract_entropy(.. 64 ..)
[    0.533837] random 0000 0000 0000 412698f6 0cc8689a: trying to extract 512 bits from input
[    0.533839] random 0000 0000 0000 412698f6 0cc8689a: debiting 0 entropy credits from input
[    0.533841] random 0000 0000 0000 412698f6 0cc8689a: trying to extract 512 bits from nonblocking
[    0.533844] random 0000 0000 0000 412698f6 0cc8689a: debiting 512 entropy credits from nonblocking (unlimited)
[    0.533857]   Magic number: 5:670:294
[    0.533864] misc hpet: hash matches
[    0.533867] tty tty27: hash matches
[    0.533905] rtc_cmos 00:03: setting system clock to 2013-03-26 19:15:57 UTC (1364325357)
[    0.533907] BIOS EDD facility v0.16 2004-Jun-25, 0 devices found
[    0.533908] EDD information not available.
[    0.533930] random 0000 0000 0000 70cfd302 e5edec11: rand_read_num 9 get_random_bytes(64): sig fffffdc1 70cfd302 e5edec11
[    0.533933] random 0000 0000 0000 70cfd302 e5edec11: extract_entropy(.. 64 ..)
[    0.533935] random 0000 0000 0000 70cfd302 e5edec11: going to reseed nonblocking with 512 bits (512 of 0 requested)
[    0.533937] random 0000 0000 0000 70cfd302 e5edec11: extract_entropy(.. 64 ..)
[    0.533939] random 0000 0000 0000 70cfd302 e5edec11: trying to extract 512 bits from input
[    0.533942] random 0000 0000 0000 70cfd302 e5edec11: debiting 0 entropy credits from input
[    0.533944] random 0000 0000 0000 70cfd302 e5edec11: trying to extract 512 bits from nonblocking
[    0.533946] random 0000 0000 0000 70cfd302 e5edec11: debiting 512 entropy credits from nonblocking (unlimited)
[    0.533960] BEGIN NET_SECRET:
[    0.533961] \x18
[    0.533962] \x5c
[    0.533962] \x2b
[    0.533963] \x1
[    0.533964] \xffffff90
[    0.533965] \x19
[    0.533966] \x3c
[    0.533967] \xfffffff2
[    0.533968] \xffffff82
[    0.533969] \x2a
[    0.533970] \xffffffb3
[    0.533970] \xffffffa2
[    0.533971] \x3f
[    0.533972] \x5
[    0.533973] \x52
[    0.533974] \x77
[    0.533975] \x57
[    0.533975] \x79
[    0.533976] \x16
[    0.533977] \x43
[    0.533978] \xffffff84
[    0.533979] \xffffffc3
[    0.533980] \xffffffe9
[    0.533981] \x79
[    0.533981] \x50
[    0.533982] \xffffff8e
[    0.533983] \x3f
[    0.533984] \xfffffff3
[    0.533985] \x19
[    0.533986] \x2a
[    0.533986] \xfffffffd
[    0.533987] \xfffffffb
[    0.533988] \x62
[    0.533989] \x3c
[    0.533990] \xffffffac
[    0.533991] \x1c
[    0.533992] \x3b
[    0.533992] \x3b
[    0.533993] \x15
[    0.533994] \x27
[    0.533995] \xffffffa8
[    0.533996] \x22
[    0.533997] \xffffffc5
[    0.533997] \xffffff9a
[    0.533998] \x5
[    0.533999] \x6c
[    0.534000] \xffffffa8
[    0.534001] \x3a
[    0.534002] \x44
[    0.534003] \xffffffaf
[    0.534003] \x13
[    0.534004] \xffffffe0
[    0.534005] \xffffff9d
[    0.534006] \x22
[    0.534007] \xf
[    0.534008] \xffffffc9
[    0.534009] \x6c
[    0.534009] \x28
[    0.534010] \xffffff87
[    0.534011] \x79
[    0.534012] \x69
[    0.534013] \xffffff91
[    0.534014] \xffffff8a
[    0.534015] \xfffffff9
[    0.534015] 
[    0.534016] END NET_SECRET
[    0.534018] random 0000 0000 0000 e7f555d9 e8ce5c3c: rand_read_num 10 get_random_bytes(4): sig ffffff72 e7f555d9 e8ce5c3c
[    0.534021] random 0000 0000 0000 e7f555d9 e8ce5c3c: extract_entropy(.. 4 ..)
[    0.534023] random 0000 0000 0000 e7f555d9 e8ce5c3c: going to reseed nonblocking with 64 bits (32 of 0 requested)
[    0.534025] random 0000 0000 0000 e7f555d9 e8ce5c3c: extract_entropy(.. 8 ..)
[    0.534027] random 0000 0000 0000 e7f555d9 e8ce5c3c: trying to extract 64 bits from input
[    0.534029] random 0000 0000 0000 e7f555d9 e8ce5c3c: debiting 0 entropy credits from input
[    0.534032] random 0000 0000 0000 e7f555d9 e8ce5c3c: trying to extract 32 bits from nonblocking
[    0.534034] random 0000 0000 0000 e7f555d9 e8ce5c3c: debiting 32 entropy credits from nonblocking (unlimited)
[    0.820078] usb 1-6: new high speed USB device using ehci_hcd and address 2
[    1.284064] ata1.00: SATA link up 3.0 Gbps (SStatus 123 SControl 300)
[    1.284074] ata1.01: SATA link down (SStatus 0 SControl 300)
[    1.284623] usb 1-6: configuration #1 chosen from 1 choice
[    1.288059] ata2.00: SATA link up 1.5 Gbps (SStatus 113 SControl 300)
[    1.288071] ata2.01: SATA link down (SStatus 0 SControl 300)
[    1.288080] ata2.01: link offline, clearing class 3 to NONE
[    1.292349] ata2.00: ATAPI: TSSTcorp CDDVDW TS-H653R, 0301, max UDMA/33
[    1.292435] ata1.00: ATA-8: WDC WD6400AAKS-65A7B2, 01.03B01, max UDMA/133
[    1.292437] ata1.00: 1250263728 sectors, multi 16: LBA48 NCQ (depth 0/32)
[    1.308365] ata2.00: configured for UDMA/33
[    1.308437] ata1.00: configured for UDMA/133
[    1.308520] scsi 0:0:0:0: Direct-Access     ATA      WDC WD6400AAKS-6 01.0 PQ: 0 ANSI: 5
[    1.308595] sd 0:0:0:0: Attached scsi generic sg0 type 0
[    1.308640] sd 0:0:0:0: [sda] 1250263728 512-byte logical blocks: (640 GB/596 GiB)
[    1.308674] sd 0:0:0:0: [sda] Write Protect is off
[    1.308676] sd 0:0:0:0: [sda] Mode Sense: 00 3a 00 00
[    1.308694] sd 0:0:0:0: [sda] Write cache: enabled, read cache: enabled, doesn't support DPO or FUA
[    1.308781]  sda:
[    1.309718] scsi 1:0:0:0: CD-ROM            TSSTcorp CDDVDW TS-H653R  0301 PQ: 0 ANSI: 5
[    1.314438] sr0: scsi3-mmc drive: 40x/40x writer dvd-ram cd/rw xa/form2 cdda tray
[    1.314441] Uniform CD-ROM driver Revision: 3.20
[    1.314506] sr 1:0:0:0: Attached scsi CD-ROM sr0
[    1.314546] sr 1:0:0:0: Attached scsi generic sg1 type 5
[    1.317563] random 0000 0000 0000 91716c54 eeb6a1e7: add_disk_randomness(8:0) 91716c54 eeb6a1e7
[    1.317567] random 0000 0000 0000 91716c54 eeb6a1e7: add_timer_randomness(.. 8388864)
[    1.317570] random 0000 0000 0000 91716c54 eeb6a1e7: added 11 entropy credits to input
[    1.317584]  sda1 sda2 <
[    1.347290] random 0011 0000 0000 91716c54 eeb6a1e7: add_disk_randomness(8:0) 91716c54 eeb6a1e7
[    1.347293] random 0011 0000 0000 91716c54 eeb6a1e7: add_timer_randomness(.. 8388864)
[    1.347297] random 0011 0000 0000 91716c54 eeb6a1e7: added 2 entropy credits to input
[    1.347304]  sda5 >
[    1.347493] sd 0:0:0:0: [sda] Attached SCSI disk
[    1.347501] md: Waiting for all devices to be available before autodetect
[    1.347503] md: If you don't use raid, use raid=noautodetect
[    1.347563] md: Autodetecting RAID arrays.
[    1.347564] md: Scanned 0 and added 0 devices.
[    1.347565] md: autorun ...
[    1.347566] md: ... autorun DONE.
[    1.375796] random 0013 0000 0000 91716c54 eeb6a1e7: add_disk_randomness(8:0) 91716c54 eeb6a1e7
[    1.375799] random 0013 0000 0000 91716c54 eeb6a1e7: add_timer_randomness(.. 8388864)
[    1.375808] EXT3-fs: sda1: couldn't mount because of unsupported optional features (240).
[    1.376455] random 0013 0000 0000 91716c54 eeb6a1e7: add_disk_randomness(8:0) 91716c54 eeb6a1e7
[    1.376458] random 0013 0000 0000 91716c54 eeb6a1e7: add_timer_randomness(.. 8388864)
[    1.376468] EXT2-fs: sda1: couldn't mount because of unsupported optional features (240).
[    1.376647] random 0013 0000 0000 91716c54 eeb6a1e7: add_disk_randomness(8:0) 91716c54 eeb6a1e7
[    1.376650] random 0013 0000 0000 91716c54 eeb6a1e7: add_timer_randomness(.. 8388864)
[    1.384144] random 0013 0000 0000 91716c54 eeb6a1e7: add_disk_randomness(8:0) 91716c54 eeb6a1e7
[    1.384146] random 0013 0000 0000 91716c54 eeb6a1e7: add_timer_randomness(.. 8388864)
[    1.384149] random 0013 0000 0000 91716c54 eeb6a1e7: added 1 entropy credits to input
[    1.384318] random 0014 0000 0000 91716c54 eeb6a1e7: add_disk_randomness(8:0) 91716c54 eeb6a1e7
[    1.384321] random 0014 0000 0000 91716c54 eeb6a1e7: add_timer_randomness(.. 8388864)
[    1.384471] random 0014 0000 0000 91716c54 eeb6a1e7: add_disk_randomness(8:0) 91716c54 eeb6a1e7
[    1.384474] random 0014 0000 0000 91716c54 eeb6a1e7: add_timer_randomness(.. 8388864)
[    1.384616] random 0014 0000 0000 91716c54 eeb6a1e7: add_disk_randomness(8:0) 91716c54 eeb6a1e7
[    1.384619] random 0014 0000 0000 91716c54 eeb6a1e7: add_timer_randomness(.. 8388864)
[    1.384767] random 0014 0000 0000 91716c54 eeb6a1e7: add_disk_randomness(8:0) 91716c54 eeb6a1e7
[    1.384770] random 0014 0000 0000 91716c54 eeb6a1e7: add_timer_randomness(.. 8388864)
[    1.384919] random 0014 0000 0000 91716c54 eeb6a1e7: add_disk_randomness(8:0) 91716c54 eeb6a1e7
[    1.384921] random 0014 0000 0000 91716c54 eeb6a1e7: add_timer_randomness(.. 8388864)
[    1.385067] random 0014 0000 0000 91716c54 eeb6a1e7: add_disk_randomness(8:0) 91716c54 eeb6a1e7
[    1.385070] random 0014 0000 0000 91716c54 eeb6a1e7: add_timer_randomness(.. 8388864)
[    1.385219] random 0014 0000 0000 91716c54 eeb6a1e7: add_disk_randomness(8:0) 91716c54 eeb6a1e7
[    1.385222] random 0014 0000 0000 91716c54 eeb6a1e7: add_timer_randomness(.. 8388864)
[    1.385369] random 0014 0000 0000 91716c54 eeb6a1e7: add_disk_randomness(8:0) 91716c54 eeb6a1e7
[    1.385372] random 0014 0000 0000 91716c54 eeb6a1e7: add_timer_randomness(.. 8388864)
[    1.393525] random 0014 0000 0000 91716c54 eeb6a1e7: add_disk_randomness(8:0) 91716c54 eeb6a1e7
[    1.393528] random 0014 0000 0000 91716c54 eeb6a1e7: add_timer_randomness(.. 8388864)
[    1.393531] random 0014 0000 0000 91716c54 eeb6a1e7: added 1 entropy credits to input
[    1.393770] random 0015 0000 0000 91716c54 eeb6a1e7: add_disk_randomness(8:0) 91716c54 eeb6a1e7
[    1.393773] random 0015 0000 0000 91716c54 eeb6a1e7: add_timer_randomness(.. 8388864)
[    1.393993] random 0015 0000 0000 91716c54 eeb6a1e7: add_disk_randomness(8:0) 91716c54 eeb6a1e7
[    1.393995] random 0015 0000 0000 91716c54 eeb6a1e7: add_timer_randomness(.. 8388864)
[    1.394230] random 0015 0000 0000 91716c54 eeb6a1e7: add_disk_randomness(8:0) 91716c54 eeb6a1e7
[    1.394233] random 0015 0000 0000 91716c54 eeb6a1e7: add_timer_randomness(.. 8388864)
[    1.394416] random 0015 0000 0000 91716c54 eeb6a1e7: add_disk_randomness(8:0) 91716c54 eeb6a1e7
[    1.394418] random 0015 0000 0000 91716c54 eeb6a1e7: add_timer_randomness(.. 8388864)
[    1.394592] random 0015 0000 0000 91716c54 eeb6a1e7: add_disk_randomness(8:0) 91716c54 eeb6a1e7
[    1.394595] random 0015 0000 0000 91716c54 eeb6a1e7: add_timer_randomness(.. 8388864)
[    1.394775] random 0015 0000 0000 91716c54 eeb6a1e7: add_disk_randomness(8:0) 91716c54 eeb6a1e7
[    1.394778] random 0015 0000 0000 91716c54 eeb6a1e7: add_timer_randomness(.. 8388864)
[    1.394955] random 0015 0000 0000 91716c54 eeb6a1e7: add_disk_randomness(8:0) 91716c54 eeb6a1e7
[    1.394958] random 0015 0000 0000 91716c54 eeb6a1e7: add_timer_randomness(.. 8388864)
[    1.395135] random 0015 0000 0000 91716c54 eeb6a1e7: add_disk_randomness(8:0) 91716c54 eeb6a1e7
[    1.395138] random 0015 0000 0000 91716c54 eeb6a1e7: add_timer_randomness(.. 8388864)
[    1.395321] random 0015 0000 0000 91716c54 eeb6a1e7: add_disk_randomness(8:0) 91716c54 eeb6a1e7
[    1.395323] random 0015 0000 0000 91716c54 eeb6a1e7: add_timer_randomness(.. 8388864)
[    1.395498] random 0015 0000 0000 91716c54 eeb6a1e7: add_disk_randomness(8:0) 91716c54 eeb6a1e7
[    1.395501] random 0015 0000 0000 91716c54 eeb6a1e7: add_timer_randomness(.. 8388864)
[    1.395678] random 0015 0000 0000 91716c54 eeb6a1e7: add_disk_randomness(8:0) 91716c54 eeb6a1e7
[    1.395681] random 0015 0000 0000 91716c54 eeb6a1e7: add_timer_randomness(.. 8388864)
[    1.395859] random 0015 0000 0000 91716c54 eeb6a1e7: add_disk_randomness(8:0) 91716c54 eeb6a1e7
[    1.395862] random 0015 0000 0000 91716c54 eeb6a1e7: add_timer_randomness(.. 8388864)
[    1.396041] random 0015 0000 0000 91716c54 eeb6a1e7: add_disk_randomness(8:0) 91716c54 eeb6a1e7
[    1.396043] random 0015 0000 0000 91716c54 eeb6a1e7: add_timer_randomness(.. 8388864)
[    1.396227] random 0015 0000 0000 91716c54 eeb6a1e7: add_disk_randomness(8:0) 91716c54 eeb6a1e7
[    1.396229] random 0015 0000 0000 91716c54 eeb6a1e7: add_timer_randomness(.. 8388864)
[    1.396403] random 0015 0000 0000 91716c54 eeb6a1e7: add_disk_randomness(8:0) 91716c54 eeb6a1e7
[    1.396406] random 0015 0000 0000 91716c54 eeb6a1e7: add_timer_randomness(.. 8388864)
[    1.396584] random 0015 0000 0000 91716c54 eeb6a1e7: add_disk_randomness(8:0) 91716c54 eeb6a1e7
[    1.396587] random 0015 0000 0000 91716c54 eeb6a1e7: add_timer_randomness(.. 8388864)
[    1.396767] random 0015 0000 0000 91716c54 eeb6a1e7: add_disk_randomness(8:0) 91716c54 eeb6a1e7
[    1.396769] random 0015 0000 0000 91716c54 eeb6a1e7: add_timer_randomness(.. 8388864)
[    1.396949] random 0015 0000 0000 91716c54 eeb6a1e7: add_disk_randomness(8:0) 91716c54 eeb6a1e7
[    1.396951] random 0015 0000 0000 91716c54 eeb6a1e7: add_timer_randomness(.. 8388864)
[    1.397134] random 0015 0000 0000 91716c54 eeb6a1e7: add_disk_randomness(8:0) 91716c54 eeb6a1e7
[    1.397136] random 0015 0000 0000 91716c54 eeb6a1e7: add_timer_randomness(.. 8388864)
[    1.397312] random 0015 0000 0000 91716c54 eeb6a1e7: add_disk_randomness(8:0) 91716c54 eeb6a1e7
[    1.397315] random 0015 0000 0000 91716c54 eeb6a1e7: add_timer_randomness(.. 8388864)
[    1.397493] random 0015 0000 0000 91716c54 eeb6a1e7: add_disk_randomness(8:0) 91716c54 eeb6a1e7
[    1.397496] random 0015 0000 0000 91716c54 eeb6a1e7: add_timer_randomness(.. 8388864)
[    1.397673] random 0015 0000 0000 91716c54 eeb6a1e7: add_disk_randomness(8:0) 91716c54 eeb6a1e7
[    1.397676] random 0015 0000 0000 91716c54 eeb6a1e7: add_timer_randomness(.. 8388864)
[    1.397854] random 0015 0000 0000 91716c54 eeb6a1e7: add_disk_randomness(8:0) 91716c54 eeb6a1e7
[    1.397857] random 0015 0000 0000 91716c54 eeb6a1e7: add_timer_randomness(.. 8388864)
[    1.398040] random 0015 0000 0000 91716c54 eeb6a1e7: add_disk_randomness(8:0) 91716c54 eeb6a1e7
[    1.398042] random 0015 0000 0000 91716c54 eeb6a1e7: add_timer_randomness(.. 8388864)
[    1.398217] random 0015 0000 0000 91716c54 eeb6a1e7: add_disk_randomness(8:0) 91716c54 eeb6a1e7
[    1.398220] random 0015 0000 0000 91716c54 eeb6a1e7: add_timer_randomness(.. 8388864)
[    1.398398] random 0015 0000 0000 91716c54 eeb6a1e7: add_disk_randomness(8:0) 91716c54 eeb6a1e7
[    1.398401] random 0015 0000 0000 91716c54 eeb6a1e7: add_timer_randomness(.. 8388864)
[    1.398578] random 0015 0000 0000 91716c54 eeb6a1e7: add_disk_randomness(8:0) 91716c54 eeb6a1e7
[    1.398580] random 0015 0000 0000 91716c54 eeb6a1e7: add_timer_randomness(.. 8388864)
[    1.398759] random 0015 0000 0000 91716c54 eeb6a1e7: add_disk_randomness(8:0) 91716c54 eeb6a1e7
[    1.398761] random 0015 0000 0000 91716c54 eeb6a1e7: add_timer_randomness(.. 8388864)
[    1.400281] random 0015 0000 0000 91716c54 eeb6a1e7: rand_read_num 11 get_random_bytes(4): sig fffffcad 91716c54 eeb6a1e7
[    1.400283] random 0015 0000 0000 91716c54 eeb6a1e7: extract_entropy(.. 4 ..)
[    1.400286] random 0015 0000 0000 91716c54 eeb6a1e7: going to reseed nonblocking with 64 bits (32 of 0 requested)
[    1.400288] random 0015 0000 0000 91716c54 eeb6a1e7: extract_entropy(.. 8 ..)
[    1.400290] random 0015 0000 0000 91716c54 eeb6a1e7: trying to extract 64 bits from input
[    1.400293] random 0015 0000 0000 91716c54 eeb6a1e7: debiting 0 entropy credits from input
[    1.400295] random 0015 0000 0000 91716c54 eeb6a1e7: trying to extract 32 bits from nonblocking
[    1.400297] random 0015 0000 0000 91716c54 eeb6a1e7: debiting 32 entropy credits from nonblocking (unlimited)
[    1.405298] random 0015 0000 0000 fd637b06 6cf47bc1: add_disk_randomness(8:0) fd637b06 6cf47bc1
[    1.405301] random 0015 0000 0000 fd637b06 6cf47bc1: add_timer_randomness(.. 8388864)
[    1.405304] random 0015 0000 0000 fd637b06 6cf47bc1: added 1 entropy credits to input
[    1.426425] random 0016 0000 0000 fd637b06 6cf47bc1: add_disk_randomness(8:0) fd637b06 6cf47bc1
[    1.426428] random 0016 0000 0000 fd637b06 6cf47bc1: add_timer_randomness(.. 8388864)
[    1.468875] EXT4-fs (sda1): mounted filesystem with ordered data mode
[    1.468882] VFS: Mounted root (ext4 filesystem) readonly on device 8:1.
[    1.484204] random 0016 0000 0000 fd637b06 6cf47bc1: add_disk_randomness(8:0) fd637b06 6cf47bc1
[    1.484208] random 0016 0000 0000 fd637b06 6cf47bc1: add_timer_randomness(.. 8388864)
[    1.484211] random 0016 0000 0000 fd637b06 6cf47bc1: added 2 entropy credits to input
[    1.505636] random 0018 0000 0000 fd637b06 6cf47bc1: add_disk_randomness(8:0) fd637b06 6cf47bc1
[    1.505639] random 0018 0000 0000 fd637b06 6cf47bc1: add_timer_randomness(.. 8388864)
[    1.505642] random 0018 0000 0000 fd637b06 6cf47bc1: added 2 entropy credits to input
[    1.505652] devtmpfs: mounted
[    1.505668] Freeing unused kernel memory: 676k freed
[    1.505891] Write protecting the kernel text: 4764k
[    1.505930] Write protecting the kernel read-only data: 1836k
[    1.527622] random 0020 0000 0000 fd637b06 6cf47bc1: add_disk_randomness(8:0) fd637b06 6cf47bc1
[    1.527625] random 0020 0000 0000 fd637b06 6cf47bc1: add_timer_randomness(.. 8388864)
[    1.535744] random 0020 0000 0000 fd637b06 6cf47bc1: add_disk_randomness(8:0) fd637b06 6cf47bc1
[    1.535747] random 0020 0000 0000 fd637b06 6cf47bc1: add_timer_randomness(.. 8388864)
[    1.535750] random 0020 0000 0000 fd637b06 6cf47bc1: added 1 entropy credits to input
[    1.544027] random 0021 0000 0000 fd637b06 6cf47bc1: add_disk_randomness(8:0) fd637b06 6cf47bc1
[    1.544030] random 0021 0000 0000 fd637b06 6cf47bc1: add_timer_randomness(.. 8388864)
[    1.544055] Loading Elf Binary for pid: 1
[    1.558170] random 0021 0000 0000 fd637b06 6cf47bc1: add_disk_randomness(8:0) fd637b06 6cf47bc1
[    1.558172] random 0021 0000 0000 fd637b06 6cf47bc1: add_timer_randomness(.. 8388864)
[    1.566299] random 0021 0000 0000 fd637b06 6cf47bc1: add_disk_randomness(8:0) fd637b06 6cf47bc1
[    1.566301] random 0021 0000 0000 fd637b06 6cf47bc1: add_timer_randomness(.. 8388864)
[    1.568342] random 0021 0000 0000 fd637b06 6cf47bc1: add_disk_randomness(8:0) fd637b06 6cf47bc1
[    1.568345] random 0021 0000 0000 fd637b06 6cf47bc1: add_timer_randomness(.. 8388864)
[    1.579625] random 0021 0000 0000 fd637b06 6cf47bc1: add_disk_randomness(8:0) fd637b06 6cf47bc1
[    1.579628] random 0021 0000 0000 fd637b06 6cf47bc1: add_timer_randomness(.. 8388864)
[    1.589453] random 0021 0000 0000 fd637b06 6cf47bc1: add_disk_randomness(8:0) fd637b06 6cf47bc1
[    1.589456] random 0021 0000 0000 fd637b06 6cf47bc1: add_timer_randomness(.. 8388864)
[    1.589939] random 0021 0000 0000 fd637b06 6cf47bc1: add_disk_randomness(8:0) fd637b06 6cf47bc1
[    1.589942] random 0021 0000 0000 fd637b06 6cf47bc1: add_timer_randomness(.. 8388864)
[    1.590732] random 0021 0000 0000 fd637b06 6cf47bc1: add_disk_randomness(8:0) fd637b06 6cf47bc1
[    1.590735] random 0021 0000 0000 fd637b06 6cf47bc1: add_timer_randomness(.. 8388864)
[    1.590753] random 0021 0000 0000 fd637b06 6cf47bc1: rand_read_num 12 get_random_bytes(16): sig fffffede fd637b06 6cf47bc1
[    1.590756] random 0021 0000 0000 fd637b06 6cf47bc1: extract_entropy(.. 16 ..)
[    1.590759] random 0021 0000 0000 fd637b06 6cf47bc1: going to reseed nonblocking with 128 bits (128 of 0 requested)
[    1.590762] random 0021 0000 0000 fd637b06 6cf47bc1: extract_entropy(.. 16 ..)
[    1.590765] random 0021 0000 0000 fd637b06 6cf47bc1: trying to extract 128 bits from input
[    1.590768] random 0021 0000 0000 fd637b06 6cf47bc1: debiting 0 entropy credits from input
[    1.590771] random 0021 0000 0000 fd637b06 6cf47bc1: trying to extract 128 bits from nonblocking
[    1.590774] random 0021 0000 0000 fd637b06 6cf47bc1: debiting 128 entropy credits from nonblocking (unlimited)
[    1.591093] random 0021 0000 0000 0ec1f012 d4727ca8: add_disk_randomness(8:0) 0ec1f012 d4727ca8
[    1.591096] random 0021 0000 0000 0ec1f012 d4727ca8: add_timer_randomness(.. 8388864)
[    1.609675] random 0021 0000 0000 0ec1f012 d4727ca8: add_disk_randomness(8:0) 0ec1f012 d4727ca8
[    1.609678] random 0021 0000 0000 0ec1f012 d4727ca8: add_timer_randomness(.. 8388864)
[    1.609681] random 0021 0000 0000 0ec1f012 d4727ca8: added 2 entropy credits to input
[    1.616910] random 0023 0000 0000 0ec1f012 d4727ca8: add_disk_randomness(8:0) 0ec1f012 d4727ca8
[    1.616913] random 0023 0000 0000 0ec1f012 d4727ca8: add_timer_randomness(.. 8388864)
[    1.616916] random 0023 0000 0000 0ec1f012 d4727ca8: added 1 entropy credits to input
[    1.617196] random 0024 0000 0000 0ec1f012 d4727ca8: add_disk_randomness(8:0) 0ec1f012 d4727ca8
[    1.617199] random 0024 0000 0000 0ec1f012 d4727ca8: add_timer_randomness(.. 8388864)
[    1.620903] random 0024 0000 0000 0ec1f012 d4727ca8: add_disk_randomness(8:0) 0ec1f012 d4727ca8
[    1.620906] random 0024 0000 0000 0ec1f012 d4727ca8: add_timer_randomness(.. 8388864)
[    1.632018] usb 7-2: new low speed USB device using uhci_hcd and address 2
[    1.637224] random 0024 0000 0000 0ec1f012 d4727ca8: add_disk_randomness(8:0) 0ec1f012 d4727ca8
[    1.637227] random 0024 0000 0000 0ec1f012 d4727ca8: add_timer_randomness(.. 8388864)
[    1.637230] random 0024 0000 0000 0ec1f012 d4727ca8: added 1 entropy credits to input
[    1.661318] random 0025 0000 0000 0ec1f012 d4727ca8: add_disk_randomness(8:0) 0ec1f012 d4727ca8
[    1.661322] random 0025 0000 0000 0ec1f012 d4727ca8: add_timer_randomness(.. 8388864)
[    1.662173] random 0025 0000 0000 0ec1f012 d4727ca8: add_disk_randomness(8:0) 0ec1f012 d4727ca8
[    1.662176] random 0025 0000 0000 0ec1f012 d4727ca8: add_timer_randomness(.. 8388864)
[    1.662370] random 0025 0000 0000 0ec1f012 d4727ca8: add_disk_randomness(8:0) 0ec1f012 d4727ca8
[    1.662373] random 0025 0000 0000 0ec1f012 d4727ca8: add_timer_randomness(.. 8388864)
[    1.669404] random 0025 0000 0000 0ec1f012 d4727ca8: add_disk_randomness(8:0) 0ec1f012 d4727ca8
[    1.669407] random 0025 0000 0000 0ec1f012 d4727ca8: add_timer_randomness(.. 8388864)
[    1.669411] random 0025 0000 0000 0ec1f012 d4727ca8: added 1 entropy credits to input
[    1.669669] random 0026 0000 0000 0ec1f012 d4727ca8: add_disk_randomness(8:0) 0ec1f012 d4727ca8
[    1.669672] random 0026 0000 0000 0ec1f012 d4727ca8: add_timer_randomness(.. 8388864)
[    1.678691] random 0026 0000 0000 0ec1f012 d4727ca8: add_disk_randomness(8:0) 0ec1f012 d4727ca8
[    1.678694] random 0026 0000 0000 0ec1f012 d4727ca8: add_timer_randomness(.. 8388864)
[    1.678698] random 0026 0000 0000 0ec1f012 d4727ca8: added 1 entropy credits to input
[    1.682350] random 0027 0000 0000 0ec1f012 d4727ca8: add_disk_randomness(8:0) 0ec1f012 d4727ca8
[    1.682353] random 0027 0000 0000 0ec1f012 d4727ca8: add_timer_randomness(.. 8388864)
[    1.683039] random 0027 0000 0000 0ec1f012 d4727ca8: add_disk_randomness(8:0) 0ec1f012 d4727ca8
[    1.683042] random 0027 0000 0000 0ec1f012 d4727ca8: add_timer_randomness(.. 8388864)
[    1.683229] random 0027 0000 0000 0ec1f012 d4727ca8: add_disk_randomness(8:0) 0ec1f012 d4727ca8
[    1.683232] random 0027 0000 0000 0ec1f012 d4727ca8: add_timer_randomness(.. 8388864)
[    1.683397] random 0027 0000 0000 0ec1f012 d4727ca8: add_disk_randomness(8:0) 0ec1f012 d4727ca8
[    1.683400] random 0027 0000 0000 0ec1f012 d4727ca8: add_timer_randomness(.. 8388864)
[    1.683567] random 0027 0000 0000 0ec1f012 d4727ca8: add_disk_randomness(8:0) 0ec1f012 d4727ca8
[    1.683570] random 0027 0000 0000 0ec1f012 d4727ca8: add_timer_randomness(.. 8388864)
[    1.690576] random 0027 0000 0000 0ec1f012 d4727ca8: add_disk_randomness(8:0) 0ec1f012 d4727ca8
[    1.690579] random 0027 0000 0000 0ec1f012 d4727ca8: add_timer_randomness(.. 8388864)
[    1.690582] random 0027 0000 0000 0ec1f012 d4727ca8: added 1 entropy credits to input
[    1.692756] random 0028 0000 0000 0ec1f012 d4727ca8: add_disk_randomness(8:0) 0ec1f012 d4727ca8
[    1.692759] random 0028 0000 0000 0ec1f012 d4727ca8: add_timer_randomness(.. 8388864)
[    1.699917] random 0028 0000 0000 0ec1f012 d4727ca8: add_disk_randomness(8:0) 0ec1f012 d4727ca8
[    1.699920] random 0028 0000 0000 0ec1f012 d4727ca8: add_timer_randomness(.. 8388864)
[    1.700193] random 0028 0000 0000 0ec1f012 d4727ca8: add_disk_randomness(8:0) 0ec1f012 d4727ca8
[    1.700196] random 0028 0000 0000 0ec1f012 d4727ca8: add_timer_randomness(.. 8388864)
[    1.709180] random 0028 0000 0000 0ec1f012 d4727ca8: add_disk_randomness(8:0) 0ec1f012 d4727ca8
[    1.709183] random 0028 0000 0000 0ec1f012 d4727ca8: add_timer_randomness(.. 8388864)
[    1.713914] random 0028 0000 0000 0ec1f012 d4727ca8: add_disk_randomness(8:0) 0ec1f012 d4727ca8
[    1.713917] random 0028 0000 0000 0ec1f012 d4727ca8: add_timer_randomness(.. 8388864)
[    1.719985] random 0028 0000 0000 0ec1f012 d4727ca8: add_disk_randomness(8:0) 0ec1f012 d4727ca8
[    1.719988] random 0028 0000 0000 0ec1f012 d4727ca8: add_timer_randomness(.. 8388864)
[    1.720231] random 0028 0000 0000 0ec1f012 d4727ca8: add_disk_randomness(8:0) 0ec1f012 d4727ca8
[    1.720234] random 0028 0000 0000 0ec1f012 d4727ca8: add_timer_randomness(.. 8388864)
[    1.720506] random 0028 0000 0000 0ec1f012 d4727ca8: add_disk_randomness(8:0) 0ec1f012 d4727ca8
[    1.720509] random 0028 0000 0000 0ec1f012 d4727ca8: add_timer_randomness(.. 8388864)
[    1.725415] random 0028 0000 0000 0ec1f012 d4727ca8: add_disk_randomness(8:0) 0ec1f012 d4727ca8
[    1.725418] random 0028 0000 0000 0ec1f012 d4727ca8: add_timer_randomness(.. 8388864)
[    1.730840] random 0028 0000 0000 0ec1f012 d4727ca8: add_disk_randomness(8:0) 0ec1f012 d4727ca8
[    1.730843] random 0028 0000 0000 0ec1f012 d4727ca8: add_timer_randomness(.. 8388864)
[    1.731521] random 0028 0000 0000 0ec1f012 d4727ca8: add_disk_randomness(8:0) 0ec1f012 d4727ca8
[    1.731524] random 0028 0000 0000 0ec1f012 d4727ca8: add_timer_randomness(.. 8388864)
[    1.737053] random 0028 0000 0000 0ec1f012 d4727ca8: add_disk_randomness(8:0) 0ec1f012 d4727ca8
[    1.737056] random 0028 0000 0000 0ec1f012 d4727ca8: add_timer_randomness(.. 8388864)
[    1.737059] random 0028 0000 0000 0ec1f012 d4727ca8: added 1 entropy credits to input
[    1.737744] random 0029 0000 0000 0ec1f012 d4727ca8: add_disk_randomness(8:0) 0ec1f012 d4727ca8
[    1.737747] random 0029 0000 0000 0ec1f012 d4727ca8: add_timer_randomness(.. 8388864)
[    1.738287] random 0029 0000 0000 0ec1f012 d4727ca8: add_disk_randomness(8:0) 0ec1f012 d4727ca8
[    1.738290] random 0029 0000 0000 0ec1f012 d4727ca8: add_timer_randomness(.. 8388864)
[    1.746480] random 0029 0000 0000 0ec1f012 d4727ca8: add_disk_randomness(8:0) 0ec1f012 d4727ca8
[    1.746483] random 0029 0000 0000 0ec1f012 d4727ca8: add_timer_randomness(.. 8388864)
[    1.746487] random 0029 0000 0000 0ec1f012 d4727ca8: added 1 entropy credits to input
[    1.746867] random 0030 0000 0000 0ec1f012 d4727ca8: add_disk_randomness(8:0) 0ec1f012 d4727ca8
[    1.746870] random 0030 0000 0000 0ec1f012 d4727ca8: add_timer_randomness(.. 8388864)
[    1.747449] random 0030 0000 0000 0ec1f012 d4727ca8: add_disk_randomness(8:0) 0ec1f012 d4727ca8
[    1.747452] random 0030 0000 0000 0ec1f012 d4727ca8: add_timer_randomness(.. 8388864)
[    1.764223] random 0030 0000 0000 0ec1f012 d4727ca8: add_disk_randomness(8:0) 0ec1f012 d4727ca8
[    1.764226] random 0030 0000 0000 0ec1f012 d4727ca8: add_timer_randomness(.. 8388864)
[    1.764230] random 0030 0000 0000 0ec1f012 d4727ca8: added 2 entropy credits to input
[    1.784516] random 0032 0000 0000 0ec1f012 d4727ca8: add_disk_randomness(8:0) 0ec1f012 d4727ca8
[    1.784520] random 0032 0000 0000 0ec1f012 d4727ca8: add_timer_randomness(.. 8388864)
[    1.807021] random 0032 0000 0000 0ec1f012 d4727ca8: add_disk_randomness(8:0) 0ec1f012 d4727ca8
[    1.807024] random 0032 0000 0000 0ec1f012 d4727ca8: add_timer_randomness(.. 8388864)
[    1.807256] random 0032 0000 0000 0ec1f012 d4727ca8: add_disk_randomness(8:0) 0ec1f012 d4727ca8
[    1.807259] random 0032 0000 0000 0ec1f012 d4727ca8: add_timer_randomness(.. 8388864)
[    1.812395] usb 7-2: configuration #1 chosen from 1 choice
[    1.825879] random 0032 0000 0000 0ec1f012 d4727ca8: add_disk_randomness(8:0) 0ec1f012 d4727ca8
[    1.825882] random 0032 0000 0000 0ec1f012 d4727ca8: add_timer_randomness(.. 8388864)
[    1.825885] random 0032 0000 0000 0ec1f012 d4727ca8: added 2 entropy credits to input
[    1.836525] random 0034 0000 0000 0ec1f012 d4727ca8: add_disk_randomness(8:0) 0ec1f012 d4727ca8
[    1.836528] random 0034 0000 0000 0ec1f012 d4727ca8: add_timer_randomness(.. 8388864)
[    1.836532] random 0034 0000 0000 0ec1f012 d4727ca8: added 1 entropy credits to input
[    1.840486] random 0035 0000 0000 0ec1f012 d4727ca8: add_disk_randomness(8:0) 0ec1f012 d4727ca8
[    1.840489] random 0035 0000 0000 0ec1f012 d4727ca8: add_timer_randomness(.. 8388864)
[    1.846574] random 0035 0000 0000 0ec1f012 d4727ca8: add_disk_randomness(8:0) 0ec1f012 d4727ca8
[    1.846578] random 0035 0000 0000 0ec1f012 d4727ca8: add_timer_randomness(.. 8388864)
[    1.855856] random 0035 0000 0000 0ec1f012 d4727ca8: add_disk_randomness(8:0) 0ec1f012 d4727ca8
[    1.855860] random 0035 0000 0000 0ec1f012 d4727ca8: add_timer_randomness(.. 8388864)
[    1.856088] random 0035 0000 0000 0ec1f012 d4727ca8: add_disk_randomness(8:0) 0ec1f012 d4727ca8
[    1.856092] random 0035 0000 0000 0ec1f012 d4727ca8: add_timer_randomness(.. 8388864)
[    1.861783] random 0035 0000 0000 0ec1f012 d4727ca8: add_disk_randomness(8:0) 0ec1f012 d4727ca8
[    1.861787] random 0035 0000 0000 0ec1f012 d4727ca8: add_timer_randomness(.. 8388864)
[    1.862032] random 0035 0000 0000 0ec1f012 d4727ca8: add_disk_randomness(8:0) 0ec1f012 d4727ca8
[    1.862035] random 0035 0000 0000 0ec1f012 d4727ca8: add_timer_randomness(.. 8388864)
[    1.864433] random 0035 0000 0000 0ec1f012 d4727ca8: add_disk_randomness(8:0) 0ec1f012 d4727ca8
[    1.864436] random 0035 0000 0000 0ec1f012 d4727ca8: add_timer_randomness(.. 8388864)
[    1.864681] random 0035 0000 0000 0ec1f012 d4727ca8: add_disk_randomness(8:0) 0ec1f012 d4727ca8
[    1.864684] random 0035 0000 0000 0ec1f012 d4727ca8: add_timer_randomness(.. 8388864)
[    1.865322] random 0035 0000 0000 0ec1f012 d4727ca8: add_disk_randomness(8:0) 0ec1f012 d4727ca8
[    1.865325] random 0035 0000 0000 0ec1f012 d4727ca8: add_timer_randomness(.. 8388864)
[    1.865562] random 0035 0000 0000 0ec1f012 d4727ca8: add_disk_randomness(8:0) 0ec1f012 d4727ca8
[    1.865565] random 0035 0000 0000 0ec1f012 d4727ca8: add_timer_randomness(.. 8388864)
[    1.870331] random 0035 0000 0000 0ec1f012 d4727ca8: add_disk_randomness(8:0) 0ec1f012 d4727ca8
[    1.870334] random 0035 0000 0000 0ec1f012 d4727ca8: add_timer_randomness(.. 8388864)
[    1.878139] random 0035 0000 0000 0ec1f012 d4727ca8: add_disk_randomness(8:0) 0ec1f012 d4727ca8
[    1.878142] random 0035 0000 0000 0ec1f012 d4727ca8: add_timer_randomness(.. 8388864)
[    1.878403] random 0035 0000 0000 0ec1f012 d4727ca8: add_disk_randomness(8:0) 0ec1f012 d4727ca8
[    1.878406] random 0035 0000 0000 0ec1f012 d4727ca8: add_timer_randomness(.. 8388864)
[    1.878644] random 0035 0000 0000 0ec1f012 d4727ca8: add_disk_randomness(8:0) 0ec1f012 d4727ca8
[    1.878647] random 0035 0000 0000 0ec1f012 d4727ca8: add_timer_randomness(.. 8388864)
[    1.878886] random 0035 0000 0000 0ec1f012 d4727ca8: add_disk_randomness(8:0) 0ec1f012 d4727ca8
[    1.878889] random 0035 0000 0000 0ec1f012 d4727ca8: add_timer_randomness(.. 8388864)
[    1.879180] random 0035 0000 0000 0ec1f012 d4727ca8: add_disk_randomness(8:0) 0ec1f012 d4727ca8
[    1.879183] random 0035 0000 0000 0ec1f012 d4727ca8: add_timer_randomness(.. 8388864)
[    1.879733] random 0035 0000 0000 0ec1f012 d4727ca8: add_disk_randomness(8:0) 0ec1f012 d4727ca8
[    1.879736] random 0035 0000 0000 0ec1f012 d4727ca8: add_timer_randomness(.. 8388864)
[    1.879993] random 0035 0000 0000 0ec1f012 d4727ca8: add_disk_randomness(8:0) 0ec1f012 d4727ca8
[    1.879996] random 0035 0000 0000 0ec1f012 d4727ca8: add_timer_randomness(.. 8388864)
[    1.880238] random 0035 0000 0000 0ec1f012 d4727ca8: add_disk_randomness(8:0) 0ec1f012 d4727ca8
[    1.880241] random 0035 0000 0000 0ec1f012 d4727ca8: add_timer_randomness(.. 8388864)
[    1.885624] random 0035 0000 0000 0ec1f012 d4727ca8: add_disk_randomness(8:0) 0ec1f012 d4727ca8
[    1.885627] random 0035 0000 0000 0ec1f012 d4727ca8: add_timer_randomness(.. 8388864)
[    1.885920] random 0035 0000 0000 0ec1f012 d4727ca8: add_disk_randomness(8:0) 0ec1f012 d4727ca8
[    1.885923] random 0035 0000 0000 0ec1f012 d4727ca8: add_timer_randomness(.. 8388864)
[    1.891029] random 0035 0000 0000 0ec1f012 d4727ca8: add_disk_randomness(8:0) 0ec1f012 d4727ca8
[    1.891032] random 0035 0000 0000 0ec1f012 d4727ca8: add_timer_randomness(.. 8388864)
[    1.891261] random 0035 0000 0000 0ec1f012 d4727ca8: add_disk_randomness(8:0) 0ec1f012 d4727ca8
[    1.891264] random 0035 0000 0000 0ec1f012 d4727ca8: add_timer_randomness(.. 8388864)
[    1.891476] random 0035 0000 0000 0ec1f012 d4727ca8: add_disk_randomness(8:0) 0ec1f012 d4727ca8
[    1.891479] random 0035 0000 0000 0ec1f012 d4727ca8: add_timer_randomness(.. 8388864)
[    1.891744] random 0035 0000 0000 0ec1f012 d4727ca8: add_disk_randomness(8:0) 0ec1f012 d4727ca8
[    1.891747] random 0035 0000 0000 0ec1f012 d4727ca8: add_timer_randomness(.. 8388864)
[    1.892046] random 0035 0000 0000 0ec1f012 d4727ca8: add_disk_randomness(8:0) 0ec1f012 d4727ca8
[    1.892049] random 0035 0000 0000 0ec1f012 d4727ca8: add_timer_randomness(.. 8388864)
[    1.892376] random 0035 0000 0000 0ec1f012 d4727ca8: add_disk_randomness(8:0) 0ec1f012 d4727ca8
[    1.892380] random 0035 0000 0000 0ec1f012 d4727ca8: add_timer_randomness(.. 8388864)
[    1.892592] random 0035 0000 0000 0ec1f012 d4727ca8: add_disk_randomness(8:0) 0ec1f012 d4727ca8
[    1.892595] random 0035 0000 0000 0ec1f012 d4727ca8: add_timer_randomness(.. 8388864)
[    1.892867] random 0035 0000 0000 0ec1f012 d4727ca8: add_disk_randomness(8:0) 0ec1f012 d4727ca8
[    1.892870] random 0035 0000 0000 0ec1f012 d4727ca8: add_timer_randomness(.. 8388864)
[    1.893126] random 0035 0000 0000 0ec1f012 d4727ca8: add_disk_randomness(8:0) 0ec1f012 d4727ca8
[    1.893129] random 0035 0000 0000 0ec1f012 d4727ca8: add_timer_randomness(.. 8388864)
[    1.893372] random 0035 0000 0000 0ec1f012 d4727ca8: add_disk_randomness(8:0) 0ec1f012 d4727ca8
[    1.893375] random 0035 0000 0000 0ec1f012 d4727ca8: add_timer_randomness(.. 8388864)
[    1.893590] random 0035 0000 0000 0ec1f012 d4727ca8: add_disk_randomness(8:0) 0ec1f012 d4727ca8
[    1.893593] random 0035 0000 0000 0ec1f012 d4727ca8: add_timer_randomness(.. 8388864)
[    1.893823] random 0035 0000 0000 0ec1f012 d4727ca8: add_disk_randomness(8:0) 0ec1f012 d4727ca8
[    1.893826] random 0035 0000 0000 0ec1f012 d4727ca8: add_timer_randomness(.. 8388864)
[    1.894071] random 0035 0000 0000 0ec1f012 d4727ca8: add_disk_randomness(8:0) 0ec1f012 d4727ca8
[    1.894074] random 0035 0000 0000 0ec1f012 d4727ca8: add_timer_randomness(.. 8388864)
[    1.894308] random 0035 0000 0000 0ec1f012 d4727ca8: add_disk_randomness(8:0) 0ec1f012 d4727ca8
[    1.894310] random 0035 0000 0000 0ec1f012 d4727ca8: add_timer_randomness(.. 8388864)
[    1.894517] random 0035 0000 0000 0ec1f012 d4727ca8: add_disk_randomness(8:0) 0ec1f012 d4727ca8
[    1.894520] random 0035 0000 0000 0ec1f012 d4727ca8: add_timer_randomness(.. 8388864)
[    1.894733] random 0035 0000 0000 0ec1f012 d4727ca8: add_disk_randomness(8:0) 0ec1f012 d4727ca8
[    1.894736] random 0035 0000 0000 0ec1f012 d4727ca8: add_timer_randomness(.. 8388864)
[    1.894951] random 0035 0000 0000 0ec1f012 d4727ca8: add_disk_randomness(8:0) 0ec1f012 d4727ca8
[    1.894954] random 0035 0000 0000 0ec1f012 d4727ca8: add_timer_randomness(.. 8388864)
[    1.895181] random 0035 0000 0000 0ec1f012 d4727ca8: add_disk_randomness(8:0) 0ec1f012 d4727ca8
[    1.895183] random 0035 0000 0000 0ec1f012 d4727ca8: add_timer_randomness(.. 8388864)
[    1.895393] random 0035 0000 0000 0ec1f012 d4727ca8: add_disk_randomness(8:0) 0ec1f012 d4727ca8
[    1.895396] random 0035 0000 0000 0ec1f012 d4727ca8: add_timer_randomness(.. 8388864)
[    1.895644] random 0035 0000 0000 0ec1f012 d4727ca8: add_disk_randomness(8:0) 0ec1f012 d4727ca8
[    1.895647] random 0035 0000 0000 0ec1f012 d4727ca8: add_timer_randomness(.. 8388864)
[    1.895876] random 0035 0000 0000 0ec1f012 d4727ca8: add_disk_randomness(8:0) 0ec1f012 d4727ca8
[    1.895879] random 0035 0000 0000 0ec1f012 d4727ca8: add_timer_randomness(.. 8388864)
[    1.896117] random 0035 0000 0000 0ec1f012 d4727ca8: add_disk_randomness(8:0) 0ec1f012 d4727ca8
[    1.896120] random 0035 0000 0000 0ec1f012 d4727ca8: add_timer_randomness(.. 8388864)
[    1.898922] random 0035 0000 0000 0ec1f012 d4727ca8: add_disk_randomness(8:0) 0ec1f012 d4727ca8
[    1.898925] random 0035 0000 0000 0ec1f012 d4727ca8: add_timer_randomness(.. 8388864)
[    1.899201] random 0035 0000 0000 0ec1f012 d4727ca8: add_disk_randomness(8:0) 0ec1f012 d4727ca8
[    1.899204] random 0035 0000 0000 0ec1f012 d4727ca8: add_timer_randomness(.. 8388864)
[    1.899444] random 0035 0000 0000 0ec1f012 d4727ca8: add_disk_randomness(8:0) 0ec1f012 d4727ca8
[    1.899447] random 0035 0000 0000 0ec1f012 d4727ca8: add_timer_randomness(.. 8388864)
[    1.899687] random 0035 0000 0000 0ec1f012 d4727ca8: add_disk_randomness(8:0) 0ec1f012 d4727ca8
[    1.899690] random 0035 0000 0000 0ec1f012 d4727ca8: add_timer_randomness(.. 8388864)
[    1.899858] random 0035 0000 0000 0ec1f012 d4727ca8: rand_read_num 13 urandom_read(12): sig fffffcf5 0ec1f012 d4727ca8 pid=1
[    1.899861] random 0035 0000 0000 0ec1f012 d4727ca8: extract_entropy_user(12)
[    1.899864] random 0035 0000 0000 0ec1f012 d4727ca8: going to reseed nonblocking with 96 bits (96 of 0 requested)
[    1.899867] random 0035 0000 0000 0ec1f012 d4727ca8: extract_entropy(.. 12 ..)
[    1.899869] random 0035 0000 0000 0ec1f012 d4727ca8: trying to extract 96 bits from input
[    1.899871] random 0035 0000 0000 0ec1f012 d4727ca8: debiting 0 entropy credits from input
[    1.899874] random 0035 0000 0000 0ec1f012 d4727ca8: trying to extract 96 bits from nonblocking
[    1.899876] random 0035 0000 0000 0ec1f012 d4727ca8: debiting 96 entropy credits from nonblocking (unlimited)
[    1.899879] random 0035 0000 0000 0ec1f012 d4727ca8:   got 12 bytes
[    1.911910] random 0035 0000 0000 45b1d0b1 845a73f7: add_disk_randomness(8:0) 45b1d0b1 845a73f7
[    1.911913] random 0035 0000 0000 45b1d0b1 845a73f7: add_timer_randomness(.. 8388864)
[    1.911917] random 0035 0000 0000 45b1d0b1 845a73f7: added 1 entropy credits to input
[    1.915236] random 0036 0000 0000 45b1d0b1 845a73f7: add_disk_randomness(8:0) 45b1d0b1 845a73f7
[    1.915239] random 0036 0000 0000 45b1d0b1 845a73f7: add_timer_randomness(.. 8388864)
[    1.915451] random 0036 0000 0000 45b1d0b1 845a73f7: add_disk_randomness(8:0) 45b1d0b1 845a73f7
[    1.915454] random 0036 0000 0000 45b1d0b1 845a73f7: add_timer_randomness(.. 8388864)
[    1.936757] random 0036 0000 0000 45b1d0b1 845a73f7: add_disk_randomness(8:0) 45b1d0b1 845a73f7
[    1.936761] random 0036 0000 0000 45b1d0b1 845a73f7: add_timer_randomness(.. 8388864)
[    1.936764] random 0036 0000 0000 45b1d0b1 845a73f7: added 2 entropy credits to input
[    1.942318] random 0038 0000 0000 45b1d0b1 845a73f7: add_disk_randomness(8:0) 45b1d0b1 845a73f7
[    1.942321] random 0038 0000 0000 45b1d0b1 845a73f7: add_timer_randomness(.. 8388864)
[    1.947553] random 0038 0000 0000 45b1d0b1 845a73f7: add_disk_randomness(8:0) 45b1d0b1 845a73f7
[    1.947556] random 0038 0000 0000 45b1d0b1 845a73f7: add_timer_randomness(.. 8388864)
[    1.964222] random 0038 0000 0000 45b1d0b1 845a73f7: add_disk_randomness(8:0) 45b1d0b1 845a73f7
[    1.964225] random 0038 0000 0000 45b1d0b1 845a73f7: add_timer_randomness(.. 8388864)
[    1.964228] random 0038 0000 0000 45b1d0b1 845a73f7: added 2 entropy credits to input
[    1.966617] random 0040 0000 0000 45b1d0b1 845a73f7: add_disk_randomness(8:0) 45b1d0b1 845a73f7
[    1.966620] random 0040 0000 0000 45b1d0b1 845a73f7: add_timer_randomness(.. 8388864)
[    1.966805] random 0040 0000 0000 45b1d0b1 845a73f7: add_disk_randomness(8:0) 45b1d0b1 845a73f7
[    1.966808] random 0040 0000 0000 45b1d0b1 845a73f7: add_timer_randomness(.. 8388864)
[    1.966991] random 0040 0000 0000 45b1d0b1 845a73f7: add_disk_randomness(8:0) 45b1d0b1 845a73f7
[    1.966994] random 0040 0000 0000 45b1d0b1 845a73f7: add_timer_randomness(.. 8388864)
[    1.967146] random 0040 0000 0000 45b1d0b1 845a73f7: add_disk_randomness(8:0) 45b1d0b1 845a73f7
[    1.967149] random 0040 0000 0000 45b1d0b1 845a73f7: add_timer_randomness(.. 8388864)
[    1.967330] random 0040 0000 0000 45b1d0b1 845a73f7: add_disk_randomness(8:0) 45b1d0b1 845a73f7
[    1.967332] random 0040 0000 0000 45b1d0b1 845a73f7: add_timer_randomness(.. 8388864)
[    1.980986] random 0040 0000 0000 45b1d0b1 845a73f7: add_disk_randomness(8:0) 45b1d0b1 845a73f7
[    1.980989] random 0040 0000 0000 45b1d0b1 845a73f7: add_timer_randomness(.. 8388864)
[    1.980992] random 0040 0000 0000 45b1d0b1 845a73f7: added 2 entropy credits to input
[    1.985554] random 0042 0000 0000 45b1d0b1 845a73f7: add_disk_randomness(8:0) 45b1d0b1 845a73f7
[    1.985557] random 0042 0000 0000 45b1d0b1 845a73f7: add_timer_randomness(.. 8388864)
[    1.999943] random 0042 0000 0000 45b1d0b1 845a73f7: add_disk_randomness(8:0) 45b1d0b1 845a73f7
[    1.999946] random 0042 0000 0000 45b1d0b1 845a73f7: add_timer_randomness(.. 8388864)
[    1.999949] random 0042 0000 0000 45b1d0b1 845a73f7: added 1 entropy credits to input
[    1.999968] Loading Elf Binary for pid: 46
[    2.000219] random 0043 0000 0000 45b1d0b1 845a73f7: rand_read_num 14 get_random_bytes(16): sig fffffc05 45b1d0b1 845a73f7
[    2.000222] random 0043 0000 0000 45b1d0b1 845a73f7: extract_entropy(.. 16 ..)
[    2.000225] random 0043 0000 0000 45b1d0b1 845a73f7: going to reseed nonblocking with 128 bits (128 of 0 requested)
[    2.000227] random 0043 0000 0000 45b1d0b1 845a73f7: extract_entropy(.. 16 ..)
[    2.000229] random 0043 0000 0000 45b1d0b1 845a73f7: trying to extract 128 bits from input
[    2.000231] random 0043 0000 0000 45b1d0b1 845a73f7: debiting 0 entropy credits from input
[    2.000233] random 0043 0000 0000 45b1d0b1 845a73f7: trying to extract 128 bits from nonblocking
[    2.000236] random 0043 0000 0000 45b1d0b1 845a73f7: debiting 128 entropy credits from nonblocking (unlimited)
[    2.021412] random 0043 0000 0000 5012cce3 b8a30621: add_disk_randomness(8:0) 5012cce3 b8a30621
[    2.021415] random 0043 0000 0000 5012cce3 b8a30621: add_timer_randomness(.. 8388864)
[    2.022334] random 0043 0000 0000 5012cce3 b8a30621: add_disk_randomness(8:0) 5012cce3 b8a30621
[    2.022337] random 0043 0000 0000 5012cce3 b8a30621: add_timer_randomness(.. 8388864)
[    2.022770] random 0043 0000 0000 5012cce3 b8a30621: add_disk_randomness(8:0) 5012cce3 b8a30621
[    2.022773] random 0043 0000 0000 5012cce3 b8a30621: add_timer_randomness(.. 8388864)
[    2.040000] random 0043 0000 0000 5012cce3 b8a30621: add_disk_randomness(8:0) 5012cce3 b8a30621
[    2.040011] random 0043 0000 0000 5012cce3 b8a30621: add_timer_randomness(.. 8388864)
[    2.040015] random 0043 0000 0000 5012cce3 b8a30621: added 2 entropy credits to input
[    2.040031] Loading Elf Binary for pid: 47
[    2.040393] Loading Elf Binary for pid: 48
[    2.040735] random 0045 0000 0000 5012cce3 b8a30621: add_disk_randomness(8:0) 5012cce3 b8a30621
[    2.040738] random 0045 0000 0000 5012cce3 b8a30621: add_timer_randomness(.. 8388864)
[    2.040771] random 0045 0000 0000 5012cce3 b8a30621: rand_read_num 15 get_random_bytes(16): sig fffffb9d 5012cce3 b8a30621
[    2.040774] random 0045 0000 0000 5012cce3 b8a30621: extract_entropy(.. 16 ..)
[    2.040778] random 0045 0000 0000 5012cce3 b8a30621: going to reseed nonblocking with 128 bits (128 of 0 requested)
[    2.040781] random 0045 0000 0000 5012cce3 b8a30621: extract_entropy(.. 16 ..)
[    2.040783] random 0045 0000 0000 5012cce3 b8a30621: trying to extract 128 bits from input
[    2.040786] random 0045 0000 0000 5012cce3 b8a30621: debiting 0 entropy credits from input
[    2.040789] random 0045 0000 0000 5012cce3 b8a30621: trying to extract 128 bits from nonblocking
[    2.040792] random 0045 0000 0000 5012cce3 b8a30621: debiting 128 entropy credits from nonblocking (unlimited)
[    2.040838] random 0045 0000 0000 89bae1ab 704c432f: rand_read_num 16 get_random_bytes(16): sig 0000006e 89bae1ab 704c432f
[    2.040841] random 0045 0000 0000 89bae1ab 704c432f: extract_entropy(.. 16 ..)
[    2.040844] random 0045 0000 0000 89bae1ab 704c432f: going to reseed nonblocking with 128 bits (128 of 0 requested)
[    2.040847] random 0045 0000 0000 89bae1ab 704c432f: extract_entropy(.. 16 ..)
[    2.040850] random 0045 0000 0000 89bae1ab 704c432f: trying to extract 128 bits from input
[    2.040853] random 0045 0000 0000 89bae1ab 704c432f: debiting 0 entropy credits from input
[    2.040856] random 0045 0000 0000 89bae1ab 704c432f: trying to extract 128 bits from nonblocking
[    2.040859] random 0045 0000 0000 89bae1ab 704c432f: debiting 128 entropy credits from nonblocking (unlimited)
[    2.061771] random 0045 0000 0000 6c298a02 2b1539f8: add_disk_randomness(8:0) 6c298a02 2b1539f8
[    2.061774] random 0045 0000 0000 6c298a02 2b1539f8: add_timer_randomness(.. 8388864)
[    2.061777] random 0045 0000 0000 6c298a02 2b1539f8: added 2 entropy credits to input
[    2.061796] Loading Elf Binary for pid: 49
[    2.065351] random 0047 0000 0000 6c298a02 2b1539f8: add_disk_randomness(8:0) 6c298a02 2b1539f8
[    2.065355] random 0047 0000 0000 6c298a02 2b1539f8: add_timer_randomness(.. 8388864)
[    2.065418] Loading Elf Binary for pid: 47
[    2.065521] random 0047 0000 0000 6c298a02 2b1539f8: add_disk_randomness(8:0) 6c298a02 2b1539f8
[    2.065524] random 0047 0000 0000 6c298a02 2b1539f8: add_timer_randomness(.. 8388864)
[    2.065703] random 0047 0000 0000 6c298a02 2b1539f8: add_disk_randomness(8:0) 6c298a02 2b1539f8
[    2.065706] random 0047 0000 0000 6c298a02 2b1539f8: add_timer_randomness(.. 8388864)
[    2.075724] random 0047 0000 0000 6c298a02 2b1539f8: add_disk_randomness(8:0) 6c298a02 2b1539f8
[    2.075727] random 0047 0000 0000 6c298a02 2b1539f8: add_timer_randomness(.. 8388864)
[    2.075731] random 0047 0000 0000 6c298a02 2b1539f8: added 1 entropy credits to input
[    2.089575] random 0048 0000 0000 6c298a02 2b1539f8: add_disk_randomness(8:0) 6c298a02 2b1539f8
[    2.089578] random 0048 0000 0000 6c298a02 2b1539f8: add_timer_randomness(.. 8388864)
[    2.089598] Loading Elf Binary for pid: 48
[    2.089968] random 0048 0000 0000 6c298a02 2b1539f8: add_disk_randomness(8:0) 6c298a02 2b1539f8
[    2.089971] random 0048 0000 0000 6c298a02 2b1539f8: add_timer_randomness(.. 8388864)
[    2.090001] random 0048 0000 0000 6c298a02 2b1539f8: rand_read_num 17 get_random_bytes(16): sig 00000124 6c298a02 2b1539f8
[    2.090004] random 0048 0000 0000 6c298a02 2b1539f8: extract_entropy(.. 16 ..)
[    2.090007] random 0048 0000 0000 6c298a02 2b1539f8: going to reseed nonblocking with 128 bits (128 of 0 requested)
[    2.090010] random 0048 0000 0000 6c298a02 2b1539f8: extract_entropy(.. 16 ..)
[    2.090013] random 0048 0000 0000 6c298a02 2b1539f8: trying to extract 128 bits from input
[    2.090015] random 0048 0000 0000 6c298a02 2b1539f8: debiting 0 entropy credits from input
[    2.090018] random 0048 0000 0000 6c298a02 2b1539f8: trying to extract 128 bits from nonblocking
[    2.090021] random 0048 0000 0000 6c298a02 2b1539f8: debiting 128 entropy credits from nonblocking (unlimited)
[    2.090473] random 0048 0000 0000 c77b8b35 70f6cab5: add_disk_randomness(8:0) c77b8b35 70f6cab5
[    2.090476] random 0048 0000 0000 c77b8b35 70f6cab5: add_timer_randomness(.. 8388864)
[    2.090800] random 0048 0000 0000 c77b8b35 70f6cab5: add_disk_randomness(8:0) c77b8b35 70f6cab5
[    2.090803] random 0048 0000 0000 c77b8b35 70f6cab5: add_timer_randomness(.. 8388864)
[    2.091086] random 0048 0000 0000 c77b8b35 70f6cab5: add_disk_randomness(8:0) c77b8b35 70f6cab5
[    2.091089] random 0048 0000 0000 c77b8b35 70f6cab5: add_timer_randomness(.. 8388864)
[    2.091120] random 0048 0000 0000 c77b8b35 70f6cab5: rand_read_num 18 get_random_bytes(16): sig ffffff1c c77b8b35 70f6cab5
[    2.091123] random 0048 0000 0000 c77b8b35 70f6cab5: extract_entropy(.. 16 ..)
[    2.091126] random 0048 0000 0000 c77b8b35 70f6cab5: going to reseed nonblocking with 128 bits (128 of 0 requested)
[    2.091129] random 0048 0000 0000 c77b8b35 70f6cab5: extract_entropy(.. 16 ..)
[    2.091132] random 0048 0000 0000 c77b8b35 70f6cab5: trying to extract 128 bits from input
[    2.091135] random 0048 0000 0000 c77b8b35 70f6cab5: debiting 0 entropy credits from input
[    2.091138] random 0048 0000 0000 c77b8b35 70f6cab5: trying to extract 128 bits from nonblocking
[    2.091141] random 0048 0000 0000 c77b8b35 70f6cab5: debiting 128 entropy credits from nonblocking (unlimited)
[    2.097112] random 0048 0000 0000 af21d212 57d20ca3: add_disk_randomness(8:0) af21d212 57d20ca3
[    2.097115] random 0048 0000 0000 af21d212 57d20ca3: add_timer_randomness(.. 8388864)
[    2.097119] random 0048 0000 0000 af21d212 57d20ca3: added 1 entropy credits to input
[    2.098440] random 0049 0000 0000 af21d212 57d20ca3: add_disk_randomness(8:0) af21d212 57d20ca3
[    2.098443] random 0049 0000 0000 af21d212 57d20ca3: add_timer_randomness(.. 8388864)
[    2.098733] random 0049 0000 0000 af21d212 57d20ca3: add_disk_randomness(8:0) af21d212 57d20ca3
[    2.098736] random 0049 0000 0000 af21d212 57d20ca3: add_timer_randomness(.. 8388864)
[    2.098934] random 0049 0000 0000 af21d212 57d20ca3: add_disk_randomness(8:0) af21d212 57d20ca3
[    2.098937] random 0049 0000 0000 af21d212 57d20ca3: add_timer_randomness(.. 8388864)
[    2.099427] random 0049 0000 0000 af21d212 57d20ca3: add_disk_randomness(8:0) af21d212 57d20ca3
[    2.099429] random 0049 0000 0000 af21d212 57d20ca3: add_timer_randomness(.. 8388864)
[    2.099910] random 0049 0000 0000 af21d212 57d20ca3: add_disk_randomness(8:0) af21d212 57d20ca3
[    2.099913] random 0049 0000 0000 af21d212 57d20ca3: add_timer_randomness(.. 8388864)
[    2.100310] random 0049 0000 0000 af21d212 57d20ca3: add_disk_randomness(8:0) af21d212 57d20ca3
[    2.100313] random 0049 0000 0000 af21d212 57d20ca3: add_timer_randomness(.. 8388864)
[    2.100388] random 0049 0000 0000 af21d212 57d20ca3: rand_read_num 19 get_random_bytes(16): sig fffffe1d af21d212 57d20ca3
[    2.100391] random 0049 0000 0000 af21d212 57d20ca3: extract_entropy(.. 16 ..)
[    2.100395] random 0049 0000 0000 af21d212 57d20ca3: going to reseed nonblocking with 128 bits (128 of 0 requested)
[    2.100398] random 0049 0000 0000 af21d212 57d20ca3: extract_entropy(.. 16 ..)
[    2.100400] random 0049 0000 0000 af21d212 57d20ca3: trying to extract 128 bits from input
[    2.100403] random 0049 0000 0000 af21d212 57d20ca3: debiting 0 entropy credits from input
[    2.100406] random 0049 0000 0000 af21d212 57d20ca3: trying to extract 128 bits from nonblocking
[    2.100409] random 0049 0000 0000 af21d212 57d20ca3: debiting 128 entropy credits from nonblocking (unlimited)
[    2.107987] random 0049 0000 0000 151530a2 56c65dd3: add_disk_randomness(8:0) 151530a2 56c65dd3
[    2.107990] random 0049 0000 0000 151530a2 56c65dd3: add_timer_randomness(.. 8388864)
[    2.111478] random 0049 0000 0000 151530a2 56c65dd3: add_disk_randomness(8:0) 151530a2 56c65dd3
[    2.111480] random 0049 0000 0000 151530a2 56c65dd3: add_timer_randomness(.. 8388864)
[    2.112363] random 0049 0000 0000 151530a2 56c65dd3: add_disk_randomness(8:0) 151530a2 56c65dd3
[    2.112366] random 0049 0000 0000 151530a2 56c65dd3: add_timer_randomness(.. 8388864)
[    2.115974] random 0049 0000 0000 151530a2 56c65dd3: add_disk_randomness(8:0) 151530a2 56c65dd3
[    2.115977] random 0049 0000 0000 151530a2 56c65dd3: add_timer_randomness(.. 8388864)
[    2.116637] random 0049 0000 0000 151530a2 56c65dd3: add_disk_randomness(8:0) 151530a2 56c65dd3
[    2.116640] random 0049 0000 0000 151530a2 56c65dd3: add_timer_randomness(.. 8388864)
[    2.122310] random 0049 0000 0000 151530a2 56c65dd3: add_disk_randomness(8:0) 151530a2 56c65dd3
[    2.122313] random 0049 0000 0000 151530a2 56c65dd3: add_timer_randomness(.. 8388864)
[    2.124141] random 0049 0000 0000 151530a2 56c65dd3: add_disk_randomness(8:0) 151530a2 56c65dd3
[    2.124143] random 0049 0000 0000 151530a2 56c65dd3: add_timer_randomness(.. 8388864)
[    2.133008] random 0049 0000 0000 151530a2 56c65dd3: add_disk_randomness(8:0) 151530a2 56c65dd3
[    2.133010] random 0049 0000 0000 151530a2 56c65dd3: add_timer_randomness(.. 8388864)
[    2.133528] random 0049 0000 0000 151530a2 56c65dd3: add_disk_randomness(8:0) 151530a2 56c65dd3
[    2.133530] random 0049 0000 0000 151530a2 56c65dd3: add_timer_randomness(.. 8388864)
[    2.134097] Loading Elf Binary for pid: 51
[    2.134213] random 0049 0000 0000 151530a2 56c65dd3: rand_read_num 20 get_random_bytes(16): sig ffffffbf 151530a2 56c65dd3
[    2.134216] random 0049 0000 0000 151530a2 56c65dd3: extract_entropy(.. 16 ..)
[    2.134219] random 0049 0000 0000 151530a2 56c65dd3: going to reseed nonblocking with 128 bits (128 of 0 requested)
[    2.134221] random 0049 0000 0000 151530a2 56c65dd3: extract_entropy(.. 16 ..)
[    2.134223] random 0049 0000 0000 151530a2 56c65dd3: trying to extract 128 bits from input
[    2.134226] random 0049 0000 0000 151530a2 56c65dd3: debiting 0 entropy credits from input
[    2.134228] random 0049 0000 0000 151530a2 56c65dd3: trying to extract 128 bits from nonblocking
[    2.134231] random 0049 0000 0000 151530a2 56c65dd3: debiting 128 entropy credits from nonblocking (unlimited)
[    2.134553] random 0049 0000 0000 5d3e132e d9a77eb3: add_disk_randomness(8:0) 5d3e132e d9a77eb3
[    2.134556] random 0049 0000 0000 5d3e132e d9a77eb3: add_timer_randomness(.. 8388864)
[    2.134701] random 0049 0000 0000 5d3e132e d9a77eb3: add_disk_randomness(8:0) 5d3e132e d9a77eb3
[    2.134703] random 0049 0000 0000 5d3e132e d9a77eb3: add_timer_randomness(.. 8388864)
[    2.150499] random 0049 0000 0000 5d3e132e d9a77eb3: add_disk_randomness(8:0) 5d3e132e d9a77eb3
[    2.150502] random 0049 0000 0000 5d3e132e d9a77eb3: add_timer_randomness(.. 8388864)
[    2.150506] random 0049 0000 0000 5d3e132e d9a77eb3: added 2 entropy credits to input
[    2.155905] random 0051 0000 0000 5d3e132e d9a77eb3: add_disk_randomness(8:0) 5d3e132e d9a77eb3
[    2.155908] random 0051 0000 0000 5d3e132e d9a77eb3: add_timer_randomness(.. 8388864)
[    2.156080] random 0051 0000 0000 5d3e132e d9a77eb3: add_disk_randomness(8:0) 5d3e132e d9a77eb3
[    2.156083] random 0051 0000 0000 5d3e132e d9a77eb3: add_timer_randomness(.. 8388864)
[    2.156618] Loading Elf Binary for pid: 52
[    2.156874] random 0051 0000 0000 5d3e132e d9a77eb3: rand_read_num 21 get_random_bytes(16): sig fffffcc9 5d3e132e d9a77eb3
