[    0.000000] random 0000 0000 0000 00000000 00000000: rand_read_num 1 get_random_bytes(8): sig 00000000 00000000 00000000
[    0.000000] random 0000 0000 0000 00000000 00000000: extract_entropy(.. 8 ..)
[    0.000000] random 0000 0000 0000 00000000 00000000: going to reseed nonblocking with 64 bits (64 of 0 requested)
[    0.000000] random 0000 0000 0000 00000000 00000000: extract_entropy(.. 8 ..)
[    0.000000] random 0000 0000 0000 00000000 00000000: trying to extract 64 bits from input
[    0.000000] random 0000 0000 0000 00000000 00000000: debiting 0 entropy credits from input
[    0.000000] random 0000 0000 0000 00000000 00000000: trying to extract 64 bits from nonblocking
[    0.000000] random 0000 0000 0000 00000000 00000000: debiting 64 entropy credits from nonblocking (unlimited)
[    0.000000] Initializing cgroup subsys cpuset
[    0.000000] Initializing cgroup subsys cpu
[    0.000000] Linux version 2.6.32.57 (dcashman@dcashman-01) (gcc version 4.4.3 (Ubuntu 4.4.3-4ubuntu5.1) ) #86 SMP Sun Mar 24 21:46:26 PDT 2013
[    0.000000] KERNEL supported cpus:
[    0.000000]   Intel GenuineIntel
[    0.000000]   AMD AuthenticAMD
[    0.000000]   NSC Geode by NSC
[    0.000000]   Cyrix CyrixInstead
[    0.000000]   Centaur CentaurHauls
[    0.000000]   Transmeta GenuineTMx86
[    0.000000]   Transmeta TransmetaCPU
[    0.000000]   UMC UMC UMC UMC
[    0.000000] BIOS-provided physical RAM map:
[    0.000000]  BIOS-e820: 0000000000000000 - 000000000009fc00 (usable)
[    0.000000]  BIOS-e820: 000000000009fc00 - 00000000000a0000 (reserved)
[    0.000000]  BIOS-e820: 00000000000e4000 - 0000000000100000 (reserved)
[    0.000000]  BIOS-e820: 0000000000100000 - 00000000cff90000 (usable)
[    0.000000]  BIOS-e820: 00000000cff90000 - 00000000cff9e000 (ACPI data)
[    0.000000]  BIOS-e820: 00000000cff9e000 - 00000000cffe0000 (ACPI NVS)
[    0.000000]  BIOS-e820: 00000000cffe0000 - 00000000d0000000 (reserved)
[    0.000000]  BIOS-e820: 00000000fee00000 - 00000000fee01000 (reserved)
[    0.000000]  BIOS-e820: 00000000fff00000 - 0000000100000000 (reserved)
[    0.000000]  BIOS-e820: 0000000100000000 - 00000001b0000000 (usable)
[    0.000000] DMI present.
[    0.000000] AMI BIOS detected: BIOS may corrupt low RAM, working around it.
[    0.000000] e820 update range: 0000000000000000 - 0000000000010000 (usable) ==> (reserved)
[    0.000000] last_pfn = 0x1b0000 max_arch_pfn = 0x1000000
[    0.000000] MTRR default type: uncachable
[    0.000000] MTRR fixed ranges enabled:
[    0.000000]   00000-9FFFF write-back
[    0.000000]   A0000-BFFFF uncachable
[    0.000000]   C0000-CFFFF write-protect
[    0.000000]   D0000-DFFFF uncachable
[    0.000000]   E0000-EFFFF write-through
[    0.000000]   F0000-FFFFF write-protect
[    0.000000] MTRR variable ranges enabled:
[    0.000000]   0 base 1B0000000 mask FF0000000 uncachable
[    0.000000]   1 base 1C0000000 mask FC0000000 uncachable
[    0.000000]   2 base 000000000 mask E00000000 write-back
[    0.000000]   3 base 0D0000000 mask FF0000000 uncachable
[    0.000000]   4 base 0E0000000 mask FE0000000 uncachable
[    0.000000]   5 disabled
[    0.000000]   6 disabled
[    0.000000]   7 disabled
[    0.000000] x86 PAT enabled: cpu 0, old 0x7040600070406, new 0x7010600070106
[    0.000000] e820 update range: 00000000d0000000 - 0000000100000000 (usable) ==> (reserved)
[    0.000000] Scanning 0 areas for low memory corruption
[    0.000000] modified physical RAM map:
[    0.000000]  modified: 0000000000000000 - 0000000000010000 (reserved)
[    0.000000]  modified: 0000000000010000 - 000000000009fc00 (usable)
[    0.000000]  modified: 000000000009fc00 - 00000000000a0000 (reserved)
[    0.000000]  modified: 00000000000e4000 - 0000000000100000 (reserved)
[    0.000000]  modified: 0000000000100000 - 00000000cff90000 (usable)
[    0.000000]  modified: 00000000cff90000 - 00000000cff9e000 (ACPI data)
[    0.000000]  modified: 00000000cff9e000 - 00000000cffe0000 (ACPI NVS)
[    0.000000]  modified: 00000000cffe0000 - 00000000d0000000 (reserved)
[    0.000000]  modified: 00000000fee00000 - 00000000fee01000 (reserved)
[    0.000000]  modified: 00000000fff00000 - 0000000100000000 (reserved)
[    0.000000]  modified: 0000000100000000 - 00000001b0000000 (usable)
[    0.000000] initial memory mapped : 0 - 01000000
[    0.000000] init_memory_mapping: 0000000000000000-00000000379fe000
[    0.000000] NX (Execute Disable) protection: active
[    0.000000]  0000000000 - 0000200000 page 4k
[    0.000000]  0000200000 - 0037800000 page 2M
[    0.000000]  0037800000 - 00379fe000 page 4k
[    0.000000] kernel direct mapping tables up to 379fe000 @ 10000-16000
[    0.000000] ACPI: RSDP 000f91f0 00014 (v00 HPQOEM)
[    0.000000] ACPI: RSDT cff90000 00044 (v01 HPQOEM SLIC-CPC 20090819 MSFT 00000097)
[    0.000000] ACPI: FACP cff90200 00084 (v01 HPQOEM SLIC-CPC 20090819 MSFT 00000097)
[    0.000000] ACPI: DSDT cff90440 05753 (v01 HPQOEM SLIC-CPC 00000050 INTL 20051117)
[    0.000000] ACPI: FACS cff9e000 00040
[    0.000000] ACPI: APIC cff90390 0006C (v01 HPQOEM SLIC-CPC 20090819 MSFT 00000097)
[    0.000000] ACPI: MCFG cff90400 0003C (v01 HPQOEM SLIC-CPC 20090819 MSFT 00000097)
[    0.000000] ACPI: OEMB cff9e040 00076 (v01 HPQOEM SLIC-CPC 20090819 MSFT 00000097)
[    0.000000] ACPI: HPET cff95ba0 00038 (v01 HPQOEM SLIC-CPC 20090819 MSFT 00000097)
[    0.000000] ACPI: GSCI cff9e0c0 02024 (v01 HPQOEM SLIC-CPC 20090819 MSFT 00000097)
[    0.000000] ACPI: SLIC cffa00f0 00176 (v01 HPQOEM SLIC-CPC 00000001 MSFT 00000001)
[    0.000000] ACPI: SSDT cffa0b30 00A7C (v01 HPQOEM SLIC-CPC 00000012 INTL 20051117)
[    0.000000] ACPI: Local APIC address 0xfee00000
[    0.000000] 6022MB HIGHMEM available.
[    0.000000] 889MB LOWMEM available.
[    0.000000]   mapped low ram: 0 - 379fe000
[    0.000000]   low ram: 0 - 379fe000
[    0.000000]   node 0 low ram: 00000000 - 379fe000
[    0.000000]   node 0 bootmap 00012000 - 00018f40
[    0.000000] (8 early reservations) ==> bootmem [0000000000 - 00379fe000]
[    0.000000]   #0 [0000000000 - 0000001000]   BIOS data page ==> [0000000000 - 0000001000]
[    0.000000]   #1 [0000001000 - 0000002000]    EX TRAMPOLINE ==> [0000001000 - 0000002000]
[    0.000000]   #2 [0000006000 - 0000007000]       TRAMPOLINE ==> [0000006000 - 0000007000]
[    0.000000]   #3 [0000100000 - 0000af8778]    TEXT DATA BSS ==> [0000100000 - 0000af8778]
[    0.000000]   #4 [000009fc00 - 0000100000]    BIOS reserved ==> [000009fc00 - 0000100000]
[    0.000000]   #5 [0000af9000 - 0000b01640]              BRK ==> [0000af9000 - 0000b01640]
[    0.000000]   #6 [0000010000 - 0000012000]          PGTABLE ==> [0000010000 - 0000012000]
[    0.000000]   #7 [0000012000 - 0000019000]          BOOTMAP ==> [0000012000 - 0000019000]
[    0.000000] found SMP MP-table at [c00ff780] ff780
[    0.000000] Zone PFN ranges:
[    0.000000]   DMA      0x00000010 -> 0x00001000
[    0.000000]   Normal   0x00001000 -> 0x000379fe
[    0.000000]   HighMem  0x000379fe -> 0x001b0000
[    0.000000] Movable zone start PFN for each node
[    0.000000] early_node_map[3] active PFN ranges
[    0.000000]     0: 0x00000010 -> 0x0000009f
[    0.000000]     0: 0x00000100 -> 0x000cff90
[    0.000000]     0: 0x00100000 -> 0x001b0000
[    0.000000] On node 0 totalpages: 1572639
[    0.000000] free_area_init_node: node 0, pgdat c07ba8a0, node_mem_map c1001200
[    0.000000]   DMA zone: 32 pages used for memmap
[    0.000000]   DMA zone: 0 pages reserved
[    0.000000]   DMA zone: 3951 pages, LIFO batch:0
[    0.000000]   Normal zone: 1748 pages used for memmap
[    0.000000]   Normal zone: 221994 pages, LIFO batch:31
[    0.000000]   HighMem zone: 12045 pages used for memmap
[    0.000000]   HighMem zone: 1332869 pages, LIFO batch:31
[    0.000000] Using APIC driver default
[    0.000000] ACPI: PM-Timer IO Port: 0x808
[    0.000000] ACPI: Local APIC address 0xfee00000
[    0.000000] ACPI: LAPIC (acpi_id[0x01] lapic_id[0x00] enabled)
[    0.000000] ACPI: LAPIC (acpi_id[0x02] lapic_id[0x01] enabled)
[    0.000000] ACPI: LAPIC (acpi_id[0x03] lapic_id[0x02] enabled)
[    0.000000] ACPI: LAPIC (acpi_id[0x04] lapic_id[0x03] enabled)
[    0.000000] ACPI: Skipping IOAPIC probe due to 'noapic' option.
[    0.000000] Using ACPI for processor (LAPIC) configuration information
[    0.000000] ACPI: HPET id: 0xffffffff base: 0xfed00000
[    0.000000] Intel MultiProcessor Specification v1.4
[    0.000000]     Virtual Wire compatibility mode.
[    0.000000] MPTABLE: OEM ID: Intel   
[    0.000000] MPTABLE: Product ID: Eaglelake   
[    0.000000] MPTABLE: APIC at: 0xFEE00000
[    0.000000] I/O APIC #4 Version 32 at 0xFEC00000.
[    0.000000] Processors: 4
[    0.000000] SMP: Allowing 4 CPUs, 0 hotplug CPUs
[    0.000000] nr_irqs_gsi: 24
[    0.000000] PM: Registered nosave memory: 000000000009f000 - 00000000000a0000
[    0.000000] PM: Registered nosave memory: 00000000000a0000 - 00000000000e4000
[    0.000000] PM: Registered nosave memory: 00000000000e4000 - 0000000000100000
[    0.000000] Allocating PCI resources starting at d0000000 (gap: d0000000:2ee00000)
[    0.000000] Booting paravirtualized kernel on bare hardware
[    0.000000] NR_CPUS:8 nr_cpumask_bits:8 nr_cpu_ids:4 nr_node_ids:1
[    0.000000] PERCPU: Embedded 15 pages/cpu @c4800000 s39416 r0 d22024 u524288
[    0.000000] pcpu-alloc: s39416 r0 d22024 u524288 alloc=1*2097152
[    0.000000] pcpu-alloc: [0] 0 1 2 3 
[    0.000000] Built 1 zonelists in Zone order, mobility grouping on.  Total pages: 1558814
[    0.000000] Kernel command line: BOOT_IMAGE=/boot/vmlinuz-2.6.32.57 root=/dev/sda1 ro quiet maxcpus=0 kgdboe=132.239.95.229/132.239.95.228
[    0.000000] PID hash table entries: 4096 (order: 2, 16384 bytes)
[    0.000000] Dentry cache hash table entries: 131072 (order: 7, 524288 bytes)
[    0.000000] Inode-cache hash table entries: 65536 (order: 6, 262144 bytes)
[    0.000000] Enabling fast FPU save and restore... done.
[    0.000000] Enabling unmasked SIMD FPU exception support... done.
[    0.000000] Initializing CPU#0
[    0.000000] allocated 35389120 bytes of page_cgroup
[    0.000000] please try 'cgroup_disable=memory' option if you don't want memory cgroups
[    0.000000] Initializing HighMem for node 0 (000379fe:001b0000)
[    0.000000] Memory: 6188240k/7077888k available (4762k kernel code, 101232k reserved, 2169k data, 676k init, 5379656k highmem)
[    0.000000] virtual kernel memory layout:
[    0.000000]     fixmap  : 0xfff1d000 - 0xfffff000   ( 904 kB)
[    0.000000]     pkmap   : 0xffa00000 - 0xffc00000   (2048 kB)
[    0.000000]     vmalloc : 0xf81fe000 - 0xff9fe000   ( 120 MB)
[    0.000000]     lowmem  : 0xc0000000 - 0xf79fe000   ( 889 MB)
[    0.000000]       .init : 0xc07c6000 - 0xc086f000   ( 676 kB)
[    0.000000]       .data : 0xc05a693b - 0xc07c50c8   (2169 kB)
[    0.000000]       .text : 0xc0100000 - 0xc05a693b   (4762 kB)
[    0.000000] Checking if this processor honours the WP bit even in supervisor mode...Ok.
[    0.000000] SLUB: Genslabs=13, HWalign=64, Order=0-3, MinObjects=0, CPUs=4, Nodes=1
[    0.000000] Hierarchical RCU implementation.
[    0.000000] NR_IRQS:2304 nr_irqs:440
[    0.000000] Console: colour VGA+ 80x25
[    0.000000] console [tty0] enabled
[    0.000000] hpet clockevent registered
[    0.000000] Fast TSC calibration using PIT
[    0.000000] Detected 2493.422 MHz processor.
[    0.004004] Calibrating delay loop (skipped), value calculated using timer frequency.. 4986.84 BogoMIPS (lpj=9973688)
[    0.004016] Security Framework initialized
[    0.004022] SELinux:  Disabled at boot.
[    0.004027] Mount-cache hash table entries: 512
[    0.004134] Initializing cgroup subsys ns
[    0.004137] Initializing cgroup subsys cpuacct
[    0.004141] Initializing cgroup subsys memory
[    0.004146] Initializing cgroup subsys devices
[    0.004148] Initializing cgroup subsys freezer
[    0.004150] Initializing cgroup subsys net_cls
[    0.004169] CPU: L1 I cache: 32K, L1 D cache: 32K
[    0.004171] CPU: L2 cache: 3072K
[    0.004174] CPU: Physical Processor ID: 0
[    0.004175] CPU: Processor Core ID: 0
[    0.004178] mce: CPU supports 6 MCE banks
[    0.004185] CPU0: Thermal monitoring enabled (TM2)
[    0.004188] using mwait in idle threads.
[    0.004193] Performance Events: Core2 events, Intel PMU driver.
[    0.004198] ... version:                2
[    0.004199] ... bit width:              40
[    0.004201] ... generic registers:      2
[    0.004202] ... value mask:             000000ffffffffff
[    0.004204] ... max period:             000000007fffffff
[    0.004205] ... fixed-purpose events:   3
[    0.004206] ... event mask:             0000000700000003
[    0.004210] Checking 'hlt' instruction... OK.
[    0.020762] SMP alternatives: switching to UP code
[    0.027809] ACPI: Core revision 20090903
[    0.034614] ACPI: setting ELCR to 0200 (from 0cb8)
[    0.036006] ftrace: converting mcount calls to 0f 1f 44 00 00
[    0.036010] ftrace: allocating 20938 entries in 41 pages
[    0.040042] Enabling APIC mode:  Flat.  Using 1 I/O APICs
[    0.040044] SMP mode deactivated.
[    0.040047] SMP disabled
[    0.040113] Brought up 1 CPUs
[    0.040115] Total of 1 processors activated (4986.84 BogoMIPS).
[    0.040119] CPU0 attaching NULL sched-domain.
[    0.040182] devtmpfs: initialized
[    0.040311] sysctl table check failed: /kernel/random/now_input .1.40.7 Unknown sysctl binary path
[    0.040527] Pid: 1, comm: swapper Not tainted 2.6.32.57 #86
[    0.040529] Call Trace:
[    0.040534]  [<c059ee94>] ? printk+0x1d/0x21
[    0.040538]  [<c01766af>] set_fail+0x4f/0x60
[    0.040541]  [<c0176a0e>] sysctl_check_table+0x34e/0x690
[    0.040543]  [<c0176650>] ? sysctl_check_lookup+0x120/0x130
[    0.040546]  [<c0176a27>] sysctl_check_table+0x367/0x690
[    0.040549]  [<c0176650>] ? sysctl_check_lookup+0x120/0x130
[    0.040551]  [<c0176a27>] sysctl_check_table+0x367/0x690
[    0.040555]  [<c07ded5c>] sysctl_init+0x25/0x29
[    0.040557]  [<c0103041>] do_one_initcall+0x31/0x190
[    0.040560]  [<c07ded37>] ? sysctl_init+0x0/0x29
[    0.040563]  [<c07c6365>] kernel_init+0x12d/0x183
[    0.040565]  [<c07c6238>] ? kernel_init+0x0/0x183
[    0.040568]  [<c010a2c7>] kernel_thread_helper+0x7/0x10
[    0.040570] sysctl table check failed: /kernel/random/now_blocking .1.40.8 Unknown sysctl binary path
[    0.040783] Pid: 1, comm: swapper Not tainted 2.6.32.57 #86
[    0.040784] Call Trace:
[    0.040787]  [<c059ee94>] ? printk+0x1d/0x21
[    0.040789]  [<c01766af>] set_fail+0x4f/0x60
[    0.040792]  [<c0176a0e>] sysctl_check_table+0x34e/0x690
[    0.040794]  [<c0176650>] ? sysctl_check_lookup+0x120/0x130
[    0.040797]  [<c0176a27>] sysctl_check_table+0x367/0x690
[    0.040799]  [<c0176650>] ? sysctl_check_lookup+0x120/0x130
[    0.040802]  [<c0176a27>] sysctl_check_table+0x367/0x690
[    0.040805]  [<c07ded5c>] sysctl_init+0x25/0x29
[    0.040807]  [<c0103041>] do_one_initcall+0x31/0x190
[    0.040809]  [<c07ded37>] ? sysctl_init+0x0/0x29
[    0.040811]  [<c07c6365>] kernel_init+0x12d/0x183
[    0.040814]  [<c07c6238>] ? kernel_init+0x0/0x183
[    0.040816]  [<c010a2c7>] kernel_thread_helper+0x7/0x10
[    0.040818] sysctl table check failed: /kernel/random/now_nonblocking .1.40.9 Unknown sysctl binary path
[    0.041031] Pid: 1, comm: swapper Not tainted 2.6.32.57 #86
[    0.041032] Call Trace:
[    0.041034]  [<c059ee94>] ? printk+0x1d/0x21
[    0.041037]  [<c01766af>] set_fail+0x4f/0x60
[    0.041039]  [<c0176a0e>] sysctl_check_table+0x34e/0x690
[    0.041042]  [<c0176650>] ? sysctl_check_lookup+0x120/0x130
[    0.041045]  [<c0176a27>] sysctl_check_table+0x367/0x690
[    0.041047]  [<c0176650>] ? sysctl_check_lookup+0x120/0x130
[    0.041050]  [<c0176a27>] sysctl_check_table+0x367/0x690
[    0.041053]  [<c07ded5c>] sysctl_init+0x25/0x29
[    0.041055]  [<c0103041>] do_one_initcall+0x31/0x190
[    0.041057]  [<c07ded37>] ? sysctl_init+0x0/0x29
[    0.041059]  [<c07c6365>] kernel_init+0x12d/0x183
[    0.041062]  [<c07c6238>] ? kernel_init+0x0/0x183
[    0.041064]  [<c010a2c7>] kernel_thread_helper+0x7/0x10
[    0.041066] sysctl table check failed: /kernel/random/nb_input_bytes .1.40.10 Unknown sysctl binary path
[    0.041279] Pid: 1, comm: swapper Not tainted 2.6.32.57 #86
[    0.041281] Call Trace:
[    0.041283]  [<c059ee94>] ? printk+0x1d/0x21
[    0.041285]  [<c01766af>] set_fail+0x4f/0x60
[    0.041288]  [<c0176a0e>] sysctl_check_table+0x34e/0x690
[    0.041290]  [<c0176650>] ? sysctl_check_lookup+0x120/0x130
[    0.041293]  [<c0176a27>] sysctl_check_table+0x367/0x690
[    0.041296]  [<c0176650>] ? sysctl_check_lookup+0x120/0x130
[    0.041298]  [<c0176a27>] sysctl_check_table+0x367/0x690
[    0.041301]  [<c07ded5c>] sysctl_init+0x25/0x29
[    0.041303]  [<c0103041>] do_one_initcall+0x31/0x190
[    0.041305]  [<c07ded37>] ? sysctl_init+0x0/0x29
[    0.041308]  [<c07c6365>] kernel_init+0x12d/0x183
[    0.041310]  [<c07c6238>] ? kernel_init+0x0/0x183
[    0.041312]  [<c010a2c7>] kernel_thread_helper+0x7/0x10
[    0.041314] sysctl table check failed: /kernel/random/nb_stir_count .1.40.11 Unknown sysctl binary path
[    0.041528] Pid: 1, comm: swapper Not tainted 2.6.32.57 #86
[    0.041529] Call Trace:
[    0.041531]  [<c059ee94>] ? printk+0x1d/0x21
[    0.041534]  [<c01766af>] set_fail+0x4f/0x60
[    0.041536]  [<c0176a0e>] sysctl_check_table+0x34e/0x690
[    0.041539]  [<c0176650>] ? sysctl_check_lookup+0x120/0x130
[    0.041542]  [<c0176a27>] sysctl_check_table+0x367/0x690
[    0.041544]  [<c0176650>] ? sysctl_check_lookup+0x120/0x130
[    0.041547]  [<c0176a27>] sysctl_check_table+0x367/0x690
[    0.041549]  [<c07ded5c>] sysctl_init+0x25/0x29
[    0.041551]  [<c0103041>] do_one_initcall+0x31/0x190
[    0.041554]  [<c07ded37>] ? sysctl_init+0x0/0x29
[    0.041556]  [<c07c6365>] kernel_init+0x12d/0x183
[    0.041559]  [<c07c6238>] ? kernel_init+0x0/0x183
[    0.041561]  [<c010a2c7>] kernel_thread_helper+0x7/0x10
[    0.041563] sysctl table check failed: /kernel/random/nb_reentry_count .1.40.12 Unknown sysctl binary path
[    0.041776] Pid: 1, comm: swapper Not tainted 2.6.32.57 #86
[    0.041777] Call Trace:
[    0.041780]  [<c059ee94>] ? printk+0x1d/0x21
[    0.041782]  [<c01766af>] set_fail+0x4f/0x60
[    0.041785]  [<c0176a0e>] sysctl_check_table+0x34e/0x690
[    0.041787]  [<c0176650>] ? sysctl_check_lookup+0x120/0x130
[    0.041790]  [<c0176a27>] sysctl_check_table+0x367/0x690
[    0.041792]  [<c0176650>] ? sysctl_check_lookup+0x120/0x130
[    0.041795]  [<c0176a27>] sysctl_check_table+0x367/0x690
[    0.041798]  [<c07ded5c>] sysctl_init+0x25/0x29
[    0.041800]  [<c0103041>] do_one_initcall+0x31/0x190
[    0.041802]  [<c07ded37>] ? sysctl_init+0x0/0x29
[    0.041805]  [<c07c6365>] kernel_init+0x12d/0x183
[    0.041807]  [<c07c6238>] ? kernel_init+0x0/0x183
[    0.041809]  [<c010a2c7>] kernel_thread_helper+0x7/0x10
[    0.041944] regulator: core version 0.5
[    0.041964] Time:  4:54:08  Date: 03/25/13
[    0.041995] NET: Registered protocol family 16
[    0.042067] EISA bus registered
[    0.042073] ACPI: bus type pci registered
[    0.042123] PCI: MCFG configuration 0: base f0000000 segment 0 buses 0 - 63
[    0.042125] PCI: Not using MMCONFIG.
[    0.042251] PCI: Using configuration type 1 for base access
[    0.042846] bio: create slab <bio-0> at 0
[    0.043372] ACPI: EC: Look up EC in DSDT
[    0.045244] ACPI: Executed 1 blocks of module-level executable AML code
[    0.049137] ACPI: Interpreter enabled
[    0.049141] ACPI: (supports S0 S1 S3 S4 S5)
[    0.049158] ACPI: Using PIC for interrupt routing
[    0.049198] PCI: MCFG configuration 0: base f0000000 segment 0 buses 0 - 63
[    0.050581] PCI: MCFG area at f0000000 reserved in ACPI motherboard resources
[    0.050583] PCI: Using MMCONFIG for extended config space
[    0.056636] ACPI: No dock devices found.
[    0.056886] ACPI: PCI Root Bridge [PCI0] (0000:00)
[    0.056968] pci 0000:00:01.0: PME# supported from D0 D3hot D3cold
[    0.056971] pci 0000:00:01.0: PME# disabled
[    0.057026] pci 0000:00:1a.0: reg 20 io port: [0xc000-0xc01f]
[    0.057089] pci 0000:00:1a.1: reg 20 io port: [0xc080-0xc09f]
[    0.057152] pci 0000:00:1a.2: reg 20 io port: [0xc400-0xc41f]
[    0.057218] pci 0000:00:1a.7: reg 10 32bit mmio: [0xfe9ff400-0xfe9ff7ff]
[    0.057278] pci 0000:00:1a.7: PME# supported from D0 D3hot D3cold
[    0.057282] pci 0000:00:1a.7: PME# disabled
[    0.057314] pci 0000:00:1b.0: reg 10 64bit mmio: [0xfe9f8000-0xfe9fbfff]
[    0.057359] pci 0000:00:1b.0: PME# supported from D0 D3hot D3cold
[    0.057362] pci 0000:00:1b.0: PME# disabled
[    0.057424] pci 0000:00:1c.0: PME# supported from D0 D3hot D3cold
[    0.057427] pci 0000:00:1c.0: PME# disabled
[    0.057493] pci 0000:00:1c.5: PME# supported from D0 D3hot D3cold
[    0.057496] pci 0000:00:1c.5: PME# disabled
[    0.057540] pci 0000:00:1d.0: reg 20 io port: [0xc480-0xc49f]
[    0.057603] pci 0000:00:1d.1: reg 20 io port: [0xc800-0xc81f]
[    0.057665] pci 0000:00:1d.2: reg 20 io port: [0xc880-0xc89f]
[    0.057733] pci 0000:00:1d.7: reg 10 32bit mmio: [0xfe9ff800-0xfe9ffbff]
[    0.057793] pci 0000:00:1d.7: PME# supported from D0 D3hot D3cold
[    0.057797] pci 0000:00:1d.7: PME# disabled
[    0.057950] pci 0000:00:1f.2: reg 10 io port: [0x00-0x07]
[    0.057955] pci 0000:00:1f.2: reg 14 io port: [0x00-0x03]
[    0.057959] pci 0000:00:1f.2: reg 18 io port: [0x00-0x07]
[    0.057964] pci 0000:00:1f.2: reg 1c io port: [0x00-0x03]
[    0.057969] pci 0000:00:1f.2: reg 20 io port: [0xff90-0xff9f]
[    0.057973] pci 0000:00:1f.2: reg 24 io port: [0xffa0-0xffaf]
[    0.058018] pci 0000:00:1f.3: reg 10 64bit mmio: [0xfe9ffc00-0xfe9ffcff]
[    0.058029] pci 0000:00:1f.3: reg 20 io port: [0x400-0x41f]
[    0.058069] pci 0000:04:00.0: reg 10 64bit mmio pref: [0xe0000000-0xefffffff]
[    0.058076] pci 0000:04:00.0: reg 18 64bit mmio: [0xfebe0000-0xfebeffff]
[    0.058081] pci 0000:04:00.0: reg 20 io port: [0xe000-0xe0ff]
[    0.058088] pci 0000:04:00.0: reg 30 32bit mmio pref: [0xfebc0000-0xfebdffff]
[    0.058115] pci 0000:04:00.0: supports D1 D2
[    0.058141] pci 0000:04:00.1: reg 10 64bit mmio: [0xfebfc000-0xfebfffff]
[    0.058181] pci 0000:04:00.1: supports D1 D2
[    0.058216] pci 0000:00:01.0: bridge io port: [0xe000-0xefff]
[    0.058219] pci 0000:00:01.0: bridge 32bit mmio: [0xfeb00000-0xfebfffff]
[    0.058222] pci 0000:00:01.0: bridge 64bit mmio pref: [0xe0000000-0xefffffff]
[    0.058296] pci 0000:02:00.0: reg 10 io port: [0xd800-0xd8ff]
[    0.058314] pci 0000:02:00.0: reg 18 64bit mmio: [0xfeaff000-0xfeafffff]
[    0.058326] pci 0000:02:00.0: reg 20 64bit mmio pref: [0xdfffc000-0xdfffffff]
[    0.058333] pci 0000:02:00.0: reg 30 32bit mmio pref: [0xfeac0000-0xfeadffff]
[    0.058391] pci 0000:02:00.0: supports D1 D2
[    0.058393] pci 0000:02:00.0: PME# supported from D0 D1 D2 D3hot D3cold
[    0.058397] pci 0000:02:00.0: PME# disabled
[    0.058443] pci 0000:00:1c.5: bridge io port: [0xd000-0xdfff]
[    0.058446] pci 0000:00:1c.5: bridge 32bit mmio: [0xfea00000-0xfeafffff]
[    0.058451] pci 0000:00:1c.5: bridge 64bit mmio pref: [0xdff00000-0xdfffffff]
[    0.058490] pci 0000:00:1e.0: transparent bridge
[    0.058509] pci_bus 0000:00: on NUMA node 0
[    0.058512] ACPI: PCI Interrupt Routing Table [\_SB_.PCI0._PRT]
[    0.058670] ACPI: PCI Interrupt Routing Table [\_SB_.PCI0.P0P2._PRT]
[    0.058752] ACPI: PCI Interrupt Routing Table [\_SB_.PCI0.P0P4._PRT]
[    0.058811] ACPI: PCI Interrupt Routing Table [\_SB_.PCI0.P0P9._PRT]
[    0.070851] ACPI: PCI Interrupt Link [LNKA] (IRQs 3 4 6 7 *10 11 12 14 15)
[    0.070940] ACPI: PCI Interrupt Link [LNKB] (IRQs *5)
[    0.071026] ACPI: PCI Interrupt Link [LNKC] (IRQs 3 4 6 7 10 *11 12 14 15)
[    0.071113] ACPI: PCI Interrupt Link [LNKD] (IRQs 3 4 6 7 10 11 12 14 15) *0, disabled.
[    0.071201] ACPI: PCI Interrupt Link [LNKE] (IRQs 3 4 6 *7 10 11 12 14 15)
[    0.071288] ACPI: PCI Interrupt Link [LNKF] (IRQs 3 4 6 7 *10 11 12 14 15)
[    0.071375] ACPI: PCI Interrupt Link [LNKG] (IRQs 3 *4 6 7 10 11 12 14 15)
[    0.071462] ACPI: PCI Interrupt Link [LNKH] (IRQs *3 4 6 7 10 11 12 14 15)
[    0.071536] vgaarb: device added: PCI:0000:04:00.0,decodes=io+mem,owns=io+mem,locks=none
[    0.071539] vgaarb: loaded
[    0.071614] SCSI subsystem initialized
[    0.071640] libata version 3.00 loaded.
[    0.071687] usbcore: registered new interface driver usbfs
[    0.071695] usbcore: registered new interface driver hub
[    0.071712] usbcore: registered new device driver usb
[    0.071792] ACPI: WMI: Mapper loaded
[    0.071794] PCI: Using ACPI for IRQ routing
[    0.071891] NetLabel: Initializing
[    0.071893] NetLabel:  domain hash size = 128
[    0.071894] NetLabel:  protocols = UNLABELED CIPSOv4
[    0.071902] NetLabel:  unlabeled traffic allowed by default
[    0.071924] HPET: 4 timers in total, 0 timers will be used for per-cpu timer
[    0.071928] hpet0: at MMIO 0xfed00000, IRQs 2, 8, 0, 0
[    0.071932] hpet0: 4 comparators, 64-bit 14.318180 MHz counter
[    0.073008] random 0000 0000 0000 00000000 00000000: rand_read_num 2 get_random_bytes(8): sig fffffe1a 00000000 00000000
[    0.073010] random 0000 0000 0000 00000000 00000000: extract_entropy(.. 8 ..)
[    0.073013] random 0000 0000 0000 00000000 00000000: going to reseed nonblocking with 64 bits (64 of 0 requested)
[    0.073015] random 0000 0000 0000 00000000 00000000: extract_entropy(.. 8 ..)
[    0.073017] random 0000 0000 0000 00000000 00000000: trying to extract 64 bits from input
[    0.073019] random 0000 0000 0000 00000000 00000000: debiting 0 entropy credits from input
[    0.073022] random 0000 0000 0000 00000000 00000000: trying to extract 64 bits from nonblocking
[    0.073024] random 0000 0000 0000 00000000 00000000: debiting 64 entropy credits from nonblocking (unlimited)
[    0.076016] Switching to clocksource tsc
[    0.077374] pnp: PnP ACPI init
[    0.077381] ACPI: bus type pnp registered
[    0.079025] pnp: PnP ACPI: found 14 devices
[    0.079027] ACPI: ACPI bus type pnp unregistered
[    0.079029] PnPBIOS: Disabled by ACPI PNP
[    0.079037] system 00:01: iomem range 0xfed14000-0xfed19fff has been reserved
[    0.079039] system 00:01: iomem range 0xfed90000-0xfed93fff has been reserved
[    0.079045] system 00:06: ioport range 0x4d0-0x4d1 has been reserved
[    0.079047] system 00:06: ioport range 0x800-0x87f has been reserved
[    0.079049] system 00:06: ioport range 0x500-0x57f has been reserved
[    0.079052] system 00:06: iomem range 0xfed1c000-0xfed1ffff has been reserved
[    0.079054] system 00:06: iomem range 0xfed20000-0xfed3ffff has been reserved
[    0.079056] system 00:06: iomem range 0xfed40000-0xfed8ffff has been reserved
[    0.079060] system 00:09: iomem range 0xffc00000-0xffefffff has been reserved
[    0.079064] system 00:0a: iomem range 0xfec00000-0xfec00fff has been reserved
[    0.079066] system 00:0a: iomem range 0xfee00000-0xfee00fff has been reserved
[    0.079070] system 00:0b: ioport range 0xa00-0xadf has been reserved
[    0.079074] system 00:0c: iomem range 0xf0000000-0xf3ffffff has been reserved
[    0.079079] system 00:0d: iomem range 0x0-0x9ffff could not be reserved
[    0.079081] system 00:0d: iomem range 0xc0000-0xcffff could not be reserved
[    0.079083] system 00:0d: iomem range 0xe0000-0xfffff could not be reserved
[    0.079085] system 00:0d: iomem range 0x100000-0xcfffffff could not be reserved
[    0.079087] system 00:0d: iomem range 0xfed90000-0xffffffff could not be reserved
[    0.113683] pci 0000:00:01.0: PCI bridge, secondary bus 0000:04
[    0.113686] pci 0000:00:01.0:   IO window: 0xe000-0xefff
[    0.113689] pci 0000:00:01.0:   MEM window: 0xfeb00000-0xfebfffff
[    0.113691] pci 0000:00:01.0:   PREFETCH window: 0x000000e0000000-0x000000efffffff
[    0.113695] pci 0000:00:1c.0: PCI bridge, secondary bus 0000:03
[    0.113697] pci 0000:00:1c.0:   IO window: 0x1000-0x1fff
[    0.113701] pci 0000:00:1c.0:   MEM window: 0xd0000000-0xd01fffff
[    0.113704] pci 0000:00:1c.0:   PREFETCH window: 0x000000d0200000-0x000000d03fffff
[    0.113709] pci 0000:00:1c.5: PCI bridge, secondary bus 0000:02
[    0.113712] pci 0000:00:1c.5:   IO window: 0xd000-0xdfff
[    0.113715] pci 0000:00:1c.5:   MEM window: 0xfea00000-0xfeafffff
[    0.113719] pci 0000:00:1c.5:   PREFETCH window: 0x000000dff00000-0x000000dfffffff
[    0.113723] pci 0000:00:1e.0: PCI bridge, secondary bus 0000:01
[    0.113725] pci 0000:00:1e.0:   IO window: disabled
[    0.113728] pci 0000:00:1e.0:   MEM window: disabled
[    0.113731] pci 0000:00:1e.0:   PREFETCH window: disabled
[    0.113840] ACPI: PCI Interrupt Link [LNKA] enabled at IRQ 10
[    0.113842] PCI: setting IRQ 10 as level-triggered
[    0.113846] pci 0000:00:01.0: PCI INT A -> Link[LNKA] -> GSI 10 (level, low) -> IRQ 10
[    0.113849] pci 0000:00:01.0: setting latency timer to 64
[    0.113855] pci 0000:00:1c.0: enabling device (0104 -> 0107)
[    0.113954] ACPI: PCI Interrupt Link [LNKB] enabled at IRQ 5
[    0.113956] PCI: setting IRQ 5 as level-triggered
[    0.113959] pci 0000:00:1c.0: PCI INT A -> Link[LNKB] -> GSI 5 (level, low) -> IRQ 5
[    0.113963] pci 0000:00:1c.0: setting latency timer to 64
[    0.113970] pci 0000:00:1c.5: PCI INT B -> Link[LNKA] -> GSI 10 (level, low) -> IRQ 10
[    0.113973] pci 0000:00:1c.5: setting latency timer to 64
[    0.113978] pci 0000:00:1e.0: setting latency timer to 64
[    0.113981] pci_bus 0000:00: resource 0 io:  [0x00-0xffff]
[    0.113983] pci_bus 0000:00: resource 1 mem: [0x000000-0xffffffffffffffff]
[    0.113985] pci_bus 0000:04: resource 0 io:  [0xe000-0xefff]
[    0.113987] pci_bus 0000:04: resource 1 mem: [0xfeb00000-0xfebfffff]
[    0.113989] pci_bus 0000:04: resource 2 pref mem [0xe0000000-0xefffffff]
[    0.113991] pci_bus 0000:03: resource 0 io:  [0x1000-0x1fff]
[    0.113993] pci_bus 0000:03: resource 1 mem: [0xd0000000-0xd01fffff]
[    0.113995] pci_bus 0000:03: resource 2 pref mem [0xd0200000-0xd03fffff]
[    0.113997] pci_bus 0000:02: resource 0 io:  [0xd000-0xdfff]
[    0.113998] pci_bus 0000:02: resource 1 mem: [0xfea00000-0xfeafffff]
[    0.114000] pci_bus 0000:02: resource 2 pref mem [0xdff00000-0xdfffffff]
[    0.114002] pci_bus 0000:01: resource 3 io:  [0x00-0xffff]
[    0.114004] pci_bus 0000:01: resource 4 mem: [0x000000-0xffffffffffffffff]
[    0.114024] NET: Registered protocol family 2
[    0.114049] random 0000 0000 0000 5f8db4e5 4cfdf2a8: rand_read_num 3 get_random_bytes(4): sig fffffb64 5f8db4e5 4cfdf2a8
[    0.114052] random 0000 0000 0000 5f8db4e5 4cfdf2a8: extract_entropy(.. 4 ..)
[    0.114054] random 0000 0000 0000 5f8db4e5 4cfdf2a8: going to reseed nonblocking with 64 bits (32 of 0 requested)
[    0.114056] random 0000 0000 0000 5f8db4e5 4cfdf2a8: extract_entropy(.. 8 ..)
[    0.114058] random 0000 0000 0000 5f8db4e5 4cfdf2a8: trying to extract 64 bits from input
[    0.114061] random 0000 0000 0000 5f8db4e5 4cfdf2a8: debiting 0 entropy credits from input
[    0.114063] random 0000 0000 0000 5f8db4e5 4cfdf2a8: trying to extract 32 bits from nonblocking
[    0.114066] random 0000 0000 0000 5f8db4e5 4cfdf2a8: debiting 32 entropy credits from nonblocking (unlimited)
[    0.114100] IP route cache hash table entries: 32768 (order: 5, 131072 bytes)
[    0.114304] TCP established hash table entries: 131072 (order: 8, 1048576 bytes)
[    0.114623] TCP bind hash table entries: 65536 (order: 7, 524288 bytes)
[    0.114788] TCP: Hash tables configured (established 131072 bind 65536)
[    0.114790] TCP reno registered
[    0.114833] NET: Registered protocol family 1
[    0.114939] pci 0000:04:00.0: Boot video device
[    0.115048] cpufreq-nforce2: No nForce2 chipset.
[    0.115063] Scanning for low memory corruption every 60 seconds
[    0.115133] audit: initializing netlink socket (disabled)
[    0.115139] type=2000 audit(1364187248.111:1): initialized
[    0.123389] highmem bounce pool size: 64 pages
[    0.123393] HugeTLB registered 2 MB page size, pre-allocated 0 pages
[    0.124397] VFS: Disk quotas dquot_6.5.2
[    0.124436] Dquot-cache hash table entries: 1024 (order 0, 4096 bytes)
[    0.124839] fuse init (API version 7.13)
[    0.124901] msgmni has been set to 1581
[    0.125034] alg: No test for stdrng (krng)
[    0.125073] Block layer SCSI generic (bsg) driver version 0.4 loaded (major 253)
[    0.125076] io scheduler noop registered
[    0.125077] io scheduler anticipatory registered
[    0.125078] io scheduler deadline registered
[    0.125106] io scheduler cfq registered (default)
[    0.125188]   alloc irq_desc for 24 on node -1
[    0.125190]   alloc kstat_irqs on node -1
[    0.125197] pcieport 0000:00:01.0: irq 24 for MSI/MSI-X
[    0.125201] pcieport 0000:00:01.0: setting latency timer to 64
[    0.125271]   alloc irq_desc for 25 on node -1
[    0.125272]   alloc kstat_irqs on node -1
[    0.125277] pcieport 0000:00:1c.0: irq 25 for MSI/MSI-X
[    0.125284] pcieport 0000:00:1c.0: setting latency timer to 64
[    0.125369]   alloc irq_desc for 26 on node -1
[    0.125371]   alloc kstat_irqs on node -1
[    0.125376] pcieport 0000:00:1c.5: irq 26 for MSI/MSI-X
[    0.125382] pcieport 0000:00:1c.5: setting latency timer to 64
[    0.125446] pci_hotplug: PCI Hot Plug PCI Core version: 0.5
[    0.125459] Firmware did not grant requested _OSC control
[    0.125471] Firmware did not grant requested _OSC control
[    0.125490] Firmware did not grant requested _OSC control
[    0.125499] Firmware did not grant requested _OSC control
[    0.125509] pciehp: PCI Express Hot Plug Controller Driver version: 0.4
[    0.125615] input: Power Button as /devices/LNXSYSTM:00/LNXSYBUS:00/PNP0C0C:00/input/input0
[    0.125619] ACPI: Power Button [PWRB]
[    0.125649] input: Power Button as /devices/LNXSYSTM:00/LNXPWRBN:00/input/input1
[    0.125651] ACPI: Power Button [PWRF]
[    0.126173] ACPI: SSDT cffa0270 0022C (v01 HPQOEM SLIC-CPC 00000011 INTL 20051117)
[    0.126361] processor LNXCPU:00: registered as cooling_device0
[    0.127939] isapnp: Scanning for PnP cards...
[    0.480771] isapnp: No Plug & Play device found
[    0.480782] random 0000 0000 0000 5f8db4e5 4cfdf2a8: initializing
[    0.481696] Serial: 8250/16550 driver, 4 ports, IRQ sharing enabled
[    0.482648] brd: module loaded
[    0.482959] loop: module loaded
[    0.483014] input: Macintosh mouse button emulation as /devices/virtual/input/input2
[    0.483083] ata_piix 0000:00:1f.2: version 2.13
[    0.483196] ACPI: PCI Interrupt Link [LNKD] enabled at IRQ 11
[    0.483198] PCI: setting IRQ 11 as level-triggered
[    0.483202] ata_piix 0000:00:1f.2: PCI INT B -> Link[LNKD] -> GSI 11 (level, low) -> IRQ 11
[    0.483206] ata_piix 0000:00:1f.2: MAP [ P0 P2 P1 P3 ]
[    0.483238] ata_piix 0000:00:1f.2: setting latency timer to 64
[    0.483274] scsi0 : ata_piix
[    0.483321] scsi1 : ata_piix
[    0.484426] ata1: SATA max UDMA/133 cmd 0x1f0 ctl 0x3f6 bmdma 0xff90 irq 14
[    0.484431] ata2: SATA max UDMA/133 cmd 0x170 ctl 0x376 bmdma 0xff98 irq 15
[    0.484681] Fixed MDIO Bus: probed
[    0.484706] PPP generic driver version 2.4.2
[    0.484733] tun: Universal TUN/TAP device driver, 1.6
[    0.484735] tun: (C) 1999-2004 Max Krasnyansky <maxk@qualcomm.com>
[    0.484793] ehci_hcd: USB 2.0 'Enhanced' Host Controller (EHCI) Driver
[    0.484906] ACPI: PCI Interrupt Link [LNKC] enabled at IRQ 11
[    0.484909] ehci_hcd 0000:00:1a.7: PCI INT C -> Link[LNKC] -> GSI 11 (level, low) -> IRQ 11
[    0.484917] ehci_hcd 0000:00:1a.7: setting latency timer to 64
[    0.484919] ehci_hcd 0000:00:1a.7: EHCI Host Controller
[    0.484941] ehci_hcd 0000:00:1a.7: new USB bus registered, assigned bus number 1
[    0.484963] ehci_hcd 0000:00:1a.7: debug port 1
[    0.488856] ehci_hcd 0000:00:1a.7: cache line size of 32 is not supported
[    0.488882] ehci_hcd 0000:00:1a.7: irq 11, io mem 0xfe9ff400
[    0.504015] ehci_hcd 0000:00:1a.7: USB 2.0 started, EHCI 1.00
[    0.504095] usb usb1: configuration #1 chosen from 1 choice
[    0.504120] hub 1-0:1.0: USB hub found
[    0.504131] hub 1-0:1.0: 6 ports detected
[    0.504271] ACPI: PCI Interrupt Link [LNKH] enabled at IRQ 3
[    0.504273] PCI: setting IRQ 3 as level-triggered
[    0.504277] ehci_hcd 0000:00:1d.7: PCI INT A -> Link[LNKH] -> GSI 3 (level, low) -> IRQ 3
[    0.504285] ehci_hcd 0000:00:1d.7: setting latency timer to 64
[    0.504287] ehci_hcd 0000:00:1d.7: EHCI Host Controller
[    0.504309] ehci_hcd 0000:00:1d.7: new USB bus registered, assigned bus number 2
[    0.504328] ehci_hcd 0000:00:1d.7: debug port 1
[    0.508207] ehci_hcd 0000:00:1d.7: cache line size of 32 is not supported
[    0.508212] ehci_hcd 0000:00:1d.7: irq 3, io mem 0xfe9ff800
[    0.524017] ehci_hcd 0000:00:1d.7: USB 2.0 started, EHCI 1.00
[    0.524087] usb usb2: configuration #1 chosen from 1 choice
[    0.524109] hub 2-0:1.0: USB hub found
[    0.524115] hub 2-0:1.0: 6 ports detected
[    0.524159] ohci_hcd: USB 1.1 'Open' Host Controller (OHCI) Driver
[    0.524168] uhci_hcd: USB Universal Host Controller Interface driver
[    0.524181] uhci_hcd 0000:00:1a.0: PCI INT A -> Link[LNKA] -> GSI 10 (level, low) -> IRQ 10
[    0.524185] uhci_hcd 0000:00:1a.0: setting latency timer to 64
[    0.524187] uhci_hcd 0000:00:1a.0: UHCI Host Controller
[    0.524209] uhci_hcd 0000:00:1a.0: new USB bus registered, assigned bus number 3
[    0.524229] uhci_hcd 0000:00:1a.0: irq 10, io base 0x0000c000
[    0.524287] usb usb3: configuration #1 chosen from 1 choice
[    0.524308] hub 3-0:1.0: USB hub found
[    0.524313] hub 3-0:1.0: 2 ports detected
[    0.524444] ACPI: PCI Interrupt Link [LNKF] enabled at IRQ 10
[    0.524446] uhci_hcd 0000:00:1a.1: PCI INT B -> Link[LNKF] -> GSI 10 (level, low) -> IRQ 10
[    0.524451] uhci_hcd 0000:00:1a.1: setting latency timer to 64
[    0.524453] uhci_hcd 0000:00:1a.1: UHCI Host Controller
[    0.524479] uhci_hcd 0000:00:1a.1: new USB bus registered, assigned bus number 4
[    0.524498] uhci_hcd 0000:00:1a.1: irq 10, io base 0x0000c080
[    0.524557] usb usb4: configuration #1 chosen from 1 choice
[    0.524574] hub 4-0:1.0: USB hub found
[    0.524579] hub 4-0:1.0: 2 ports detected
[    0.524709] ACPI: PCI Interrupt Link [LNKE] enabled at IRQ 7
[    0.524711] PCI: setting IRQ 7 as level-triggered
[    0.524715] uhci_hcd 0000:00:1a.2: PCI INT D -> Link[LNKE] -> GSI 7 (level, low) -> IRQ 7
[    0.524719] uhci_hcd 0000:00:1a.2: setting latency timer to 64
[    0.524721] uhci_hcd 0000:00:1a.2: UHCI Host Controller
[    0.524744] uhci_hcd 0000:00:1a.2: new USB bus registered, assigned bus number 5
[    0.524764] uhci_hcd 0000:00:1a.2: irq 7, io base 0x0000c400
[    0.524821] usb usb5: configuration #1 chosen from 1 choice
[    0.524839] hub 5-0:1.0: USB hub found
[    0.524843] hub 5-0:1.0: 2 ports detected
[    0.524873] uhci_hcd 0000:00:1d.0: PCI INT A -> Link[LNKH] -> GSI 3 (level, low) -> IRQ 3
[    0.524878] uhci_hcd 0000:00:1d.0: setting latency timer to 64
[    0.524880] uhci_hcd 0000:00:1d.0: UHCI Host Controller
[    0.524900] uhci_hcd 0000:00:1d.0: new USB bus registered, assigned bus number 6
[    0.524918] uhci_hcd 0000:00:1d.0: irq 3, io base 0x0000c480
[    0.524975] usb usb6: configuration #1 chosen from 1 choice
[    0.524994] hub 6-0:1.0: USB hub found
[    0.524998] hub 6-0:1.0: 2 ports detected
[    0.525030] uhci_hcd 0000:00:1d.1: PCI INT B -> Link[LNKE] -> GSI 7 (level, low) -> IRQ 7
[    0.525034] uhci_hcd 0000:00:1d.1: setting latency timer to 64
[    0.525037] uhci_hcd 0000:00:1d.1: UHCI Host Controller
[    0.525058] uhci_hcd 0000:00:1d.1: new USB bus registered, assigned bus number 7
[    0.525077] uhci_hcd 0000:00:1d.1: irq 7, io base 0x0000c800
[    0.525134] usb usb7: configuration #1 chosen from 1 choice
[    0.525153] hub 7-0:1.0: USB hub found
[    0.525157] hub 7-0:1.0: 2 ports detected
[    0.525185] uhci_hcd 0000:00:1d.2: PCI INT C -> Link[LNKC] -> GSI 11 (level, low) -> IRQ 11
[    0.525189] uhci_hcd 0000:00:1d.2: setting latency timer to 64
[    0.525192] uhci_hcd 0000:00:1d.2: UHCI Host Controller
[    0.525212] uhci_hcd 0000:00:1d.2: new USB bus registered, assigned bus number 8
[    0.525230] uhci_hcd 0000:00:1d.2: irq 11, io base 0x0000c880
[    0.525288] usb usb8: configuration #1 chosen from 1 choice
[    0.525306] hub 8-0:1.0: USB hub found
[    0.525310] hub 8-0:1.0: 2 ports detected
[    0.525376] PNP: No PS/2 controller found. Probing ports directly.
[    0.527827] serio: i8042 KBD port at 0x60,0x64 irq 1
[    0.527831] serio: i8042 AUX port at 0x60,0x64 irq 12
[    0.527907] mice: PS/2 mouse device common for all mice
[    0.527986] rtc_cmos 00:03: RTC can wake from S4
[    0.528021] rtc_cmos 00:03: rtc core: registered rtc_cmos as rtc0
[    0.528036] rtc0: alarms up to one month, y3k, 114 bytes nvram, hpet irqs
[    0.528104] device-mapper: uevent: version 1.0.3
[    0.528163] device-mapper: ioctl: 4.15.0-ioctl (2009-04-01) initialised: dm-devel@redhat.com
[    0.528194] device-mapper: multipath: version 1.1.0 loaded
[    0.528196] device-mapper: multipath round-robin: version 1.0.0 loaded
[    0.528265] EISA: Probing bus 0 at eisa.0
[    0.528270] Cannot allocate resource for EISA slot 1
[    0.528287] EISA: Detected 0 cards.
[    0.528314] cpuidle: using governor ladder
[    0.528315] cpuidle: using governor menu
[    0.528545] random 0000 0000 0000 00000000 00000000: rand_read_num 4 get_random_bytes(136): sig 00000000 00000000 00000000
[    0.528547] random 0000 0000 0000 00000000 00000000: extract_entropy(.. 136 ..)
[    0.528550] random 0000 0000 0000 00000000 00000000: going to reseed nonblocking with 1024 bits (1088 of 0 requested)
[    0.528552] random 0000 0000 0000 00000000 00000000: extract_entropy(.. 128 ..)
[    0.528554] random 0000 0000 0000 00000000 00000000: trying to extract 1024 bits from input
[    0.528556] random 0000 0000 0000 00000000 00000000: debiting 0 entropy credits from input
[    0.528559] random 0000 0000 0000 00000000 00000000: trying to extract 1088 bits from nonblocking
[    0.528561] random 0000 0000 0000 00000000 00000000: debiting 1088 entropy credits from nonblocking (unlimited)
[    0.528591] TCP cubic registered
[    0.528700] NET: Registered protocol family 10
[    0.528736] random 0000 0000 0000 9ff19f9c c07a1d2a: rand_read_num 5 get_random_bytes(4): sig 0000031b 9ff19f9c c07a1d2a
[    0.528738] random 0000 0000 0000 9ff19f9c c07a1d2a: extract_entropy(.. 4 ..)
[    0.528741] random 0000 0000 0000 9ff19f9c c07a1d2a: going to reseed nonblocking with 64 bits (32 of 0 requested)
[    0.528743] random 0000 0000 0000 9ff19f9c c07a1d2a: extract_entropy(.. 8 ..)
[    0.528745] random 0000 0000 0000 9ff19f9c c07a1d2a: trying to extract 64 bits from input
[    0.528747] random 0000 0000 0000 9ff19f9c c07a1d2a: debiting 0 entropy credits from input
[    0.528750] random 0000 0000 0000 9ff19f9c c07a1d2a: trying to extract 32 bits from nonblocking
[    0.528752] random 0000 0000 0000 9ff19f9c c07a1d2a: debiting 32 entropy credits from nonblocking (unlimited)
[    0.529201] NET: Registered protocol family 17
[    0.529474] Using IPI No-Shortcut mode
[    0.529481] random 0000 0000 0000 277f73c3 42024bb9: rand_read_num 6 get_random_bytes(8): sig 000007e9 277f73c3 42024bb9
[    0.529483] random 0000 0000 0000 277f73c3 42024bb9: extract_entropy(.. 8 ..)
[    0.529486] random 0000 0000 0000 277f73c3 42024bb9: going to reseed nonblocking with 64 bits (64 of 0 requested)
[    0.529488] random 0000 0000 0000 277f73c3 42024bb9: extract_entropy(.. 8 ..)
[    0.529490] random 0000 0000 0000 277f73c3 42024bb9: trying to extract 64 bits from input
[    0.529492] random 0000 0000 0000 277f73c3 42024bb9: debiting 0 entropy credits from input
[    0.529495] random 0000 0000 0000 277f73c3 42024bb9: trying to extract 64 bits from nonblocking
[    0.529497] random 0000 0000 0000 277f73c3 42024bb9: debiting 64 entropy credits from nonblocking (unlimited)
[    0.529541] PM: Resume from disk failed.
[    0.529550] registered taskstats version 1
[    0.529553] random 0000 0000 0000 277f73c3 42024bb9: rand_read_num 7 get_random_bytes(12): sig 00000498 277f73c3 42024bb9
[    0.529555] random 0000 0000 0000 277f73c3 42024bb9: extract_entropy(.. 12 ..)
[    0.529557] random 0000 0000 0000 277f73c3 42024bb9: going to reseed nonblocking with 96 bits (96 of 0 requested)
[    0.529559] random 0000 0000 0000 277f73c3 42024bb9: extract_entropy(.. 12 ..)
[    0.529562] random 0000 0000 0000 277f73c3 42024bb9: trying to extract 96 bits from input
[    0.529564] random 0000 0000 0000 277f73c3 42024bb9: debiting 0 entropy credits from input
[    0.529566] random 0000 0000 0000 277f73c3 42024bb9: trying to extract 96 bits from nonblocking
[    0.529569] random 0000 0000 0000 277f73c3 42024bb9: debiting 96 entropy credits from nonblocking (unlimited)
[    0.529819] random 0000 0000 0000 412698f6 0cc8689a: rand_read_num 8 get_random_bytes(64): sig 00000122 412698f6 0cc8689a
[    0.529821] random 0000 0000 0000 412698f6 0cc8689a: extract_entropy(.. 64 ..)
[    0.529824] random 0000 0000 0000 412698f6 0cc8689a: going to reseed nonblocking with 512 bits (512 of 0 requested)
[    0.529826] random 0000 0000 0000 412698f6 0cc8689a: extract_entropy(.. 64 ..)
[    0.529828] random 0000 0000 0000 412698f6 0cc8689a: trying to extract 512 bits from input
[    0.529831] random 0000 0000 0000 412698f6 0cc8689a: debiting 0 entropy credits from input
[    0.529833] random 0000 0000 0000 412698f6 0cc8689a: trying to extract 512 bits from nonblocking
[    0.529835] random 0000 0000 0000 412698f6 0cc8689a: debiting 512 entropy credits from nonblocking (unlimited)
[    0.529849]   Magic number: 5:173:920
[    0.529895] rtc_cmos 00:03: setting system clock to 2013-03-25 04:54:08 UTC (1364187248)
[    0.529897] BIOS EDD facility v0.16 2004-Jun-25, 0 devices found
[    0.529898] EDD information not available.
[    0.529920] random 0000 0000 0000 70cfd302 e5edec11: rand_read_num 9 get_random_bytes(64): sig fffffdc1 70cfd302 e5edec11
[    0.529922] random 0000 0000 0000 70cfd302 e5edec11: extract_entropy(.. 64 ..)
[    0.529925] random 0000 0000 0000 70cfd302 e5edec11: going to reseed nonblocking with 512 bits (512 of 0 requested)
[    0.529927] random 0000 0000 0000 70cfd302 e5edec11: extract_entropy(.. 64 ..)
[    0.529929] random 0000 0000 0000 70cfd302 e5edec11: trying to extract 512 bits from input
[    0.529931] random 0000 0000 0000 70cfd302 e5edec11: debiting 0 entropy credits from input
[    0.529934] random 0000 0000 0000 70cfd302 e5edec11: trying to extract 512 bits from nonblocking
[    0.529936] random 0000 0000 0000 70cfd302 e5edec11: debiting 512 entropy credits from nonblocking (unlimited)
[    0.529950] BEGIN NET_SECRET:
[    0.529951] \x18
[    0.529951] \x5c
[    0.529952] \x2b
[    0.529953] \x1
[    0.529954] \xffffff90
[    0.529955] \x19
[    0.529955] \x3c
[    0.529956] \xfffffff2
[    0.529957] \xffffff82
[    0.529958] \x2a
[    0.529959] \xffffffb3
[    0.529960] \xffffffa2
[    0.529961] \x3f
[    0.529962] \x5
[    0.529962] \x52
[    0.529963] \x77
[    0.529964] \x57
[    0.529965] \x79
[    0.529965] \x16
[    0.529966] \x43
[    0.529967] \xffffff84
[    0.529968] \xffffffc3
[    0.529969] \xffffffe9
[    0.529970] \x79
[    0.529970] \x50
[    0.529971] \xffffff8e
[    0.529972] \x3f
[    0.529973] \xfffffff3
[    0.529974] \x19
[    0.529975] \x2a
[    0.529975] \xfffffffd
[    0.529976] \xfffffffb
[    0.529977] \x62
[    0.529978] \x3c
[    0.529979] \xffffffac
[    0.529979] \x1c
[    0.529980] \x3b
[    0.529981] \x3b
[    0.529982] \x15
[    0.529983] \x27
[    0.529983] \xffffffa8
[    0.529984] \x22
[    0.529985] \xffffffc5
[    0.529986] \xffffff9a
[    0.529987] \x5
[    0.529987] \x6c
[    0.529988] \xffffffa8
[    0.529989] \x3a
[    0.529990] \x44
[    0.529991] \xffffffaf
[    0.529992] \x13
[    0.529992] \xffffffe0
[    0.529993] \xffffff9d
[    0.529994] \x22
[    0.529995] \xf
[    0.529996] \xffffffc9
[    0.529996] \x6c
[    0.529997] \x28
[    0.529998] \xffffff87
[    0.529999] \x79
[    0.530000] \x69
[    0.530000] \xffffff91
[    0.530001] \xffffff8a
[    0.530002] \xfffffff9
[    0.530003] 
[    0.530003] END NET_SECRET
[    0.530006] random 0000 0000 0000 e7f555d9 e8ce5c3c: rand_read_num 10 get_random_bytes(4): sig ffffff72 e7f555d9 e8ce5c3c
[    0.530008] random 0000 0000 0000 e7f555d9 e8ce5c3c: extract_entropy(.. 4 ..)
[    0.530011] random 0000 0000 0000 e7f555d9 e8ce5c3c: going to reseed nonblocking with 64 bits (32 of 0 requested)
[    0.530013] random 0000 0000 0000 e7f555d9 e8ce5c3c: extract_entropy(.. 8 ..)
[    0.530015] random 0000 0000 0000 e7f555d9 e8ce5c3c: trying to extract 64 bits from input
[    0.530017] random 0000 0000 0000 e7f555d9 e8ce5c3c: debiting 0 entropy credits from input
[    0.530020] random 0000 0000 0000 e7f555d9 e8ce5c3c: trying to extract 32 bits from nonblocking
[    0.530022] random 0000 0000 0000 e7f555d9 e8ce5c3c: debiting 32 entropy credits from nonblocking (unlimited)
[    0.816054] usb 1-6: new high speed USB device using ehci_hcd and address 2
[    1.031409] usb 1-6: configuration #1 chosen from 1 choice
[    1.280061] ata1.00: SATA link up 3.0 Gbps (SStatus 123 SControl 300)
[    1.280072] ata1.01: SATA link down (SStatus 0 SControl 300)
[    1.284057] ata2.00: SATA link up 1.5 Gbps (SStatus 113 SControl 300)
[    1.284069] ata2.01: SATA link down (SStatus 0 SControl 300)
[    1.284078] ata2.01: link offline, clearing class 3 to NONE
[    1.288346] ata2.00: ATAPI: TSSTcorp CDDVDW TS-H653R, 0301, max UDMA/33
[    1.288433] ata1.00: ATA-8: WDC WD6400AAKS-65A7B2, 01.03B01, max UDMA/133
[    1.288435] ata1.00: 1250263728 sectors, multi 16: LBA48 NCQ (depth 0/32)
[    1.304362] ata1.00: configured for UDMA/133
[    1.304445] scsi 0:0:0:0: Direct-Access     ATA      WDC WD6400AAKS-6 01.0 PQ: 0 ANSI: 5
[    1.304521] sd 0:0:0:0: Attached scsi generic sg0 type 0
[    1.304567] sd 0:0:0:0: [sda] 1250263728 512-byte logical blocks: (640 GB/596 GiB)
[    1.304599] sd 0:0:0:0: [sda] Write Protect is off
[    1.304601] sd 0:0:0:0: [sda] Mode Sense: 00 3a 00 00
[    1.304618] sd 0:0:0:0: [sda] Write cache: enabled, read cache: enabled, doesn't support DPO or FUA
[    1.304703]  sda:
[    1.304797] ata2.00: configured for UDMA/33
[    1.305726] scsi 1:0:0:0: CD-ROM            TSSTcorp CDDVDW TS-H653R  0301 PQ: 0 ANSI: 5
[    1.310449] sr0: scsi3-mmc drive: 40x/40x writer dvd-ram cd/rw xa/form2 cdda tray
[    1.310452] Uniform CD-ROM driver Revision: 3.20
[    1.310517] sr 1:0:0:0: Attached scsi CD-ROM sr0
[    1.310557] sr 1:0:0:0: Attached scsi generic sg1 type 5
[    1.322515] random 0000 0000 0000 91716c54 eeb6a1e7: add_disk_randomness(8:0) 91716c54 eeb6a1e7
[    1.322518] random 0000 0000 0000 91716c54 eeb6a1e7: add_timer_randomness(.. 8388864)
[    1.322522] random 0000 0000 0000 91716c54 eeb6a1e7: added 11 entropy credits to input
[    1.322536]  sda1 sda2 <
[    1.352241] random 0011 0000 0000 91716c54 eeb6a1e7: add_disk_randomness(8:0) 91716c54 eeb6a1e7
[    1.352244] random 0011 0000 0000 91716c54 eeb6a1e7: add_timer_randomness(.. 8388864)
[    1.352248] random 0011 0000 0000 91716c54 eeb6a1e7: added 3 entropy credits to input
[    1.352256]  sda5 >
[    1.352441] sd 0:0:0:0: [sda] Attached SCSI disk
[    1.352450] md: Waiting for all devices to be available before autodetect
[    1.352452] md: If you don't use raid, use raid=noautodetect
[    1.352513] md: Autodetecting RAID arrays.
[    1.352514] md: Scanned 0 and added 0 devices.
[    1.352515] md: autorun ...
[    1.352516] md: ... autorun DONE.
[    1.384020] usb 7-2: new low speed USB device using uhci_hcd and address 2
[    1.389079] random 0014 0000 0000 91716c54 eeb6a1e7: add_disk_randomness(8:0) 91716c54 eeb6a1e7
[    1.389082] random 0014 0000 0000 91716c54 eeb6a1e7: add_timer_randomness(.. 8388864)
[    1.389091] EXT3-fs: sda1: couldn't mount because of unsupported optional features (240).
[    1.389740] random 0014 0000 0000 91716c54 eeb6a1e7: add_disk_randomness(8:0) 91716c54 eeb6a1e7
[    1.389743] random 0014 0000 0000 91716c54 eeb6a1e7: add_timer_randomness(.. 8388864)
[    1.389750] EXT2-fs: sda1: couldn't mount because of unsupported optional features (240).
[    1.389931] random 0014 0000 0000 91716c54 eeb6a1e7: add_disk_randomness(8:0) 91716c54 eeb6a1e7
[    1.389934] random 0014 0000 0000 91716c54 eeb6a1e7: add_timer_randomness(.. 8388864)
[    1.397430] random 0014 0000 0000 91716c54 eeb6a1e7: add_disk_randomness(8:0) 91716c54 eeb6a1e7
[    1.397432] random 0014 0000 0000 91716c54 eeb6a1e7: add_timer_randomness(.. 8388864)
[    1.397436] random 0014 0000 0000 91716c54 eeb6a1e7: added 1 entropy credits to input
[    1.397603] random 0015 0000 0000 91716c54 eeb6a1e7: add_disk_randomness(8:0) 91716c54 eeb6a1e7
[    1.397606] random 0015 0000 0000 91716c54 eeb6a1e7: add_timer_randomness(.. 8388864)
[    1.397752] random 0015 0000 0000 91716c54 eeb6a1e7: add_disk_randomness(8:0) 91716c54 eeb6a1e7
[    1.397754] random 0015 0000 0000 91716c54 eeb6a1e7: add_timer_randomness(.. 8388864)
[    1.397900] random 0015 0000 0000 91716c54 eeb6a1e7: add_disk_randomness(8:0) 91716c54 eeb6a1e7
[    1.397903] random 0015 0000 0000 91716c54 eeb6a1e7: add_timer_randomness(.. 8388864)
[    1.398050] random 0015 0000 0000 91716c54 eeb6a1e7: add_disk_randomness(8:0) 91716c54 eeb6a1e7
[    1.398053] random 0015 0000 0000 91716c54 eeb6a1e7: add_timer_randomness(.. 8388864)
[    1.398201] random 0015 0000 0000 91716c54 eeb6a1e7: add_disk_randomness(8:0) 91716c54 eeb6a1e7
[    1.398203] random 0015 0000 0000 91716c54 eeb6a1e7: add_timer_randomness(.. 8388864)
[    1.398352] random 0015 0000 0000 91716c54 eeb6a1e7: add_disk_randomness(8:0) 91716c54 eeb6a1e7
[    1.398355] random 0015 0000 0000 91716c54 eeb6a1e7: add_timer_randomness(.. 8388864)
[    1.398502] random 0015 0000 0000 91716c54 eeb6a1e7: add_disk_randomness(8:0) 91716c54 eeb6a1e7
[    1.398505] random 0015 0000 0000 91716c54 eeb6a1e7: add_timer_randomness(.. 8388864)
[    1.398653] random 0015 0000 0000 91716c54 eeb6a1e7: add_disk_randomness(8:0) 91716c54 eeb6a1e7
[    1.398656] random 0015 0000 0000 91716c54 eeb6a1e7: add_timer_randomness(.. 8388864)
[    1.406809] random 0015 0000 0000 91716c54 eeb6a1e7: add_disk_randomness(8:0) 91716c54 eeb6a1e7
[    1.406812] random 0015 0000 0000 91716c54 eeb6a1e7: add_timer_randomness(.. 8388864)
[    1.406815] random 0015 0000 0000 91716c54 eeb6a1e7: added 1 entropy credits to input
[    1.407054] random 0016 0000 0000 91716c54 eeb6a1e7: add_disk_randomness(8:0) 91716c54 eeb6a1e7
[    1.407056] random 0016 0000 0000 91716c54 eeb6a1e7: add_timer_randomness(.. 8388864)
[    1.407276] random 0016 0000 0000 91716c54 eeb6a1e7: add_disk_randomness(8:0) 91716c54 eeb6a1e7
[    1.407279] random 0016 0000 0000 91716c54 eeb6a1e7: add_timer_randomness(.. 8388864)
[    1.407513] random 0016 0000 0000 91716c54 eeb6a1e7: add_disk_randomness(8:0) 91716c54 eeb6a1e7
[    1.407516] random 0016 0000 0000 91716c54 eeb6a1e7: add_timer_randomness(.. 8388864)
[    1.407700] random 0016 0000 0000 91716c54 eeb6a1e7: add_disk_randomness(8:0) 91716c54 eeb6a1e7
[    1.407702] random 0016 0000 0000 91716c54 eeb6a1e7: add_timer_randomness(.. 8388864)
[    1.407877] random 0016 0000 0000 91716c54 eeb6a1e7: add_disk_randomness(8:0) 91716c54 eeb6a1e7
[    1.407880] random 0016 0000 0000 91716c54 eeb6a1e7: add_timer_randomness(.. 8388864)
[    1.408058] random 0016 0000 0000 91716c54 eeb6a1e7: add_disk_randomness(8:0) 91716c54 eeb6a1e7
[    1.408060] random 0016 0000 0000 91716c54 eeb6a1e7: add_timer_randomness(.. 8388864)
[    1.408238] random 0016 0000 0000 91716c54 eeb6a1e7: add_disk_randomness(8:0) 91716c54 eeb6a1e7
[    1.408241] random 0016 0000 0000 91716c54 eeb6a1e7: add_timer_randomness(.. 8388864)
[    1.408419] random 0016 0000 0000 91716c54 eeb6a1e7: add_disk_randomness(8:0) 91716c54 eeb6a1e7
[    1.408422] random 0016 0000 0000 91716c54 eeb6a1e7: add_timer_randomness(.. 8388864)
[    1.408605] random 0016 0000 0000 91716c54 eeb6a1e7: add_disk_randomness(8:0) 91716c54 eeb6a1e7
[    1.408607] random 0016 0000 0000 91716c54 eeb6a1e7: add_timer_randomness(.. 8388864)
[    1.408782] random 0016 0000 0000 91716c54 eeb6a1e7: add_disk_randomness(8:0) 91716c54 eeb6a1e7
[    1.408785] random 0016 0000 0000 91716c54 eeb6a1e7: add_timer_randomness(.. 8388864)
[    1.408965] random 0016 0000 0000 91716c54 eeb6a1e7: add_disk_randomness(8:0) 91716c54 eeb6a1e7
[    1.408968] random 0016 0000 0000 91716c54 eeb6a1e7: add_timer_randomness(.. 8388864)
[    1.409146] random 0016 0000 0000 91716c54 eeb6a1e7: add_disk_randomness(8:0) 91716c54 eeb6a1e7
[    1.409149] random 0016 0000 0000 91716c54 eeb6a1e7: add_timer_randomness(.. 8388864)
[    1.409326] random 0016 0000 0000 91716c54 eeb6a1e7: add_disk_randomness(8:0) 91716c54 eeb6a1e7
[    1.409329] random 0016 0000 0000 91716c54 eeb6a1e7: add_timer_randomness(.. 8388864)
[    1.409506] random 0016 0000 0000 91716c54 eeb6a1e7: add_disk_randomness(8:0) 91716c54 eeb6a1e7
[    1.409514] random 0016 0000 0000 91716c54 eeb6a1e7: add_timer_randomness(.. 8388864)
[    1.409689] random 0016 0000 0000 91716c54 eeb6a1e7: add_disk_randomness(8:0) 91716c54 eeb6a1e7
[    1.409692] random 0016 0000 0000 91716c54 eeb6a1e7: add_timer_randomness(.. 8388864)
[    1.409869] random 0016 0000 0000 91716c54 eeb6a1e7: add_disk_randomness(8:0) 91716c54 eeb6a1e7
[    1.409872] random 0016 0000 0000 91716c54 eeb6a1e7: add_timer_randomness(.. 8388864)
[    1.410050] random 0016 0000 0000 91716c54 eeb6a1e7: add_disk_randomness(8:0) 91716c54 eeb6a1e7
[    1.410053] random 0016 0000 0000 91716c54 eeb6a1e7: add_timer_randomness(.. 8388864)
[    1.410231] random 0016 0000 0000 91716c54 eeb6a1e7: add_disk_randomness(8:0) 91716c54 eeb6a1e7
[    1.410234] random 0016 0000 0000 91716c54 eeb6a1e7: add_timer_randomness(.. 8388864)
[    1.410417] random 0016 0000 0000 91716c54 eeb6a1e7: add_disk_randomness(8:0) 91716c54 eeb6a1e7
[    1.410419] random 0016 0000 0000 91716c54 eeb6a1e7: add_timer_randomness(.. 8388864)
[    1.410594] random 0016 0000 0000 91716c54 eeb6a1e7: add_disk_randomness(8:0) 91716c54 eeb6a1e7
[    1.410597] random 0016 0000 0000 91716c54 eeb6a1e7: add_timer_randomness(.. 8388864)
[    1.410774] random 0016 0000 0000 91716c54 eeb6a1e7: add_disk_randomness(8:0) 91716c54 eeb6a1e7
[    1.410777] random 0016 0000 0000 91716c54 eeb6a1e7: add_timer_randomness(.. 8388864)
[    1.410957] random 0016 0000 0000 91716c54 eeb6a1e7: add_disk_randomness(8:0) 91716c54 eeb6a1e7
[    1.410960] random 0016 0000 0000 91716c54 eeb6a1e7: add_timer_randomness(.. 8388864)
[    1.411137] random 0016 0000 0000 91716c54 eeb6a1e7: add_disk_randomness(8:0) 91716c54 eeb6a1e7
[    1.411140] random 0016 0000 0000 91716c54 eeb6a1e7: add_timer_randomness(.. 8388864)
[    1.411323] random 0016 0000 0000 91716c54 eeb6a1e7: add_disk_randomness(8:0) 91716c54 eeb6a1e7
[    1.411325] random 0016 0000 0000 91716c54 eeb6a1e7: add_timer_randomness(.. 8388864)
[    1.411500] random 0016 0000 0000 91716c54 eeb6a1e7: add_disk_randomness(8:0) 91716c54 eeb6a1e7
[    1.411503] random 0016 0000 0000 91716c54 eeb6a1e7: add_timer_randomness(.. 8388864)
[    1.411680] random 0016 0000 0000 91716c54 eeb6a1e7: add_disk_randomness(8:0) 91716c54 eeb6a1e7
[    1.411683] random 0016 0000 0000 91716c54 eeb6a1e7: add_timer_randomness(.. 8388864)
[    1.411862] random 0016 0000 0000 91716c54 eeb6a1e7: add_disk_randomness(8:0) 91716c54 eeb6a1e7
[    1.411865] random 0016 0000 0000 91716c54 eeb6a1e7: add_timer_randomness(.. 8388864)
[    1.412041] random 0016 0000 0000 91716c54 eeb6a1e7: add_disk_randomness(8:0) 91716c54 eeb6a1e7
[    1.412044] random 0016 0000 0000 91716c54 eeb6a1e7: add_timer_randomness(.. 8388864)
[    1.413565] random 0016 0000 0000 91716c54 eeb6a1e7: rand_read_num 11 get_random_bytes(4): sig fffffcad 91716c54 eeb6a1e7
[    1.413567] random 0016 0000 0000 91716c54 eeb6a1e7: extract_entropy(.. 4 ..)
[    1.413570] random 0016 0000 0000 91716c54 eeb6a1e7: going to reseed nonblocking with 64 bits (32 of 0 requested)
[    1.413572] random 0016 0000 0000 91716c54 eeb6a1e7: extract_entropy(.. 8 ..)
[    1.413574] random 0016 0000 0000 91716c54 eeb6a1e7: trying to extract 64 bits from input
[    1.413577] random 0016 0000 0000 91716c54 eeb6a1e7: debiting 0 entropy credits from input
[    1.413579] random 0016 0000 0000 91716c54 eeb6a1e7: trying to extract 32 bits from nonblocking
[    1.413582] random 0016 0000 0000 91716c54 eeb6a1e7: debiting 32 entropy credits from nonblocking (unlimited)
[    1.418582] random 0016 0000 0000 fd637b06 6cf47bc1: add_disk_randomness(8:0) fd637b06 6cf47bc1
[    1.418585] random 0016 0000 0000 fd637b06 6cf47bc1: add_timer_randomness(.. 8388864)
[    1.439709] random 0016 0000 0000 fd637b06 6cf47bc1: add_disk_randomness(8:0) fd637b06 6cf47bc1
[    1.439712] random 0016 0000 0000 fd637b06 6cf47bc1: add_timer_randomness(.. 8388864)
[    1.439716] random 0016 0000 0000 fd637b06 6cf47bc1: added 2 entropy credits to input
[    1.482399] EXT4-fs (sda1): mounted filesystem with ordered data mode
[    1.482406] VFS: Mounted root (ext4 filesystem) readonly on device 8:1.
[    1.497486] random 0018 0000 0000 fd637b06 6cf47bc1: add_disk_randomness(8:0) fd637b06 6cf47bc1
[    1.497489] random 0018 0000 0000 fd637b06 6cf47bc1: add_timer_randomness(.. 8388864)
[    1.497493] random 0018 0000 0000 fd637b06 6cf47bc1: added 2 entropy credits to input
[    1.518918] random 0020 0000 0000 fd637b06 6cf47bc1: add_disk_randomness(8:0) fd637b06 6cf47bc1
[    1.518921] random 0020 0000 0000 fd637b06 6cf47bc1: add_timer_randomness(.. 8388864)
[    1.518924] random 0020 0000 0000 fd637b06 6cf47bc1: added 2 entropy credits to input
[    1.518934] devtmpfs: mounted
[    1.518951] Freeing unused kernel memory: 676k freed
[    1.519174] Write protecting the kernel text: 4764k
[    1.519213] Write protecting the kernel read-only data: 1836k
[    1.540903] random 0022 0000 0000 fd637b06 6cf47bc1: add_disk_randomness(8:0) fd637b06 6cf47bc1
[    1.540906] random 0022 0000 0000 fd637b06 6cf47bc1: add_timer_randomness(.. 8388864)
[    1.549025] random 0022 0000 0000 fd637b06 6cf47bc1: add_disk_randomness(8:0) fd637b06 6cf47bc1
[    1.549028] random 0022 0000 0000 fd637b06 6cf47bc1: add_timer_randomness(.. 8388864)
[    1.549031] random 0022 0000 0000 fd637b06 6cf47bc1: added 1 entropy credits to input
[    1.557307] random 0023 0000 0000 fd637b06 6cf47bc1: add_disk_randomness(8:0) fd637b06 6cf47bc1
[    1.557310] random 0023 0000 0000 fd637b06 6cf47bc1: add_timer_randomness(.. 8388864)
[    1.564299] usb 7-2: configuration #1 chosen from 1 choice
[    1.571450] random 0023 0000 0000 fd637b06 6cf47bc1: add_disk_randomness(8:0) fd637b06 6cf47bc1
[    1.571453] random 0023 0000 0000 fd637b06 6cf47bc1: add_timer_randomness(.. 8388864)
[    1.579578] random 0023 0000 0000 fd637b06 6cf47bc1: add_disk_randomness(8:0) fd637b06 6cf47bc1
[    1.579581] random 0023 0000 0000 fd637b06 6cf47bc1: add_timer_randomness(.. 8388864)
[    1.581621] random 0023 0000 0000 fd637b06 6cf47bc1: add_disk_randomness(8:0) fd637b06 6cf47bc1
[    1.581624] random 0023 0000 0000 fd637b06 6cf47bc1: add_timer_randomness(.. 8388864)
[    1.592905] random 0023 0000 0000 fd637b06 6cf47bc1: add_disk_randomness(8:0) fd637b06 6cf47bc1
[    1.592908] random 0023 0000 0000 fd637b06 6cf47bc1: add_timer_randomness(.. 8388864)
[    1.592911] random 0023 0000 0000 fd637b06 6cf47bc1: added 1 entropy credits to input
[    1.602733] random 0024 0000 0000 fd637b06 6cf47bc1: add_disk_randomness(8:0) fd637b06 6cf47bc1
[    1.602735] random 0024 0000 0000 fd637b06 6cf47bc1: add_timer_randomness(.. 8388864)
[    1.603217] random 0024 0000 0000 fd637b06 6cf47bc1: add_disk_randomness(8:0) fd637b06 6cf47bc1
[    1.603220] random 0024 0000 0000 fd637b06 6cf47bc1: add_timer_randomness(.. 8388864)
[    1.604016] random 0024 0000 0000 fd637b06 6cf47bc1: add_disk_randomness(8:0) fd637b06 6cf47bc1
[    1.604019] random 0024 0000 0000 fd637b06 6cf47bc1: add_timer_randomness(.. 8388864)
[    1.604038] random 0024 0000 0000 fd637b06 6cf47bc1: rand_read_num 12 get_random_bytes(16): sig fffffede fd637b06 6cf47bc1
[    1.604041] random 0024 0000 0000 fd637b06 6cf47bc1: extract_entropy(.. 16 ..)
[    1.604044] random 0024 0000 0000 fd637b06 6cf47bc1: going to reseed nonblocking with 128 bits (128 of 0 requested)
[    1.604047] random 0024 0000 0000 fd637b06 6cf47bc1: extract_entropy(.. 16 ..)
[    1.604050] random 0024 0000 0000 fd637b06 6cf47bc1: trying to extract 128 bits from input
[    1.604053] random 0024 0000 0000 fd637b06 6cf47bc1: debiting 0 entropy credits from input
[    1.604056] random 0024 0000 0000 fd637b06 6cf47bc1: trying to extract 128 bits from nonblocking
[    1.604059] random 0024 0000 0000 fd637b06 6cf47bc1: debiting 128 entropy credits from nonblocking (unlimited)
[    1.604372] random 0024 0000 0000 0ec1f012 d4727ca8: add_disk_randomness(8:0) 0ec1f012 d4727ca8
[    1.604375] random 0024 0000 0000 0ec1f012 d4727ca8: add_timer_randomness(.. 8388864)
[    1.622953] random 0024 0000 0000 0ec1f012 d4727ca8: add_disk_randomness(8:0) 0ec1f012 d4727ca8
[    1.622956] random 0024 0000 0000 0ec1f012 d4727ca8: add_timer_randomness(.. 8388864)
[    1.622959] random 0024 0000 0000 0ec1f012 d4727ca8: added 1 entropy credits to input
[    1.630188] random 0025 0000 0000 0ec1f012 d4727ca8: add_disk_randomness(8:0) 0ec1f012 d4727ca8
[    1.630191] random 0025 0000 0000 0ec1f012 d4727ca8: add_timer_randomness(.. 8388864)
[    1.630194] random 0025 0000 0000 0ec1f012 d4727ca8: added 1 entropy credits to input
[    1.630475] random 0026 0000 0000 0ec1f012 d4727ca8: add_disk_randomness(8:0) 0ec1f012 d4727ca8
[    1.630478] random 0026 0000 0000 0ec1f012 d4727ca8: add_timer_randomness(.. 8388864)
[    1.634181] random 0026 0000 0000 0ec1f012 d4727ca8: add_disk_randomness(8:0) 0ec1f012 d4727ca8
[    1.634184] random 0026 0000 0000 0ec1f012 d4727ca8: add_timer_randomness(.. 8388864)
[    1.650500] random 0026 0000 0000 0ec1f012 d4727ca8: add_disk_randomness(8:0) 0ec1f012 d4727ca8
[    1.650503] random 0026 0000 0000 0ec1f012 d4727ca8: add_timer_randomness(.. 8388864)
[    1.650506] random 0026 0000 0000 0ec1f012 d4727ca8: added 1 entropy credits to input
[    1.674595] random 0027 0000 0000 0ec1f012 d4727ca8: add_disk_randomness(8:0) 0ec1f012 d4727ca8
[    1.674598] random 0027 0000 0000 0ec1f012 d4727ca8: add_timer_randomness(.. 8388864)
[    1.675451] random 0027 0000 0000 0ec1f012 d4727ca8: add_disk_randomness(8:0) 0ec1f012 d4727ca8
[    1.675454] random 0027 0000 0000 0ec1f012 d4727ca8: add_timer_randomness(.. 8388864)
[    1.675648] random 0027 0000 0000 0ec1f012 d4727ca8: add_disk_randomness(8:0) 0ec1f012 d4727ca8
[    1.675651] random 0027 0000 0000 0ec1f012 d4727ca8: add_timer_randomness(.. 8388864)
[    1.682681] random 0027 0000 0000 0ec1f012 d4727ca8: add_disk_randomness(8:0) 0ec1f012 d4727ca8
[    1.682684] random 0027 0000 0000 0ec1f012 d4727ca8: add_timer_randomness(.. 8388864)
[    1.682687] random 0027 0000 0000 0ec1f012 d4727ca8: added 1 entropy credits to input
[    1.682946] random 0028 0000 0000 0ec1f012 d4727ca8: add_disk_randomness(8:0) 0ec1f012 d4727ca8
[    1.682948] random 0028 0000 0000 0ec1f012 d4727ca8: add_timer_randomness(.. 8388864)
[    1.691968] random 0028 0000 0000 0ec1f012 d4727ca8: add_disk_randomness(8:0) 0ec1f012 d4727ca8
[    1.691971] random 0028 0000 0000 0ec1f012 d4727ca8: add_timer_randomness(.. 8388864)
[    1.691974] random 0028 0000 0000 0ec1f012 d4727ca8: added 1 entropy credits to input
[    1.695626] random 0029 0000 0000 0ec1f012 d4727ca8: add_disk_randomness(8:0) 0ec1f012 d4727ca8
[    1.695629] random 0029 0000 0000 0ec1f012 d4727ca8: add_timer_randomness(.. 8388864)
[    1.696315] random 0029 0000 0000 0ec1f012 d4727ca8: add_disk_randomness(8:0) 0ec1f012 d4727ca8
[    1.696318] random 0029 0000 0000 0ec1f012 d4727ca8: add_timer_randomness(.. 8388864)
[    1.696511] random 0029 0000 0000 0ec1f012 d4727ca8: add_disk_randomness(8:0) 0ec1f012 d4727ca8
[    1.696514] random 0029 0000 0000 0ec1f012 d4727ca8: add_timer_randomness(.. 8388864)
[    1.696688] random 0029 0000 0000 0ec1f012 d4727ca8: add_disk_randomness(8:0) 0ec1f012 d4727ca8
[    1.696691] random 0029 0000 0000 0ec1f012 d4727ca8: add_timer_randomness(.. 8388864)
[    1.696849] random 0029 0000 0000 0ec1f012 d4727ca8: add_disk_randomness(8:0) 0ec1f012 d4727ca8
[    1.696852] random 0029 0000 0000 0ec1f012 d4727ca8: add_timer_randomness(.. 8388864)
[    1.703852] random 0029 0000 0000 0ec1f012 d4727ca8: add_disk_randomness(8:0) 0ec1f012 d4727ca8
[    1.703855] random 0029 0000 0000 0ec1f012 d4727ca8: add_timer_randomness(.. 8388864)
[    1.706033] random 0029 0000 0000 0ec1f012 d4727ca8: add_disk_randomness(8:0) 0ec1f012 d4727ca8
[    1.706036] random 0029 0000 0000 0ec1f012 d4727ca8: add_timer_randomness(.. 8388864)
[    1.713193] random 0029 0000 0000 0ec1f012 d4727ca8: add_disk_randomness(8:0) 0ec1f012 d4727ca8
[    1.713196] random 0029 0000 0000 0ec1f012 d4727ca8: add_timer_randomness(.. 8388864)
[    1.713468] random 0029 0000 0000 0ec1f012 d4727ca8: add_disk_randomness(8:0) 0ec1f012 d4727ca8
[    1.713471] random 0029 0000 0000 0ec1f012 d4727ca8: add_timer_randomness(.. 8388864)
[    1.722447] random 0029 0000 0000 0ec1f012 d4727ca8: add_disk_randomness(8:0) 0ec1f012 d4727ca8
[    1.722450] random 0029 0000 0000 0ec1f012 d4727ca8: add_timer_randomness(.. 8388864)
[    1.722454] random 0029 0000 0000 0ec1f012 d4727ca8: added 1 entropy credits to input
[    1.727180] random 0030 0000 0000 0ec1f012 d4727ca8: add_disk_randomness(8:0) 0ec1f012 d4727ca8
[    1.727182] random 0030 0000 0000 0ec1f012 d4727ca8: add_timer_randomness(.. 8388864)
[    1.733272] random 0030 0000 0000 0ec1f012 d4727ca8: add_disk_randomness(8:0) 0ec1f012 d4727ca8
[    1.733275] random 0030 0000 0000 0ec1f012 d4727ca8: add_timer_randomness(.. 8388864)
[    1.733507] random 0030 0000 0000 0ec1f012 d4727ca8: add_disk_randomness(8:0) 0ec1f012 d4727ca8
[    1.733510] random 0030 0000 0000 0ec1f012 d4727ca8: add_timer_randomness(.. 8388864)
[    1.733781] random 0030 0000 0000 0ec1f012 d4727ca8: add_disk_randomness(8:0) 0ec1f012 d4727ca8
[    1.733784] random 0030 0000 0000 0ec1f012 d4727ca8: add_timer_randomness(.. 8388864)
[    1.738697] random 0030 0000 0000 0ec1f012 d4727ca8: add_disk_randomness(8:0) 0ec1f012 d4727ca8
[    1.738700] random 0030 0000 0000 0ec1f012 d4727ca8: add_timer_randomness(.. 8388864)
[    1.744115] random 0030 0000 0000 0ec1f012 d4727ca8: add_disk_randomness(8:0) 0ec1f012 d4727ca8
[    1.744118] random 0030 0000 0000 0ec1f012 d4727ca8: add_timer_randomness(.. 8388864)
[    1.744781] random 0030 0000 0000 0ec1f012 d4727ca8: add_disk_randomness(8:0) 0ec1f012 d4727ca8
[    1.744784] random 0030 0000 0000 0ec1f012 d4727ca8: add_timer_randomness(.. 8388864)
[    1.750327] random 0030 0000 0000 0ec1f012 d4727ca8: add_disk_randomness(8:0) 0ec1f012 d4727ca8
[    1.750330] random 0030 0000 0000 0ec1f012 d4727ca8: add_timer_randomness(.. 8388864)
[    1.751018] random 0030 0000 0000 0ec1f012 d4727ca8: add_disk_randomness(8:0) 0ec1f012 d4727ca8
[    1.751021] random 0030 0000 0000 0ec1f012 d4727ca8: add_timer_randomness(.. 8388864)
[    1.751563] random 0030 0000 0000 0ec1f012 d4727ca8: add_disk_randomness(8:0) 0ec1f012 d4727ca8
[    1.751566] random 0030 0000 0000 0ec1f012 d4727ca8: add_timer_randomness(.. 8388864)
[    1.759756] random 0030 0000 0000 0ec1f012 d4727ca8: add_disk_randomness(8:0) 0ec1f012 d4727ca8
[    1.759759] random 0030 0000 0000 0ec1f012 d4727ca8: add_timer_randomness(.. 8388864)
[    1.759762] random 0030 0000 0000 0ec1f012 d4727ca8: added 1 entropy credits to input
[    1.760143] random 0031 0000 0000 0ec1f012 d4727ca8: add_disk_randomness(8:0) 0ec1f012 d4727ca8
[    1.760146] random 0031 0000 0000 0ec1f012 d4727ca8: add_timer_randomness(.. 8388864)
[    1.760722] random 0031 0000 0000 0ec1f012 d4727ca8: add_disk_randomness(8:0) 0ec1f012 d4727ca8
[    1.760725] random 0031 0000 0000 0ec1f012 d4727ca8: add_timer_randomness(.. 8388864)
[    1.777500] random 0031 0000 0000 0ec1f012 d4727ca8: add_disk_randomness(8:0) 0ec1f012 d4727ca8
[    1.777503] random 0031 0000 0000 0ec1f012 d4727ca8: add_timer_randomness(.. 8388864)
[    1.777506] random 0031 0000 0000 0ec1f012 d4727ca8: added 2 entropy credits to input
[    1.797790] random 0033 0000 0000 0ec1f012 d4727ca8: add_disk_randomness(8:0) 0ec1f012 d4727ca8
[    1.797793] random 0033 0000 0000 0ec1f012 d4727ca8: add_timer_randomness(.. 8388864)
[    1.820292] random 0033 0000 0000 0ec1f012 d4727ca8: add_disk_randomness(8:0) 0ec1f012 d4727ca8
[    1.820295] random 0033 0000 0000 0ec1f012 d4727ca8: add_timer_randomness(.. 8388864)
[    1.820525] random 0033 0000 0000 0ec1f012 d4727ca8: add_disk_randomness(8:0) 0ec1f012 d4727ca8
[    1.820528] random 0033 0000 0000 0ec1f012 d4727ca8: add_timer_randomness(.. 8388864)
[    1.839152] random 0033 0000 0000 0ec1f012 d4727ca8: add_disk_randomness(8:0) 0ec1f012 d4727ca8
[    1.839155] random 0033 0000 0000 0ec1f012 d4727ca8: add_timer_randomness(.. 8388864)
[    1.839159] random 0033 0000 0000 0ec1f012 d4727ca8: added 2 entropy credits to input
[    1.849797] random 0035 0000 0000 0ec1f012 d4727ca8: add_disk_randomness(8:0) 0ec1f012 d4727ca8
[    1.849800] random 0035 0000 0000 0ec1f012 d4727ca8: add_timer_randomness(.. 8388864)
[    1.853757] random 0035 0000 0000 0ec1f012 d4727ca8: add_disk_randomness(8:0) 0ec1f012 d4727ca8
[    1.853760] random 0035 0000 0000 0ec1f012 d4727ca8: add_timer_randomness(.. 8388864)
[    1.859845] random 0035 0000 0000 0ec1f012 d4727ca8: add_disk_randomness(8:0) 0ec1f012 d4727ca8
[    1.859849] random 0035 0000 0000 0ec1f012 d4727ca8: add_timer_randomness(.. 8388864)
[    1.869126] random 0035 0000 0000 0ec1f012 d4727ca8: add_disk_randomness(8:0) 0ec1f012 d4727ca8
[    1.869129] random 0035 0000 0000 0ec1f012 d4727ca8: add_timer_randomness(.. 8388864)
[    1.869132] random 0035 0000 0000 0ec1f012 d4727ca8: added 1 entropy credits to input
[    1.869358] random 0036 0000 0000 0ec1f012 d4727ca8: add_disk_randomness(8:0) 0ec1f012 d4727ca8
[    1.869361] random 0036 0000 0000 0ec1f012 d4727ca8: add_timer_randomness(.. 8388864)
[    1.875055] random 0036 0000 0000 0ec1f012 d4727ca8: add_disk_randomness(8:0) 0ec1f012 d4727ca8
[    1.875058] random 0036 0000 0000 0ec1f012 d4727ca8: add_timer_randomness(.. 8388864)
[    1.875303] random 0036 0000 0000 0ec1f012 d4727ca8: add_disk_randomness(8:0) 0ec1f012 d4727ca8
[    1.875306] random 0036 0000 0000 0ec1f012 d4727ca8: add_timer_randomness(.. 8388864)
[    1.877707] random 0036 0000 0000 0ec1f012 d4727ca8: add_disk_randomness(8:0) 0ec1f012 d4727ca8
[    1.877710] random 0036 0000 0000 0ec1f012 d4727ca8: add_timer_randomness(.. 8388864)
[    1.877955] random 0036 0000 0000 0ec1f012 d4727ca8: add_disk_randomness(8:0) 0ec1f012 d4727ca8
[    1.877958] random 0036 0000 0000 0ec1f012 d4727ca8: add_timer_randomness(.. 8388864)
[    1.878593] random 0036 0000 0000 0ec1f012 d4727ca8: add_disk_randomness(8:0) 0ec1f012 d4727ca8
[    1.878596] random 0036 0000 0000 0ec1f012 d4727ca8: add_timer_randomness(.. 8388864)
[    1.878833] random 0036 0000 0000 0ec1f012 d4727ca8: add_disk_randomness(8:0) 0ec1f012 d4727ca8
[    1.878837] random 0036 0000 0000 0ec1f012 d4727ca8: add_timer_randomness(.. 8388864)
[    1.883601] random 0036 0000 0000 0ec1f012 d4727ca8: add_disk_randomness(8:0) 0ec1f012 d4727ca8
[    1.883604] random 0036 0000 0000 0ec1f012 d4727ca8: add_timer_randomness(.. 8388864)
[    1.891409] random 0036 0000 0000 0ec1f012 d4727ca8: add_disk_randomness(8:0) 0ec1f012 d4727ca8
[    1.891412] random 0036 0000 0000 0ec1f012 d4727ca8: add_timer_randomness(.. 8388864)
[    1.891674] random 0036 0000 0000 0ec1f012 d4727ca8: add_disk_randomness(8:0) 0ec1f012 d4727ca8
[    1.891677] random 0036 0000 0000 0ec1f012 d4727ca8: add_timer_randomness(.. 8388864)
[    1.891934] random 0036 0000 0000 0ec1f012 d4727ca8: add_disk_randomness(8:0) 0ec1f012 d4727ca8
[    1.891938] random 0036 0000 0000 0ec1f012 d4727ca8: add_timer_randomness(.. 8388864)
[    1.892210] random 0036 0000 0000 0ec1f012 d4727ca8: add_disk_randomness(8:0) 0ec1f012 d4727ca8
[    1.892213] random 0036 0000 0000 0ec1f012 d4727ca8: add_timer_randomness(.. 8388864)
[    1.892930] random 0036 0000 0000 0ec1f012 d4727ca8: add_disk_randomness(8:0) 0ec1f012 d4727ca8
[    1.892933] random 0036 0000 0000 0ec1f012 d4727ca8: add_timer_randomness(.. 8388864)
[    1.893235] random 0036 0000 0000 0ec1f012 d4727ca8: add_disk_randomness(8:0) 0ec1f012 d4727ca8
[    1.893238] random 0036 0000 0000 0ec1f012 d4727ca8: add_timer_randomness(.. 8388864)
[    1.893455] random 0036 0000 0000 0ec1f012 d4727ca8: add_disk_randomness(8:0) 0ec1f012 d4727ca8
[    1.893458] random 0036 0000 0000 0ec1f012 d4727ca8: add_timer_randomness(.. 8388864)
[    1.893686] random 0036 0000 0000 0ec1f012 d4727ca8: add_disk_randomness(8:0) 0ec1f012 d4727ca8
[    1.893689] random 0036 0000 0000 0ec1f012 d4727ca8: add_timer_randomness(.. 8388864)
[    1.898894] random 0036 0000 0000 0ec1f012 d4727ca8: add_disk_randomness(8:0) 0ec1f012 d4727ca8
[    1.898897] random 0036 0000 0000 0ec1f012 d4727ca8: add_timer_randomness(.. 8388864)
[    1.899193] random 0036 0000 0000 0ec1f012 d4727ca8: add_disk_randomness(8:0) 0ec1f012 d4727ca8
[    1.899196] random 0036 0000 0000 0ec1f012 d4727ca8: add_timer_randomness(.. 8388864)
[    1.904300] random 0036 0000 0000 0ec1f012 d4727ca8: add_disk_randomness(8:0) 0ec1f012 d4727ca8
[    1.904303] random 0036 0000 0000 0ec1f012 d4727ca8: add_timer_randomness(.. 8388864)
[    1.904306] random 0036 0000 0000 0ec1f012 d4727ca8: added 1 entropy credits to input
[    1.904534] random 0037 0000 0000 0ec1f012 d4727ca8: add_disk_randomness(8:0) 0ec1f012 d4727ca8
[    1.904537] random 0037 0000 0000 0ec1f012 d4727ca8: add_timer_randomness(.. 8388864)
[    1.904767] random 0037 0000 0000 0ec1f012 d4727ca8: add_disk_randomness(8:0) 0ec1f012 d4727ca8
[    1.904770] random 0037 0000 0000 0ec1f012 d4727ca8: add_timer_randomness(.. 8388864)
[    1.905039] random 0037 0000 0000 0ec1f012 d4727ca8: add_disk_randomness(8:0) 0ec1f012 d4727ca8
[    1.905042] random 0037 0000 0000 0ec1f012 d4727ca8: add_timer_randomness(.. 8388864)
[    1.905346] random 0037 0000 0000 0ec1f012 d4727ca8: add_disk_randomness(8:0) 0ec1f012 d4727ca8
[    1.905349] random 0037 0000 0000 0ec1f012 d4727ca8: add_timer_randomness(.. 8388864)
[    1.905647] random 0037 0000 0000 0ec1f012 d4727ca8: add_disk_randomness(8:0) 0ec1f012 d4727ca8
[    1.905650] random 0037 0000 0000 0ec1f012 d4727ca8: add_timer_randomness(.. 8388864)
[    1.905863] random 0037 0000 0000 0ec1f012 d4727ca8: add_disk_randomness(8:0) 0ec1f012 d4727ca8
[    1.905866] random 0037 0000 0000 0ec1f012 d4727ca8: add_timer_randomness(.. 8388864)
[    1.906134] random 0037 0000 0000 0ec1f012 d4727ca8: add_disk_randomness(8:0) 0ec1f012 d4727ca8
[    1.906137] random 0037 0000 0000 0ec1f012 d4727ca8: add_timer_randomness(.. 8388864)
[    1.906379] random 0037 0000 0000 0ec1f012 d4727ca8: add_disk_randomness(8:0) 0ec1f012 d4727ca8
[    1.906382] random 0037 0000 0000 0ec1f012 d4727ca8: add_timer_randomness(.. 8388864)
[    1.906615] random 0037 0000 0000 0ec1f012 d4727ca8: add_disk_randomness(8:0) 0ec1f012 d4727ca8
[    1.906618] random 0037 0000 0000 0ec1f012 d4727ca8: add_timer_randomness(.. 8388864)
[    1.906847] random 0037 0000 0000 0ec1f012 d4727ca8: add_disk_randomness(8:0) 0ec1f012 d4727ca8
[    1.906850] random 0037 0000 0000 0ec1f012 d4727ca8: add_timer_randomness(.. 8388864)
[    1.907074] random 0037 0000 0000 0ec1f012 d4727ca8: add_disk_randomness(8:0) 0ec1f012 d4727ca8
[    1.907077] random 0037 0000 0000 0ec1f012 d4727ca8: add_timer_randomness(.. 8388864)
[    1.907302] random 0037 0000 0000 0ec1f012 d4727ca8: add_disk_randomness(8:0) 0ec1f012 d4727ca8
[    1.907305] random 0037 0000 0000 0ec1f012 d4727ca8: add_timer_randomness(.. 8388864)
[    1.907526] random 0037 0000 0000 0ec1f012 d4727ca8: add_disk_randomness(8:0) 0ec1f012 d4727ca8
[    1.907529] random 0037 0000 0000 0ec1f012 d4727ca8: add_timer_randomness(.. 8388864)
[    1.907753] random 0037 0000 0000 0ec1f012 d4727ca8: add_disk_randomness(8:0) 0ec1f012 d4727ca8
[    1.907757] random 0037 0000 0000 0ec1f012 d4727ca8: add_timer_randomness(.. 8388864)
[    1.907972] random 0037 0000 0000 0ec1f012 d4727ca8: add_disk_randomness(8:0) 0ec1f012 d4727ca8
[    1.907975] random 0037 0000 0000 0ec1f012 d4727ca8: add_timer_randomness(.. 8388864)
[    1.908183] random 0037 0000 0000 0ec1f012 d4727ca8: add_disk_randomness(8:0) 0ec1f012 d4727ca8
[    1.908186] random 0037 0000 0000 0ec1f012 d4727ca8: add_timer_randomness(.. 8388864)
[    1.908396] random 0037 0000 0000 0ec1f012 d4727ca8: add_disk_randomness(8:0) 0ec1f012 d4727ca8
[    1.908399] random 0037 0000 0000 0ec1f012 d4727ca8: add_timer_randomness(.. 8388864)
[    1.908622] random 0037 0000 0000 0ec1f012 d4727ca8: add_disk_randomness(8:0) 0ec1f012 d4727ca8
[    1.908625] random 0037 0000 0000 0ec1f012 d4727ca8: add_timer_randomness(.. 8388864)
[    1.908881] random 0037 0000 0000 0ec1f012 d4727ca8: add_disk_randomness(8:0) 0ec1f012 d4727ca8
[    1.908884] random 0037 0000 0000 0ec1f012 d4727ca8: add_timer_randomness(.. 8388864)
[    1.909119] random 0037 0000 0000 0ec1f012 d4727ca8: add_disk_randomness(8:0) 0ec1f012 d4727ca8
[    1.909121] random 0037 0000 0000 0ec1f012 d4727ca8: add_timer_randomness(.. 8388864)
[    1.909332] random 0037 0000 0000 0ec1f012 d4727ca8: add_disk_randomness(8:0) 0ec1f012 d4727ca8
[    1.909335] random 0037 0000 0000 0ec1f012 d4727ca8: add_timer_randomness(.. 8388864)
[    1.912192] random 0037 0000 0000 0ec1f012 d4727ca8: add_disk_randomness(8:0) 0ec1f012 d4727ca8
[    1.912195] random 0037 0000 0000 0ec1f012 d4727ca8: add_timer_randomness(.. 8388864)
[    1.912467] random 0037 0000 0000 0ec1f012 d4727ca8: add_disk_randomness(8:0) 0ec1f012 d4727ca8
[    1.912471] random 0037 0000 0000 0ec1f012 d4727ca8: add_timer_randomness(.. 8388864)
[    1.912715] random 0037 0000 0000 0ec1f012 d4727ca8: add_disk_randomness(8:0) 0ec1f012 d4727ca8
[    1.912718] random 0037 0000 0000 0ec1f012 d4727ca8: add_timer_randomness(.. 8388864)
[    1.912956] random 0037 0000 0000 0ec1f012 d4727ca8: add_disk_randomness(8:0) 0ec1f012 d4727ca8
[    1.912959] random 0037 0000 0000 0ec1f012 d4727ca8: add_timer_randomness(.. 8388864)
[    1.913124] random 0037 0000 0000 0ec1f012 d4727ca8: rand_read_num 13 urandom_read(12): sig fffffcf5 0ec1f012 d4727ca8 pid=1
[    1.913128] random 0037 0000 0000 0ec1f012 d4727ca8: extract_entropy_user(12)
[    1.913132] random 0037 0000 0000 0ec1f012 d4727ca8: going to reseed nonblocking with 96 bits (96 of 0 requested)
[    1.913135] random 0037 0000 0000 0ec1f012 d4727ca8: extract_entropy(.. 12 ..)
[    1.913138] random 0037 0000 0000 0ec1f012 d4727ca8: trying to extract 96 bits from input
[    1.913141] random 0037 0000 0000 0ec1f012 d4727ca8: debiting 0 entropy credits from input
[    1.913149] random 0037 0000 0000 0ec1f012 d4727ca8: trying to extract 96 bits from nonblocking
[    1.913152] random 0037 0000 0000 0ec1f012 d4727ca8: debiting 96 entropy credits from nonblocking (unlimited)
[    1.913154] random 0037 0000 0000 0ec1f012 d4727ca8:   got 12 bytes
[    1.925179] random 0037 0000 0000 45b1d0b1 845a73f7: add_disk_randomness(8:0) 45b1d0b1 845a73f7
[    1.925183] random 0037 0000 0000 45b1d0b1 845a73f7: add_timer_randomness(.. 8388864)
[    1.925186] random 0037 0000 0000 45b1d0b1 845a73f7: added 1 entropy credits to input
[    1.928505] random 0038 0000 0000 45b1d0b1 845a73f7: add_disk_randomness(8:0) 45b1d0b1 845a73f7
[    1.928508] random 0038 0000 0000 45b1d0b1 845a73f7: add_timer_randomness(.. 8388864)
[    1.928720] random 0038 0000 0000 45b1d0b1 845a73f7: add_disk_randomness(8:0) 45b1d0b1 845a73f7
[    1.928723] random 0038 0000 0000 45b1d0b1 845a73f7: add_timer_randomness(.. 8388864)
[    1.958360] random 0038 0000 0000 45b1d0b1 845a73f7: add_disk_randomness(8:0) 45b1d0b1 845a73f7
[    1.958363] random 0038 0000 0000 45b1d0b1 845a73f7: add_timer_randomness(.. 8388864)
[    1.958367] random 0038 0000 0000 45b1d0b1 845a73f7: added 2 entropy credits to input
[    1.963920] random 0040 0000 0000 45b1d0b1 845a73f7: add_disk_randomness(8:0) 45b1d0b1 845a73f7
[    1.963923] random 0040 0000 0000 45b1d0b1 845a73f7: add_timer_randomness(.. 8388864)
[    1.969155] random 0040 0000 0000 45b1d0b1 845a73f7: add_disk_randomness(8:0) 45b1d0b1 845a73f7
[    1.969158] random 0040 0000 0000 45b1d0b1 845a73f7: add_timer_randomness(.. 8388864)
[    1.985823] random 0040 0000 0000 45b1d0b1 845a73f7: add_disk_randomness(8:0) 45b1d0b1 845a73f7
[    1.985826] random 0040 0000 0000 45b1d0b1 845a73f7: add_timer_randomness(.. 8388864)
[    1.988219] random 0040 0000 0000 45b1d0b1 845a73f7: add_disk_randomness(8:0) 45b1d0b1 845a73f7
[    1.988221] random 0040 0000 0000 45b1d0b1 845a73f7: add_timer_randomness(.. 8388864)
[    1.988412] random 0040 0000 0000 45b1d0b1 845a73f7: add_disk_randomness(8:0) 45b1d0b1 845a73f7
[    1.988415] random 0040 0000 0000 45b1d0b1 845a73f7: add_timer_randomness(.. 8388864)
[    1.988595] random 0040 0000 0000 45b1d0b1 845a73f7: add_disk_randomness(8:0) 45b1d0b1 845a73f7
[    1.988598] random 0040 0000 0000 45b1d0b1 845a73f7: add_timer_randomness(.. 8388864)
[    1.988769] random 0040 0000 0000 45b1d0b1 845a73f7: add_disk_randomness(8:0) 45b1d0b1 845a73f7
[    1.988772] random 0040 0000 0000 45b1d0b1 845a73f7: add_timer_randomness(.. 8388864)
[    1.988954] random 0040 0000 0000 45b1d0b1 845a73f7: add_disk_randomness(8:0) 45b1d0b1 845a73f7
[    1.988962] random 0040 0000 0000 45b1d0b1 845a73f7: add_timer_randomness(.. 8388864)
[    2.002586] random 0040 0000 0000 45b1d0b1 845a73f7: add_disk_randomness(8:0) 45b1d0b1 845a73f7
[    2.002590] random 0040 0000 0000 45b1d0b1 845a73f7: add_timer_randomness(.. 8388864)
[    2.002593] random 0040 0000 0000 45b1d0b1 845a73f7: added 1 entropy credits to input
[    2.007155] random 0041 0000 0000 45b1d0b1 845a73f7: add_disk_randomness(8:0) 45b1d0b1 845a73f7
[    2.007158] random 0041 0000 0000 45b1d0b1 845a73f7: add_timer_randomness(.. 8388864)
[    2.021543] random 0041 0000 0000 45b1d0b1 845a73f7: add_disk_randomness(8:0) 45b1d0b1 845a73f7
[    2.021546] random 0041 0000 0000 45b1d0b1 845a73f7: add_timer_randomness(.. 8388864)
[    2.021549] random 0041 0000 0000 45b1d0b1 845a73f7: added 1 entropy credits to input
[    2.021809] random 0042 0000 0000 45b1d0b1 845a73f7: rand_read_num 14 get_random_bytes(16): sig fffffc05 45b1d0b1 845a73f7
[    2.021812] random 0042 0000 0000 45b1d0b1 845a73f7: extract_entropy(.. 16 ..)
[    2.021814] random 0042 0000 0000 45b1d0b1 845a73f7: going to reseed nonblocking with 128 bits (128 of 0 requested)
[    2.021817] random 0042 0000 0000 45b1d0b1 845a73f7: extract_entropy(.. 16 ..)
[    2.021819] random 0042 0000 0000 45b1d0b1 845a73f7: trying to extract 128 bits from input
[    2.021821] random 0042 0000 0000 45b1d0b1 845a73f7: debiting 0 entropy credits from input
[    2.021823] random 0042 0000 0000 45b1d0b1 845a73f7: trying to extract 128 bits from nonblocking
[    2.021826] random 0042 0000 0000 45b1d0b1 845a73f7: debiting 128 entropy credits from nonblocking (unlimited)
[    2.043012] random 0042 0000 0000 5012cce3 b8a30621: add_disk_randomness(8:0) 5012cce3 b8a30621
[    2.043016] random 0042 0000 0000 5012cce3 b8a30621: add_timer_randomness(.. 8388864)
[    2.043916] random 0042 0000 0000 5012cce3 b8a30621: add_disk_randomness(8:0) 5012cce3 b8a30621
[    2.043919] random 0042 0000 0000 5012cce3 b8a30621: add_timer_randomness(.. 8388864)
[    2.061600] random 0042 0000 0000 5012cce3 b8a30621: add_disk_randomness(8:0) 5012cce3 b8a30621
[    2.061603] random 0042 0000 0000 5012cce3 b8a30621: add_timer_randomness(.. 8388864)
[    2.061607] random 0042 0000 0000 5012cce3 b8a30621: added 2 entropy credits to input
[    2.062325] random 0044 0000 0000 5012cce3 b8a30621: add_disk_randomness(8:0) 5012cce3 b8a30621
[    2.062328] random 0044 0000 0000 5012cce3 b8a30621: add_timer_randomness(.. 8388864)
[    2.062360] random 0044 0000 0000 5012cce3 b8a30621: rand_read_num 15 get_random_bytes(16): sig fffffb9d 5012cce3 b8a30621
[    2.062364] random 0044 0000 0000 5012cce3 b8a30621: extract_entropy(.. 16 ..)
[    2.062367] random 0044 0000 0000 5012cce3 b8a30621: going to reseed nonblocking with 128 bits (128 of 0 requested)
[    2.062370] random 0044 0000 0000 5012cce3 b8a30621: extract_entropy(.. 16 ..)
[    2.062373] random 0044 0000 0000 5012cce3 b8a30621: trying to extract 128 bits from input
[    2.062375] random 0044 0000 0000 5012cce3 b8a30621: debiting 0 entropy credits from input
[    2.062379] random 0044 0000 0000 5012cce3 b8a30621: trying to extract 128 bits from nonblocking
[    2.062382] random 0044 0000 0000 5012cce3 b8a30621: debiting 128 entropy credits from nonblocking (unlimited)
[    2.062431] random 0044 0000 0000 89bae1ab 704c432f: rand_read_num 16 get_random_bytes(16): sig 0000006e 89bae1ab 704c432f
[    2.062434] random 0044 0000 0000 89bae1ab 704c432f: extract_entropy(.. 16 ..)
[    2.062438] random 0044 0000 0000 89bae1ab 704c432f: going to reseed nonblocking with 128 bits (128 of 0 requested)
[    2.062440] random 0044 0000 0000 89bae1ab 704c432f: extract_entropy(.. 16 ..)
[    2.062443] random 0044 0000 0000 89bae1ab 704c432f: trying to extract 128 bits from input
[    2.062446] random 0044 0000 0000 89bae1ab 704c432f: debiting 0 entropy credits from input
[    2.062449] random 0044 0000 0000 89bae1ab 704c432f: trying to extract 128 bits from nonblocking
[    2.062452] random 0044 0000 0000 89bae1ab 704c432f: debiting 128 entropy credits from nonblocking (unlimited)
[    2.068168] random 0044 0000 0000 6c298a02 2b1539f8: add_disk_randomness(8:0) 6c298a02 2b1539f8
[    2.068171] random 0044 0000 0000 6c298a02 2b1539f8: add_timer_randomness(.. 8388864)
[    2.068174] random 0044 0000 0000 6c298a02 2b1539f8: added 1 entropy credits to input
[    2.083369] random 0045 0000 0000 6c298a02 2b1539f8: add_disk_randomness(8:0) 6c298a02 2b1539f8
[    2.083372] random 0045 0000 0000 6c298a02 2b1539f8: add_timer_randomness(.. 8388864)
[    2.086951] random 0045 0000 0000 6c298a02 2b1539f8: add_disk_randomness(8:0) 6c298a02 2b1539f8
[    2.086954] random 0045 0000 0000 6c298a02 2b1539f8: add_timer_randomness(.. 8388864)
[    2.087118] random 0045 0000 0000 6c298a02 2b1539f8: add_disk_randomness(8:0) 6c298a02 2b1539f8
[    2.087121] random 0045 0000 0000 6c298a02 2b1539f8: add_timer_randomness(.. 8388864)
[    2.110250] random 0045 0000 0000 6c298a02 2b1539f8: add_disk_randomness(8:0) 6c298a02 2b1539f8
[    2.110253] random 0045 0000 0000 6c298a02 2b1539f8: add_timer_randomness(.. 8388864)
[    2.110257] random 0045 0000 0000 6c298a02 2b1539f8: added 2 entropy credits to input
[    2.130659] random 0047 0000 0000 6c298a02 2b1539f8: add_disk_randomness(8:0) 6c298a02 2b1539f8
[    2.130662] random 0047 0000 0000 6c298a02 2b1539f8: add_timer_randomness(.. 8388864)
[    2.144516] random 0047 0000 0000 6c298a02 2b1539f8: add_disk_randomness(8:0) 6c298a02 2b1539f8
[    2.144519] random 0047 0000 0000 6c298a02 2b1539f8: add_timer_randomness(.. 8388864)
[    2.144909] random 0047 0000 0000 6c298a02 2b1539f8: add_disk_randomness(8:0) 6c298a02 2b1539f8
[    2.144912] random 0047 0000 0000 6c298a02 2b1539f8: add_timer_randomness(.. 8388864)
[    2.144941] random 0047 0000 0000 6c298a02 2b1539f8: rand_read_num 17 get_random_bytes(16): sig 00000124 6c298a02 2b1539f8
[    2.144944] random 0047 0000 0000 6c298a02 2b1539f8: extract_entropy(.. 16 ..)
[    2.144948] random 0047 0000 0000 6c298a02 2b1539f8: going to reseed nonblocking with 128 bits (128 of 0 requested)
[    2.144951] random 0047 0000 0000 6c298a02 2b1539f8: extract_entropy(.. 16 ..)
[    2.144953] random 0047 0000 0000 6c298a02 2b1539f8: trying to extract 128 bits from input
[    2.144956] random 0047 0000 0000 6c298a02 2b1539f8: debiting 0 entropy credits from input
[    2.144959] random 0047 0000 0000 6c298a02 2b1539f8: trying to extract 128 bits from nonblocking
[    2.144962] random 0047 0000 0000 6c298a02 2b1539f8: debiting 128 entropy credits from nonblocking (unlimited)
[    2.145426] random 0047 0000 0000 c77b8b35 70f6cab5: add_disk_randomness(8:0) c77b8b35 70f6cab5
[    2.145430] random 0047 0000 0000 c77b8b35 70f6cab5: add_timer_randomness(.. 8388864)
[    2.145767] random 0047 0000 0000 c77b8b35 70f6cab5: add_disk_randomness(8:0) c77b8b35 70f6cab5
[    2.145770] random 0047 0000 0000 c77b8b35 70f6cab5: add_timer_randomness(.. 8388864)
[    2.146072] random 0047 0000 0000 c77b8b35 70f6cab5: add_disk_randomness(8:0) c77b8b35 70f6cab5
[    2.146075] random 0047 0000 0000 c77b8b35 70f6cab5: add_timer_randomness(.. 8388864)
[    2.146102] random 0047 0000 0000 c77b8b35 70f6cab5: rand_read_num 18 get_random_bytes(16): sig ffffff1c c77b8b35 70f6cab5
[    2.146106] random 0047 0000 0000 c77b8b35 70f6cab5: extract_entropy(.. 16 ..)
[    2.146109] random 0047 0000 0000 c77b8b35 70f6cab5: going to reseed nonblocking with 128 bits (128 of 0 requested)
[    2.146112] random 0047 0000 0000 c77b8b35 70f6cab5: extract_entropy(.. 16 ..)
[    2.146114] random 0047 0000 0000 c77b8b35 70f6cab5: trying to extract 128 bits from input
[    2.146117] random 0047 0000 0000 c77b8b35 70f6cab5: debiting 0 entropy credits from input
[    2.146120] random 0047 0000 0000 c77b8b35 70f6cab5: trying to extract 128 bits from nonblocking
[    2.146123] random 0047 0000 0000 c77b8b35 70f6cab5: debiting 128 entropy credits from nonblocking (unlimited)
[    2.152045] random 0047 0000 0000 af21d212 57d20ca3: add_disk_randomness(8:0) af21d212 57d20ca3
[    2.152048] random 0047 0000 0000 af21d212 57d20ca3: add_timer_randomness(.. 8388864)
[    2.152051] random 0047 0000 0000 af21d212 57d20ca3: added 1 entropy credits to input
[    2.153374] random 0048 0000 0000 af21d212 57d20ca3: add_disk_randomness(8:0) af21d212 57d20ca3
[    2.153377] random 0048 0000 0000 af21d212 57d20ca3: add_timer_randomness(.. 8388864)
[    2.153668] random 0048 0000 0000 af21d212 57d20ca3: add_disk_randomness(8:0) af21d212 57d20ca3
[    2.153671] random 0048 0000 0000 af21d212 57d20ca3: add_timer_randomness(.. 8388864)
[    2.153869] random 0048 0000 0000 af21d212 57d20ca3: add_disk_randomness(8:0) af21d212 57d20ca3
[    2.153872] random 0048 0000 0000 af21d212 57d20ca3: add_timer_randomness(.. 8388864)
[    2.154361] random 0048 0000 0000 af21d212 57d20ca3: add_disk_randomness(8:0) af21d212 57d20ca3
[    2.154364] random 0048 0000 0000 af21d212 57d20ca3: add_timer_randomness(.. 8388864)
[    2.154838] random 0048 0000 0000 af21d212 57d20ca3: add_disk_randomness(8:0) af21d212 57d20ca3
[    2.154841] random 0048 0000 0000 af21d212 57d20ca3: add_timer_randomness(.. 8388864)
[    2.162921] random 0048 0000 0000 af21d212 57d20ca3: add_disk_randomness(8:0) af21d212 57d20ca3
[    2.162924] random 0048 0000 0000 af21d212 57d20ca3: add_timer_randomness(.. 8388864)
[    2.162927] random 0048 0000 0000 af21d212 57d20ca3: added 1 entropy credits to input
[    2.163157] random 0049 0000 0000 af21d212 57d20ca3: add_disk_randomness(8:0) af21d212 57d20ca3
[    2.163160] random 0049 0000 0000 af21d212 57d20ca3: add_timer_randomness(.. 8388864)
[    2.163793] random 0049 0000 0000 af21d212 57d20ca3: add_disk_randomness(8:0) af21d212 57d20ca3
[    2.163796] random 0049 0000 0000 af21d212 57d20ca3: add_timer_randomness(.. 8388864)
[    2.184676] random 0049 0000 0000 af21d212 57d20ca3: add_disk_randomness(8:0) af21d212 57d20ca3
[    2.184680] random 0049 0000 0000 af21d212 57d20ca3: add_timer_randomness(.. 8388864)
[    2.184683] random 0049 0000 0000 af21d212 57d20ca3: added 2 entropy credits to input
[    2.184886] random 0051 0000 0000 af21d212 57d20ca3: add_disk_randomness(8:0) af21d212 57d20ca3
[    2.184889] random 0051 0000 0000 af21d212 57d20ca3: add_timer_randomness(.. 8388864)
[    2.185833] random 0051 0000 0000 af21d212 57d20ca3: add_disk_randomness(8:0) af21d212 57d20ca3
[    2.185836] random 0051 0000 0000 af21d212 57d20ca3: add_timer_randomness(.. 8388864)
[    2.186013] random 0051 0000 0000 af21d212 57d20ca3: add_disk_randomness(8:0) af21d212 57d20ca3
[    2.186015] random 0051 0000 0000 af21d212 57d20ca3: add_timer_randomness(.. 8388864)
[    2.204184] random 0051 0000 0000 af21d212 57d20ca3: add_disk_randomness(8:0) af21d212 57d20ca3
[    2.204187] random 0051 0000 0000 af21d212 57d20ca3: add_timer_randomness(.. 8388864)
[    2.204191] random 0051 0000 0000 af21d212 57d20ca3: added 2 entropy credits to input
[    2.204217] random 0053 0000 0000 af21d212 57d20ca3: rand_read_num 19 get_random_bytes(16): sig fffffe1d af21d212 57d20ca3
[    2.204220] random 0053 0000 0000 af21d212 57d20ca3: extract_entropy(.. 16 ..)
[    2.204223] random 0053 0000 0000 af21d212 57d20ca3: going to reseed nonblocking with 128 bits (128 of 0 requested)
[    2.204226] random 0053 0000 0000 af21d212 57d20ca3: extract_entropy(.. 16 ..)
[    2.204229] random 0053 0000 0000 af21d212 57d20ca3: trying to extract 128 bits from input
[    2.204232] random 0053 0000 0000 af21d212 57d20ca3: debiting 0 entropy credits from input
[    2.204235] random 0053 0000 0000 af21d212 57d20ca3: trying to extract 128 bits from nonblocking
[    2.204238] random 0053 0000 0000 af21d212 57d20ca3: debiting 128 entropy credits from nonblocking (unlimited)
[    2.216415] random 0053 0000 0000 151530a2 56c65dd3: add_disk_randomness(8:0) 151530a2 56c65dd3
[    2.216419] random 0053 0000 0000 151530a2 56c65dd3: add_timer_randomness(.. 8388864)
[    2.216422] random 0053 0000 0000 151530a2 56c65dd3: added 1 entropy credits to input
[    2.217301] random 0054 0000 0000 151530a2 56c65dd3: add_disk_randomness(8:0) 151530a2 56c65dd3
[    2.217304] random 0054 0000 0000 151530a2 56c65dd3: add_timer_randomness(.. 8388864)
[    2.220912] random 0054 0000 0000 151530a2 56c65dd3: add_disk_randomness(8:0) 151530a2 56c65dd3
[    2.220915] random 0054 0000 0000 151530a2 56c65dd3: add_timer_randomness(.. 8388864)
[    2.221578] random 0054 0000 0000 151530a2 56c65dd3: add_disk_randomness(8:0) 151530a2 56c65dd3
[    2.221580] random 0054 0000 0000 151530a2 56c65dd3: add_timer_randomness(.. 8388864)
[    2.227248] random 0054 0000 0000 151530a2 56c65dd3: add_disk_randomness(8:0) 151530a2 56c65dd3
[    2.227251] random 0054 0000 0000 151530a2 56c65dd3: add_timer_randomness(.. 8388864)
[    2.229075] random 0054 0000 0000 151530a2 56c65dd3: add_disk_randomness(8:0) 151530a2 56c65dd3
[    2.229078] random 0054 0000 0000 151530a2 56c65dd3: add_timer_randomness(.. 8388864)
[    2.229340] random 0054 0000 0000 151530a2 56c65dd3: add_disk_randomness(8:0) 151530a2 56c65dd3
[    2.229343] random 0054 0000 0000 151530a2 56c65dd3: add_timer_randomness(.. 8388864)
[    2.229881] random 0054 0000 0000 151530a2 56c65dd3: add_disk_randomness(8:0) 151530a2 56c65dd3
[    2.229883] random 0054 0000 0000 151530a2 56c65dd3: add_timer_randomness(.. 8388864)
[    2.230454] random 0054 0000 0000 151530a2 56c65dd3: add_disk_randomness(8:0) 151530a2 56c65dd3
[    2.230456] random 0054 0000 0000 151530a2 56c65dd3: add_timer_randomness(.. 8388864)
[    2.230579] random 0054 0000 0000 151530a2 56c65dd3: rand_read_num 20 get_random_bytes(16): sig ffffffbf 151530a2 56c65dd3
[    2.230581] random 0054 0000 0000 151530a2 56c65dd3: extract_entropy(.. 16 ..)
[    2.230584] random 0054 0000 0000 151530a2 56c65dd3: going to reseed nonblocking with 128 bits (128 of 0 requested)
[    2.230587] random 0054 0000 0000 151530a2 56c65dd3: extract_entropy(.. 16 ..)
[    2.230589] random 0054 0000 0000 151530a2 56c65dd3: trying to extract 128 bits from input
[    2.230591] random 0054 0000 0000 151530a2 56c65dd3: debiting 0 entropy credits from input
[    2.230594] random 0054 0000 0000 151530a2 56c65dd3: trying to extract 128 bits from nonblocking
[    2.230596] random 0054 0000 0000 151530a2 56c65dd3: debiting 128 entropy credits from nonblocking (unlimited)
[    2.231305] random 0054 0000 0000 5d3e132e d9a77eb3: rand_read_num 21 get_random_bytes(16): sig fffffcc9 5d3e132e d9a77eb3
[    2.231308] random 0054 0000 0000 5d3e132e d9a77eb3: extract_entropy(.. 16 ..)
