[    0.000000] random 0000 0000 0000 00000000 00000000: rand_read_num 1 get_random_bytes(8): sig 00000000 00000000 00000000
[    0.000000] random 0000 0000 0000 00000000 00000000: extract_entropy(.. 8 ..)
[    0.000000] random 0000 0000 0000 00000000 00000000: going to reseed nonblocking with 64 bits (64 of 0 requested)
[    0.000000] random 0000 0000 0000 00000000 00000000: extract_entropy(.. 8 ..)
[    0.000000] random 0000 0000 0000 00000000 00000000: trying to extract 64 bits from input
[    0.000000] random 0000 0000 0000 00000000 00000000: debiting 0 entropy credits from input
[    0.000000] random 0000 0000 0000 00000000 00000000: trying to extract 64 bits from nonblocking
[    0.000000] random 0000 0000 0000 00000000 00000000: debiting 64 entropy credits from nonblocking (unlimited)
[    0.000000] Initializing cgroup subsys cpuset
[    0.000000] Initializing cgroup subsys cpu
[    0.000000] Linux version 2.6.32.57 (dcashman@dcashman-01) (gcc version 4.4.3 (Ubuntu 4.4.3-4ubuntu5.1) ) #86 SMP Sun Mar 24 21:46:26 PDT 2013
[    0.000000] KERNEL supported cpus:
[    0.000000]   Intel GenuineIntel
[    0.000000]   AMD AuthenticAMD
[    0.000000]   NSC Geode by NSC
[    0.000000]   Cyrix CyrixInstead
[    0.000000]   Centaur CentaurHauls
[    0.000000]   Transmeta GenuineTMx86
[    0.000000]   Transmeta TransmetaCPU
[    0.000000]   UMC UMC UMC UMC
[    0.000000] BIOS-provided physical RAM map:
[    0.000000]  BIOS-e820: 0000000000000000 - 000000000009fc00 (usable)
[    0.000000]  BIOS-e820: 000000000009fc00 - 00000000000a0000 (reserved)
[    0.000000]  BIOS-e820: 00000000000e4000 - 0000000000100000 (reserved)
[    0.000000]  BIOS-e820: 0000000000100000 - 00000000cff90000 (usable)
[    0.000000]  BIOS-e820: 00000000cff90000 - 00000000cff9e000 (ACPI data)
[    0.000000]  BIOS-e820: 00000000cff9e000 - 00000000cffe0000 (ACPI NVS)
[    0.000000]  BIOS-e820: 00000000cffe0000 - 00000000d0000000 (reserved)
[    0.000000]  BIOS-e820: 00000000fee00000 - 00000000fee01000 (reserved)
[    0.000000]  BIOS-e820: 00000000fff00000 - 0000000100000000 (reserved)
[    0.000000]  BIOS-e820: 0000000100000000 - 00000001b0000000 (usable)
[    0.000000] DMI present.
[    0.000000] AMI BIOS detected: BIOS may corrupt low RAM, working around it.
[    0.000000] e820 update range: 0000000000000000 - 0000000000010000 (usable) ==> (reserved)
[    0.000000] last_pfn = 0x1b0000 max_arch_pfn = 0x1000000
[    0.000000] MTRR default type: uncachable
[    0.000000] MTRR fixed ranges enabled:
[    0.000000]   00000-9FFFF write-back
[    0.000000]   A0000-BFFFF uncachable
[    0.000000]   C0000-CFFFF write-protect
[    0.000000]   D0000-DFFFF uncachable
[    0.000000]   E0000-EFFFF write-through
[    0.000000]   F0000-FFFFF write-protect
[    0.000000] MTRR variable ranges enabled:
[    0.000000]   0 base 1B0000000 mask FF0000000 uncachable
[    0.000000]   1 base 1C0000000 mask FC0000000 uncachable
[    0.000000]   2 base 000000000 mask E00000000 write-back
[    0.000000]   3 base 0D0000000 mask FF0000000 uncachable
[    0.000000]   4 base 0E0000000 mask FE0000000 uncachable
[    0.000000]   5 disabled
[    0.000000]   6 disabled
[    0.000000]   7 disabled
[    0.000000] x86 PAT enabled: cpu 0, old 0x7040600070406, new 0x7010600070106
[    0.000000] e820 update range: 00000000d0000000 - 0000000100000000 (usable) ==> (reserved)
[    0.000000] Scanning 0 areas for low memory corruption
[    0.000000] modified physical RAM map:
[    0.000000]  modified: 0000000000000000 - 0000000000010000 (reserved)
[    0.000000]  modified: 0000000000010000 - 000000000009fc00 (usable)
[    0.000000]  modified: 000000000009fc00 - 00000000000a0000 (reserved)
[    0.000000]  modified: 00000000000e4000 - 0000000000100000 (reserved)
[    0.000000]  modified: 0000000000100000 - 00000000cff90000 (usable)
[    0.000000]  modified: 00000000cff90000 - 00000000cff9e000 (ACPI data)
[    0.000000]  modified: 00000000cff9e000 - 00000000cffe0000 (ACPI NVS)
[    0.000000]  modified: 00000000cffe0000 - 00000000d0000000 (reserved)
[    0.000000]  modified: 00000000fee00000 - 00000000fee01000 (reserved)
[    0.000000]  modified: 00000000fff00000 - 0000000100000000 (reserved)
[    0.000000]  modified: 0000000100000000 - 00000001b0000000 (usable)
[    0.000000] initial memory mapped : 0 - 01000000
[    0.000000] init_memory_mapping: 0000000000000000-00000000379fe000
[    0.000000] NX (Execute Disable) protection: active
[    0.000000]  0000000000 - 0000200000 page 4k
[    0.000000]  0000200000 - 0037800000 page 2M
[    0.000000]  0037800000 - 00379fe000 page 4k
[    0.000000] kernel direct mapping tables up to 379fe000 @ 10000-16000
[    0.000000] ACPI: RSDP 000f91f0 00014 (v00 HPQOEM)
[    0.000000] ACPI: RSDT cff90000 00044 (v01 HPQOEM SLIC-CPC 20090819 MSFT 00000097)
[    0.000000] ACPI: FACP cff90200 00084 (v01 HPQOEM SLIC-CPC 20090819 MSFT 00000097)
[    0.000000] ACPI: DSDT cff90440 05753 (v01 HPQOEM SLIC-CPC 00000050 INTL 20051117)
[    0.000000] ACPI: FACS cff9e000 00040
[    0.000000] ACPI: APIC cff90390 0006C (v01 HPQOEM SLIC-CPC 20090819 MSFT 00000097)
[    0.000000] ACPI: MCFG cff90400 0003C (v01 HPQOEM SLIC-CPC 20090819 MSFT 00000097)
[    0.000000] ACPI: OEMB cff9e040 00076 (v01 HPQOEM SLIC-CPC 20090819 MSFT 00000097)
[    0.000000] ACPI: HPET cff95ba0 00038 (v01 HPQOEM SLIC-CPC 20090819 MSFT 00000097)
[    0.000000] ACPI: GSCI cff9e0c0 02024 (v01 HPQOEM SLIC-CPC 20090819 MSFT 00000097)
[    0.000000] ACPI: SLIC cffa00f0 00176 (v01 HPQOEM SLIC-CPC 00000001 MSFT 00000001)
[    0.000000] ACPI: SSDT cffa0b30 00A7C (v01 HPQOEM SLIC-CPC 00000012 INTL 20051117)
[    0.000000] ACPI: Local APIC address 0xfee00000
[    0.000000] 6022MB HIGHMEM available.
[    0.000000] 889MB LOWMEM available.
[    0.000000]   mapped low ram: 0 - 379fe000
[    0.000000]   low ram: 0 - 379fe000
[    0.000000]   node 0 low ram: 00000000 - 379fe000
[    0.000000]   node 0 bootmap 00012000 - 00018f40
[    0.000000] (8 early reservations) ==> bootmem [0000000000 - 00379fe000]
[    0.000000]   #0 [0000000000 - 0000001000]   BIOS data page ==> [0000000000 - 0000001000]
[    0.000000]   #1 [0000001000 - 0000002000]    EX TRAMPOLINE ==> [0000001000 - 0000002000]
[    0.000000]   #2 [0000006000 - 0000007000]       TRAMPOLINE ==> [0000006000 - 0000007000]
[    0.000000]   #3 [0000100000 - 0000af8778]    TEXT DATA BSS ==> [0000100000 - 0000af8778]
[    0.000000]   #4 [000009fc00 - 0000100000]    BIOS reserved ==> [000009fc00 - 0000100000]
[    0.000000]   #5 [0000af9000 - 0000b01640]              BRK ==> [0000af9000 - 0000b01640]
[    0.000000]   #6 [0000010000 - 0000012000]          PGTABLE ==> [0000010000 - 0000012000]
[    0.000000]   #7 [0000012000 - 0000019000]          BOOTMAP ==> [0000012000 - 0000019000]
[    0.000000] found SMP MP-table at [c00ff780] ff780
[    0.000000] Zone PFN ranges:
[    0.000000]   DMA      0x00000010 -> 0x00001000
[    0.000000]   Normal   0x00001000 -> 0x000379fe
[    0.000000]   HighMem  0x000379fe -> 0x001b0000
[    0.000000] Movable zone start PFN for each node
[    0.000000] early_node_map[3] active PFN ranges
[    0.000000]     0: 0x00000010 -> 0x0000009f
[    0.000000]     0: 0x00000100 -> 0x000cff90
[    0.000000]     0: 0x00100000 -> 0x001b0000
[    0.000000] On node 0 totalpages: 1572639
[    0.000000] free_area_init_node: node 0, pgdat c07ba8a0, node_mem_map c1001200
[    0.000000]   DMA zone: 32 pages used for memmap
[    0.000000]   DMA zone: 0 pages reserved
[    0.000000]   DMA zone: 3951 pages, LIFO batch:0
[    0.000000]   Normal zone: 1748 pages used for memmap
[    0.000000]   Normal zone: 221994 pages, LIFO batch:31
[    0.000000]   HighMem zone: 12045 pages used for memmap
[    0.000000]   HighMem zone: 1332869 pages, LIFO batch:31
[    0.000000] Using APIC driver default
[    0.000000] ACPI: PM-Timer IO Port: 0x808
[    0.000000] ACPI: Local APIC address 0xfee00000
[    0.000000] ACPI: LAPIC (acpi_id[0x01] lapic_id[0x00] enabled)
[    0.000000] ACPI: LAPIC (acpi_id[0x02] lapic_id[0x01] enabled)
[    0.000000] ACPI: LAPIC (acpi_id[0x03] lapic_id[0x02] enabled)
[    0.000000] ACPI: LAPIC (acpi_id[0x04] lapic_id[0x03] enabled)
[    0.000000] ACPI: Skipping IOAPIC probe due to 'noapic' option.
[    0.000000] Using ACPI for processor (LAPIC) configuration information
[    0.000000] ACPI: HPET id: 0xffffffff base: 0xfed00000
[    0.000000] Intel MultiProcessor Specification v1.4
[    0.000000]     Virtual Wire compatibility mode.
[    0.000000] MPTABLE: OEM ID: Intel   
[    0.000000] MPTABLE: Product ID: Eaglelake   
[    0.000000] MPTABLE: APIC at: 0xFEE00000
[    0.000000] I/O APIC #4 Version 32 at 0xFEC00000.
[    0.000000] Processors: 4
[    0.000000] SMP: Allowing 4 CPUs, 0 hotplug CPUs
[    0.000000] nr_irqs_gsi: 24
[    0.000000] PM: Registered nosave memory: 000000000009f000 - 00000000000a0000
[    0.000000] PM: Registered nosave memory: 00000000000a0000 - 00000000000e4000
[    0.000000] PM: Registered nosave memory: 00000000000e4000 - 0000000000100000
[    0.000000] Allocating PCI resources starting at d0000000 (gap: d0000000:2ee00000)
[    0.000000] Booting paravirtualized kernel on bare hardware
[    0.000000] NR_CPUS:8 nr_cpumask_bits:8 nr_cpu_ids:4 nr_node_ids:1
[    0.000000] PERCPU: Embedded 15 pages/cpu @c4800000 s39416 r0 d22024 u524288
[    0.000000] pcpu-alloc: s39416 r0 d22024 u524288 alloc=1*2097152
[    0.000000] pcpu-alloc: [0] 0 1 2 3 
[    0.000000] Built 1 zonelists in Zone order, mobility grouping on.  Total pages: 1558814
[    0.000000] Kernel command line: BOOT_IMAGE=/boot/vmlinuz-2.6.32.57 root=/dev/sda1 ro quiet maxcpus=0 kgdboe=132.239.95.229/132.239.95.228
[    0.000000] PID hash table entries: 4096 (order: 2, 16384 bytes)
[    0.000000] Dentry cache hash table entries: 131072 (order: 7, 524288 bytes)
[    0.000000] Inode-cache hash table entries: 65536 (order: 6, 262144 bytes)
[    0.000000] Enabling fast FPU save and restore... done.
[    0.000000] Enabling unmasked SIMD FPU exception support... done.
[    0.000000] Initializing CPU#0
[    0.000000] allocated 35389120 bytes of page_cgroup
[    0.000000] please try 'cgroup_disable=memory' option if you don't want memory cgroups
[    0.000000] Initializing HighMem for node 0 (000379fe:001b0000)
[    0.000000] Memory: 6188240k/7077888k available (4762k kernel code, 101232k reserved, 2169k data, 676k init, 5379656k highmem)
[    0.000000] virtual kernel memory layout:
[    0.000000]     fixmap  : 0xfff1d000 - 0xfffff000   ( 904 kB)
[    0.000000]     pkmap   : 0xffa00000 - 0xffc00000   (2048 kB)
[    0.000000]     vmalloc : 0xf81fe000 - 0xff9fe000   ( 120 MB)
[    0.000000]     lowmem  : 0xc0000000 - 0xf79fe000   ( 889 MB)
[    0.000000]       .init : 0xc07c6000 - 0xc086f000   ( 676 kB)
[    0.000000]       .data : 0xc05a693b - 0xc07c50c8   (2169 kB)
[    0.000000]       .text : 0xc0100000 - 0xc05a693b   (4762 kB)
[    0.000000] Checking if this processor honours the WP bit even in supervisor mode...Ok.
[    0.000000] SLUB: Genslabs=13, HWalign=64, Order=0-3, MinObjects=0, CPUs=4, Nodes=1
[    0.000000] Hierarchical RCU implementation.
[    0.000000] NR_IRQS:2304 nr_irqs:440
[    0.000000] Console: colour VGA+ 80x25
[    0.000000] console [tty0] enabled
[    0.000000] hpet clockevent registered
[    0.000000] Fast TSC calibration using PIT
[    0.000000] Detected 2493.563 MHz processor.
[    0.004004] Calibrating delay loop (skipped), value calculated using timer frequency.. 4987.12 BogoMIPS (lpj=9974252)
[    0.004016] Security Framework initialized
[    0.004022] SELinux:  Disabled at boot.
[    0.004028] Mount-cache hash table entries: 512
[    0.004136] Initializing cgroup subsys ns
[    0.004139] Initializing cgroup subsys cpuacct
[    0.004143] Initializing cgroup subsys memory
[    0.004148] Initializing cgroup subsys devices
[    0.004150] Initializing cgroup subsys freezer
[    0.004151] Initializing cgroup subsys net_cls
[    0.004171] CPU: L1 I cache: 32K, L1 D cache: 32K
[    0.004173] CPU: L2 cache: 3072K
[    0.004175] CPU: Physical Processor ID: 0
[    0.004177] CPU: Processor Core ID: 0
[    0.004180] mce: CPU supports 6 MCE banks
[    0.004187] CPU0: Thermal monitoring enabled (TM2)
[    0.004190] using mwait in idle threads.
[    0.004195] Performance Events: Core2 events, Intel PMU driver.
[    0.004200] ... version:                2
[    0.004201] ... bit width:              40
[    0.004202] ... generic registers:      2
[    0.004204] ... value mask:             000000ffffffffff
[    0.004205] ... max period:             000000007fffffff
[    0.004207] ... fixed-purpose events:   3
[    0.004208] ... event mask:             0000000700000003
[    0.004212] Checking 'hlt' instruction... OK.
[    0.020761] SMP alternatives: switching to UP code
[    0.027808] ACPI: Core revision 20090903
[    0.034608] ACPI: setting ELCR to 0200 (from 0cb8)
[    0.036006] ftrace: converting mcount calls to 0f 1f 44 00 00
[    0.036010] ftrace: allocating 20938 entries in 41 pages
[    0.040042] Enabling APIC mode:  Flat.  Using 1 I/O APICs
[    0.040044] SMP mode deactivated.
[    0.040047] SMP disabled
[    0.040114] Brought up 1 CPUs
[    0.040116] Total of 1 processors activated (4987.12 BogoMIPS).
[    0.040121] CPU0 attaching NULL sched-domain.
[    0.040183] devtmpfs: initialized
[    0.040312] sysctl table check failed: /kernel/random/now_input .1.40.7 Unknown sysctl binary path
[    0.040529] Pid: 1, comm: swapper Not tainted 2.6.32.57 #86
[    0.040530] Call Trace:
[    0.040536]  [<c059ee94>] ? printk+0x1d/0x21
[    0.040540]  [<c01766af>] set_fail+0x4f/0x60
[    0.040543]  [<c0176a0e>] sysctl_check_table+0x34e/0x690
[    0.040545]  [<c0176650>] ? sysctl_check_lookup+0x120/0x130
[    0.040548]  [<c0176a27>] sysctl_check_table+0x367/0x690
[    0.040550]  [<c0176650>] ? sysctl_check_lookup+0x120/0x130
[    0.040553]  [<c0176a27>] sysctl_check_table+0x367/0x690
[    0.040557]  [<c07ded5c>] sysctl_init+0x25/0x29
[    0.040559]  [<c0103041>] do_one_initcall+0x31/0x190
[    0.040561]  [<c07ded37>] ? sysctl_init+0x0/0x29
[    0.040565]  [<c07c6365>] kernel_init+0x12d/0x183
[    0.040567]  [<c07c6238>] ? kernel_init+0x0/0x183
[    0.040570]  [<c010a2c7>] kernel_thread_helper+0x7/0x10
[    0.040572] sysctl table check failed: /kernel/random/now_blocking .1.40.8 Unknown sysctl binary path
[    0.040786] Pid: 1, comm: swapper Not tainted 2.6.32.57 #86
[    0.040787] Call Trace:
[    0.040789]  [<c059ee94>] ? printk+0x1d/0x21
[    0.040791]  [<c01766af>] set_fail+0x4f/0x60
[    0.040794]  [<c0176a0e>] sysctl_check_table+0x34e/0x690
[    0.040796]  [<c0176650>] ? sysctl_check_lookup+0x120/0x130
[    0.040799]  [<c0176a27>] sysctl_check_table+0x367/0x690
[    0.040802]  [<c0176650>] ? sysctl_check_lookup+0x120/0x130
[    0.040804]  [<c0176a27>] sysctl_check_table+0x367/0x690
[    0.040807]  [<c07ded5c>] sysctl_init+0x25/0x29
[    0.040809]  [<c0103041>] do_one_initcall+0x31/0x190
[    0.040811]  [<c07ded37>] ? sysctl_init+0x0/0x29
[    0.040814]  [<c07c6365>] kernel_init+0x12d/0x183
[    0.040816]  [<c07c6238>] ? kernel_init+0x0/0x183
[    0.040818]  [<c010a2c7>] kernel_thread_helper+0x7/0x10
[    0.040820] sysctl table check failed: /kernel/random/now_nonblocking .1.40.9 Unknown sysctl binary path
[    0.041034] Pid: 1, comm: swapper Not tainted 2.6.32.57 #86
[    0.041035] Call Trace:
[    0.041037]  [<c059ee94>] ? printk+0x1d/0x21
[    0.041040]  [<c01766af>] set_fail+0x4f/0x60
[    0.041042]  [<c0176a0e>] sysctl_check_table+0x34e/0x690
[    0.041045]  [<c0176650>] ? sysctl_check_lookup+0x120/0x130
[    0.041048]  [<c0176a27>] sysctl_check_table+0x367/0x690
[    0.041050]  [<c0176650>] ? sysctl_check_lookup+0x120/0x130
[    0.041053]  [<c0176a27>] sysctl_check_table+0x367/0x690
[    0.041055]  [<c07ded5c>] sysctl_init+0x25/0x29
[    0.041058]  [<c0103041>] do_one_initcall+0x31/0x190
[    0.041060]  [<c07ded37>] ? sysctl_init+0x0/0x29
[    0.041062]  [<c07c6365>] kernel_init+0x12d/0x183
[    0.041065]  [<c07c6238>] ? kernel_init+0x0/0x183
[    0.041067]  [<c010a2c7>] kernel_thread_helper+0x7/0x10
[    0.041069] sysctl table check failed: /kernel/random/nb_input_bytes .1.40.10 Unknown sysctl binary path
[    0.041283] Pid: 1, comm: swapper Not tainted 2.6.32.57 #86
[    0.041284] Call Trace:
[    0.041286]  [<c059ee94>] ? printk+0x1d/0x21
[    0.041289]  [<c01766af>] set_fail+0x4f/0x60
[    0.041291]  [<c0176a0e>] sysctl_check_table+0x34e/0x690
[    0.041294]  [<c0176650>] ? sysctl_check_lookup+0x120/0x130
[    0.041296]  [<c0176a27>] sysctl_check_table+0x367/0x690
[    0.041299]  [<c0176650>] ? sysctl_check_lookup+0x120/0x130
[    0.041302]  [<c0176a27>] sysctl_check_table+0x367/0x690
[    0.041304]  [<c07ded5c>] sysctl_init+0x25/0x29
[    0.041306]  [<c0103041>] do_one_initcall+0x31/0x190
[    0.041309]  [<c07ded37>] ? sysctl_init+0x0/0x29
[    0.041311]  [<c07c6365>] kernel_init+0x12d/0x183
[    0.041314]  [<c07c6238>] ? kernel_init+0x0/0x183
[    0.041316]  [<c010a2c7>] kernel_thread_helper+0x7/0x10
[    0.041318] sysctl table check failed: /kernel/random/nb_stir_count .1.40.11 Unknown sysctl binary path
[    0.041532] Pid: 1, comm: swapper Not tainted 2.6.32.57 #86
[    0.041533] Call Trace:
[    0.041535]  [<c059ee94>] ? printk+0x1d/0x21
[    0.041537]  [<c01766af>] set_fail+0x4f/0x60
[    0.041540]  [<c0176a0e>] sysctl_check_table+0x34e/0x690
[    0.041543]  [<c0176650>] ? sysctl_check_lookup+0x120/0x130
[    0.041545]  [<c0176a27>] sysctl_check_table+0x367/0x690
[    0.041548]  [<c0176650>] ? sysctl_check_lookup+0x120/0x130
[    0.041551]  [<c0176a27>] sysctl_check_table+0x367/0x690
[    0.041553]  [<c07ded5c>] sysctl_init+0x25/0x29
[    0.041555]  [<c0103041>] do_one_initcall+0x31/0x190
[    0.041558]  [<c07ded37>] ? sysctl_init+0x0/0x29
[    0.041560]  [<c07c6365>] kernel_init+0x12d/0x183
[    0.041562]  [<c07c6238>] ? kernel_init+0x0/0x183
[    0.041564]  [<c010a2c7>] kernel_thread_helper+0x7/0x10
[    0.041566] sysctl table check failed: /kernel/random/nb_reentry_count .1.40.12 Unknown sysctl binary path
[    0.041780] Pid: 1, comm: swapper Not tainted 2.6.32.57 #86
[    0.041782] Call Trace:
[    0.041784]  [<c059ee94>] ? printk+0x1d/0x21
[    0.041786]  [<c01766af>] set_fail+0x4f/0x60
[    0.041789]  [<c0176a0e>] sysctl_check_table+0x34e/0x690
[    0.041791]  [<c0176650>] ? sysctl_check_lookup+0x120/0x130
[    0.041794]  [<c0176a27>] sysctl_check_table+0x367/0x690
[    0.041797]  [<c0176650>] ? sysctl_check_lookup+0x120/0x130
[    0.041799]  [<c0176a27>] sysctl_check_table+0x367/0x690
[    0.041802]  [<c07ded5c>] sysctl_init+0x25/0x29
[    0.041804]  [<c0103041>] do_one_initcall+0x31/0x190
[    0.041806]  [<c07ded37>] ? sysctl_init+0x0/0x29
[    0.041809]  [<c07c6365>] kernel_init+0x12d/0x183
[    0.041811]  [<c07c6238>] ? kernel_init+0x0/0x183
[    0.041813]  [<c010a2c7>] kernel_thread_helper+0x7/0x10
[    0.041948] regulator: core version 0.5
[    0.041969] Time:  5:00:16  Date: 03/25/13
[    0.042000] NET: Registered protocol family 16
[    0.042072] EISA bus registered
[    0.042078] ACPI: bus type pci registered
[    0.042128] PCI: MCFG configuration 0: base f0000000 segment 0 buses 0 - 63
[    0.042130] PCI: Not using MMCONFIG.
[    0.042256] PCI: Using configuration type 1 for base access
[    0.042853] bio: create slab <bio-0> at 0
[    0.043378] ACPI: EC: Look up EC in DSDT
[    0.045239] ACPI: Executed 1 blocks of module-level executable AML code
[    0.049136] ACPI: Interpreter enabled
[    0.049140] ACPI: (supports S0 S1 S3 S4 S5)
[    0.049157] ACPI: Using PIC for interrupt routing
[    0.049197] PCI: MCFG configuration 0: base f0000000 segment 0 buses 0 - 63
[    0.050584] PCI: MCFG area at f0000000 reserved in ACPI motherboard resources
[    0.050586] PCI: Using MMCONFIG for extended config space
[    0.056637] ACPI: No dock devices found.
[    0.056887] ACPI: PCI Root Bridge [PCI0] (0000:00)
[    0.056970] pci 0000:00:01.0: PME# supported from D0 D3hot D3cold
[    0.056972] pci 0000:00:01.0: PME# disabled
[    0.057028] pci 0000:00:1a.0: reg 20 io port: [0xc000-0xc01f]
[    0.057091] pci 0000:00:1a.1: reg 20 io port: [0xc080-0xc09f]
[    0.057154] pci 0000:00:1a.2: reg 20 io port: [0xc400-0xc41f]
[    0.057220] pci 0000:00:1a.7: reg 10 32bit mmio: [0xfe9ff400-0xfe9ff7ff]
[    0.057280] pci 0000:00:1a.7: PME# supported from D0 D3hot D3cold
[    0.057284] pci 0000:00:1a.7: PME# disabled
[    0.057317] pci 0000:00:1b.0: reg 10 64bit mmio: [0xfe9f8000-0xfe9fbfff]
[    0.057361] pci 0000:00:1b.0: PME# supported from D0 D3hot D3cold
[    0.057364] pci 0000:00:1b.0: PME# disabled
[    0.057426] pci 0000:00:1c.0: PME# supported from D0 D3hot D3cold
[    0.057430] pci 0000:00:1c.0: PME# disabled
[    0.057496] pci 0000:00:1c.5: PME# supported from D0 D3hot D3cold
[    0.057499] pci 0000:00:1c.5: PME# disabled
[    0.057542] pci 0000:00:1d.0: reg 20 io port: [0xc480-0xc49f]
[    0.057605] pci 0000:00:1d.1: reg 20 io port: [0xc800-0xc81f]
[    0.057668] pci 0000:00:1d.2: reg 20 io port: [0xc880-0xc89f]
[    0.057735] pci 0000:00:1d.7: reg 10 32bit mmio: [0xfe9ff800-0xfe9ffbff]
[    0.057795] pci 0000:00:1d.7: PME# supported from D0 D3hot D3cold
[    0.057799] pci 0000:00:1d.7: PME# disabled
[    0.057952] pci 0000:00:1f.2: reg 10 io port: [0x00-0x07]
[    0.057957] pci 0000:00:1f.2: reg 14 io port: [0x00-0x03]
[    0.057961] pci 0000:00:1f.2: reg 18 io port: [0x00-0x07]
[    0.057966] pci 0000:00:1f.2: reg 1c io port: [0x00-0x03]
[    0.057970] pci 0000:00:1f.2: reg 20 io port: [0xff90-0xff9f]
[    0.057975] pci 0000:00:1f.2: reg 24 io port: [0xffa0-0xffaf]
[    0.058020] pci 0000:00:1f.3: reg 10 64bit mmio: [0xfe9ffc00-0xfe9ffcff]
[    0.058031] pci 0000:00:1f.3: reg 20 io port: [0x400-0x41f]
[    0.058071] pci 0000:04:00.0: reg 10 64bit mmio pref: [0xe0000000-0xefffffff]
[    0.058078] pci 0000:04:00.0: reg 18 64bit mmio: [0xfebe0000-0xfebeffff]
[    0.058083] pci 0000:04:00.0: reg 20 io port: [0xe000-0xe0ff]
[    0.058090] pci 0000:04:00.0: reg 30 32bit mmio pref: [0xfebc0000-0xfebdffff]
[    0.058117] pci 0000:04:00.0: supports D1 D2
[    0.058143] pci 0000:04:00.1: reg 10 64bit mmio: [0xfebfc000-0xfebfffff]
[    0.058184] pci 0000:04:00.1: supports D1 D2
[    0.058219] pci 0000:00:01.0: bridge io port: [0xe000-0xefff]
[    0.058221] pci 0000:00:01.0: bridge 32bit mmio: [0xfeb00000-0xfebfffff]
[    0.058225] pci 0000:00:01.0: bridge 64bit mmio pref: [0xe0000000-0xefffffff]
[    0.058299] pci 0000:02:00.0: reg 10 io port: [0xd800-0xd8ff]
[    0.058316] pci 0000:02:00.0: reg 18 64bit mmio: [0xfeaff000-0xfeafffff]
[    0.058329] pci 0000:02:00.0: reg 20 64bit mmio pref: [0xdfffc000-0xdfffffff]
[    0.058336] pci 0000:02:00.0: reg 30 32bit mmio pref: [0xfeac0000-0xfeadffff]
[    0.058394] pci 0000:02:00.0: supports D1 D2
[    0.058395] pci 0000:02:00.0: PME# supported from D0 D1 D2 D3hot D3cold
[    0.058399] pci 0000:02:00.0: PME# disabled
[    0.058446] pci 0000:00:1c.5: bridge io port: [0xd000-0xdfff]
[    0.058449] pci 0000:00:1c.5: bridge 32bit mmio: [0xfea00000-0xfeafffff]
[    0.058454] pci 0000:00:1c.5: bridge 64bit mmio pref: [0xdff00000-0xdfffffff]
[    0.058493] pci 0000:00:1e.0: transparent bridge
[    0.058511] pci_bus 0000:00: on NUMA node 0
[    0.058515] ACPI: PCI Interrupt Routing Table [\_SB_.PCI0._PRT]
[    0.058673] ACPI: PCI Interrupt Routing Table [\_SB_.PCI0.P0P2._PRT]
[    0.058756] ACPI: PCI Interrupt Routing Table [\_SB_.PCI0.P0P4._PRT]
[    0.058814] ACPI: PCI Interrupt Routing Table [\_SB_.PCI0.P0P9._PRT]
[    0.070855] ACPI: PCI Interrupt Link [LNKA] (IRQs 3 4 6 7 *10 11 12 14 15)
[    0.070944] ACPI: PCI Interrupt Link [LNKB] (IRQs *5)
[    0.071029] ACPI: PCI Interrupt Link [LNKC] (IRQs 3 4 6 7 10 *11 12 14 15)
[    0.071116] ACPI: PCI Interrupt Link [LNKD] (IRQs 3 4 6 7 10 11 12 14 15) *0, disabled.
[    0.071204] ACPI: PCI Interrupt Link [LNKE] (IRQs 3 4 6 *7 10 11 12 14 15)
[    0.071291] ACPI: PCI Interrupt Link [LNKF] (IRQs 3 4 6 7 *10 11 12 14 15)
[    0.071378] ACPI: PCI Interrupt Link [LNKG] (IRQs 3 *4 6 7 10 11 12 14 15)
[    0.071465] ACPI: PCI Interrupt Link [LNKH] (IRQs *3 4 6 7 10 11 12 14 15)
[    0.071540] vgaarb: device added: PCI:0000:04:00.0,decodes=io+mem,owns=io+mem,locks=none
[    0.071543] vgaarb: loaded
[    0.071618] SCSI subsystem initialized
[    0.071644] libata version 3.00 loaded.
[    0.071691] usbcore: registered new interface driver usbfs
[    0.071699] usbcore: registered new interface driver hub
[    0.071716] usbcore: registered new device driver usb
[    0.071796] ACPI: WMI: Mapper loaded
[    0.071797] PCI: Using ACPI for IRQ routing
[    0.071895] NetLabel: Initializing
[    0.071897] NetLabel:  domain hash size = 128
[    0.071898] NetLabel:  protocols = UNLABELED CIPSOv4
[    0.071906] NetLabel:  unlabeled traffic allowed by default
[    0.071927] HPET: 4 timers in total, 0 timers will be used for per-cpu timer
[    0.071932] hpet0: at MMIO 0xfed00000, IRQs 2, 8, 0, 0
[    0.071935] hpet0: 4 comparators, 64-bit 14.318180 MHz counter
[    0.073008] random 0000 0000 0000 00000000 00000000: rand_read_num 2 get_random_bytes(8): sig fffffe1a 00000000 00000000
[    0.073010] random 0000 0000 0000 00000000 00000000: extract_entropy(.. 8 ..)
[    0.073013] random 0000 0000 0000 00000000 00000000: going to reseed nonblocking with 64 bits (64 of 0 requested)
[    0.073015] random 0000 0000 0000 00000000 00000000: extract_entropy(.. 8 ..)
[    0.073017] random 0000 0000 0000 00000000 00000000: trying to extract 64 bits from input
[    0.073019] random 0000 0000 0000 00000000 00000000: debiting 0 entropy credits from input
[    0.073022] random 0000 0000 0000 00000000 00000000: trying to extract 64 bits from nonblocking
[    0.073024] random 0000 0000 0000 00000000 00000000: debiting 64 entropy credits from nonblocking (unlimited)
[    0.076016] Switching to clocksource tsc
[    0.077374] pnp: PnP ACPI init
[    0.077381] ACPI: bus type pnp registered
[    0.079022] pnp: PnP ACPI: found 14 devices
[    0.079024] ACPI: ACPI bus type pnp unregistered
[    0.079027] PnPBIOS: Disabled by ACPI PNP
[    0.079034] system 00:01: iomem range 0xfed14000-0xfed19fff has been reserved
[    0.079036] system 00:01: iomem range 0xfed90000-0xfed93fff has been reserved
[    0.079042] system 00:06: ioport range 0x4d0-0x4d1 has been reserved
[    0.079044] system 00:06: ioport range 0x800-0x87f has been reserved
[    0.079046] system 00:06: ioport range 0x500-0x57f has been reserved
[    0.079049] system 00:06: iomem range 0xfed1c000-0xfed1ffff has been reserved
[    0.079051] system 00:06: iomem range 0xfed20000-0xfed3ffff has been reserved
[    0.079053] system 00:06: iomem range 0xfed40000-0xfed8ffff has been reserved
[    0.079057] system 00:09: iomem range 0xffc00000-0xffefffff has been reserved
[    0.079061] system 00:0a: iomem range 0xfec00000-0xfec00fff has been reserved
[    0.079063] system 00:0a: iomem range 0xfee00000-0xfee00fff has been reserved
[    0.079067] system 00:0b: ioport range 0xa00-0xadf has been reserved
[    0.079071] system 00:0c: iomem range 0xf0000000-0xf3ffffff has been reserved
[    0.079075] system 00:0d: iomem range 0x0-0x9ffff could not be reserved
[    0.079078] system 00:0d: iomem range 0xc0000-0xcffff could not be reserved
[    0.079080] system 00:0d: iomem range 0xe0000-0xfffff could not be reserved
[    0.079082] system 00:0d: iomem range 0x100000-0xcfffffff could not be reserved
[    0.079084] system 00:0d: iomem range 0xfed90000-0xffffffff could not be reserved
[    0.113678] pci 0000:00:01.0: PCI bridge, secondary bus 0000:04
[    0.113681] pci 0000:00:01.0:   IO window: 0xe000-0xefff
[    0.113684] pci 0000:00:01.0:   MEM window: 0xfeb00000-0xfebfffff
[    0.113687] pci 0000:00:01.0:   PREFETCH window: 0x000000e0000000-0x000000efffffff
[    0.113690] pci 0000:00:1c.0: PCI bridge, secondary bus 0000:03
[    0.113693] pci 0000:00:1c.0:   IO window: 0x1000-0x1fff
[    0.113697] pci 0000:00:1c.0:   MEM window: 0xd0000000-0xd01fffff
[    0.113700] pci 0000:00:1c.0:   PREFETCH window: 0x000000d0200000-0x000000d03fffff
[    0.113705] pci 0000:00:1c.5: PCI bridge, secondary bus 0000:02
[    0.113707] pci 0000:00:1c.5:   IO window: 0xd000-0xdfff
[    0.113711] pci 0000:00:1c.5:   MEM window: 0xfea00000-0xfeafffff
[    0.113714] pci 0000:00:1c.5:   PREFETCH window: 0x000000dff00000-0x000000dfffffff
[    0.113719] pci 0000:00:1e.0: PCI bridge, secondary bus 0000:01
[    0.113720] pci 0000:00:1e.0:   IO window: disabled
[    0.113724] pci 0000:00:1e.0:   MEM window: disabled
[    0.113727] pci 0000:00:1e.0:   PREFETCH window: disabled
[    0.113835] ACPI: PCI Interrupt Link [LNKA] enabled at IRQ 10
[    0.113837] PCI: setting IRQ 10 as level-triggered
[    0.113841] pci 0000:00:01.0: PCI INT A -> Link[LNKA] -> GSI 10 (level, low) -> IRQ 10
[    0.113845] pci 0000:00:01.0: setting latency timer to 64
[    0.113851] pci 0000:00:1c.0: enabling device (0104 -> 0107)
[    0.113949] ACPI: PCI Interrupt Link [LNKB] enabled at IRQ 5
[    0.113950] PCI: setting IRQ 5 as level-triggered
[    0.113954] pci 0000:00:1c.0: PCI INT A -> Link[LNKB] -> GSI 5 (level, low) -> IRQ 5
[    0.113958] pci 0000:00:1c.0: setting latency timer to 64
[    0.113965] pci 0000:00:1c.5: PCI INT B -> Link[LNKA] -> GSI 10 (level, low) -> IRQ 10
[    0.113968] pci 0000:00:1c.5: setting latency timer to 64
[    0.113973] pci 0000:00:1e.0: setting latency timer to 64
[    0.113976] pci_bus 0000:00: resource 0 io:  [0x00-0xffff]
[    0.113978] pci_bus 0000:00: resource 1 mem: [0x000000-0xffffffffffffffff]
[    0.113980] pci_bus 0000:04: resource 0 io:  [0xe000-0xefff]
[    0.113982] pci_bus 0000:04: resource 1 mem: [0xfeb00000-0xfebfffff]
[    0.113984] pci_bus 0000:04: resource 2 pref mem [0xe0000000-0xefffffff]
[    0.113986] pci_bus 0000:03: resource 0 io:  [0x1000-0x1fff]
[    0.113988] pci_bus 0000:03: resource 1 mem: [0xd0000000-0xd01fffff]
[    0.113990] pci_bus 0000:03: resource 2 pref mem [0xd0200000-0xd03fffff]
[    0.113992] pci_bus 0000:02: resource 0 io:  [0xd000-0xdfff]
[    0.113994] pci_bus 0000:02: resource 1 mem: [0xfea00000-0xfeafffff]
[    0.113995] pci_bus 0000:02: resource 2 pref mem [0xdff00000-0xdfffffff]
[    0.113997] pci_bus 0000:01: resource 3 io:  [0x00-0xffff]
[    0.113999] pci_bus 0000:01: resource 4 mem: [0x000000-0xffffffffffffffff]
[    0.114019] NET: Registered protocol family 2
[    0.114044] random 0000 0000 0000 5f8db4e5 4cfdf2a8: rand_read_num 3 get_random_bytes(4): sig fffffb64 5f8db4e5 4cfdf2a8
[    0.114047] random 0000 0000 0000 5f8db4e5 4cfdf2a8: extract_entropy(.. 4 ..)
[    0.114049] random 0000 0000 0000 5f8db4e5 4cfdf2a8: going to reseed nonblocking with 64 bits (32 of 0 requested)
[    0.114051] random 0000 0000 0000 5f8db4e5 4cfdf2a8: extract_entropy(.. 8 ..)
[    0.114054] random 0000 0000 0000 5f8db4e5 4cfdf2a8: trying to extract 64 bits from input
[    0.114056] random 0000 0000 0000 5f8db4e5 4cfdf2a8: debiting 0 entropy credits from input
[    0.114058] random 0000 0000 0000 5f8db4e5 4cfdf2a8: trying to extract 32 bits from nonblocking
[    0.114061] random 0000 0000 0000 5f8db4e5 4cfdf2a8: debiting 32 entropy credits from nonblocking (unlimited)
[    0.114094] IP route cache hash table entries: 32768 (order: 5, 131072 bytes)
[    0.114299] TCP established hash table entries: 131072 (order: 8, 1048576 bytes)
[    0.114621] TCP bind hash table entries: 65536 (order: 7, 524288 bytes)
[    0.114788] TCP: Hash tables configured (established 131072 bind 65536)
[    0.114790] TCP reno registered
[    0.114834] NET: Registered protocol family 1
[    0.114940] pci 0000:04:00.0: Boot video device
[    0.115052] cpufreq-nforce2: No nForce2 chipset.
[    0.115066] Scanning for low memory corruption every 60 seconds
[    0.115137] audit: initializing netlink socket (disabled)
[    0.115143] type=2000 audit(1364187616.111:1): initialized
[    0.123392] highmem bounce pool size: 64 pages
[    0.123395] HugeTLB registered 2 MB page size, pre-allocated 0 pages
[    0.124400] VFS: Disk quotas dquot_6.5.2
[    0.124439] Dquot-cache hash table entries: 1024 (order 0, 4096 bytes)
[    0.124841] fuse init (API version 7.13)
[    0.124903] msgmni has been set to 1581
[    0.125035] alg: No test for stdrng (krng)
[    0.125075] Block layer SCSI generic (bsg) driver version 0.4 loaded (major 253)
[    0.125077] io scheduler noop registered
[    0.125078] io scheduler anticipatory registered
[    0.125080] io scheduler deadline registered
[    0.125107] io scheduler cfq registered (default)
[    0.125189]   alloc irq_desc for 24 on node -1
[    0.125191]   alloc kstat_irqs on node -1
[    0.125198] pcieport 0000:00:01.0: irq 24 for MSI/MSI-X
[    0.125202] pcieport 0000:00:01.0: setting latency timer to 64
[    0.125272]   alloc irq_desc for 25 on node -1
[    0.125273]   alloc kstat_irqs on node -1
[    0.125279] pcieport 0000:00:1c.0: irq 25 for MSI/MSI-X
[    0.125285] pcieport 0000:00:1c.0: setting latency timer to 64
[    0.125371]   alloc irq_desc for 26 on node -1
[    0.125372]   alloc kstat_irqs on node -1
[    0.125377] pcieport 0000:00:1c.5: irq 26 for MSI/MSI-X
[    0.125383] pcieport 0000:00:1c.5: setting latency timer to 64
[    0.125447] pci_hotplug: PCI Hot Plug PCI Core version: 0.5
[    0.125460] Firmware did not grant requested _OSC control
[    0.125472] Firmware did not grant requested _OSC control
[    0.125491] Firmware did not grant requested _OSC control
[    0.125500] Firmware did not grant requested _OSC control
[    0.125510] pciehp: PCI Express Hot Plug Controller Driver version: 0.4
[    0.125615] input: Power Button as /devices/LNXSYSTM:00/LNXSYBUS:00/PNP0C0C:00/input/input0
[    0.125618] ACPI: Power Button [PWRB]
[    0.125648] input: Power Button as /devices/LNXSYSTM:00/LNXPWRBN:00/input/input1
[    0.125650] ACPI: Power Button [PWRF]
[    0.126171] ACPI: SSDT cffa0270 0022C (v01 HPQOEM SLIC-CPC 00000011 INTL 20051117)
[    0.126359] processor LNXCPU:00: registered as cooling_device0
[    0.127935] isapnp: Scanning for PnP cards...
[    0.480779] isapnp: No Plug & Play device found
[    0.480790] random 0000 0000 0000 5f8db4e5 4cfdf2a8: initializing
[    0.481704] Serial: 8250/16550 driver, 4 ports, IRQ sharing enabled
[    0.482653] brd: module loaded
[    0.482964] loop: module loaded
[    0.483019] input: Macintosh mouse button emulation as /devices/virtual/input/input2
[    0.483088] ata_piix 0000:00:1f.2: version 2.13
[    0.483201] ACPI: PCI Interrupt Link [LNKD] enabled at IRQ 11
[    0.483203] PCI: setting IRQ 11 as level-triggered
[    0.483207] ata_piix 0000:00:1f.2: PCI INT B -> Link[LNKD] -> GSI 11 (level, low) -> IRQ 11
[    0.483211] ata_piix 0000:00:1f.2: MAP [ P0 P2 P1 P3 ]
[    0.483243] ata_piix 0000:00:1f.2: setting latency timer to 64
[    0.483278] scsi0 : ata_piix
[    0.483325] scsi1 : ata_piix
[    0.484429] ata1: SATA max UDMA/133 cmd 0x1f0 ctl 0x3f6 bmdma 0xff90 irq 14
[    0.484433] ata2: SATA max UDMA/133 cmd 0x170 ctl 0x376 bmdma 0xff98 irq 15
[    0.484684] Fixed MDIO Bus: probed
[    0.484708] PPP generic driver version 2.4.2
[    0.484735] tun: Universal TUN/TAP device driver, 1.6
[    0.484737] tun: (C) 1999-2004 Max Krasnyansky <maxk@qualcomm.com>
[    0.484795] ehci_hcd: USB 2.0 'Enhanced' Host Controller (EHCI) Driver
[    0.484908] ACPI: PCI Interrupt Link [LNKC] enabled at IRQ 11
[    0.484911] ehci_hcd 0000:00:1a.7: PCI INT C -> Link[LNKC] -> GSI 11 (level, low) -> IRQ 11
[    0.484919] ehci_hcd 0000:00:1a.7: setting latency timer to 64
[    0.484922] ehci_hcd 0000:00:1a.7: EHCI Host Controller
[    0.484944] ehci_hcd 0000:00:1a.7: new USB bus registered, assigned bus number 1
[    0.484965] ehci_hcd 0000:00:1a.7: debug port 1
[    0.488844] ehci_hcd 0000:00:1a.7: cache line size of 32 is not supported
[    0.488870] ehci_hcd 0000:00:1a.7: irq 11, io mem 0xfe9ff400
[    0.503991] ehci_hcd 0000:00:1a.7: USB 2.0 started, EHCI 1.00
[    0.504072] usb usb1: configuration #1 chosen from 1 choice
[    0.504097] hub 1-0:1.0: USB hub found
[    0.504108] hub 1-0:1.0: 6 ports detected
[    0.504247] ACPI: PCI Interrupt Link [LNKH] enabled at IRQ 3
[    0.504249] PCI: setting IRQ 3 as level-triggered
[    0.504253] ehci_hcd 0000:00:1d.7: PCI INT A -> Link[LNKH] -> GSI 3 (level, low) -> IRQ 3
[    0.504260] ehci_hcd 0000:00:1d.7: setting latency timer to 64
[    0.504262] ehci_hcd 0000:00:1d.7: EHCI Host Controller
[    0.504284] ehci_hcd 0000:00:1d.7: new USB bus registered, assigned bus number 2
[    0.504304] ehci_hcd 0000:00:1d.7: debug port 1
[    0.508194] ehci_hcd 0000:00:1d.7: cache line size of 32 is not supported
[    0.508199] ehci_hcd 0000:00:1d.7: irq 3, io mem 0xfe9ff800
[    0.523992] ehci_hcd 0000:00:1d.7: USB 2.0 started, EHCI 1.00
[    0.524061] usb usb2: configuration #1 chosen from 1 choice
[    0.524084] hub 2-0:1.0: USB hub found
[    0.524090] hub 2-0:1.0: 6 ports detected
[    0.524133] ohci_hcd: USB 1.1 'Open' Host Controller (OHCI) Driver
[    0.524142] uhci_hcd: USB Universal Host Controller Interface driver
[    0.524155] uhci_hcd 0000:00:1a.0: PCI INT A -> Link[LNKA] -> GSI 10 (level, low) -> IRQ 10
[    0.524159] uhci_hcd 0000:00:1a.0: setting latency timer to 64
[    0.524162] uhci_hcd 0000:00:1a.0: UHCI Host Controller
[    0.524184] uhci_hcd 0000:00:1a.0: new USB bus registered, assigned bus number 3
[    0.524204] uhci_hcd 0000:00:1a.0: irq 10, io base 0x0000c000
[    0.524262] usb usb3: configuration #1 chosen from 1 choice
[    0.524283] hub 3-0:1.0: USB hub found
[    0.524287] hub 3-0:1.0: 2 ports detected
[    0.524419] ACPI: PCI Interrupt Link [LNKF] enabled at IRQ 10
[    0.524422] uhci_hcd 0000:00:1a.1: PCI INT B -> Link[LNKF] -> GSI 10 (level, low) -> IRQ 10
[    0.524426] uhci_hcd 0000:00:1a.1: setting latency timer to 64
[    0.524429] uhci_hcd 0000:00:1a.1: UHCI Host Controller
[    0.524454] uhci_hcd 0000:00:1a.1: new USB bus registered, assigned bus number 4
[    0.524473] uhci_hcd 0000:00:1a.1: irq 10, io base 0x0000c080
[    0.524532] usb usb4: configuration #1 chosen from 1 choice
[    0.524550] hub 4-0:1.0: USB hub found
[    0.524554] hub 4-0:1.0: 2 ports detected
[    0.524684] ACPI: PCI Interrupt Link [LNKE] enabled at IRQ 7
[    0.524686] PCI: setting IRQ 7 as level-triggered
[    0.524690] uhci_hcd 0000:00:1a.2: PCI INT D -> Link[LNKE] -> GSI 7 (level, low) -> IRQ 7
[    0.524694] uhci_hcd 0000:00:1a.2: setting latency timer to 64
[    0.524697] uhci_hcd 0000:00:1a.2: UHCI Host Controller
[    0.524719] uhci_hcd 0000:00:1a.2: new USB bus registered, assigned bus number 5
[    0.524739] uhci_hcd 0000:00:1a.2: irq 7, io base 0x0000c400
[    0.524796] usb usb5: configuration #1 chosen from 1 choice
[    0.524814] hub 5-0:1.0: USB hub found
[    0.524818] hub 5-0:1.0: 2 ports detected
[    0.524848] uhci_hcd 0000:00:1d.0: PCI INT A -> Link[LNKH] -> GSI 3 (level, low) -> IRQ 3
[    0.524853] uhci_hcd 0000:00:1d.0: setting latency timer to 64
[    0.524855] uhci_hcd 0000:00:1d.0: UHCI Host Controller
[    0.524875] uhci_hcd 0000:00:1d.0: new USB bus registered, assigned bus number 6
[    0.524893] uhci_hcd 0000:00:1d.0: irq 3, io base 0x0000c480
[    0.524950] usb usb6: configuration #1 chosen from 1 choice
[    0.524969] hub 6-0:1.0: USB hub found
[    0.524973] hub 6-0:1.0: 2 ports detected
[    0.525005] uhci_hcd 0000:00:1d.1: PCI INT B -> Link[LNKE] -> GSI 7 (level, low) -> IRQ 7
[    0.525009] uhci_hcd 0000:00:1d.1: setting latency timer to 64
[    0.525011] uhci_hcd 0000:00:1d.1: UHCI Host Controller
[    0.525033] uhci_hcd 0000:00:1d.1: new USB bus registered, assigned bus number 7
[    0.525052] uhci_hcd 0000:00:1d.1: irq 7, io base 0x0000c800
[    0.525109] usb usb7: configuration #1 chosen from 1 choice
[    0.525128] hub 7-0:1.0: USB hub found
[    0.525132] hub 7-0:1.0: 2 ports detected
[    0.525160] uhci_hcd 0000:00:1d.2: PCI INT C -> Link[LNKC] -> GSI 11 (level, low) -> IRQ 11
[    0.525164] uhci_hcd 0000:00:1d.2: setting latency timer to 64
[    0.525166] uhci_hcd 0000:00:1d.2: UHCI Host Controller
[    0.525186] uhci_hcd 0000:00:1d.2: new USB bus registered, assigned bus number 8
[    0.525205] uhci_hcd 0000:00:1d.2: irq 11, io base 0x0000c880
[    0.525263] usb usb8: configuration #1 chosen from 1 choice
[    0.525281] hub 8-0:1.0: USB hub found
[    0.525285] hub 8-0:1.0: 2 ports detected
[    0.525351] PNP: No PS/2 controller found. Probing ports directly.
[    0.527800] serio: i8042 KBD port at 0x60,0x64 irq 1
[    0.527805] serio: i8042 AUX port at 0x60,0x64 irq 12
[    0.527880] mice: PS/2 mouse device common for all mice
[    0.527959] rtc_cmos 00:03: RTC can wake from S4
[    0.527993] rtc_cmos 00:03: rtc core: registered rtc_cmos as rtc0
[    0.528009] rtc0: alarms up to one month, y3k, 114 bytes nvram, hpet irqs
[    0.528077] device-mapper: uevent: version 1.0.3
[    0.528136] device-mapper: ioctl: 4.15.0-ioctl (2009-04-01) initialised: dm-devel@redhat.com
[    0.528166] device-mapper: multipath: version 1.1.0 loaded
[    0.528168] device-mapper: multipath round-robin: version 1.0.0 loaded
[    0.528238] EISA: Probing bus 0 at eisa.0
[    0.528242] Cannot allocate resource for EISA slot 1
[    0.528259] EISA: Detected 0 cards.
[    0.528286] cpuidle: using governor ladder
[    0.528287] cpuidle: using governor menu
[    0.528516] random 0000 0000 0000 00000000 00000000: rand_read_num 4 get_random_bytes(136): sig 00000000 00000000 00000000
[    0.528518] random 0000 0000 0000 00000000 00000000: extract_entropy(.. 136 ..)
[    0.528521] random 0000 0000 0000 00000000 00000000: going to reseed nonblocking with 1024 bits (1088 of 0 requested)
[    0.528523] random 0000 0000 0000 00000000 00000000: extract_entropy(.. 128 ..)
[    0.528526] random 0000 0000 0000 00000000 00000000: trying to extract 1024 bits from input
[    0.528528] random 0000 0000 0000 00000000 00000000: debiting 0 entropy credits from input
[    0.528530] random 0000 0000 0000 00000000 00000000: trying to extract 1088 bits from nonblocking
[    0.528533] random 0000 0000 0000 00000000 00000000: debiting 1088 entropy credits from nonblocking (unlimited)
[    0.528563] TCP cubic registered
[    0.528671] NET: Registered protocol family 10
[    0.528708] random 0000 0000 0000 9ff19f9c c07a1d2a: rand_read_num 5 get_random_bytes(4): sig 0000031b 9ff19f9c c07a1d2a
[    0.528710] random 0000 0000 0000 9ff19f9c c07a1d2a: extract_entropy(.. 4 ..)
[    0.528712] random 0000 0000 0000 9ff19f9c c07a1d2a: going to reseed nonblocking with 64 bits (32 of 0 requested)
[    0.528715] random 0000 0000 0000 9ff19f9c c07a1d2a: extract_entropy(.. 8 ..)
[    0.528717] random 0000 0000 0000 9ff19f9c c07a1d2a: trying to extract 64 bits from input
[    0.528719] random 0000 0000 0000 9ff19f9c c07a1d2a: debiting 0 entropy credits from input
[    0.528721] random 0000 0000 0000 9ff19f9c c07a1d2a: trying to extract 32 bits from nonblocking
[    0.528724] random 0000 0000 0000 9ff19f9c c07a1d2a: debiting 32 entropy credits from nonblocking (unlimited)
[    0.529173] NET: Registered protocol family 17
[    0.529447] Using IPI No-Shortcut mode
[    0.529454] random 0000 0000 0000 277f73c3 42024bb9: rand_read_num 6 get_random_bytes(8): sig 000007e9 277f73c3 42024bb9
[    0.529456] random 0000 0000 0000 277f73c3 42024bb9: extract_entropy(.. 8 ..)
[    0.529458] random 0000 0000 0000 277f73c3 42024bb9: going to reseed nonblocking with 64 bits (64 of 0 requested)
[    0.529461] random 0000 0000 0000 277f73c3 42024bb9: extract_entropy(.. 8 ..)
[    0.529463] random 0000 0000 0000 277f73c3 42024bb9: trying to extract 64 bits from input
[    0.529465] random 0000 0000 0000 277f73c3 42024bb9: debiting 0 entropy credits from input
[    0.529467] random 0000 0000 0000 277f73c3 42024bb9: trying to extract 64 bits from nonblocking
[    0.529470] random 0000 0000 0000 277f73c3 42024bb9: debiting 64 entropy credits from nonblocking (unlimited)
[    0.529514] PM: Resume from disk failed.
[    0.529522] registered taskstats version 1
[    0.529525] random 0000 0000 0000 277f73c3 42024bb9: rand_read_num 7 get_random_bytes(12): sig 00000498 277f73c3 42024bb9
[    0.529527] random 0000 0000 0000 277f73c3 42024bb9: extract_entropy(.. 12 ..)
[    0.529530] random 0000 0000 0000 277f73c3 42024bb9: going to reseed nonblocking with 96 bits (96 of 0 requested)
[    0.529532] random 0000 0000 0000 277f73c3 42024bb9: extract_entropy(.. 12 ..)
[    0.529534] random 0000 0000 0000 277f73c3 42024bb9: trying to extract 96 bits from input
[    0.529536] random 0000 0000 0000 277f73c3 42024bb9: debiting 0 entropy credits from input
[    0.529538] random 0000 0000 0000 277f73c3 42024bb9: trying to extract 96 bits from nonblocking
[    0.529541] random 0000 0000 0000 277f73c3 42024bb9: debiting 96 entropy credits from nonblocking (unlimited)
[    0.529790] random 0000 0000 0000 412698f6 0cc8689a: rand_read_num 8 get_random_bytes(64): sig 00000122 412698f6 0cc8689a
[    0.529793] random 0000 0000 0000 412698f6 0cc8689a: extract_entropy(.. 64 ..)
[    0.529795] random 0000 0000 0000 412698f6 0cc8689a: going to reseed nonblocking with 512 bits (512 of 0 requested)
[    0.529798] random 0000 0000 0000 412698f6 0cc8689a: extract_entropy(.. 64 ..)
[    0.529800] random 0000 0000 0000 412698f6 0cc8689a: trying to extract 512 bits from input
[    0.529802] random 0000 0000 0000 412698f6 0cc8689a: debiting 0 entropy credits from input
[    0.529804] random 0000 0000 0000 412698f6 0cc8689a: trying to extract 512 bits from nonblocking
[    0.529807] random 0000 0000 0000 412698f6 0cc8689a: debiting 512 entropy credits from nonblocking (unlimited)
[    0.529821]   Magic number: 5:349:12
[    0.529866] rtc_cmos 00:03: setting system clock to 2013-03-25 05:00:17 UTC (1364187617)
[    0.529868] BIOS EDD facility v0.16 2004-Jun-25, 0 devices found
[    0.529869] EDD information not available.
[    0.529892] random 0000 0000 0000 70cfd302 e5edec11: rand_read_num 9 get_random_bytes(64): sig fffffdc1 70cfd302 e5edec11
[    0.529894] random 0000 0000 0000 70cfd302 e5edec11: extract_entropy(.. 64 ..)
[    0.529896] random 0000 0000 0000 70cfd302 e5edec11: going to reseed nonblocking with 512 bits (512 of 0 requested)
[    0.529899] random 0000 0000 0000 70cfd302 e5edec11: extract_entropy(.. 64 ..)
[    0.529901] random 0000 0000 0000 70cfd302 e5edec11: trying to extract 512 bits from input
[    0.529903] random 0000 0000 0000 70cfd302 e5edec11: debiting 0 entropy credits from input
[    0.529905] random 0000 0000 0000 70cfd302 e5edec11: trying to extract 512 bits from nonblocking
[    0.529908] random 0000 0000 0000 70cfd302 e5edec11: debiting 512 entropy credits from nonblocking (unlimited)
[    0.529921] BEGIN NET_SECRET:
[    0.529922] \x18
[    0.529923] \x5c
[    0.529924] \x2b
[    0.529925] \x1
[    0.529926] \xffffff90
[    0.529926] \x19
[    0.529927] \x3c
[    0.529928] \xfffffff2
[    0.529929] \xffffff82
[    0.529930] \x2a
[    0.529931] \xffffffb3
[    0.529932] \xffffffa2
[    0.529933] \x3f
[    0.529933] \x5
[    0.529934] \x52
[    0.529935] \x77
[    0.529936] \x57
[    0.529937] \x79
[    0.529937] \x16
[    0.529938] \x43
[    0.529939] \xffffff84
[    0.529940] \xffffffc3
[    0.529941] \xffffffe9
[    0.529942] \x79
[    0.529942] \x50
[    0.529943] \xffffff8e
[    0.529944] \x3f
[    0.529945] \xfffffff3
[    0.529946] \x19
[    0.529947] \x2a
[    0.529947] \xfffffffd
[    0.529948] \xfffffffb
[    0.529949] \x62
[    0.529950] \x3c
[    0.529951] \xffffffac
[    0.529952] \x1c
[    0.529952] \x3b
[    0.529953] \x3b
[    0.529954] \x15
[    0.529955] \x27
[    0.529955] \xffffffa8
[    0.529956] \x22
[    0.529957] \xffffffc5
[    0.529958] \xffffff9a
[    0.529959] \x5
[    0.529960] \x6c
[    0.529960] \xffffffa8
[    0.529961] \x3a
[    0.529962] \x44
[    0.529963] \xffffffaf
[    0.529964] \x13
[    0.529965] \xffffffe0
[    0.529965] \xffffff9d
[    0.529966] \x22
[    0.529967] \xf
[    0.529968] \xffffffc9
[    0.529969] \x6c
[    0.529970] \x28
[    0.529970] \xffffff87
[    0.529971] \x79
[    0.529972] \x69
[    0.529973] \xffffff91
[    0.529974] \xffffff8a
[    0.529974] \xfffffff9
[    0.529975] 
[    0.529976] END NET_SECRET
[    0.529978] random 0000 0000 0000 e7f555d9 e8ce5c3c: rand_read_num 10 get_random_bytes(4): sig ffffff72 e7f555d9 e8ce5c3c
[    0.529981] random 0000 0000 0000 e7f555d9 e8ce5c3c: extract_entropy(.. 4 ..)
[    0.529983] random 0000 0000 0000 e7f555d9 e8ce5c3c: going to reseed nonblocking with 64 bits (32 of 0 requested)
[    0.529985] random 0000 0000 0000 e7f555d9 e8ce5c3c: extract_entropy(.. 8 ..)
[    0.529987] random 0000 0000 0000 e7f555d9 e8ce5c3c: trying to extract 64 bits from input
[    0.529989] random 0000 0000 0000 e7f555d9 e8ce5c3c: debiting 0 entropy credits from input
[    0.529992] random 0000 0000 0000 e7f555d9 e8ce5c3c: trying to extract 32 bits from nonblocking
[    0.529994] random 0000 0000 0000 e7f555d9 e8ce5c3c: debiting 32 entropy credits from nonblocking (unlimited)
[    0.816013] usb 1-6: new high speed USB device using ehci_hcd and address 2
[    1.031368] usb 1-6: configuration #1 chosen from 1 choice
[    1.280061] ata1.00: SATA link up 3.0 Gbps (SStatus 123 SControl 300)
[    1.280071] ata1.01: SATA link down (SStatus 0 SControl 300)
[    1.284057] ata2.00: SATA link up 1.5 Gbps (SStatus 113 SControl 300)
[    1.284068] ata2.01: SATA link down (SStatus 0 SControl 300)
[    1.284078] ata2.01: link offline, clearing class 3 to NONE
[    1.288346] ata2.00: ATAPI: TSSTcorp CDDVDW TS-H653R, 0301, max UDMA/33
[    1.288432] ata1.00: ATA-8: WDC WD6400AAKS-65A7B2, 01.03B01, max UDMA/133
[    1.288435] ata1.00: 1250263728 sectors, multi 16: LBA48 NCQ (depth 0/32)
[    1.304362] ata1.00: configured for UDMA/133
[    1.304446] scsi 0:0:0:0: Direct-Access     ATA      WDC WD6400AAKS-6 01.0 PQ: 0 ANSI: 5
[    1.304521] sd 0:0:0:0: Attached scsi generic sg0 type 0
[    1.304567] sd 0:0:0:0: [sda] 1250263728 512-byte logical blocks: (640 GB/596 GiB)
[    1.304599] sd 0:0:0:0: [sda] Write Protect is off
[    1.304601] sd 0:0:0:0: [sda] Mode Sense: 00 3a 00 00
[    1.304618] sd 0:0:0:0: [sda] Write cache: enabled, read cache: enabled, doesn't support DPO or FUA
[    1.304703]  sda:
[    1.304797] ata2.00: configured for UDMA/33
[    1.305707] scsi 1:0:0:0: CD-ROM            TSSTcorp CDDVDW TS-H653R  0301 PQ: 0 ANSI: 5
[    1.310607] sr0: scsi3-mmc drive: 40x/40x writer dvd-ram cd/rw xa/form2 cdda tray
[    1.310609] Uniform CD-ROM driver Revision: 3.20
[    1.310675] sr 1:0:0:0: Attached scsi CD-ROM sr0
[    1.310715] sr 1:0:0:0: Attached scsi generic sg1 type 5
[    1.323412] random 0000 0000 0000 91716c54 eeb6a1e7: add_disk_randomness(8:0) 91716c54 eeb6a1e7
[    1.323415] random 0000 0000 0000 91716c54 eeb6a1e7: add_timer_randomness(.. 8388864)
[    1.323419] random 0000 0000 0000 91716c54 eeb6a1e7: added 11 entropy credits to input
[    1.323433]  sda1 sda2 <
[    1.353136] random 0011 0000 0000 91716c54 eeb6a1e7: add_disk_randomness(8:0) 91716c54 eeb6a1e7
[    1.353139] random 0011 0000 0000 91716c54 eeb6a1e7: add_timer_randomness(.. 8388864)
[    1.353143] random 0011 0000 0000 91716c54 eeb6a1e7: added 3 entropy credits to input
[    1.353150]  sda5 >
[    1.353336] sd 0:0:0:0: [sda] Attached SCSI disk
[    1.353345] md: Waiting for all devices to be available before autodetect
[    1.353347] md: If you don't use raid, use raid=noautodetect
[    1.353407] md: Autodetecting RAID arrays.
[    1.353408] md: Scanned 0 and added 0 devices.
[    1.353409] md: autorun ...
[    1.353410] md: ... autorun DONE.
[    1.381639] random 0014 0000 0000 91716c54 eeb6a1e7: add_disk_randomness(8:0) 91716c54 eeb6a1e7
[    1.381642] random 0014 0000 0000 91716c54 eeb6a1e7: add_timer_randomness(.. 8388864)
[    1.381651] EXT3-fs: sda1: couldn't mount because of unsupported optional features (240).
[    1.382301] random 0014 0000 0000 91716c54 eeb6a1e7: add_disk_randomness(8:0) 91716c54 eeb6a1e7
[    1.382304] random 0014 0000 0000 91716c54 eeb6a1e7: add_timer_randomness(.. 8388864)
[    1.382311] EXT2-fs: sda1: couldn't mount because of unsupported optional features (240).
[    1.382491] random 0014 0000 0000 91716c54 eeb6a1e7: add_disk_randomness(8:0) 91716c54 eeb6a1e7
[    1.382494] random 0014 0000 0000 91716c54 eeb6a1e7: add_timer_randomness(.. 8388864)
[    1.384016] usb 7-2: new low speed USB device using uhci_hcd and address 2
[    1.389988] random 0014 0000 0000 91716c54 eeb6a1e7: add_disk_randomness(8:0) 91716c54 eeb6a1e7
[    1.389991] random 0014 0000 0000 91716c54 eeb6a1e7: add_timer_randomness(.. 8388864)
[    1.389994] random 0014 0000 0000 91716c54 eeb6a1e7: added 1 entropy credits to input
[    1.390161] random 0015 0000 0000 91716c54 eeb6a1e7: add_disk_randomness(8:0) 91716c54 eeb6a1e7
[    1.390164] random 0015 0000 0000 91716c54 eeb6a1e7: add_timer_randomness(.. 8388864)
[    1.390308] random 0015 0000 0000 91716c54 eeb6a1e7: add_disk_randomness(8:0) 91716c54 eeb6a1e7
[    1.390311] random 0015 0000 0000 91716c54 eeb6a1e7: add_timer_randomness(.. 8388864)
[    1.390457] random 0015 0000 0000 91716c54 eeb6a1e7: add_disk_randomness(8:0) 91716c54 eeb6a1e7
[    1.390460] random 0015 0000 0000 91716c54 eeb6a1e7: add_timer_randomness(.. 8388864)
[    1.390608] random 0015 0000 0000 91716c54 eeb6a1e7: add_disk_randomness(8:0) 91716c54 eeb6a1e7
[    1.390611] random 0015 0000 0000 91716c54 eeb6a1e7: add_timer_randomness(.. 8388864)
[    1.390759] random 0015 0000 0000 91716c54 eeb6a1e7: add_disk_randomness(8:0) 91716c54 eeb6a1e7
[    1.390762] random 0015 0000 0000 91716c54 eeb6a1e7: add_timer_randomness(.. 8388864)
[    1.390910] random 0015 0000 0000 91716c54 eeb6a1e7: add_disk_randomness(8:0) 91716c54 eeb6a1e7
[    1.390913] random 0015 0000 0000 91716c54 eeb6a1e7: add_timer_randomness(.. 8388864)
[    1.391061] random 0015 0000 0000 91716c54 eeb6a1e7: add_disk_randomness(8:0) 91716c54 eeb6a1e7
[    1.391064] random 0015 0000 0000 91716c54 eeb6a1e7: add_timer_randomness(.. 8388864)
[    1.391212] random 0015 0000 0000 91716c54 eeb6a1e7: add_disk_randomness(8:0) 91716c54 eeb6a1e7
[    1.391214] random 0015 0000 0000 91716c54 eeb6a1e7: add_timer_randomness(.. 8388864)
[    1.399367] random 0015 0000 0000 91716c54 eeb6a1e7: add_disk_randomness(8:0) 91716c54 eeb6a1e7
[    1.399370] random 0015 0000 0000 91716c54 eeb6a1e7: add_timer_randomness(.. 8388864)
[    1.399373] random 0015 0000 0000 91716c54 eeb6a1e7: added 1 entropy credits to input
[    1.399593] random 0016 0000 0000 91716c54 eeb6a1e7: add_disk_randomness(8:0) 91716c54 eeb6a1e7
[    1.399596] random 0016 0000 0000 91716c54 eeb6a1e7: add_timer_randomness(.. 8388864)
[    1.399831] random 0016 0000 0000 91716c54 eeb6a1e7: add_disk_randomness(8:0) 91716c54 eeb6a1e7
[    1.399834] random 0016 0000 0000 91716c54 eeb6a1e7: add_timer_randomness(.. 8388864)
[    1.400068] random 0016 0000 0000 91716c54 eeb6a1e7: add_disk_randomness(8:0) 91716c54 eeb6a1e7
[    1.400071] random 0016 0000 0000 91716c54 eeb6a1e7: add_timer_randomness(.. 8388864)
[    1.400257] random 0016 0000 0000 91716c54 eeb6a1e7: add_disk_randomness(8:0) 91716c54 eeb6a1e7
[    1.400259] random 0016 0000 0000 91716c54 eeb6a1e7: add_timer_randomness(.. 8388864)
[    1.400434] random 0016 0000 0000 91716c54 eeb6a1e7: add_disk_randomness(8:0) 91716c54 eeb6a1e7
[    1.400437] random 0016 0000 0000 91716c54 eeb6a1e7: add_timer_randomness(.. 8388864)
[    1.400615] random 0016 0000 0000 91716c54 eeb6a1e7: add_disk_randomness(8:0) 91716c54 eeb6a1e7
[    1.400617] random 0016 0000 0000 91716c54 eeb6a1e7: add_timer_randomness(.. 8388864)
[    1.400795] random 0016 0000 0000 91716c54 eeb6a1e7: add_disk_randomness(8:0) 91716c54 eeb6a1e7
[    1.400798] random 0016 0000 0000 91716c54 eeb6a1e7: add_timer_randomness(.. 8388864)
[    1.400976] random 0016 0000 0000 91716c54 eeb6a1e7: add_disk_randomness(8:0) 91716c54 eeb6a1e7
[    1.400979] random 0016 0000 0000 91716c54 eeb6a1e7: add_timer_randomness(.. 8388864)
[    1.401162] random 0016 0000 0000 91716c54 eeb6a1e7: add_disk_randomness(8:0) 91716c54 eeb6a1e7
[    1.401164] random 0016 0000 0000 91716c54 eeb6a1e7: add_timer_randomness(.. 8388864)
[    1.401339] random 0016 0000 0000 91716c54 eeb6a1e7: add_disk_randomness(8:0) 91716c54 eeb6a1e7
[    1.401342] random 0016 0000 0000 91716c54 eeb6a1e7: add_timer_randomness(.. 8388864)
[    1.401520] random 0016 0000 0000 91716c54 eeb6a1e7: add_disk_randomness(8:0) 91716c54 eeb6a1e7
[    1.401522] random 0016 0000 0000 91716c54 eeb6a1e7: add_timer_randomness(.. 8388864)
[    1.401700] random 0016 0000 0000 91716c54 eeb6a1e7: add_disk_randomness(8:0) 91716c54 eeb6a1e7
[    1.401703] random 0016 0000 0000 91716c54 eeb6a1e7: add_timer_randomness(.. 8388864)
[    1.401881] random 0016 0000 0000 91716c54 eeb6a1e7: add_disk_randomness(8:0) 91716c54 eeb6a1e7
[    1.401884] random 0016 0000 0000 91716c54 eeb6a1e7: add_timer_randomness(.. 8388864)
[    1.402067] random 0016 0000 0000 91716c54 eeb6a1e7: add_disk_randomness(8:0) 91716c54 eeb6a1e7
[    1.402069] random 0016 0000 0000 91716c54 eeb6a1e7: add_timer_randomness(.. 8388864)
[    1.402246] random 0016 0000 0000 91716c54 eeb6a1e7: add_disk_randomness(8:0) 91716c54 eeb6a1e7
[    1.402249] random 0016 0000 0000 91716c54 eeb6a1e7: add_timer_randomness(.. 8388864)
[    1.402427] random 0016 0000 0000 91716c54 eeb6a1e7: add_disk_randomness(8:0) 91716c54 eeb6a1e7
[    1.402429] random 0016 0000 0000 91716c54 eeb6a1e7: add_timer_randomness(.. 8388864)
[    1.402607] random 0016 0000 0000 91716c54 eeb6a1e7: add_disk_randomness(8:0) 91716c54 eeb6a1e7
[    1.402610] random 0016 0000 0000 91716c54 eeb6a1e7: add_timer_randomness(.. 8388864)
[    1.402789] random 0016 0000 0000 91716c54 eeb6a1e7: add_disk_randomness(8:0) 91716c54 eeb6a1e7
[    1.402791] random 0016 0000 0000 91716c54 eeb6a1e7: add_timer_randomness(.. 8388864)
[    1.402975] random 0016 0000 0000 91716c54 eeb6a1e7: add_disk_randomness(8:0) 91716c54 eeb6a1e7
[    1.402977] random 0016 0000 0000 91716c54 eeb6a1e7: add_timer_randomness(.. 8388864)
[    1.403152] random 0016 0000 0000 91716c54 eeb6a1e7: add_disk_randomness(8:0) 91716c54 eeb6a1e7
[    1.403154] random 0016 0000 0000 91716c54 eeb6a1e7: add_timer_randomness(.. 8388864)
[    1.403332] random 0016 0000 0000 91716c54 eeb6a1e7: add_disk_randomness(8:0) 91716c54 eeb6a1e7
[    1.403335] random 0016 0000 0000 91716c54 eeb6a1e7: add_timer_randomness(.. 8388864)
[    1.403512] random 0016 0000 0000 91716c54 eeb6a1e7: add_disk_randomness(8:0) 91716c54 eeb6a1e7
[    1.403515] random 0016 0000 0000 91716c54 eeb6a1e7: add_timer_randomness(.. 8388864)
[    1.403693] random 0016 0000 0000 91716c54 eeb6a1e7: add_disk_randomness(8:0) 91716c54 eeb6a1e7
[    1.403696] random 0016 0000 0000 91716c54 eeb6a1e7: add_timer_randomness(.. 8388864)
[    1.403879] random 0016 0000 0000 91716c54 eeb6a1e7: add_disk_randomness(8:0) 91716c54 eeb6a1e7
[    1.403882] random 0016 0000 0000 91716c54 eeb6a1e7: add_timer_randomness(.. 8388864)
[    1.404057] random 0016 0000 0000 91716c54 eeb6a1e7: add_disk_randomness(8:0) 91716c54 eeb6a1e7
[    1.404059] random 0016 0000 0000 91716c54 eeb6a1e7: add_timer_randomness(.. 8388864)
[    1.404240] random 0016 0000 0000 91716c54 eeb6a1e7: add_disk_randomness(8:0) 91716c54 eeb6a1e7
[    1.404243] random 0016 0000 0000 91716c54 eeb6a1e7: add_timer_randomness(.. 8388864)
[    1.404421] random 0016 0000 0000 91716c54 eeb6a1e7: add_disk_randomness(8:0) 91716c54 eeb6a1e7
[    1.404423] random 0016 0000 0000 91716c54 eeb6a1e7: add_timer_randomness(.. 8388864)
[    1.404599] random 0016 0000 0000 91716c54 eeb6a1e7: add_disk_randomness(8:0) 91716c54 eeb6a1e7
[    1.404602] random 0016 0000 0000 91716c54 eeb6a1e7: add_timer_randomness(.. 8388864)
[    1.406124] random 0016 0000 0000 91716c54 eeb6a1e7: rand_read_num 11 get_random_bytes(4): sig fffffcad 91716c54 eeb6a1e7
[    1.406127] random 0016 0000 0000 91716c54 eeb6a1e7: extract_entropy(.. 4 ..)
[    1.406129] random 0016 0000 0000 91716c54 eeb6a1e7: going to reseed nonblocking with 64 bits (32 of 0 requested)
[    1.406132] random 0016 0000 0000 91716c54 eeb6a1e7: extract_entropy(.. 8 ..)
[    1.406134] random 0016 0000 0000 91716c54 eeb6a1e7: trying to extract 64 bits from input
[    1.406136] random 0016 0000 0000 91716c54 eeb6a1e7: debiting 0 entropy credits from input
[    1.406139] random 0016 0000 0000 91716c54 eeb6a1e7: trying to extract 32 bits from nonblocking
[    1.406141] random 0016 0000 0000 91716c54 eeb6a1e7: debiting 32 entropy credits from nonblocking (unlimited)
[    1.411140] random 0016 0000 0000 fd637b06 6cf47bc1: add_disk_randomness(8:0) fd637b06 6cf47bc1
[    1.411143] random 0016 0000 0000 fd637b06 6cf47bc1: add_timer_randomness(.. 8388864)
[    1.432265] random 0016 0000 0000 fd637b06 6cf47bc1: add_disk_randomness(8:0) fd637b06 6cf47bc1
[    1.432268] random 0016 0000 0000 fd637b06 6cf47bc1: add_timer_randomness(.. 8388864)
[    1.432271] random 0016 0000 0000 fd637b06 6cf47bc1: added 2 entropy credits to input
[    1.474997] EXT4-fs (sda1): mounted filesystem with ordered data mode
[    1.475005] VFS: Mounted root (ext4 filesystem) readonly on device 8:1.
[    1.490040] random 0018 0000 0000 fd637b06 6cf47bc1: add_disk_randomness(8:0) fd637b06 6cf47bc1
[    1.490042] random 0018 0000 0000 fd637b06 6cf47bc1: add_timer_randomness(.. 8388864)
[    1.490046] random 0018 0000 0000 fd637b06 6cf47bc1: added 1 entropy credits to input
[    1.511469] random 0019 0000 0000 fd637b06 6cf47bc1: add_disk_randomness(8:0) fd637b06 6cf47bc1
[    1.511472] random 0019 0000 0000 fd637b06 6cf47bc1: add_timer_randomness(.. 8388864)
[    1.511476] random 0019 0000 0000 fd637b06 6cf47bc1: added 2 entropy credits to input
[    1.511486] devtmpfs: mounted
[    1.511503] Freeing unused kernel memory: 676k freed
[    1.511724] Write protecting the kernel text: 4764k
[    1.511764] Write protecting the kernel read-only data: 1836k
[    1.533453] random 0021 0000 0000 fd637b06 6cf47bc1: add_disk_randomness(8:0) fd637b06 6cf47bc1
[    1.533456] random 0021 0000 0000 fd637b06 6cf47bc1: add_timer_randomness(.. 8388864)
[    1.541575] random 0021 0000 0000 fd637b06 6cf47bc1: add_disk_randomness(8:0) fd637b06 6cf47bc1
[    1.541578] random 0021 0000 0000 fd637b06 6cf47bc1: add_timer_randomness(.. 8388864)
[    1.541581] random 0021 0000 0000 fd637b06 6cf47bc1: added 1 entropy credits to input
[    1.549857] random 0022 0000 0000 fd637b06 6cf47bc1: add_disk_randomness(8:0) fd637b06 6cf47bc1
[    1.549860] random 0022 0000 0000 fd637b06 6cf47bc1: add_timer_randomness(.. 8388864)
[    1.563999] random 0022 0000 0000 fd637b06 6cf47bc1: add_disk_randomness(8:0) fd637b06 6cf47bc1
[    1.564002] random 0022 0000 0000 fd637b06 6cf47bc1: add_timer_randomness(.. 8388864)
[    1.564216] usb 7-2: configuration #1 chosen from 1 choice
[    1.572127] random 0022 0000 0000 fd637b06 6cf47bc1: add_disk_randomness(8:0) fd637b06 6cf47bc1
[    1.572131] random 0022 0000 0000 fd637b06 6cf47bc1: add_timer_randomness(.. 8388864)
[    1.574170] random 0022 0000 0000 fd637b06 6cf47bc1: add_disk_randomness(8:0) fd637b06 6cf47bc1
[    1.574173] random 0022 0000 0000 fd637b06 6cf47bc1: add_timer_randomness(.. 8388864)
[    1.585453] random 0022 0000 0000 fd637b06 6cf47bc1: add_disk_randomness(8:0) fd637b06 6cf47bc1
[    1.585456] random 0022 0000 0000 fd637b06 6cf47bc1: add_timer_randomness(.. 8388864)
[    1.585459] random 0022 0000 0000 fd637b06 6cf47bc1: added 1 entropy credits to input
[    1.595280] random 0023 0000 0000 fd637b06 6cf47bc1: add_disk_randomness(8:0) fd637b06 6cf47bc1
[    1.595282] random 0023 0000 0000 fd637b06 6cf47bc1: add_timer_randomness(.. 8388864)
[    1.595768] random 0023 0000 0000 fd637b06 6cf47bc1: add_disk_randomness(8:0) fd637b06 6cf47bc1
[    1.595770] random 0023 0000 0000 fd637b06 6cf47bc1: add_timer_randomness(.. 8388864)
[    1.596560] random 0023 0000 0000 fd637b06 6cf47bc1: add_disk_randomness(8:0) fd637b06 6cf47bc1
[    1.596562] random 0023 0000 0000 fd637b06 6cf47bc1: add_timer_randomness(.. 8388864)
[    1.596581] random 0023 0000 0000 fd637b06 6cf47bc1: rand_read_num 12 get_random_bytes(16): sig fffffede fd637b06 6cf47bc1
[    1.596584] random 0023 0000 0000 fd637b06 6cf47bc1: extract_entropy(.. 16 ..)
[    1.596588] random 0023 0000 0000 fd637b06 6cf47bc1: going to reseed nonblocking with 128 bits (128 of 0 requested)
[    1.596591] random 0023 0000 0000 fd637b06 6cf47bc1: extract_entropy(.. 16 ..)
[    1.596593] random 0023 0000 0000 fd637b06 6cf47bc1: trying to extract 128 bits from input
[    1.596596] random 0023 0000 0000 fd637b06 6cf47bc1: debiting 0 entropy credits from input
[    1.596599] random 0023 0000 0000 fd637b06 6cf47bc1: trying to extract 128 bits from nonblocking
[    1.596602] random 0023 0000 0000 fd637b06 6cf47bc1: debiting 128 entropy credits from nonblocking (unlimited)
[    1.596917] random 0023 0000 0000 0ec1f012 d4727ca8: add_disk_randomness(8:0) 0ec1f012 d4727ca8
[    1.596920] random 0023 0000 0000 0ec1f012 d4727ca8: add_timer_randomness(.. 8388864)
[    1.615499] random 0023 0000 0000 0ec1f012 d4727ca8: add_disk_randomness(8:0) 0ec1f012 d4727ca8
[    1.615502] random 0023 0000 0000 0ec1f012 d4727ca8: add_timer_randomness(.. 8388864)
[    1.615506] random 0023 0000 0000 0ec1f012 d4727ca8: added 2 entropy credits to input
[    1.622734] random 0025 0000 0000 0ec1f012 d4727ca8: add_disk_randomness(8:0) 0ec1f012 d4727ca8
[    1.622737] random 0025 0000 0000 0ec1f012 d4727ca8: add_timer_randomness(.. 8388864)
[    1.622740] random 0025 0000 0000 0ec1f012 d4727ca8: added 1 entropy credits to input
[    1.623022] random 0026 0000 0000 0ec1f012 d4727ca8: add_disk_randomness(8:0) 0ec1f012 d4727ca8
[    1.623025] random 0026 0000 0000 0ec1f012 d4727ca8: add_timer_randomness(.. 8388864)
[    1.626726] random 0026 0000 0000 0ec1f012 d4727ca8: add_disk_randomness(8:0) 0ec1f012 d4727ca8
[    1.626729] random 0026 0000 0000 0ec1f012 d4727ca8: add_timer_randomness(.. 8388864)
[    1.643043] random 0026 0000 0000 0ec1f012 d4727ca8: add_disk_randomness(8:0) 0ec1f012 d4727ca8
[    1.643046] random 0026 0000 0000 0ec1f012 d4727ca8: add_timer_randomness(.. 8388864)
[    1.643050] random 0026 0000 0000 0ec1f012 d4727ca8: added 1 entropy credits to input
[    1.667138] random 0027 0000 0000 0ec1f012 d4727ca8: add_disk_randomness(8:0) 0ec1f012 d4727ca8
[    1.667141] random 0027 0000 0000 0ec1f012 d4727ca8: add_timer_randomness(.. 8388864)
[    1.667995] random 0027 0000 0000 0ec1f012 d4727ca8: add_disk_randomness(8:0) 0ec1f012 d4727ca8
[    1.667998] random 0027 0000 0000 0ec1f012 d4727ca8: add_timer_randomness(.. 8388864)
[    1.668191] random 0027 0000 0000 0ec1f012 d4727ca8: add_disk_randomness(8:0) 0ec1f012 d4727ca8
[    1.668194] random 0027 0000 0000 0ec1f012 d4727ca8: add_timer_randomness(.. 8388864)
[    1.675224] random 0027 0000 0000 0ec1f012 d4727ca8: add_disk_randomness(8:0) 0ec1f012 d4727ca8
[    1.675227] random 0027 0000 0000 0ec1f012 d4727ca8: add_timer_randomness(.. 8388864)
[    1.675488] random 0027 0000 0000 0ec1f012 d4727ca8: add_disk_randomness(8:0) 0ec1f012 d4727ca8
[    1.675491] random 0027 0000 0000 0ec1f012 d4727ca8: add_timer_randomness(.. 8388864)
[    1.684510] random 0027 0000 0000 0ec1f012 d4727ca8: add_disk_randomness(8:0) 0ec1f012 d4727ca8
[    1.684514] random 0027 0000 0000 0ec1f012 d4727ca8: add_timer_randomness(.. 8388864)
[    1.684517] random 0027 0000 0000 0ec1f012 d4727ca8: added 1 entropy credits to input
[    1.688170] random 0028 0000 0000 0ec1f012 d4727ca8: add_disk_randomness(8:0) 0ec1f012 d4727ca8
[    1.688173] random 0028 0000 0000 0ec1f012 d4727ca8: add_timer_randomness(.. 8388864)
[    1.688862] random 0028 0000 0000 0ec1f012 d4727ca8: add_disk_randomness(8:0) 0ec1f012 d4727ca8
[    1.688865] random 0028 0000 0000 0ec1f012 d4727ca8: add_timer_randomness(.. 8388864)
[    1.689053] random 0028 0000 0000 0ec1f012 d4727ca8: add_disk_randomness(8:0) 0ec1f012 d4727ca8
[    1.689056] random 0028 0000 0000 0ec1f012 d4727ca8: add_timer_randomness(.. 8388864)
[    1.689229] random 0028 0000 0000 0ec1f012 d4727ca8: add_disk_randomness(8:0) 0ec1f012 d4727ca8
[    1.689232] random 0028 0000 0000 0ec1f012 d4727ca8: add_timer_randomness(.. 8388864)
[    1.689390] random 0028 0000 0000 0ec1f012 d4727ca8: add_disk_randomness(8:0) 0ec1f012 d4727ca8
[    1.689393] random 0028 0000 0000 0ec1f012 d4727ca8: add_timer_randomness(.. 8388864)
[    1.696394] random 0028 0000 0000 0ec1f012 d4727ca8: add_disk_randomness(8:0) 0ec1f012 d4727ca8
[    1.696397] random 0028 0000 0000 0ec1f012 d4727ca8: add_timer_randomness(.. 8388864)
[    1.696400] random 0028 0000 0000 0ec1f012 d4727ca8: added 1 entropy credits to input
[    1.698575] random 0029 0000 0000 0ec1f012 d4727ca8: add_disk_randomness(8:0) 0ec1f012 d4727ca8
[    1.698578] random 0029 0000 0000 0ec1f012 d4727ca8: add_timer_randomness(.. 8388864)
[    1.705734] random 0029 0000 0000 0ec1f012 d4727ca8: add_disk_randomness(8:0) 0ec1f012 d4727ca8
[    1.705737] random 0029 0000 0000 0ec1f012 d4727ca8: add_timer_randomness(.. 8388864)
[    1.705741] random 0029 0000 0000 0ec1f012 d4727ca8: added 1 entropy credits to input
[    1.706012] random 0030 0000 0000 0ec1f012 d4727ca8: add_disk_randomness(8:0) 0ec1f012 d4727ca8
[    1.706015] random 0030 0000 0000 0ec1f012 d4727ca8: add_timer_randomness(.. 8388864)
[    1.714996] random 0030 0000 0000 0ec1f012 d4727ca8: add_disk_randomness(8:0) 0ec1f012 d4727ca8
[    1.714999] random 0030 0000 0000 0ec1f012 d4727ca8: add_timer_randomness(.. 8388864)
[    1.715003] random 0030 0000 0000 0ec1f012 d4727ca8: added 1 entropy credits to input
[    1.719729] random 0031 0000 0000 0ec1f012 d4727ca8: add_disk_randomness(8:0) 0ec1f012 d4727ca8
[    1.719732] random 0031 0000 0000 0ec1f012 d4727ca8: add_timer_randomness(.. 8388864)
[    1.725799] random 0031 0000 0000 0ec1f012 d4727ca8: add_disk_randomness(8:0) 0ec1f012 d4727ca8
[    1.725802] random 0031 0000 0000 0ec1f012 d4727ca8: add_timer_randomness(.. 8388864)
[    1.726043] random 0031 0000 0000 0ec1f012 d4727ca8: add_disk_randomness(8:0) 0ec1f012 d4727ca8
[    1.726046] random 0031 0000 0000 0ec1f012 d4727ca8: add_timer_randomness(.. 8388864)
[    1.726303] random 0031 0000 0000 0ec1f012 d4727ca8: add_disk_randomness(8:0) 0ec1f012 d4727ca8
[    1.726306] random 0031 0000 0000 0ec1f012 d4727ca8: add_timer_randomness(.. 8388864)
[    1.731230] random 0031 0000 0000 0ec1f012 d4727ca8: add_disk_randomness(8:0) 0ec1f012 d4727ca8
[    1.731233] random 0031 0000 0000 0ec1f012 d4727ca8: add_timer_randomness(.. 8388864)
[    1.736654] random 0031 0000 0000 0ec1f012 d4727ca8: add_disk_randomness(8:0) 0ec1f012 d4727ca8
[    1.736657] random 0031 0000 0000 0ec1f012 d4727ca8: add_timer_randomness(.. 8388864)
[    1.737318] random 0031 0000 0000 0ec1f012 d4727ca8: add_disk_randomness(8:0) 0ec1f012 d4727ca8
[    1.737321] random 0031 0000 0000 0ec1f012 d4727ca8: add_timer_randomness(.. 8388864)
[    1.742866] random 0031 0000 0000 0ec1f012 d4727ca8: add_disk_randomness(8:0) 0ec1f012 d4727ca8
[    1.742869] random 0031 0000 0000 0ec1f012 d4727ca8: add_timer_randomness(.. 8388864)
[    1.743558] random 0031 0000 0000 0ec1f012 d4727ca8: add_disk_randomness(8:0) 0ec1f012 d4727ca8
[    1.743561] random 0031 0000 0000 0ec1f012 d4727ca8: add_timer_randomness(.. 8388864)
[    1.744101] random 0031 0000 0000 0ec1f012 d4727ca8: add_disk_randomness(8:0) 0ec1f012 d4727ca8
[    1.744104] random 0031 0000 0000 0ec1f012 d4727ca8: add_timer_randomness(.. 8388864)
[    1.752293] random 0031 0000 0000 0ec1f012 d4727ca8: add_disk_randomness(8:0) 0ec1f012 d4727ca8
[    1.752296] random 0031 0000 0000 0ec1f012 d4727ca8: add_timer_randomness(.. 8388864)
[    1.752676] random 0031 0000 0000 0ec1f012 d4727ca8: add_disk_randomness(8:0) 0ec1f012 d4727ca8
[    1.752679] random 0031 0000 0000 0ec1f012 d4727ca8: add_timer_randomness(.. 8388864)
[    1.753260] random 0031 0000 0000 0ec1f012 d4727ca8: add_disk_randomness(8:0) 0ec1f012 d4727ca8
[    1.753264] random 0031 0000 0000 0ec1f012 d4727ca8: add_timer_randomness(.. 8388864)
[    1.770035] random 0031 0000 0000 0ec1f012 d4727ca8: add_disk_randomness(8:0) 0ec1f012 d4727ca8
[    1.770038] random 0031 0000 0000 0ec1f012 d4727ca8: add_timer_randomness(.. 8388864)
[    1.770042] random 0031 0000 0000 0ec1f012 d4727ca8: added 2 entropy credits to input
[    1.790326] random 0033 0000 0000 0ec1f012 d4727ca8: add_disk_randomness(8:0) 0ec1f012 d4727ca8
[    1.790329] random 0033 0000 0000 0ec1f012 d4727ca8: add_timer_randomness(.. 8388864)
[    1.812827] random 0033 0000 0000 0ec1f012 d4727ca8: add_disk_randomness(8:0) 0ec1f012 d4727ca8
[    1.812830] random 0033 0000 0000 0ec1f012 d4727ca8: add_timer_randomness(.. 8388864)
[    1.813060] random 0033 0000 0000 0ec1f012 d4727ca8: add_disk_randomness(8:0) 0ec1f012 d4727ca8
[    1.813063] random 0033 0000 0000 0ec1f012 d4727ca8: add_timer_randomness(.. 8388864)
[    1.831686] random 0033 0000 0000 0ec1f012 d4727ca8: add_disk_randomness(8:0) 0ec1f012 d4727ca8
[    1.831689] random 0033 0000 0000 0ec1f012 d4727ca8: add_timer_randomness(.. 8388864)
[    1.831693] random 0033 0000 0000 0ec1f012 d4727ca8: added 2 entropy credits to input
[    1.842330] random 0035 0000 0000 0ec1f012 d4727ca8: add_disk_randomness(8:0) 0ec1f012 d4727ca8
[    1.842333] random 0035 0000 0000 0ec1f012 d4727ca8: add_timer_randomness(.. 8388864)
[    1.846292] random 0035 0000 0000 0ec1f012 d4727ca8: add_disk_randomness(8:0) 0ec1f012 d4727ca8
[    1.846295] random 0035 0000 0000 0ec1f012 d4727ca8: add_timer_randomness(.. 8388864)
[    1.852378] random 0035 0000 0000 0ec1f012 d4727ca8: add_disk_randomness(8:0) 0ec1f012 d4727ca8
[    1.852382] random 0035 0000 0000 0ec1f012 d4727ca8: add_timer_randomness(.. 8388864)
[    1.861660] random 0035 0000 0000 0ec1f012 d4727ca8: add_disk_randomness(8:0) 0ec1f012 d4727ca8
[    1.861663] random 0035 0000 0000 0ec1f012 d4727ca8: add_timer_randomness(.. 8388864)
[    1.861893] random 0035 0000 0000 0ec1f012 d4727ca8: add_disk_randomness(8:0) 0ec1f012 d4727ca8
[    1.861896] random 0035 0000 0000 0ec1f012 d4727ca8: add_timer_randomness(.. 8388864)
[    1.867586] random 0035 0000 0000 0ec1f012 d4727ca8: add_disk_randomness(8:0) 0ec1f012 d4727ca8
[    1.867589] random 0035 0000 0000 0ec1f012 d4727ca8: add_timer_randomness(.. 8388864)
[    1.867835] random 0035 0000 0000 0ec1f012 d4727ca8: add_disk_randomness(8:0) 0ec1f012 d4727ca8
[    1.867838] random 0035 0000 0000 0ec1f012 d4727ca8: add_timer_randomness(.. 8388864)
[    1.870236] random 0035 0000 0000 0ec1f012 d4727ca8: add_disk_randomness(8:0) 0ec1f012 d4727ca8
[    1.870239] random 0035 0000 0000 0ec1f012 d4727ca8: add_timer_randomness(.. 8388864)
[    1.870483] random 0035 0000 0000 0ec1f012 d4727ca8: add_disk_randomness(8:0) 0ec1f012 d4727ca8
[    1.870486] random 0035 0000 0000 0ec1f012 d4727ca8: add_timer_randomness(.. 8388864)
[    1.871124] random 0035 0000 0000 0ec1f012 d4727ca8: add_disk_randomness(8:0) 0ec1f012 d4727ca8
[    1.871127] random 0035 0000 0000 0ec1f012 d4727ca8: add_timer_randomness(.. 8388864)
[    1.871365] random 0035 0000 0000 0ec1f012 d4727ca8: add_disk_randomness(8:0) 0ec1f012 d4727ca8
[    1.871368] random 0035 0000 0000 0ec1f012 d4727ca8: add_timer_randomness(.. 8388864)
[    1.876137] random 0035 0000 0000 0ec1f012 d4727ca8: add_disk_randomness(8:0) 0ec1f012 d4727ca8
[    1.876139] random 0035 0000 0000 0ec1f012 d4727ca8: add_timer_randomness(.. 8388864)
[    1.876142] random 0035 0000 0000 0ec1f012 d4727ca8: added 1 entropy credits to input
[    1.883940] random 0036 0000 0000 0ec1f012 d4727ca8: add_disk_randomness(8:0) 0ec1f012 d4727ca8
[    1.883943] random 0036 0000 0000 0ec1f012 d4727ca8: add_timer_randomness(.. 8388864)
[    1.884223] random 0036 0000 0000 0ec1f012 d4727ca8: add_disk_randomness(8:0) 0ec1f012 d4727ca8
[    1.884226] random 0036 0000 0000 0ec1f012 d4727ca8: add_timer_randomness(.. 8388864)
[    1.884474] random 0036 0000 0000 0ec1f012 d4727ca8: add_disk_randomness(8:0) 0ec1f012 d4727ca8
[    1.884477] random 0036 0000 0000 0ec1f012 d4727ca8: add_timer_randomness(.. 8388864)
[    1.884741] random 0036 0000 0000 0ec1f012 d4727ca8: add_disk_randomness(8:0) 0ec1f012 d4727ca8
[    1.884744] random 0036 0000 0000 0ec1f012 d4727ca8: add_timer_randomness(.. 8388864)
[    1.885459] random 0036 0000 0000 0ec1f012 d4727ca8: add_disk_randomness(8:0) 0ec1f012 d4727ca8
[    1.885462] random 0036 0000 0000 0ec1f012 d4727ca8: add_timer_randomness(.. 8388864)
[    1.885767] random 0036 0000 0000 0ec1f012 d4727ca8: add_disk_randomness(8:0) 0ec1f012 d4727ca8
[    1.885770] random 0036 0000 0000 0ec1f012 d4727ca8: add_timer_randomness(.. 8388864)
[    1.886000] random 0036 0000 0000 0ec1f012 d4727ca8: add_disk_randomness(8:0) 0ec1f012 d4727ca8
[    1.886003] random 0036 0000 0000 0ec1f012 d4727ca8: add_timer_randomness(.. 8388864)
[    1.886244] random 0036 0000 0000 0ec1f012 d4727ca8: add_disk_randomness(8:0) 0ec1f012 d4727ca8
[    1.886247] random 0036 0000 0000 0ec1f012 d4727ca8: add_timer_randomness(.. 8388864)
[    1.891425] random 0036 0000 0000 0ec1f012 d4727ca8: add_disk_randomness(8:0) 0ec1f012 d4727ca8
[    1.891428] random 0036 0000 0000 0ec1f012 d4727ca8: add_timer_randomness(.. 8388864)
[    1.891723] random 0036 0000 0000 0ec1f012 d4727ca8: add_disk_randomness(8:0) 0ec1f012 d4727ca8
[    1.891726] random 0036 0000 0000 0ec1f012 d4727ca8: add_timer_randomness(.. 8388864)
[    1.896828] random 0036 0000 0000 0ec1f012 d4727ca8: add_disk_randomness(8:0) 0ec1f012 d4727ca8
[    1.896831] random 0036 0000 0000 0ec1f012 d4727ca8: add_timer_randomness(.. 8388864)
[    1.896834] random 0036 0000 0000 0ec1f012 d4727ca8: added 1 entropy credits to input
[    1.897062] random 0037 0000 0000 0ec1f012 d4727ca8: add_disk_randomness(8:0) 0ec1f012 d4727ca8
[    1.897065] random 0037 0000 0000 0ec1f012 d4727ca8: add_timer_randomness(.. 8388864)
[    1.897279] random 0037 0000 0000 0ec1f012 d4727ca8: add_disk_randomness(8:0) 0ec1f012 d4727ca8
[    1.897282] random 0037 0000 0000 0ec1f012 d4727ca8: add_timer_randomness(.. 8388864)
[    1.897545] random 0037 0000 0000 0ec1f012 d4727ca8: add_disk_randomness(8:0) 0ec1f012 d4727ca8
[    1.897548] random 0037 0000 0000 0ec1f012 d4727ca8: add_timer_randomness(.. 8388864)
[    1.897847] random 0037 0000 0000 0ec1f012 d4727ca8: add_disk_randomness(8:0) 0ec1f012 d4727ca8
[    1.897850] random 0037 0000 0000 0ec1f012 d4727ca8: add_timer_randomness(.. 8388864)
[    1.898148] random 0037 0000 0000 0ec1f012 d4727ca8: add_disk_randomness(8:0) 0ec1f012 d4727ca8
[    1.898151] random 0037 0000 0000 0ec1f012 d4727ca8: add_timer_randomness(.. 8388864)
[    1.898363] random 0037 0000 0000 0ec1f012 d4727ca8: add_disk_randomness(8:0) 0ec1f012 d4727ca8
[    1.898366] random 0037 0000 0000 0ec1f012 d4727ca8: add_timer_randomness(.. 8388864)
[    1.898633] random 0037 0000 0000 0ec1f012 d4727ca8: add_disk_randomness(8:0) 0ec1f012 d4727ca8
[    1.898636] random 0037 0000 0000 0ec1f012 d4727ca8: add_timer_randomness(.. 8388864)
[    1.898877] random 0037 0000 0000 0ec1f012 d4727ca8: add_disk_randomness(8:0) 0ec1f012 d4727ca8
[    1.898880] random 0037 0000 0000 0ec1f012 d4727ca8: add_timer_randomness(.. 8388864)
[    1.899112] random 0037 0000 0000 0ec1f012 d4727ca8: add_disk_randomness(8:0) 0ec1f012 d4727ca8
[    1.899116] random 0037 0000 0000 0ec1f012 d4727ca8: add_timer_randomness(.. 8388864)
[    1.899356] random 0037 0000 0000 0ec1f012 d4727ca8: add_disk_randomness(8:0) 0ec1f012 d4727ca8
[    1.899359] random 0037 0000 0000 0ec1f012 d4727ca8: add_timer_randomness(.. 8388864)
[    1.899597] random 0037 0000 0000 0ec1f012 d4727ca8: add_disk_randomness(8:0) 0ec1f012 d4727ca8
[    1.899600] random 0037 0000 0000 0ec1f012 d4727ca8: add_timer_randomness(.. 8388864)
[    1.899836] random 0037 0000 0000 0ec1f012 d4727ca8: add_disk_randomness(8:0) 0ec1f012 d4727ca8
[    1.899838] random 0037 0000 0000 0ec1f012 d4727ca8: add_timer_randomness(.. 8388864)
[    1.900045] random 0037 0000 0000 0ec1f012 d4727ca8: add_disk_randomness(8:0) 0ec1f012 d4727ca8
[    1.900048] random 0037 0000 0000 0ec1f012 d4727ca8: add_timer_randomness(.. 8388864)
[    1.900259] random 0037 0000 0000 0ec1f012 d4727ca8: add_disk_randomness(8:0) 0ec1f012 d4727ca8
[    1.900262] random 0037 0000 0000 0ec1f012 d4727ca8: add_timer_randomness(.. 8388864)
[    1.900480] random 0037 0000 0000 0ec1f012 d4727ca8: add_disk_randomness(8:0) 0ec1f012 d4727ca8
[    1.900483] random 0037 0000 0000 0ec1f012 d4727ca8: add_timer_randomness(.. 8388864)
[    1.900710] random 0037 0000 0000 0ec1f012 d4727ca8: add_disk_randomness(8:0) 0ec1f012 d4727ca8
[    1.900712] random 0037 0000 0000 0ec1f012 d4727ca8: add_timer_randomness(.. 8388864)
[    1.900920] random 0037 0000 0000 0ec1f012 d4727ca8: add_disk_randomness(8:0) 0ec1f012 d4727ca8
[    1.900923] random 0037 0000 0000 0ec1f012 d4727ca8: add_timer_randomness(.. 8388864)
[    1.901136] random 0037 0000 0000 0ec1f012 d4727ca8: add_disk_randomness(8:0) 0ec1f012 d4727ca8
[    1.901139] random 0037 0000 0000 0ec1f012 d4727ca8: add_timer_randomness(.. 8388864)
[    1.901400] random 0037 0000 0000 0ec1f012 d4727ca8: add_disk_randomness(8:0) 0ec1f012 d4727ca8
[    1.901403] random 0037 0000 0000 0ec1f012 d4727ca8: add_timer_randomness(.. 8388864)
[    1.901620] random 0037 0000 0000 0ec1f012 d4727ca8: add_disk_randomness(8:0) 0ec1f012 d4727ca8
[    1.901623] random 0037 0000 0000 0ec1f012 d4727ca8: add_timer_randomness(.. 8388864)
[    1.901863] random 0037 0000 0000 0ec1f012 d4727ca8: add_disk_randomness(8:0) 0ec1f012 d4727ca8
[    1.901866] random 0037 0000 0000 0ec1f012 d4727ca8: add_timer_randomness(.. 8388864)
[    1.904722] random 0037 0000 0000 0ec1f012 d4727ca8: add_disk_randomness(8:0) 0ec1f012 d4727ca8
[    1.904725] random 0037 0000 0000 0ec1f012 d4727ca8: add_timer_randomness(.. 8388864)
[    1.904999] random 0037 0000 0000 0ec1f012 d4727ca8: add_disk_randomness(8:0) 0ec1f012 d4727ca8
[    1.905002] random 0037 0000 0000 0ec1f012 d4727ca8: add_timer_randomness(.. 8388864)
[    1.905244] random 0037 0000 0000 0ec1f012 d4727ca8: add_disk_randomness(8:0) 0ec1f012 d4727ca8
[    1.905247] random 0037 0000 0000 0ec1f012 d4727ca8: add_timer_randomness(.. 8388864)
[    1.905485] random 0037 0000 0000 0ec1f012 d4727ca8: add_disk_randomness(8:0) 0ec1f012 d4727ca8
[    1.905489] random 0037 0000 0000 0ec1f012 d4727ca8: add_timer_randomness(.. 8388864)
[    1.905656] random 0037 0000 0000 0ec1f012 d4727ca8: rand_read_num 13 urandom_read(12): sig fffffcf5 0ec1f012 d4727ca8 pid=1
[    1.905659] random 0037 0000 0000 0ec1f012 d4727ca8: extract_entropy_user(12)
[    1.905662] random 0037 0000 0000 0ec1f012 d4727ca8: going to reseed nonblocking with 96 bits (96 of 0 requested)
[    1.905665] random 0037 0000 0000 0ec1f012 d4727ca8: extract_entropy(.. 12 ..)
[    1.905667] random 0037 0000 0000 0ec1f012 d4727ca8: trying to extract 96 bits from input
[    1.905669] random 0037 0000 0000 0ec1f012 d4727ca8: debiting 0 entropy credits from input
[    1.905672] random 0037 0000 0000 0ec1f012 d4727ca8: trying to extract 96 bits from nonblocking
[    1.905674] random 0037 0000 0000 0ec1f012 d4727ca8: debiting 96 entropy credits from nonblocking (unlimited)
[    1.905677] random 0037 0000 0000 0ec1f012 d4727ca8:   got 12 bytes
[    1.917709] random 0037 0000 0000 45b1d0b1 845a73f7: add_disk_randomness(8:0) 45b1d0b1 845a73f7
[    1.917712] random 0037 0000 0000 45b1d0b1 845a73f7: add_timer_randomness(.. 8388864)
[    1.917715] random 0037 0000 0000 45b1d0b1 845a73f7: added 1 entropy credits to input
[    1.921034] random 0038 0000 0000 45b1d0b1 845a73f7: add_disk_randomness(8:0) 45b1d0b1 845a73f7
[    1.921037] random 0038 0000 0000 45b1d0b1 845a73f7: add_timer_randomness(.. 8388864)
[    1.921249] random 0038 0000 0000 45b1d0b1 845a73f7: add_disk_randomness(8:0) 45b1d0b1 845a73f7
[    1.921252] random 0038 0000 0000 45b1d0b1 845a73f7: add_timer_randomness(.. 8388864)
[    1.950887] random 0038 0000 0000 45b1d0b1 845a73f7: add_disk_randomness(8:0) 45b1d0b1 845a73f7
[    1.950891] random 0038 0000 0000 45b1d0b1 845a73f7: add_timer_randomness(.. 8388864)
[    1.950894] random 0038 0000 0000 45b1d0b1 845a73f7: added 2 entropy credits to input
[    1.956446] random 0040 0000 0000 45b1d0b1 845a73f7: add_disk_randomness(8:0) 45b1d0b1 845a73f7
[    1.956449] random 0040 0000 0000 45b1d0b1 845a73f7: add_timer_randomness(.. 8388864)
[    1.956453] random 0040 0000 0000 45b1d0b1 845a73f7: added 1 entropy credits to input
[    1.961682] random 0041 0000 0000 45b1d0b1 845a73f7: add_disk_randomness(8:0) 45b1d0b1 845a73f7
[    1.961685] random 0041 0000 0000 45b1d0b1 845a73f7: add_timer_randomness(.. 8388864)
[    1.978349] random 0041 0000 0000 45b1d0b1 845a73f7: add_disk_randomness(8:0) 45b1d0b1 845a73f7
[    1.978352] random 0041 0000 0000 45b1d0b1 845a73f7: add_timer_randomness(.. 8388864)
[    1.978355] random 0041 0000 0000 45b1d0b1 845a73f7: added 1 entropy credits to input
[    1.980744] random 0042 0000 0000 45b1d0b1 845a73f7: add_disk_randomness(8:0) 45b1d0b1 845a73f7
[    1.980747] random 0042 0000 0000 45b1d0b1 845a73f7: add_timer_randomness(.. 8388864)
[    1.980933] random 0042 0000 0000 45b1d0b1 845a73f7: add_disk_randomness(8:0) 45b1d0b1 845a73f7
[    1.980935] random 0042 0000 0000 45b1d0b1 845a73f7: add_timer_randomness(.. 8388864)
[    1.981120] random 0042 0000 0000 45b1d0b1 845a73f7: add_disk_randomness(8:0) 45b1d0b1 845a73f7
[    1.981122] random 0042 0000 0000 45b1d0b1 845a73f7: add_timer_randomness(.. 8388864)
[    1.981274] random 0042 0000 0000 45b1d0b1 845a73f7: add_disk_randomness(8:0) 45b1d0b1 845a73f7
[    1.981277] random 0042 0000 0000 45b1d0b1 845a73f7: add_timer_randomness(.. 8388864)
[    1.981456] random 0042 0000 0000 45b1d0b1 845a73f7: add_disk_randomness(8:0) 45b1d0b1 845a73f7
[    1.981458] random 0042 0000 0000 45b1d0b1 845a73f7: add_timer_randomness(.. 8388864)
[    1.995111] random 0042 0000 0000 45b1d0b1 845a73f7: add_disk_randomness(8:0) 45b1d0b1 845a73f7
[    1.995114] random 0042 0000 0000 45b1d0b1 845a73f7: add_timer_randomness(.. 8388864)
[    1.995117] random 0042 0000 0000 45b1d0b1 845a73f7: added 1 entropy credits to input
[    1.999679] random 0043 0000 0000 45b1d0b1 845a73f7: add_disk_randomness(8:0) 45b1d0b1 845a73f7
[    1.999682] random 0043 0000 0000 45b1d0b1 845a73f7: add_timer_randomness(.. 8388864)
[    2.014067] random 0043 0000 0000 45b1d0b1 845a73f7: add_disk_randomness(8:0) 45b1d0b1 845a73f7
[    2.014070] random 0043 0000 0000 45b1d0b1 845a73f7: add_timer_randomness(.. 8388864)
[    2.014073] random 0043 0000 0000 45b1d0b1 845a73f7: added 1 entropy credits to input
[    2.014332] random 0044 0000 0000 45b1d0b1 845a73f7: rand_read_num 14 get_random_bytes(16): sig fffffc05 45b1d0b1 845a73f7
[    2.014335] random 0044 0000 0000 45b1d0b1 845a73f7: extract_entropy(.. 16 ..)
[    2.014337] random 0044 0000 0000 45b1d0b1 845a73f7: going to reseed nonblocking with 128 bits (128 of 0 requested)
[    2.014340] random 0044 0000 0000 45b1d0b1 845a73f7: extract_entropy(.. 16 ..)
[    2.014342] random 0044 0000 0000 45b1d0b1 845a73f7: trying to extract 128 bits from input
[    2.014344] random 0044 0000 0000 45b1d0b1 845a73f7: debiting 0 entropy credits from input
[    2.014347] random 0044 0000 0000 45b1d0b1 845a73f7: trying to extract 128 bits from nonblocking
[    2.014349] random 0044 0000 0000 45b1d0b1 845a73f7: debiting 128 entropy credits from nonblocking (unlimited)
[    2.035535] random 0044 0000 0000 5012cce3 b8a30621: add_disk_randomness(8:0) 5012cce3 b8a30621
[    2.035538] random 0044 0000 0000 5012cce3 b8a30621: add_timer_randomness(.. 8388864)
[    2.036454] random 0044 0000 0000 5012cce3 b8a30621: add_disk_randomness(8:0) 5012cce3 b8a30621
[    2.036457] random 0044 0000 0000 5012cce3 b8a30621: add_timer_randomness(.. 8388864)
[    2.036892] random 0044 0000 0000 5012cce3 b8a30621: add_disk_randomness(8:0) 5012cce3 b8a30621
[    2.036895] random 0044 0000 0000 5012cce3 b8a30621: add_timer_randomness(.. 8388864)
[    2.054120] random 0044 0000 0000 5012cce3 b8a30621: add_disk_randomness(8:0) 5012cce3 b8a30621
[    2.054123] random 0044 0000 0000 5012cce3 b8a30621: add_timer_randomness(.. 8388864)
[    2.054127] random 0044 0000 0000 5012cce3 b8a30621: added 2 entropy credits to input
[    2.054856] random 0046 0000 0000 5012cce3 b8a30621: add_disk_randomness(8:0) 5012cce3 b8a30621
[    2.054859] random 0046 0000 0000 5012cce3 b8a30621: add_timer_randomness(.. 8388864)
[    2.054891] random 0046 0000 0000 5012cce3 b8a30621: rand_read_num 15 get_random_bytes(16): sig fffffb9d 5012cce3 b8a30621
[    2.054894] random 0046 0000 0000 5012cce3 b8a30621: extract_entropy(.. 16 ..)
[    2.054898] random 0046 0000 0000 5012cce3 b8a30621: going to reseed nonblocking with 128 bits (128 of 0 requested)
[    2.054900] random 0046 0000 0000 5012cce3 b8a30621: extract_entropy(.. 16 ..)
[    2.054903] random 0046 0000 0000 5012cce3 b8a30621: trying to extract 128 bits from input
[    2.054906] random 0046 0000 0000 5012cce3 b8a30621: debiting 0 entropy credits from input
[    2.054909] random 0046 0000 0000 5012cce3 b8a30621: trying to extract 128 bits from nonblocking
[    2.054912] random 0046 0000 0000 5012cce3 b8a30621: debiting 128 entropy credits from nonblocking (unlimited)
[    2.054959] random 0046 0000 0000 89bae1ab 704c432f: rand_read_num 16 get_random_bytes(16): sig 0000006e 89bae1ab 704c432f
[    2.054962] random 0046 0000 0000 89bae1ab 704c432f: extract_entropy(.. 16 ..)
[    2.054965] random 0046 0000 0000 89bae1ab 704c432f: going to reseed nonblocking with 128 bits (128 of 0 requested)
[    2.054968] random 0046 0000 0000 89bae1ab 704c432f: extract_entropy(.. 16 ..)
[    2.054970] random 0046 0000 0000 89bae1ab 704c432f: trying to extract 128 bits from input
[    2.054973] random 0046 0000 0000 89bae1ab 704c432f: debiting 0 entropy credits from input
[    2.054976] random 0046 0000 0000 89bae1ab 704c432f: trying to extract 128 bits from nonblocking
[    2.054979] random 0046 0000 0000 89bae1ab 704c432f: debiting 128 entropy credits from nonblocking (unlimited)
[    2.075890] random 0046 0000 0000 6c298a02 2b1539f8: add_disk_randomness(8:0) 6c298a02 2b1539f8
[    2.075893] random 0046 0000 0000 6c298a02 2b1539f8: add_timer_randomness(.. 8388864)
[    2.075896] random 0046 0000 0000 6c298a02 2b1539f8: added 2 entropy credits to input
[    2.079470] random 0048 0000 0000 6c298a02 2b1539f8: add_disk_randomness(8:0) 6c298a02 2b1539f8
[    2.079474] random 0048 0000 0000 6c298a02 2b1539f8: add_timer_randomness(.. 8388864)
[    2.079637] random 0048 0000 0000 6c298a02 2b1539f8: add_disk_randomness(8:0) 6c298a02 2b1539f8
[    2.079640] random 0048 0000 0000 6c298a02 2b1539f8: add_timer_randomness(.. 8388864)
[    2.102766] random 0048 0000 0000 6c298a02 2b1539f8: add_disk_randomness(8:0) 6c298a02 2b1539f8
[    2.102769] random 0048 0000 0000 6c298a02 2b1539f8: add_timer_randomness(.. 8388864)
[    2.102773] random 0048 0000 0000 6c298a02 2b1539f8: added 2 entropy credits to input
[    2.123176] random 0050 0000 0000 6c298a02 2b1539f8: add_disk_randomness(8:0) 6c298a02 2b1539f8
[    2.123179] random 0050 0000 0000 6c298a02 2b1539f8: add_timer_randomness(.. 8388864)
[    2.137026] random 0050 0000 0000 6c298a02 2b1539f8: add_disk_randomness(8:0) 6c298a02 2b1539f8
[    2.137029] random 0050 0000 0000 6c298a02 2b1539f8: add_timer_randomness(.. 8388864)
[    2.137419] random 0050 0000 0000 6c298a02 2b1539f8: add_disk_randomness(8:0) 6c298a02 2b1539f8
[    2.137422] random 0050 0000 0000 6c298a02 2b1539f8: add_timer_randomness(.. 8388864)
[    2.137451] random 0050 0000 0000 6c298a02 2b1539f8: rand_read_num 17 get_random_bytes(16): sig 00000124 6c298a02 2b1539f8
[    2.137455] random 0050 0000 0000 6c298a02 2b1539f8: extract_entropy(.. 16 ..)
[    2.137458] random 0050 0000 0000 6c298a02 2b1539f8: going to reseed nonblocking with 128 bits (128 of 0 requested)
[    2.137461] random 0050 0000 0000 6c298a02 2b1539f8: extract_entropy(.. 16 ..)
[    2.137464] random 0050 0000 0000 6c298a02 2b1539f8: trying to extract 128 bits from input
[    2.137467] random 0050 0000 0000 6c298a02 2b1539f8: debiting 0 entropy credits from input
[    2.137470] random 0050 0000 0000 6c298a02 2b1539f8: trying to extract 128 bits from nonblocking
[    2.137473] random 0050 0000 0000 6c298a02 2b1539f8: debiting 128 entropy credits from nonblocking (unlimited)
[    2.137941] random 0050 0000 0000 c77b8b35 70f6cab5: add_disk_randomness(8:0) c77b8b35 70f6cab5
[    2.137944] random 0050 0000 0000 c77b8b35 70f6cab5: add_timer_randomness(.. 8388864)
[    2.138279] random 0050 0000 0000 c77b8b35 70f6cab5: add_disk_randomness(8:0) c77b8b35 70f6cab5
[    2.138282] random 0050 0000 0000 c77b8b35 70f6cab5: add_timer_randomness(.. 8388864)
[    2.138566] random 0050 0000 0000 c77b8b35 70f6cab5: add_disk_randomness(8:0) c77b8b35 70f6cab5
[    2.138569] random 0050 0000 0000 c77b8b35 70f6cab5: add_timer_randomness(.. 8388864)
[    2.138599] random 0050 0000 0000 c77b8b35 70f6cab5: rand_read_num 18 get_random_bytes(16): sig ffffff1c c77b8b35 70f6cab5
[    2.138603] random 0050 0000 0000 c77b8b35 70f6cab5: extract_entropy(.. 16 ..)
[    2.138606] random 0050 0000 0000 c77b8b35 70f6cab5: going to reseed nonblocking with 128 bits (128 of 0 requested)
[    2.138609] random 0050 0000 0000 c77b8b35 70f6cab5: extract_entropy(.. 16 ..)
[    2.138612] random 0050 0000 0000 c77b8b35 70f6cab5: trying to extract 128 bits from input
[    2.138614] random 0050 0000 0000 c77b8b35 70f6cab5: debiting 0 entropy credits from input
[    2.138617] random 0050 0000 0000 c77b8b35 70f6cab5: trying to extract 128 bits from nonblocking
[    2.138620] random 0050 0000 0000 c77b8b35 70f6cab5: debiting 128 entropy credits from nonblocking (unlimited)
[    2.144561] random 0050 0000 0000 af21d212 57d20ca3: add_disk_randomness(8:0) af21d212 57d20ca3
[    2.144564] random 0050 0000 0000 af21d212 57d20ca3: add_timer_randomness(.. 8388864)
[    2.144567] random 0050 0000 0000 af21d212 57d20ca3: added 1 entropy credits to input
[    2.145890] random 0051 0000 0000 af21d212 57d20ca3: add_disk_randomness(8:0) af21d212 57d20ca3
[    2.145892] random 0051 0000 0000 af21d212 57d20ca3: add_timer_randomness(.. 8388864)
[    2.146184] random 0051 0000 0000 af21d212 57d20ca3: add_disk_randomness(8:0) af21d212 57d20ca3
[    2.146187] random 0051 0000 0000 af21d212 57d20ca3: add_timer_randomness(.. 8388864)
[    2.146384] random 0051 0000 0000 af21d212 57d20ca3: add_disk_randomness(8:0) af21d212 57d20ca3
[    2.146387] random 0051 0000 0000 af21d212 57d20ca3: add_timer_randomness(.. 8388864)
[    2.146874] random 0051 0000 0000 af21d212 57d20ca3: add_disk_randomness(8:0) af21d212 57d20ca3
[    2.146877] random 0051 0000 0000 af21d212 57d20ca3: add_timer_randomness(.. 8388864)
[    2.147357] random 0051 0000 0000 af21d212 57d20ca3: add_disk_randomness(8:0) af21d212 57d20ca3
[    2.147359] random 0051 0000 0000 af21d212 57d20ca3: add_timer_randomness(.. 8388864)
[    2.155436] random 0051 0000 0000 af21d212 57d20ca3: add_disk_randomness(8:0) af21d212 57d20ca3
[    2.155439] random 0051 0000 0000 af21d212 57d20ca3: add_timer_randomness(.. 8388864)
[    2.155442] random 0051 0000 0000 af21d212 57d20ca3: added 1 entropy credits to input
[    2.155672] random 0052 0000 0000 af21d212 57d20ca3: add_disk_randomness(8:0) af21d212 57d20ca3
[    2.155675] random 0052 0000 0000 af21d212 57d20ca3: add_timer_randomness(.. 8388864)
[    2.163356] random 0052 0000 0000 af21d212 57d20ca3: add_disk_randomness(8:0) af21d212 57d20ca3
[    2.163360] random 0052 0000 0000 af21d212 57d20ca3: add_timer_randomness(.. 8388864)
[    2.163363] random 0052 0000 0000 af21d212 57d20ca3: added 1 entropy credits to input
[    2.163438] random 0053 0000 0000 af21d212 57d20ca3: rand_read_num 19 get_random_bytes(16): sig fffffe1d af21d212 57d20ca3
[    2.163441] random 0053 0000 0000 af21d212 57d20ca3: extract_entropy(.. 16 ..)
[    2.163444] random 0053 0000 0000 af21d212 57d20ca3: going to reseed nonblocking with 128 bits (128 of 0 requested)
[    2.163447] random 0053 0000 0000 af21d212 57d20ca3: extract_entropy(.. 16 ..)
[    2.163450] random 0053 0000 0000 af21d212 57d20ca3: trying to extract 128 bits from input
[    2.163453] random 0053 0000 0000 af21d212 57d20ca3: debiting 0 entropy credits from input
[    2.163456] random 0053 0000 0000 af21d212 57d20ca3: trying to extract 128 bits from nonblocking
[    2.163465] random 0053 0000 0000 af21d212 57d20ca3: debiting 128 entropy credits from nonblocking (unlimited)
[    2.163519] random 0053 0000 0000 151530a2 56c65dd3: add_disk_randomness(8:0) 151530a2 56c65dd3
[    2.163522] random 0053 0000 0000 151530a2 56c65dd3: add_timer_randomness(.. 8388864)
[    2.185524] random 0053 0000 0000 151530a2 56c65dd3: add_disk_randomness(8:0) 151530a2 56c65dd3
[    2.185527] random 0053 0000 0000 151530a2 56c65dd3: add_timer_randomness(.. 8388864)
[    2.185531] random 0053 0000 0000 151530a2 56c65dd3: added 2 entropy credits to input
[    2.185713] random 0055 0000 0000 151530a2 56c65dd3: add_disk_randomness(8:0) 151530a2 56c65dd3
[    2.185716] random 0055 0000 0000 151530a2 56c65dd3: add_timer_randomness(.. 8388864)
[    2.186681] random 0055 0000 0000 151530a2 56c65dd3: add_disk_randomness(8:0) 151530a2 56c65dd3
[    2.186684] random 0055 0000 0000 151530a2 56c65dd3: add_timer_randomness(.. 8388864)
[    2.186860] random 0055 0000 0000 151530a2 56c65dd3: add_disk_randomness(8:0) 151530a2 56c65dd3
[    2.186863] random 0055 0000 0000 151530a2 56c65dd3: add_timer_randomness(.. 8388864)
[    2.217261] random 0055 0000 0000 151530a2 56c65dd3: add_disk_randomness(8:0) 151530a2 56c65dd3
[    2.217265] random 0055 0000 0000 151530a2 56c65dd3: add_timer_randomness(.. 8388864)
[    2.217268] random 0055 0000 0000 151530a2 56c65dd3: added 3 entropy credits to input
[    2.218147] random 0058 0000 0000 151530a2 56c65dd3: add_disk_randomness(8:0) 151530a2 56c65dd3
[    2.218150] random 0058 0000 0000 151530a2 56c65dd3: add_timer_randomness(.. 8388864)
[    2.221757] random 0058 0000 0000 151530a2 56c65dd3: add_disk_randomness(8:0) 151530a2 56c65dd3
[    2.221760] random 0058 0000 0000 151530a2 56c65dd3: add_timer_randomness(.. 8388864)
[    2.222420] random 0058 0000 0000 151530a2 56c65dd3: add_disk_randomness(8:0) 151530a2 56c65dd3
[    2.222423] random 0058 0000 0000 151530a2 56c65dd3: add_timer_randomness(.. 8388864)
[    2.228093] random 0058 0000 0000 151530a2 56c65dd3: add_disk_randomness(8:0) 151530a2 56c65dd3
[    2.228096] random 0058 0000 0000 151530a2 56c65dd3: add_timer_randomness(.. 8388864)
[    2.228100] random 0058 0000 0000 151530a2 56c65dd3: added 1 entropy credits to input
[    2.229923] random 0059 0000 0000 151530a2 56c65dd3: add_disk_randomness(8:0) 151530a2 56c65dd3
[    2.229926] random 0059 0000 0000 151530a2 56c65dd3: add_timer_randomness(.. 8388864)
[    2.230192] random 0059 0000 0000 151530a2 56c65dd3: add_disk_randomness(8:0) 151530a2 56c65dd3
[    2.230195] random 0059 0000 0000 151530a2 56c65dd3: add_timer_randomness(.. 8388864)
[    2.230729] random 0059 0000 0000 151530a2 56c65dd3: add_disk_randomness(8:0) 151530a2 56c65dd3
[    2.230731] random 0059 0000 0000 151530a2 56c65dd3: add_timer_randomness(.. 8388864)
[    2.231301] random 0059 0000 0000 151530a2 56c65dd3: add_disk_randomness(8:0) 151530a2 56c65dd3
[    2.231304] random 0059 0000 0000 151530a2 56c65dd3: add_timer_randomness(.. 8388864)
[    2.231430] random 0059 0000 0000 151530a2 56c65dd3: rand_read_num 20 get_random_bytes(16): sig ffffffbf 151530a2 56c65dd3
[    2.231433] random 0059 0000 0000 151530a2 56c65dd3: extract_entropy(.. 16 ..)
[    2.231435] random 0059 0000 0000 151530a2 56c65dd3: going to reseed nonblocking with 128 bits (128 of 0 requested)
[    2.231438] random 0059 0000 0000 151530a2 56c65dd3: extract_entropy(.. 16 ..)
[    2.231440] random 0059 0000 0000 151530a2 56c65dd3: trying to extract 128 bits from input
[    2.231442] random 0059 0000 0000 151530a2 56c65dd3: debiting 0 entropy credits from input
[    2.231445] random 0059 0000 0000 151530a2 56c65dd3: trying to extract 128 bits from nonblocking
