[    0.000000] random 0000 0000 0000 00000000 00000000: rand_read_num 1 get_random_bytes(8): sig 00000000 00000000 00000000
[    0.000000] random 0000 0000 0000 00000000 00000000: extract_entropy(.. 8 ..)
[    0.000000] random 0000 0000 0000 00000000 00000000: going to reseed nonblocking with 64 bits (64 of 0 requested)
[    0.000000] random 0000 0000 0000 00000000 00000000: extract_entropy(.. 8 ..)
[    0.000000] random 0000 0000 0000 00000000 00000000: trying to extract 64 bits from input
[    0.000000] random 0000 0000 0000 00000000 00000000: debiting 0 entropy credits from input
[    0.000000] random 0000 0000 0000 00000000 00000000: trying to extract 64 bits from nonblocking
[    0.000000] random 0000 0000 0000 00000000 00000000: debiting 64 entropy credits from nonblocking (unlimited)
[    0.000000] Initializing cgroup subsys cpuset
[    0.000000] Initializing cgroup subsys cpu
[    0.000000] Linux version 2.6.32.57 (dcashman@dcashman-01) (gcc version 4.4.3 (Ubuntu 4.4.3-4ubuntu5.1) ) #86 SMP Sun Mar 24 21:46:26 PDT 2013
[    0.000000] KERNEL supported cpus:
[    0.000000]   Intel GenuineIntel
[    0.000000]   AMD AuthenticAMD
[    0.000000]   NSC Geode by NSC
[    0.000000]   Cyrix CyrixInstead
[    0.000000]   Centaur CentaurHauls
[    0.000000]   Transmeta GenuineTMx86
[    0.000000]   Transmeta TransmetaCPU
[    0.000000]   UMC UMC UMC UMC
[    0.000000] BIOS-provided physical RAM map:
[    0.000000]  BIOS-e820: 0000000000000000 - 000000000009fc00 (usable)
[    0.000000]  BIOS-e820: 000000000009fc00 - 00000000000a0000 (reserved)
[    0.000000]  BIOS-e820: 00000000000e4000 - 0000000000100000 (reserved)
[    0.000000]  BIOS-e820: 0000000000100000 - 00000000cff90000 (usable)
[    0.000000]  BIOS-e820: 00000000cff90000 - 00000000cff9e000 (ACPI data)
[    0.000000]  BIOS-e820: 00000000cff9e000 - 00000000cffe0000 (ACPI NVS)
[    0.000000]  BIOS-e820: 00000000cffe0000 - 00000000d0000000 (reserved)
[    0.000000]  BIOS-e820: 00000000fee00000 - 00000000fee01000 (reserved)
[    0.000000]  BIOS-e820: 00000000fff00000 - 0000000100000000 (reserved)
[    0.000000]  BIOS-e820: 0000000100000000 - 00000001b0000000 (usable)
[    0.000000] DMI present.
[    0.000000] AMI BIOS detected: BIOS may corrupt low RAM, working around it.
[    0.000000] e820 update range: 0000000000000000 - 0000000000010000 (usable) ==> (reserved)
[    0.000000] last_pfn = 0x1b0000 max_arch_pfn = 0x1000000
[    0.000000] MTRR default type: uncachable
[    0.000000] MTRR fixed ranges enabled:
[    0.000000]   00000-9FFFF write-back
[    0.000000]   A0000-BFFFF uncachable
[    0.000000]   C0000-CFFFF write-protect
[    0.000000]   D0000-DFFFF uncachable
[    0.000000]   E0000-EFFFF write-through
[    0.000000]   F0000-FFFFF write-protect
[    0.000000] MTRR variable ranges enabled:
[    0.000000]   0 base 1B0000000 mask FF0000000 uncachable
[    0.000000]   1 base 1C0000000 mask FC0000000 uncachable
[    0.000000]   2 base 000000000 mask E00000000 write-back
[    0.000000]   3 base 0D0000000 mask FF0000000 uncachable
[    0.000000]   4 base 0E0000000 mask FE0000000 uncachable
[    0.000000]   5 disabled
[    0.000000]   6 disabled
[    0.000000]   7 disabled
[    0.000000] x86 PAT enabled: cpu 0, old 0x7040600070406, new 0x7010600070106
[    0.000000] e820 update range: 00000000d0000000 - 0000000100000000 (usable) ==> (reserved)
[    0.000000] Scanning 0 areas for low memory corruption
[    0.000000] modified physical RAM map:
[    0.000000]  modified: 0000000000000000 - 0000000000010000 (reserved)
[    0.000000]  modified: 0000000000010000 - 000000000009fc00 (usable)
[    0.000000]  modified: 000000000009fc00 - 00000000000a0000 (reserved)
[    0.000000]  modified: 00000000000e4000 - 0000000000100000 (reserved)
[    0.000000]  modified: 0000000000100000 - 00000000cff90000 (usable)
[    0.000000]  modified: 00000000cff90000 - 00000000cff9e000 (ACPI data)
[    0.000000]  modified: 00000000cff9e000 - 00000000cffe0000 (ACPI NVS)
[    0.000000]  modified: 00000000cffe0000 - 00000000d0000000 (reserved)
[    0.000000]  modified: 00000000fee00000 - 00000000fee01000 (reserved)
[    0.000000]  modified: 00000000fff00000 - 0000000100000000 (reserved)
[    0.000000]  modified: 0000000100000000 - 00000001b0000000 (usable)
[    0.000000] initial memory mapped : 0 - 01000000
[    0.000000] init_memory_mapping: 0000000000000000-00000000379fe000
[    0.000000] NX (Execute Disable) protection: active
[    0.000000]  0000000000 - 0000200000 page 4k
[    0.000000]  0000200000 - 0037800000 page 2M
[    0.000000]  0037800000 - 00379fe000 page 4k
[    0.000000] kernel direct mapping tables up to 379fe000 @ 10000-16000
[    0.000000] ACPI: RSDP 000f91f0 00014 (v00 HPQOEM)
[    0.000000] ACPI: RSDT cff90000 00044 (v01 HPQOEM SLIC-CPC 20090819 MSFT 00000097)
[    0.000000] ACPI: FACP cff90200 00084 (v01 HPQOEM SLIC-CPC 20090819 MSFT 00000097)
[    0.000000] ACPI: DSDT cff90440 05753 (v01 HPQOEM SLIC-CPC 00000050 INTL 20051117)
[    0.000000] ACPI: FACS cff9e000 00040
[    0.000000] ACPI: APIC cff90390 0006C (v01 HPQOEM SLIC-CPC 20090819 MSFT 00000097)
[    0.000000] ACPI: MCFG cff90400 0003C (v01 HPQOEM SLIC-CPC 20090819 MSFT 00000097)
[    0.000000] ACPI: OEMB cff9e040 00076 (v01 HPQOEM SLIC-CPC 20090819 MSFT 00000097)
[    0.000000] ACPI: HPET cff95ba0 00038 (v01 HPQOEM SLIC-CPC 20090819 MSFT 00000097)
[    0.000000] ACPI: GSCI cff9e0c0 02024 (v01 HPQOEM SLIC-CPC 20090819 MSFT 00000097)
[    0.000000] ACPI: SLIC cffa00f0 00176 (v01 HPQOEM SLIC-CPC 00000001 MSFT 00000001)
[    0.000000] ACPI: SSDT cffa0b30 00A7C (v01 HPQOEM SLIC-CPC 00000012 INTL 20051117)
[    0.000000] ACPI: Local APIC address 0xfee00000
[    0.000000] 6022MB HIGHMEM available.
[    0.000000] 889MB LOWMEM available.
[    0.000000]   mapped low ram: 0 - 379fe000
[    0.000000]   low ram: 0 - 379fe000
[    0.000000]   node 0 low ram: 00000000 - 379fe000
[    0.000000]   node 0 bootmap 00012000 - 00018f40
[    0.000000] (8 early reservations) ==> bootmem [0000000000 - 00379fe000]
[    0.000000]   #0 [0000000000 - 0000001000]   BIOS data page ==> [0000000000 - 0000001000]
[    0.000000]   #1 [0000001000 - 0000002000]    EX TRAMPOLINE ==> [0000001000 - 0000002000]
[    0.000000]   #2 [0000006000 - 0000007000]       TRAMPOLINE ==> [0000006000 - 0000007000]
[    0.000000]   #3 [0000100000 - 0000af8778]    TEXT DATA BSS ==> [0000100000 - 0000af8778]
[    0.000000]   #4 [000009fc00 - 0000100000]    BIOS reserved ==> [000009fc00 - 0000100000]
[    0.000000]   #5 [0000af9000 - 0000b01640]              BRK ==> [0000af9000 - 0000b01640]
[    0.000000]   #6 [0000010000 - 0000012000]          PGTABLE ==> [0000010000 - 0000012000]
[    0.000000]   #7 [0000012000 - 0000019000]          BOOTMAP ==> [0000012000 - 0000019000]
[    0.000000] found SMP MP-table at [c00ff780] ff780
[    0.000000] Zone PFN ranges:
[    0.000000]   DMA      0x00000010 -> 0x00001000
[    0.000000]   Normal   0x00001000 -> 0x000379fe
[    0.000000]   HighMem  0x000379fe -> 0x001b0000
[    0.000000] Movable zone start PFN for each node
[    0.000000] early_node_map[3] active PFN ranges
[    0.000000]     0: 0x00000010 -> 0x0000009f
[    0.000000]     0: 0x00000100 -> 0x000cff90
[    0.000000]     0: 0x00100000 -> 0x001b0000
[    0.000000] On node 0 totalpages: 1572639
[    0.000000] free_area_init_node: node 0, pgdat c07ba8a0, node_mem_map c1001200
[    0.000000]   DMA zone: 32 pages used for memmap
[    0.000000]   DMA zone: 0 pages reserved
[    0.000000]   DMA zone: 3951 pages, LIFO batch:0
[    0.000000]   Normal zone: 1748 pages used for memmap
[    0.000000]   Normal zone: 221994 pages, LIFO batch:31
[    0.000000]   HighMem zone: 12045 pages used for memmap
[    0.000000]   HighMem zone: 1332869 pages, LIFO batch:31
[    0.000000] Using APIC driver default
[    0.000000] ACPI: PM-Timer IO Port: 0x808
[    0.000000] ACPI: Local APIC address 0xfee00000
[    0.000000] ACPI: LAPIC (acpi_id[0x01] lapic_id[0x00] enabled)
[    0.000000] ACPI: LAPIC (acpi_id[0x02] lapic_id[0x01] enabled)
[    0.000000] ACPI: LAPIC (acpi_id[0x03] lapic_id[0x02] enabled)
[    0.000000] ACPI: LAPIC (acpi_id[0x04] lapic_id[0x03] enabled)
[    0.000000] ACPI: Skipping IOAPIC probe due to 'noapic' option.
[    0.000000] Using ACPI for processor (LAPIC) configuration information
[    0.000000] ACPI: HPET id: 0xffffffff base: 0xfed00000
[    0.000000] Intel MultiProcessor Specification v1.4
[    0.000000]     Virtual Wire compatibility mode.
[    0.000000] MPTABLE: OEM ID: Intel   
[    0.000000] MPTABLE: Product ID: Eaglelake   
[    0.000000] MPTABLE: APIC at: 0xFEE00000
[    0.000000] I/O APIC #4 Version 32 at 0xFEC00000.
[    0.000000] Processors: 4
[    0.000000] SMP: Allowing 4 CPUs, 0 hotplug CPUs
[    0.000000] nr_irqs_gsi: 24
[    0.000000] PM: Registered nosave memory: 000000000009f000 - 00000000000a0000
[    0.000000] PM: Registered nosave memory: 00000000000a0000 - 00000000000e4000
[    0.000000] PM: Registered nosave memory: 00000000000e4000 - 0000000000100000
[    0.000000] Allocating PCI resources starting at d0000000 (gap: d0000000:2ee00000)
[    0.000000] Booting paravirtualized kernel on bare hardware
[    0.000000] NR_CPUS:8 nr_cpumask_bits:8 nr_cpu_ids:4 nr_node_ids:1
[    0.000000] PERCPU: Embedded 15 pages/cpu @c4800000 s39416 r0 d22024 u524288
[    0.000000] pcpu-alloc: s39416 r0 d22024 u524288 alloc=1*2097152
[    0.000000] pcpu-alloc: [0] 0 1 2 3 
[    0.000000] Built 1 zonelists in Zone order, mobility grouping on.  Total pages: 1558814
[    0.000000] Kernel command line: BOOT_IMAGE=/boot/vmlinuz-2.6.32.57 root=/dev/sda1 ro quiet maxcpus=0 kgdboe=132.239.95.229/132.239.95.228
[    0.000000] PID hash table entries: 4096 (order: 2, 16384 bytes)
[    0.000000] Dentry cache hash table entries: 131072 (order: 7, 524288 bytes)
[    0.000000] Inode-cache hash table entries: 65536 (order: 6, 262144 bytes)
[    0.000000] Enabling fast FPU save and restore... done.
[    0.000000] Enabling unmasked SIMD FPU exception support... done.
[    0.000000] Initializing CPU#0
[    0.000000] allocated 35389120 bytes of page_cgroup
[    0.000000] please try 'cgroup_disable=memory' option if you don't want memory cgroups
[    0.000000] Initializing HighMem for node 0 (000379fe:001b0000)
[    0.000000] Memory: 6188240k/7077888k available (4762k kernel code, 101232k reserved, 2169k data, 676k init, 5379656k highmem)
[    0.000000] virtual kernel memory layout:
[    0.000000]     fixmap  : 0xfff1d000 - 0xfffff000   ( 904 kB)
[    0.000000]     pkmap   : 0xffa00000 - 0xffc00000   (2048 kB)
[    0.000000]     vmalloc : 0xf81fe000 - 0xff9fe000   ( 120 MB)
[    0.000000]     lowmem  : 0xc0000000 - 0xf79fe000   ( 889 MB)
[    0.000000]       .init : 0xc07c6000 - 0xc086f000   ( 676 kB)
[    0.000000]       .data : 0xc05a693b - 0xc07c50c8   (2169 kB)
[    0.000000]       .text : 0xc0100000 - 0xc05a693b   (4762 kB)
[    0.000000] Checking if this processor honours the WP bit even in supervisor mode...Ok.
[    0.000000] SLUB: Genslabs=13, HWalign=64, Order=0-3, MinObjects=0, CPUs=4, Nodes=1
[    0.000000] Hierarchical RCU implementation.
[    0.000000] NR_IRQS:2304 nr_irqs:440
[    0.000000] Console: colour VGA+ 80x25
[    0.000000] console [tty0] enabled
[    0.000000] hpet clockevent registered
[    0.000000] Fast TSC calibration using PIT
[    0.000000] Detected 2493.746 MHz processor.
[    0.004004] Calibrating delay loop (skipped), value calculated using timer frequency.. 4987.49 BogoMIPS (lpj=9974984)
[    0.004016] Security Framework initialized
[    0.004022] SELinux:  Disabled at boot.
[    0.004028] Mount-cache hash table entries: 512
[    0.004134] Initializing cgroup subsys ns
[    0.004138] Initializing cgroup subsys cpuacct
[    0.004141] Initializing cgroup subsys memory
[    0.004146] Initializing cgroup subsys devices
[    0.004148] Initializing cgroup subsys freezer
[    0.004150] Initializing cgroup subsys net_cls
[    0.004169] CPU: L1 I cache: 32K, L1 D cache: 32K
[    0.004171] CPU: L2 cache: 3072K
[    0.004174] CPU: Physical Processor ID: 0
[    0.004175] CPU: Processor Core ID: 0
[    0.004178] mce: CPU supports 6 MCE banks
[    0.004185] CPU0: Thermal monitoring enabled (TM2)
[    0.004188] using mwait in idle threads.
[    0.004194] Performance Events: Core2 events, Intel PMU driver.
[    0.004198] ... version:                2
[    0.004199] ... bit width:              40
[    0.004201] ... generic registers:      2
[    0.004202] ... value mask:             000000ffffffffff
[    0.004204] ... max period:             000000007fffffff
[    0.004205] ... fixed-purpose events:   3
[    0.004207] ... event mask:             0000000700000003
[    0.004210] Checking 'hlt' instruction... OK.
[    0.020761] SMP alternatives: switching to UP code
[    0.027807] ACPI: Core revision 20090903
[    0.034609] ACPI: setting ELCR to 0200 (from 0cb8)
[    0.036007] ftrace: converting mcount calls to 0f 1f 44 00 00
[    0.036010] ftrace: allocating 20938 entries in 41 pages
[    0.040043] Enabling APIC mode:  Flat.  Using 1 I/O APICs
[    0.040045] SMP mode deactivated.
[    0.040048] SMP disabled
[    0.040115] Brought up 1 CPUs
[    0.040117] Total of 1 processors activated (4987.49 BogoMIPS).
[    0.040122] CPU0 attaching NULL sched-domain.
[    0.040184] devtmpfs: initialized
[    0.040313] sysctl table check failed: /kernel/random/now_input .1.40.7 Unknown sysctl binary path
[    0.040529] Pid: 1, comm: swapper Not tainted 2.6.32.57 #86
[    0.040530] Call Trace:
[    0.040536]  [<c059ee94>] ? printk+0x1d/0x21
[    0.040540]  [<c01766af>] set_fail+0x4f/0x60
[    0.040543]  [<c0176a0e>] sysctl_check_table+0x34e/0x690
[    0.040545]  [<c0176650>] ? sysctl_check_lookup+0x120/0x130
[    0.040548]  [<c0176a27>] sysctl_check_table+0x367/0x690
[    0.040550]  [<c0176650>] ? sysctl_check_lookup+0x120/0x130
[    0.040553]  [<c0176a27>] sysctl_check_table+0x367/0x690
[    0.040557]  [<c07ded5c>] sysctl_init+0x25/0x29
[    0.040559]  [<c0103041>] do_one_initcall+0x31/0x190
[    0.040561]  [<c07ded37>] ? sysctl_init+0x0/0x29
[    0.040565]  [<c07c6365>] kernel_init+0x12d/0x183
[    0.040567]  [<c07c6238>] ? kernel_init+0x0/0x183
[    0.040570]  [<c010a2c7>] kernel_thread_helper+0x7/0x10
[    0.040572] sysctl table check failed: /kernel/random/now_blocking .1.40.8 Unknown sysctl binary path
[    0.040785] Pid: 1, comm: swapper Not tainted 2.6.32.57 #86
[    0.040786] Call Trace:
[    0.040788]  [<c059ee94>] ? printk+0x1d/0x21
[    0.040791]  [<c01766af>] set_fail+0x4f/0x60
[    0.040793]  [<c0176a0e>] sysctl_check_table+0x34e/0x690
[    0.040796]  [<c0176650>] ? sysctl_check_lookup+0x120/0x130
[    0.040798]  [<c0176a27>] sysctl_check_table+0x367/0x690
[    0.040801]  [<c0176650>] ? sysctl_check_lookup+0x120/0x130
[    0.040803]  [<c0176a27>] sysctl_check_table+0x367/0x690
[    0.040806]  [<c07ded5c>] sysctl_init+0x25/0x29
[    0.040808]  [<c0103041>] do_one_initcall+0x31/0x190
[    0.040811]  [<c07ded37>] ? sysctl_init+0x0/0x29
[    0.040813]  [<c07c6365>] kernel_init+0x12d/0x183
[    0.040815]  [<c07c6238>] ? kernel_init+0x0/0x183
[    0.040818]  [<c010a2c7>] kernel_thread_helper+0x7/0x10
[    0.040819] sysctl table check failed: /kernel/random/now_nonblocking .1.40.9 Unknown sysctl binary path
[    0.041033] Pid: 1, comm: swapper Not tainted 2.6.32.57 #86
[    0.041034] Call Trace:
[    0.041036]  [<c059ee94>] ? printk+0x1d/0x21
[    0.041038]  [<c01766af>] set_fail+0x4f/0x60
[    0.041041]  [<c0176a0e>] sysctl_check_table+0x34e/0x690
[    0.041044]  [<c0176650>] ? sysctl_check_lookup+0x120/0x130
[    0.041047]  [<c0176a27>] sysctl_check_table+0x367/0x690
[    0.041049]  [<c0176650>] ? sysctl_check_lookup+0x120/0x130
[    0.041052]  [<c0176a27>] sysctl_check_table+0x367/0x690
[    0.041055]  [<c07ded5c>] sysctl_init+0x25/0x29
[    0.041057]  [<c0103041>] do_one_initcall+0x31/0x190
[    0.041059]  [<c07ded37>] ? sysctl_init+0x0/0x29
[    0.041062]  [<c07c6365>] kernel_init+0x12d/0x183
[    0.041064]  [<c07c6238>] ? kernel_init+0x0/0x183
[    0.041066]  [<c010a2c7>] kernel_thread_helper+0x7/0x10
[    0.041068] sysctl table check failed: /kernel/random/nb_input_bytes .1.40.10 Unknown sysctl binary path
[    0.041281] Pid: 1, comm: swapper Not tainted 2.6.32.57 #86
[    0.041282] Call Trace:
[    0.041285]  [<c059ee94>] ? printk+0x1d/0x21
[    0.041287]  [<c01766af>] set_fail+0x4f/0x60
[    0.041290]  [<c0176a0e>] sysctl_check_table+0x34e/0x690
[    0.041292]  [<c0176650>] ? sysctl_check_lookup+0x120/0x130
[    0.041295]  [<c0176a27>] sysctl_check_table+0x367/0x690
[    0.041298]  [<c0176650>] ? sysctl_check_lookup+0x120/0x130
[    0.041300]  [<c0176a27>] sysctl_check_table+0x367/0x690
[    0.041303]  [<c07ded5c>] sysctl_init+0x25/0x29
[    0.041305]  [<c0103041>] do_one_initcall+0x31/0x190
[    0.041307]  [<c07ded37>] ? sysctl_init+0x0/0x29
[    0.041310]  [<c07c6365>] kernel_init+0x12d/0x183
[    0.041312]  [<c07c6238>] ? kernel_init+0x0/0x183
[    0.041314]  [<c010a2c7>] kernel_thread_helper+0x7/0x10
[    0.041316] sysctl table check failed: /kernel/random/nb_stir_count .1.40.11 Unknown sysctl binary path
[    0.041530] Pid: 1, comm: swapper Not tainted 2.6.32.57 #86
[    0.041531] Call Trace:
[    0.041533]  [<c059ee94>] ? printk+0x1d/0x21
[    0.041535]  [<c01766af>] set_fail+0x4f/0x60
[    0.041538]  [<c0176a0e>] sysctl_check_table+0x34e/0x690
[    0.041540]  [<c0176650>] ? sysctl_check_lookup+0x120/0x130
[    0.041543]  [<c0176a27>] sysctl_check_table+0x367/0x690
[    0.041546]  [<c0176650>] ? sysctl_check_lookup+0x120/0x130
[    0.041548]  [<c0176a27>] sysctl_check_table+0x367/0x690
[    0.041551]  [<c07ded5c>] sysctl_init+0x25/0x29
[    0.041553]  [<c0103041>] do_one_initcall+0x31/0x190
[    0.041556]  [<c07ded37>] ? sysctl_init+0x0/0x29
[    0.041558]  [<c07c6365>] kernel_init+0x12d/0x183
[    0.041560]  [<c07c6238>] ? kernel_init+0x0/0x183
[    0.041562]  [<c010a2c7>] kernel_thread_helper+0x7/0x10
[    0.041564] sysctl table check failed: /kernel/random/nb_reentry_count .1.40.12 Unknown sysctl binary path
[    0.041777] Pid: 1, comm: swapper Not tainted 2.6.32.57 #86
[    0.041779] Call Trace:
[    0.041781]  [<c059ee94>] ? printk+0x1d/0x21
[    0.041783]  [<c01766af>] set_fail+0x4f/0x60
[    0.041786]  [<c0176a0e>] sysctl_check_table+0x34e/0x690
[    0.041788]  [<c0176650>] ? sysctl_check_lookup+0x120/0x130
[    0.041791]  [<c0176a27>] sysctl_check_table+0x367/0x690
[    0.041794]  [<c0176650>] ? sysctl_check_lookup+0x120/0x130
[    0.041796]  [<c0176a27>] sysctl_check_table+0x367/0x690
[    0.041799]  [<c07ded5c>] sysctl_init+0x25/0x29
[    0.041801]  [<c0103041>] do_one_initcall+0x31/0x190
[    0.041803]  [<c07ded37>] ? sysctl_init+0x0/0x29
[    0.041806]  [<c07c6365>] kernel_init+0x12d/0x183
[    0.041808]  [<c07c6238>] ? kernel_init+0x0/0x183
[    0.041810]  [<c010a2c7>] kernel_thread_helper+0x7/0x10
[    0.041945] regulator: core version 0.5
[    0.041965] Time:  5:18:32  Date: 03/25/13
[    0.041996] NET: Registered protocol family 16
[    0.042068] EISA bus registered
[    0.042074] ACPI: bus type pci registered
[    0.042124] PCI: MCFG configuration 0: base f0000000 segment 0 buses 0 - 63
[    0.042126] PCI: Not using MMCONFIG.
[    0.042251] PCI: Using configuration type 1 for base access
[    0.042848] bio: create slab <bio-0> at 0
[    0.043374] ACPI: EC: Look up EC in DSDT
[    0.045248] ACPI: Executed 1 blocks of module-level executable AML code
[    0.049139] ACPI: Interpreter enabled
[    0.049143] ACPI: (supports S0 S1 S3 S4 S5)
[    0.049160] ACPI: Using PIC for interrupt routing
[    0.049200] PCI: MCFG configuration 0: base f0000000 segment 0 buses 0 - 63
[    0.050585] PCI: MCFG area at f0000000 reserved in ACPI motherboard resources
[    0.050587] PCI: Using MMCONFIG for extended config space
[    0.056637] ACPI: No dock devices found.
[    0.056887] ACPI: PCI Root Bridge [PCI0] (0000:00)
[    0.056970] pci 0000:00:01.0: PME# supported from D0 D3hot D3cold
[    0.056972] pci 0000:00:01.0: PME# disabled
[    0.057028] pci 0000:00:1a.0: reg 20 io port: [0xc000-0xc01f]
[    0.057091] pci 0000:00:1a.1: reg 20 io port: [0xc080-0xc09f]
[    0.057154] pci 0000:00:1a.2: reg 20 io port: [0xc400-0xc41f]
[    0.057220] pci 0000:00:1a.7: reg 10 32bit mmio: [0xfe9ff400-0xfe9ff7ff]
[    0.057280] pci 0000:00:1a.7: PME# supported from D0 D3hot D3cold
[    0.057284] pci 0000:00:1a.7: PME# disabled
[    0.057317] pci 0000:00:1b.0: reg 10 64bit mmio: [0xfe9f8000-0xfe9fbfff]
[    0.057361] pci 0000:00:1b.0: PME# supported from D0 D3hot D3cold
[    0.057364] pci 0000:00:1b.0: PME# disabled
[    0.057426] pci 0000:00:1c.0: PME# supported from D0 D3hot D3cold
[    0.057430] pci 0000:00:1c.0: PME# disabled
[    0.057496] pci 0000:00:1c.5: PME# supported from D0 D3hot D3cold
[    0.057499] pci 0000:00:1c.5: PME# disabled
[    0.057542] pci 0000:00:1d.0: reg 20 io port: [0xc480-0xc49f]
[    0.057605] pci 0000:00:1d.1: reg 20 io port: [0xc800-0xc81f]
[    0.057668] pci 0000:00:1d.2: reg 20 io port: [0xc880-0xc89f]
[    0.057735] pci 0000:00:1d.7: reg 10 32bit mmio: [0xfe9ff800-0xfe9ffbff]
[    0.057796] pci 0000:00:1d.7: PME# supported from D0 D3hot D3cold
[    0.057799] pci 0000:00:1d.7: PME# disabled
[    0.057953] pci 0000:00:1f.2: reg 10 io port: [0x00-0x07]
[    0.057957] pci 0000:00:1f.2: reg 14 io port: [0x00-0x03]
[    0.057962] pci 0000:00:1f.2: reg 18 io port: [0x00-0x07]
[    0.057966] pci 0000:00:1f.2: reg 1c io port: [0x00-0x03]
[    0.057971] pci 0000:00:1f.2: reg 20 io port: [0xff90-0xff9f]
[    0.057975] pci 0000:00:1f.2: reg 24 io port: [0xffa0-0xffaf]
[    0.058021] pci 0000:00:1f.3: reg 10 64bit mmio: [0xfe9ffc00-0xfe9ffcff]
[    0.058031] pci 0000:00:1f.3: reg 20 io port: [0x400-0x41f]
[    0.058071] pci 0000:04:00.0: reg 10 64bit mmio pref: [0xe0000000-0xefffffff]
[    0.058078] pci 0000:04:00.0: reg 18 64bit mmio: [0xfebe0000-0xfebeffff]
[    0.058083] pci 0000:04:00.0: reg 20 io port: [0xe000-0xe0ff]
[    0.058090] pci 0000:04:00.0: reg 30 32bit mmio pref: [0xfebc0000-0xfebdffff]
[    0.058117] pci 0000:04:00.0: supports D1 D2
[    0.058143] pci 0000:04:00.1: reg 10 64bit mmio: [0xfebfc000-0xfebfffff]
[    0.058183] pci 0000:04:00.1: supports D1 D2
[    0.058218] pci 0000:00:01.0: bridge io port: [0xe000-0xefff]
[    0.058221] pci 0000:00:01.0: bridge 32bit mmio: [0xfeb00000-0xfebfffff]
[    0.058224] pci 0000:00:01.0: bridge 64bit mmio pref: [0xe0000000-0xefffffff]
[    0.058298] pci 0000:02:00.0: reg 10 io port: [0xd800-0xd8ff]
[    0.058316] pci 0000:02:00.0: reg 18 64bit mmio: [0xfeaff000-0xfeafffff]
[    0.058328] pci 0000:02:00.0: reg 20 64bit mmio pref: [0xdfffc000-0xdfffffff]
[    0.058335] pci 0000:02:00.0: reg 30 32bit mmio pref: [0xfeac0000-0xfeadffff]
[    0.058393] pci 0000:02:00.0: supports D1 D2
[    0.058395] pci 0000:02:00.0: PME# supported from D0 D1 D2 D3hot D3cold
[    0.058399] pci 0000:02:00.0: PME# disabled
[    0.058445] pci 0000:00:1c.5: bridge io port: [0xd000-0xdfff]
[    0.058449] pci 0000:00:1c.5: bridge 32bit mmio: [0xfea00000-0xfeafffff]
[    0.058453] pci 0000:00:1c.5: bridge 64bit mmio pref: [0xdff00000-0xdfffffff]
[    0.058492] pci 0000:00:1e.0: transparent bridge
[    0.058511] pci_bus 0000:00: on NUMA node 0
[    0.058514] ACPI: PCI Interrupt Routing Table [\_SB_.PCI0._PRT]
[    0.058672] ACPI: PCI Interrupt Routing Table [\_SB_.PCI0.P0P2._PRT]
[    0.058755] ACPI: PCI Interrupt Routing Table [\_SB_.PCI0.P0P4._PRT]
[    0.058814] ACPI: PCI Interrupt Routing Table [\_SB_.PCI0.P0P9._PRT]
[    0.070853] ACPI: PCI Interrupt Link [LNKA] (IRQs 3 4 6 7 *10 11 12 14 15)
[    0.070943] ACPI: PCI Interrupt Link [LNKB] (IRQs *5)
[    0.071028] ACPI: PCI Interrupt Link [LNKC] (IRQs 3 4 6 7 10 *11 12 14 15)
[    0.071115] ACPI: PCI Interrupt Link [LNKD] (IRQs 3 4 6 7 10 11 12 14 15) *0, disabled.
[    0.071203] ACPI: PCI Interrupt Link [LNKE] (IRQs 3 4 6 *7 10 11 12 14 15)
[    0.071291] ACPI: PCI Interrupt Link [LNKF] (IRQs 3 4 6 7 *10 11 12 14 15)
[    0.071377] ACPI: PCI Interrupt Link [LNKG] (IRQs 3 *4 6 7 10 11 12 14 15)
[    0.071464] ACPI: PCI Interrupt Link [LNKH] (IRQs *3 4 6 7 10 11 12 14 15)
[    0.071540] vgaarb: device added: PCI:0000:04:00.0,decodes=io+mem,owns=io+mem,locks=none
[    0.071542] vgaarb: loaded
[    0.071617] SCSI subsystem initialized
[    0.071644] libata version 3.00 loaded.
[    0.071690] usbcore: registered new interface driver usbfs
[    0.071698] usbcore: registered new interface driver hub
[    0.071715] usbcore: registered new device driver usb
[    0.071795] ACPI: WMI: Mapper loaded
[    0.071796] PCI: Using ACPI for IRQ routing
[    0.071894] NetLabel: Initializing
[    0.071896] NetLabel:  domain hash size = 128
[    0.071897] NetLabel:  protocols = UNLABELED CIPSOv4
[    0.071905] NetLabel:  unlabeled traffic allowed by default
[    0.071926] HPET: 4 timers in total, 0 timers will be used for per-cpu timer
[    0.071931] hpet0: at MMIO 0xfed00000, IRQs 2, 8, 0, 0
[    0.071934] hpet0: 4 comparators, 64-bit 14.318180 MHz counter
[    0.073008] random 0000 0000 0000 00000000 00000000: rand_read_num 2 get_random_bytes(8): sig fffffe1a 00000000 00000000
[    0.073010] random 0000 0000 0000 00000000 00000000: extract_entropy(.. 8 ..)
[    0.073013] random 0000 0000 0000 00000000 00000000: going to reseed nonblocking with 64 bits (64 of 0 requested)
[    0.073015] random 0000 0000 0000 00000000 00000000: extract_entropy(.. 8 ..)
[    0.073017] random 0000 0000 0000 00000000 00000000: trying to extract 64 bits from input
[    0.073019] random 0000 0000 0000 00000000 00000000: debiting 0 entropy credits from input
[    0.073021] random 0000 0000 0000 00000000 00000000: trying to extract 64 bits from nonblocking
[    0.073024] random 0000 0000 0000 00000000 00000000: debiting 64 entropy credits from nonblocking (unlimited)
[    0.076016] Switching to clocksource tsc
[    0.077373] pnp: PnP ACPI init
[    0.077381] ACPI: bus type pnp registered
[    0.079023] pnp: PnP ACPI: found 14 devices
[    0.079024] ACPI: ACPI bus type pnp unregistered
[    0.079027] PnPBIOS: Disabled by ACPI PNP
[    0.079034] system 00:01: iomem range 0xfed14000-0xfed19fff has been reserved
[    0.079037] system 00:01: iomem range 0xfed90000-0xfed93fff has been reserved
[    0.079043] system 00:06: ioport range 0x4d0-0x4d1 has been reserved
[    0.079045] system 00:06: ioport range 0x800-0x87f has been reserved
[    0.079047] system 00:06: ioport range 0x500-0x57f has been reserved
[    0.079050] system 00:06: iomem range 0xfed1c000-0xfed1ffff has been reserved
[    0.079052] system 00:06: iomem range 0xfed20000-0xfed3ffff has been reserved
[    0.079054] system 00:06: iomem range 0xfed40000-0xfed8ffff has been reserved
[    0.079058] system 00:09: iomem range 0xffc00000-0xffefffff has been reserved
[    0.079062] system 00:0a: iomem range 0xfec00000-0xfec00fff has been reserved
[    0.079064] system 00:0a: iomem range 0xfee00000-0xfee00fff has been reserved
[    0.079068] system 00:0b: ioport range 0xa00-0xadf has been reserved
[    0.079072] system 00:0c: iomem range 0xf0000000-0xf3ffffff has been reserved
[    0.079076] system 00:0d: iomem range 0x0-0x9ffff could not be reserved
[    0.079078] system 00:0d: iomem range 0xc0000-0xcffff could not be reserved
[    0.079081] system 00:0d: iomem range 0xe0000-0xfffff could not be reserved
[    0.079083] system 00:0d: iomem range 0x100000-0xcfffffff could not be reserved
[    0.079085] system 00:0d: iomem range 0xfed90000-0xffffffff could not be reserved
[    0.113676] pci 0000:00:01.0: PCI bridge, secondary bus 0000:04
[    0.113679] pci 0000:00:01.0:   IO window: 0xe000-0xefff
[    0.113682] pci 0000:00:01.0:   MEM window: 0xfeb00000-0xfebfffff
[    0.113685] pci 0000:00:01.0:   PREFETCH window: 0x000000e0000000-0x000000efffffff
[    0.113688] pci 0000:00:1c.0: PCI bridge, secondary bus 0000:03
[    0.113690] pci 0000:00:1c.0:   IO window: 0x1000-0x1fff
[    0.113694] pci 0000:00:1c.0:   MEM window: 0xd0000000-0xd01fffff
[    0.113698] pci 0000:00:1c.0:   PREFETCH window: 0x000000d0200000-0x000000d03fffff
[    0.113702] pci 0000:00:1c.5: PCI bridge, secondary bus 0000:02
[    0.113705] pci 0000:00:1c.5:   IO window: 0xd000-0xdfff
[    0.113709] pci 0000:00:1c.5:   MEM window: 0xfea00000-0xfeafffff
[    0.113712] pci 0000:00:1c.5:   PREFETCH window: 0x000000dff00000-0x000000dfffffff
[    0.113717] pci 0000:00:1e.0: PCI bridge, secondary bus 0000:01
[    0.113718] pci 0000:00:1e.0:   IO window: disabled
[    0.113722] pci 0000:00:1e.0:   MEM window: disabled
[    0.113725] pci 0000:00:1e.0:   PREFETCH window: disabled
[    0.113833] ACPI: PCI Interrupt Link [LNKA] enabled at IRQ 10
[    0.113835] PCI: setting IRQ 10 as level-triggered
[    0.113839] pci 0000:00:01.0: PCI INT A -> Link[LNKA] -> GSI 10 (level, low) -> IRQ 10
[    0.113842] pci 0000:00:01.0: setting latency timer to 64
[    0.113848] pci 0000:00:1c.0: enabling device (0104 -> 0107)
[    0.113947] ACPI: PCI Interrupt Link [LNKB] enabled at IRQ 5
[    0.113949] PCI: setting IRQ 5 as level-triggered
[    0.113953] pci 0000:00:1c.0: PCI INT A -> Link[LNKB] -> GSI 5 (level, low) -> IRQ 5
[    0.113956] pci 0000:00:1c.0: setting latency timer to 64
[    0.113963] pci 0000:00:1c.5: PCI INT B -> Link[LNKA] -> GSI 10 (level, low) -> IRQ 10
[    0.113966] pci 0000:00:1c.5: setting latency timer to 64
[    0.113971] pci 0000:00:1e.0: setting latency timer to 64
[    0.113975] pci_bus 0000:00: resource 0 io:  [0x00-0xffff]
[    0.113977] pci_bus 0000:00: resource 1 mem: [0x000000-0xffffffffffffffff]
[    0.113979] pci_bus 0000:04: resource 0 io:  [0xe000-0xefff]
[    0.113981] pci_bus 0000:04: resource 1 mem: [0xfeb00000-0xfebfffff]
[    0.113982] pci_bus 0000:04: resource 2 pref mem [0xe0000000-0xefffffff]
[    0.113984] pci_bus 0000:03: resource 0 io:  [0x1000-0x1fff]
[    0.113986] pci_bus 0000:03: resource 1 mem: [0xd0000000-0xd01fffff]
[    0.113988] pci_bus 0000:03: resource 2 pref mem [0xd0200000-0xd03fffff]
[    0.113990] pci_bus 0000:02: resource 0 io:  [0xd000-0xdfff]
[    0.113992] pci_bus 0000:02: resource 1 mem: [0xfea00000-0xfeafffff]
[    0.113994] pci_bus 0000:02: resource 2 pref mem [0xdff00000-0xdfffffff]
[    0.113996] pci_bus 0000:01: resource 3 io:  [0x00-0xffff]
[    0.113997] pci_bus 0000:01: resource 4 mem: [0x000000-0xffffffffffffffff]
[    0.114017] NET: Registered protocol family 2
[    0.114043] random 0000 0000 0000 5f8db4e5 4cfdf2a8: rand_read_num 3 get_random_bytes(4): sig fffffb64 5f8db4e5 4cfdf2a8
[    0.114045] random 0000 0000 0000 5f8db4e5 4cfdf2a8: extract_entropy(.. 4 ..)
[    0.114048] random 0000 0000 0000 5f8db4e5 4cfdf2a8: going to reseed nonblocking with 64 bits (32 of 0 requested)
[    0.114050] random 0000 0000 0000 5f8db4e5 4cfdf2a8: extract_entropy(.. 8 ..)
[    0.114052] random 0000 0000 0000 5f8db4e5 4cfdf2a8: trying to extract 64 bits from input
[    0.114054] random 0000 0000 0000 5f8db4e5 4cfdf2a8: debiting 0 entropy credits from input
[    0.114056] random 0000 0000 0000 5f8db4e5 4cfdf2a8: trying to extract 32 bits from nonblocking
[    0.114059] random 0000 0000 0000 5f8db4e5 4cfdf2a8: debiting 32 entropy credits from nonblocking (unlimited)
[    0.114093] IP route cache hash table entries: 32768 (order: 5, 131072 bytes)
[    0.114298] TCP established hash table entries: 131072 (order: 8, 1048576 bytes)
[    0.114616] TCP bind hash table entries: 65536 (order: 7, 524288 bytes)
[    0.114783] TCP: Hash tables configured (established 131072 bind 65536)
[    0.114785] TCP reno registered
[    0.114829] NET: Registered protocol family 1
[    0.114936] pci 0000:04:00.0: Boot video device
[    0.115047] cpufreq-nforce2: No nForce2 chipset.
[    0.115061] Scanning for low memory corruption every 60 seconds
[    0.115132] audit: initializing netlink socket (disabled)
[    0.115139] type=2000 audit(1364188712.111:1): initialized
[    0.123393] highmem bounce pool size: 64 pages
[    0.123397] HugeTLB registered 2 MB page size, pre-allocated 0 pages
[    0.124402] VFS: Disk quotas dquot_6.5.2
[    0.124440] Dquot-cache hash table entries: 1024 (order 0, 4096 bytes)
[    0.124843] fuse init (API version 7.13)
[    0.124905] msgmni has been set to 1581
[    0.125038] alg: No test for stdrng (krng)
[    0.125077] Block layer SCSI generic (bsg) driver version 0.4 loaded (major 253)
[    0.125080] io scheduler noop registered
[    0.125081] io scheduler anticipatory registered
[    0.125083] io scheduler deadline registered
[    0.125110] io scheduler cfq registered (default)
[    0.125192]   alloc irq_desc for 24 on node -1
[    0.125194]   alloc kstat_irqs on node -1
[    0.125200] pcieport 0000:00:01.0: irq 24 for MSI/MSI-X
[    0.125205] pcieport 0000:00:01.0: setting latency timer to 64
[    0.125274]   alloc irq_desc for 25 on node -1
[    0.125276]   alloc kstat_irqs on node -1
[    0.125281] pcieport 0000:00:1c.0: irq 25 for MSI/MSI-X
[    0.125287] pcieport 0000:00:1c.0: setting latency timer to 64
[    0.125373]   alloc irq_desc for 26 on node -1
[    0.125375]   alloc kstat_irqs on node -1
[    0.125380] pcieport 0000:00:1c.5: irq 26 for MSI/MSI-X
[    0.125386] pcieport 0000:00:1c.5: setting latency timer to 64
[    0.125450] pci_hotplug: PCI Hot Plug PCI Core version: 0.5
[    0.125462] Firmware did not grant requested _OSC control
[    0.125474] Firmware did not grant requested _OSC control
[    0.125493] Firmware did not grant requested _OSC control
[    0.125501] Firmware did not grant requested _OSC control
[    0.125512] pciehp: PCI Express Hot Plug Controller Driver version: 0.4
[    0.125618] input: Power Button as /devices/LNXSYSTM:00/LNXSYBUS:00/PNP0C0C:00/input/input0
[    0.125622] ACPI: Power Button [PWRB]
[    0.125652] input: Power Button as /devices/LNXSYSTM:00/LNXPWRBN:00/input/input1
[    0.125654] ACPI: Power Button [PWRF]
[    0.126174] ACPI: SSDT cffa0270 0022C (v01 HPQOEM SLIC-CPC 00000011 INTL 20051117)
[    0.126363] processor LNXCPU:00: registered as cooling_device0
[    0.127941] isapnp: Scanning for PnP cards...
[    0.480793] isapnp: No Plug & Play device found
[    0.480804] random 0000 0000 0000 5f8db4e5 4cfdf2a8: initializing
[    0.481720] Serial: 8250/16550 driver, 4 ports, IRQ sharing enabled
[    0.482672] brd: module loaded
[    0.482982] loop: module loaded
[    0.483037] input: Macintosh mouse button emulation as /devices/virtual/input/input2
[    0.483106] ata_piix 0000:00:1f.2: version 2.13
[    0.483219] ACPI: PCI Interrupt Link [LNKD] enabled at IRQ 11
[    0.483221] PCI: setting IRQ 11 as level-triggered
[    0.483226] ata_piix 0000:00:1f.2: PCI INT B -> Link[LNKD] -> GSI 11 (level, low) -> IRQ 11
[    0.483229] ata_piix 0000:00:1f.2: MAP [ P0 P2 P1 P3 ]
[    0.483261] ata_piix 0000:00:1f.2: setting latency timer to 64
[    0.483296] scsi0 : ata_piix
[    0.483344] scsi1 : ata_piix
[    0.484447] ata1: SATA max UDMA/133 cmd 0x1f0 ctl 0x3f6 bmdma 0xff90 irq 14
[    0.484452] ata2: SATA max UDMA/133 cmd 0x170 ctl 0x376 bmdma 0xff98 irq 15
[    0.484702] Fixed MDIO Bus: probed
[    0.484727] PPP generic driver version 2.4.2
[    0.484754] tun: Universal TUN/TAP device driver, 1.6
[    0.484756] tun: (C) 1999-2004 Max Krasnyansky <maxk@qualcomm.com>
[    0.484814] ehci_hcd: USB 2.0 'Enhanced' Host Controller (EHCI) Driver
[    0.484927] ACPI: PCI Interrupt Link [LNKC] enabled at IRQ 11
[    0.484930] ehci_hcd 0000:00:1a.7: PCI INT C -> Link[LNKC] -> GSI 11 (level, low) -> IRQ 11
[    0.484938] ehci_hcd 0000:00:1a.7: setting latency timer to 64
[    0.484941] ehci_hcd 0000:00:1a.7: EHCI Host Controller
[    0.484963] ehci_hcd 0000:00:1a.7: new USB bus registered, assigned bus number 1
[    0.484985] ehci_hcd 0000:00:1a.7: debug port 1
[    0.488874] ehci_hcd 0000:00:1a.7: cache line size of 32 is not supported
[    0.488901] ehci_hcd 0000:00:1a.7: irq 11, io mem 0xfe9ff400
[    0.503959] ehci_hcd 0000:00:1a.7: USB 2.0 started, EHCI 1.00
[    0.504040] usb usb1: configuration #1 chosen from 1 choice
[    0.504065] hub 1-0:1.0: USB hub found
[    0.504076] hub 1-0:1.0: 6 ports detected
[    0.504215] ACPI: PCI Interrupt Link [LNKH] enabled at IRQ 3
[    0.504217] PCI: setting IRQ 3 as level-triggered
[    0.504221] ehci_hcd 0000:00:1d.7: PCI INT A -> Link[LNKH] -> GSI 3 (level, low) -> IRQ 3
[    0.504228] ehci_hcd 0000:00:1d.7: setting latency timer to 64
[    0.504231] ehci_hcd 0000:00:1d.7: EHCI Host Controller
[    0.504252] ehci_hcd 0000:00:1d.7: new USB bus registered, assigned bus number 2
[    0.504272] ehci_hcd 0000:00:1d.7: debug port 1
[    0.508162] ehci_hcd 0000:00:1d.7: cache line size of 32 is not supported
[    0.508167] ehci_hcd 0000:00:1d.7: irq 3, io mem 0xfe9ff800
[    0.523958] ehci_hcd 0000:00:1d.7: USB 2.0 started, EHCI 1.00
[    0.524028] usb usb2: configuration #1 chosen from 1 choice
[    0.524051] hub 2-0:1.0: USB hub found
[    0.524056] hub 2-0:1.0: 6 ports detected
[    0.524100] ohci_hcd: USB 1.1 'Open' Host Controller (OHCI) Driver
[    0.524109] uhci_hcd: USB Universal Host Controller Interface driver
[    0.524122] uhci_hcd 0000:00:1a.0: PCI INT A -> Link[LNKA] -> GSI 10 (level, low) -> IRQ 10
[    0.524126] uhci_hcd 0000:00:1a.0: setting latency timer to 64
[    0.524129] uhci_hcd 0000:00:1a.0: UHCI Host Controller
[    0.524150] uhci_hcd 0000:00:1a.0: new USB bus registered, assigned bus number 3
[    0.524171] uhci_hcd 0000:00:1a.0: irq 10, io base 0x0000c000
[    0.524228] usb usb3: configuration #1 chosen from 1 choice
[    0.524250] hub 3-0:1.0: USB hub found
[    0.524254] hub 3-0:1.0: 2 ports detected
[    0.524386] ACPI: PCI Interrupt Link [LNKF] enabled at IRQ 10
[    0.524389] uhci_hcd 0000:00:1a.1: PCI INT B -> Link[LNKF] -> GSI 10 (level, low) -> IRQ 10
[    0.524393] uhci_hcd 0000:00:1a.1: setting latency timer to 64
[    0.524396] uhci_hcd 0000:00:1a.1: UHCI Host Controller
[    0.524421] uhci_hcd 0000:00:1a.1: new USB bus registered, assigned bus number 4
[    0.524440] uhci_hcd 0000:00:1a.1: irq 10, io base 0x0000c080
[    0.524500] usb usb4: configuration #1 chosen from 1 choice
[    0.524517] hub 4-0:1.0: USB hub found
[    0.524522] hub 4-0:1.0: 2 ports detected
[    0.524652] ACPI: PCI Interrupt Link [LNKE] enabled at IRQ 7
[    0.524653] PCI: setting IRQ 7 as level-triggered
[    0.524657] uhci_hcd 0000:00:1a.2: PCI INT D -> Link[LNKE] -> GSI 7 (level, low) -> IRQ 7
[    0.524662] uhci_hcd 0000:00:1a.2: setting latency timer to 64
[    0.524664] uhci_hcd 0000:00:1a.2: UHCI Host Controller
[    0.524687] uhci_hcd 0000:00:1a.2: new USB bus registered, assigned bus number 5
[    0.524707] uhci_hcd 0000:00:1a.2: irq 7, io base 0x0000c400
[    0.524764] usb usb5: configuration #1 chosen from 1 choice
[    0.524782] hub 5-0:1.0: USB hub found
[    0.524786] hub 5-0:1.0: 2 ports detected
[    0.524816] uhci_hcd 0000:00:1d.0: PCI INT A -> Link[LNKH] -> GSI 3 (level, low) -> IRQ 3
[    0.524820] uhci_hcd 0000:00:1d.0: setting latency timer to 64
[    0.524823] uhci_hcd 0000:00:1d.0: UHCI Host Controller
[    0.524842] uhci_hcd 0000:00:1d.0: new USB bus registered, assigned bus number 6
[    0.524861] uhci_hcd 0000:00:1d.0: irq 3, io base 0x0000c480
[    0.524918] usb usb6: configuration #1 chosen from 1 choice
[    0.524937] hub 6-0:1.0: USB hub found
[    0.524941] hub 6-0:1.0: 2 ports detected
[    0.524973] uhci_hcd 0000:00:1d.1: PCI INT B -> Link[LNKE] -> GSI 7 (level, low) -> IRQ 7
[    0.524977] uhci_hcd 0000:00:1d.1: setting latency timer to 64
[    0.524979] uhci_hcd 0000:00:1d.1: UHCI Host Controller
[    0.525001] uhci_hcd 0000:00:1d.1: new USB bus registered, assigned bus number 7
[    0.525020] uhci_hcd 0000:00:1d.1: irq 7, io base 0x0000c800
[    0.525077] usb usb7: configuration #1 chosen from 1 choice
[    0.525096] hub 7-0:1.0: USB hub found
[    0.525100] hub 7-0:1.0: 2 ports detected
[    0.525127] uhci_hcd 0000:00:1d.2: PCI INT C -> Link[LNKC] -> GSI 11 (level, low) -> IRQ 11
[    0.525132] uhci_hcd 0000:00:1d.2: setting latency timer to 64
[    0.525134] uhci_hcd 0000:00:1d.2: UHCI Host Controller
[    0.525154] uhci_hcd 0000:00:1d.2: new USB bus registered, assigned bus number 8
[    0.525172] uhci_hcd 0000:00:1d.2: irq 11, io base 0x0000c880
[    0.525231] usb usb8: configuration #1 chosen from 1 choice
[    0.525248] hub 8-0:1.0: USB hub found
[    0.525253] hub 8-0:1.0: 2 ports detected
[    0.525319] PNP: No PS/2 controller found. Probing ports directly.
[    0.527767] serio: i8042 KBD port at 0x60,0x64 irq 1
[    0.527771] serio: i8042 AUX port at 0x60,0x64 irq 12
[    0.527847] mice: PS/2 mouse device common for all mice
[    0.527925] rtc_cmos 00:03: RTC can wake from S4
[    0.527960] rtc_cmos 00:03: rtc core: registered rtc_cmos as rtc0
[    0.527975] rtc0: alarms up to one month, y3k, 114 bytes nvram, hpet irqs
[    0.528043] device-mapper: uevent: version 1.0.3
[    0.528102] device-mapper: ioctl: 4.15.0-ioctl (2009-04-01) initialised: dm-devel@redhat.com
[    0.528133] device-mapper: multipath: version 1.1.0 loaded
[    0.528135] device-mapper: multipath round-robin: version 1.0.0 loaded
[    0.528205] EISA: Probing bus 0 at eisa.0
[    0.528209] Cannot allocate resource for EISA slot 1
[    0.528226] EISA: Detected 0 cards.
[    0.528253] cpuidle: using governor ladder
[    0.528254] cpuidle: using governor menu
[    0.528483] random 0000 0000 0000 00000000 00000000: rand_read_num 4 get_random_bytes(136): sig 00000000 00000000 00000000
[    0.528485] random 0000 0000 0000 00000000 00000000: extract_entropy(.. 136 ..)
[    0.528488] random 0000 0000 0000 00000000 00000000: going to reseed nonblocking with 1024 bits (1088 of 0 requested)
[    0.528490] random 0000 0000 0000 00000000 00000000: extract_entropy(.. 128 ..)
[    0.528492] random 0000 0000 0000 00000000 00000000: trying to extract 1024 bits from input
[    0.528494] random 0000 0000 0000 00000000 00000000: debiting 0 entropy credits from input
[    0.528497] random 0000 0000 0000 00000000 00000000: trying to extract 1088 bits from nonblocking
[    0.528499] random 0000 0000 0000 00000000 00000000: debiting 1088 entropy credits from nonblocking (unlimited)
[    0.528529] TCP cubic registered
[    0.528638] NET: Registered protocol family 10
[    0.528674] random 0000 0000 0000 9ff19f9c c07a1d2a: rand_read_num 5 get_random_bytes(4): sig 0000031b 9ff19f9c c07a1d2a
[    0.528677] random 0000 0000 0000 9ff19f9c c07a1d2a: extract_entropy(.. 4 ..)
[    0.528679] random 0000 0000 0000 9ff19f9c c07a1d2a: going to reseed nonblocking with 64 bits (32 of 0 requested)
[    0.528681] random 0000 0000 0000 9ff19f9c c07a1d2a: extract_entropy(.. 8 ..)
[    0.528683] random 0000 0000 0000 9ff19f9c c07a1d2a: trying to extract 64 bits from input
[    0.528686] random 0000 0000 0000 9ff19f9c c07a1d2a: debiting 0 entropy credits from input
[    0.528688] random 0000 0000 0000 9ff19f9c c07a1d2a: trying to extract 32 bits from nonblocking
[    0.528690] random 0000 0000 0000 9ff19f9c c07a1d2a: debiting 32 entropy credits from nonblocking (unlimited)
[    0.529140] NET: Registered protocol family 17
[    0.529412] Using IPI No-Shortcut mode
[    0.529419] random 0000 0000 0000 277f73c3 42024bb9: rand_read_num 6 get_random_bytes(8): sig 000007e9 277f73c3 42024bb9
[    0.529421] random 0000 0000 0000 277f73c3 42024bb9: extract_entropy(.. 8 ..)
[    0.529424] random 0000 0000 0000 277f73c3 42024bb9: going to reseed nonblocking with 64 bits (64 of 0 requested)
[    0.529426] random 0000 0000 0000 277f73c3 42024bb9: extract_entropy(.. 8 ..)
[    0.529428] random 0000 0000 0000 277f73c3 42024bb9: trying to extract 64 bits from input
[    0.529430] random 0000 0000 0000 277f73c3 42024bb9: debiting 0 entropy credits from input
[    0.529433] random 0000 0000 0000 277f73c3 42024bb9: trying to extract 64 bits from nonblocking
[    0.529435] random 0000 0000 0000 277f73c3 42024bb9: debiting 64 entropy credits from nonblocking (unlimited)
[    0.529479] PM: Resume from disk failed.
[    0.529487] registered taskstats version 1
[    0.529490] random 0000 0000 0000 277f73c3 42024bb9: rand_read_num 7 get_random_bytes(12): sig 00000498 277f73c3 42024bb9
[    0.529492] random 0000 0000 0000 277f73c3 42024bb9: extract_entropy(.. 12 ..)
[    0.529495] random 0000 0000 0000 277f73c3 42024bb9: going to reseed nonblocking with 96 bits (96 of 0 requested)
[    0.529497] random 0000 0000 0000 277f73c3 42024bb9: extract_entropy(.. 12 ..)
[    0.529499] random 0000 0000 0000 277f73c3 42024bb9: trying to extract 96 bits from input
[    0.529501] random 0000 0000 0000 277f73c3 42024bb9: debiting 0 entropy credits from input
[    0.529504] random 0000 0000 0000 277f73c3 42024bb9: trying to extract 96 bits from nonblocking
[    0.529506] random 0000 0000 0000 277f73c3 42024bb9: debiting 96 entropy credits from nonblocking (unlimited)
[    0.529756] random 0000 0000 0000 412698f6 0cc8689a: rand_read_num 8 get_random_bytes(64): sig 00000122 412698f6 0cc8689a
[    0.529758] random 0000 0000 0000 412698f6 0cc8689a: extract_entropy(.. 64 ..)
[    0.529761] random 0000 0000 0000 412698f6 0cc8689a: going to reseed nonblocking with 512 bits (512 of 0 requested)
[    0.529763] random 0000 0000 0000 412698f6 0cc8689a: extract_entropy(.. 64 ..)
[    0.529765] random 0000 0000 0000 412698f6 0cc8689a: trying to extract 512 bits from input
[    0.529767] random 0000 0000 0000 412698f6 0cc8689a: debiting 0 entropy credits from input
[    0.529770] random 0000 0000 0000 412698f6 0cc8689a: trying to extract 512 bits from nonblocking
[    0.529772] random 0000 0000 0000 412698f6 0cc8689a: debiting 512 entropy credits from nonblocking (unlimited)
[    0.529786]   Magic number: 5:658:315
[    0.529794] tty tty40: hash matches
[    0.529832] rtc_cmos 00:03: setting system clock to 2013-03-25 05:18:33 UTC (1364188713)
[    0.529834] BIOS EDD facility v0.16 2004-Jun-25, 0 devices found
[    0.529836] EDD information not available.
[    0.529858] random 0000 0000 0000 70cfd302 e5edec11: rand_read_num 9 get_random_bytes(64): sig fffffdc1 70cfd302 e5edec11
[    0.529860] random 0000 0000 0000 70cfd302 e5edec11: extract_entropy(.. 64 ..)
[    0.529863] random 0000 0000 0000 70cfd302 e5edec11: going to reseed nonblocking with 512 bits (512 of 0 requested)
[    0.529865] random 0000 0000 0000 70cfd302 e5edec11: extract_entropy(.. 64 ..)
[    0.529867] random 0000 0000 0000 70cfd302 e5edec11: trying to extract 512 bits from input
[    0.529869] random 0000 0000 0000 70cfd302 e5edec11: debiting 0 entropy credits from input
[    0.529871] random 0000 0000 0000 70cfd302 e5edec11: trying to extract 512 bits from nonblocking
[    0.529874] random 0000 0000 0000 70cfd302 e5edec11: debiting 512 entropy credits from nonblocking (unlimited)
[    0.529887] BEGIN NET_SECRET:
[    0.529888] \x18
[    0.529889] \x5c
[    0.529890] \x2b
[    0.529891] \x1
[    0.529892] \xffffff90
[    0.529893] \x19
[    0.529893] \x3c
[    0.529894] \xfffffff2
[    0.529895] \xffffff82
[    0.529896] \x2a
[    0.529897] \xffffffb3
[    0.529898] \xffffffa2
[    0.529899] \x3f
[    0.529900] \x5
[    0.529900] \x52
[    0.529901] \x77
[    0.529902] \x57
[    0.529903] \x79
[    0.529904] \x16
[    0.529904] \x43
[    0.529905] \xffffff84
[    0.529906] \xffffffc3
[    0.529907] \xffffffe9
[    0.529908] \x79
[    0.529909] \x50
[    0.529909] \xffffff8e
[    0.529910] \x3f
[    0.529911] \xfffffff3
[    0.529912] \x19
[    0.529913] \x2a
[    0.529914] \xfffffffd
[    0.529914] \xfffffffb
[    0.529915] \x62
[    0.529916] \x3c
[    0.529917] \xffffffac
[    0.529918] \x1c
[    0.529919] \x3b
[    0.529919] \x3b
[    0.529920] \x15
[    0.529921] \x27
[    0.529922] \xffffffa8
[    0.529923] \x22
[    0.529923] \xffffffc5
[    0.529924] \xffffff9a
[    0.529925] \x5
[    0.529926] \x6c
[    0.529927] \xffffffa8
[    0.529928] \x3a
[    0.529928] \x44
[    0.529929] \xffffffaf
[    0.529930] \x13
[    0.529931] \xffffffe0
[    0.529932] \xffffff9d
[    0.529933] \x22
[    0.529933] \xf
[    0.529934] \xffffffc9
[    0.529935] \x6c
[    0.529936] \x28
[    0.529937] \xffffff87
[    0.529937] \x79
[    0.529938] \x69
[    0.529939] \xffffff91
[    0.529940] \xffffff8a
[    0.529941] \xfffffff9
[    0.529942] 
[    0.529942] END NET_SECRET
[    0.529945] random 0000 0000 0000 e7f555d9 e8ce5c3c: rand_read_num 10 get_random_bytes(4): sig ffffff72 e7f555d9 e8ce5c3c
[    0.529947] random 0000 0000 0000 e7f555d9 e8ce5c3c: extract_entropy(.. 4 ..)
[    0.529949] random 0000 0000 0000 e7f555d9 e8ce5c3c: going to reseed nonblocking with 64 bits (32 of 0 requested)
[    0.529952] random 0000 0000 0000 e7f555d9 e8ce5c3c: extract_entropy(.. 8 ..)
[    0.529954] random 0000 0000 0000 e7f555d9 e8ce5c3c: trying to extract 64 bits from input
[    0.529956] random 0000 0000 0000 e7f555d9 e8ce5c3c: debiting 0 entropy credits from input
[    0.529958] random 0000 0000 0000 e7f555d9 e8ce5c3c: trying to extract 32 bits from nonblocking
[    0.529960] random 0000 0000 0000 e7f555d9 e8ce5c3c: debiting 32 entropy credits from nonblocking (unlimited)
[    0.815958] usb 1-6: new high speed USB device using ehci_hcd and address 2
[    1.280062] ata1.00: SATA link up 3.0 Gbps (SStatus 123 SControl 300)
[    1.280073] ata1.01: SATA link down (SStatus 0 SControl 300)
[    1.280483] usb 1-6: configuration #1 chosen from 1 choice
[    1.284058] ata2.00: SATA link up 1.5 Gbps (SStatus 113 SControl 300)
[    1.284070] ata2.01: SATA link down (SStatus 0 SControl 300)
[    1.284080] ata2.01: link offline, clearing class 3 to NONE
[    1.288348] ata2.00: ATAPI: TSSTcorp CDDVDW TS-H653R, 0301, max UDMA/33
[    1.288435] ata1.00: ATA-8: WDC WD6400AAKS-65A7B2, 01.03B01, max UDMA/133
[    1.288437] ata1.00: 1250263728 sectors, multi 16: LBA48 NCQ (depth 0/32)
[    1.304364] ata2.00: configured for UDMA/33
[    1.304436] ata1.00: configured for UDMA/133
[    1.304519] scsi 0:0:0:0: Direct-Access     ATA      WDC WD6400AAKS-6 01.0 PQ: 0 ANSI: 5
[    1.304595] sd 0:0:0:0: Attached scsi generic sg0 type 0
[    1.304641] sd 0:0:0:0: [sda] 1250263728 512-byte logical blocks: (640 GB/596 GiB)
[    1.304673] sd 0:0:0:0: [sda] Write Protect is off
[    1.304675] sd 0:0:0:0: [sda] Mode Sense: 00 3a 00 00
[    1.304692] sd 0:0:0:0: [sda] Write cache: enabled, read cache: enabled, doesn't support DPO or FUA
[    1.304777]  sda:
[    1.305701] scsi 1:0:0:0: CD-ROM            TSSTcorp CDDVDW TS-H653R  0301 PQ: 0 ANSI: 5
[    1.310420] sr0: scsi3-mmc drive: 40x/40x writer dvd-ram cd/rw xa/form2 cdda tray
[    1.310423] Uniform CD-ROM driver Revision: 3.20
[    1.310487] sr 1:0:0:0: Attached scsi CD-ROM sr0
[    1.310527] sr 1:0:0:0: Attached scsi generic sg1 type 5
[    1.323027] random 0000 0000 0000 91716c54 eeb6a1e7: add_disk_randomness(8:0) 91716c54 eeb6a1e7
[    1.323031] random 0000 0000 0000 91716c54 eeb6a1e7: add_timer_randomness(.. 8388864)
[    1.323035] random 0000 0000 0000 91716c54 eeb6a1e7: added 11 entropy credits to input
[    1.323049]  sda1 sda2 <
[    1.352750] random 0011 0000 0000 91716c54 eeb6a1e7: add_disk_randomness(8:0) 91716c54 eeb6a1e7
[    1.352753] random 0011 0000 0000 91716c54 eeb6a1e7: add_timer_randomness(.. 8388864)
[    1.352756] random 0011 0000 0000 91716c54 eeb6a1e7: added 3 entropy credits to input
[    1.352764]  sda5 >
[    1.352950] sd 0:0:0:0: [sda] Attached SCSI disk
[    1.352958] md: Waiting for all devices to be available before autodetect
[    1.352961] md: If you don't use raid, use raid=noautodetect
[    1.353020] md: Autodetecting RAID arrays.
[    1.353022] md: Scanned 0 and added 0 devices.
[    1.353023] md: autorun ...
[    1.353024] md: ... autorun DONE.
[    1.381251] random 0014 0000 0000 91716c54 eeb6a1e7: add_disk_randomness(8:0) 91716c54 eeb6a1e7
[    1.381254] random 0014 0000 0000 91716c54 eeb6a1e7: add_timer_randomness(.. 8388864)
[    1.381264] EXT3-fs: sda1: couldn't mount because of unsupported optional features (240).
[    1.381916] random 0014 0000 0000 91716c54 eeb6a1e7: add_disk_randomness(8:0) 91716c54 eeb6a1e7
[    1.381919] random 0014 0000 0000 91716c54 eeb6a1e7: add_timer_randomness(.. 8388864)
[    1.381928] EXT2-fs: sda1: couldn't mount because of unsupported optional features (240).
[    1.382123] random 0014 0000 0000 91716c54 eeb6a1e7: add_disk_randomness(8:0) 91716c54 eeb6a1e7
[    1.382126] random 0014 0000 0000 91716c54 eeb6a1e7: add_timer_randomness(.. 8388864)
[    1.389599] random 0014 0000 0000 91716c54 eeb6a1e7: add_disk_randomness(8:0) 91716c54 eeb6a1e7
[    1.389602] random 0014 0000 0000 91716c54 eeb6a1e7: add_timer_randomness(.. 8388864)
[    1.389606] random 0014 0000 0000 91716c54 eeb6a1e7: added 1 entropy credits to input
[    1.389775] random 0015 0000 0000 91716c54 eeb6a1e7: add_disk_randomness(8:0) 91716c54 eeb6a1e7
[    1.389778] random 0015 0000 0000 91716c54 eeb6a1e7: add_timer_randomness(.. 8388864)
[    1.389921] random 0015 0000 0000 91716c54 eeb6a1e7: add_disk_randomness(8:0) 91716c54 eeb6a1e7
[    1.389924] random 0015 0000 0000 91716c54 eeb6a1e7: add_timer_randomness(.. 8388864)
[    1.390069] random 0015 0000 0000 91716c54 eeb6a1e7: add_disk_randomness(8:0) 91716c54 eeb6a1e7
[    1.390072] random 0015 0000 0000 91716c54 eeb6a1e7: add_timer_randomness(.. 8388864)
[    1.390219] random 0015 0000 0000 91716c54 eeb6a1e7: add_disk_randomness(8:0) 91716c54 eeb6a1e7
[    1.390222] random 0015 0000 0000 91716c54 eeb6a1e7: add_timer_randomness(.. 8388864)
[    1.390370] random 0015 0000 0000 91716c54 eeb6a1e7: add_disk_randomness(8:0) 91716c54 eeb6a1e7
[    1.390373] random 0015 0000 0000 91716c54 eeb6a1e7: add_timer_randomness(.. 8388864)
[    1.390521] random 0015 0000 0000 91716c54 eeb6a1e7: add_disk_randomness(8:0) 91716c54 eeb6a1e7
[    1.390524] random 0015 0000 0000 91716c54 eeb6a1e7: add_timer_randomness(.. 8388864)
[    1.390675] random 0015 0000 0000 91716c54 eeb6a1e7: add_disk_randomness(8:0) 91716c54 eeb6a1e7
[    1.390677] random 0015 0000 0000 91716c54 eeb6a1e7: add_timer_randomness(.. 8388864)
[    1.390823] random 0015 0000 0000 91716c54 eeb6a1e7: add_disk_randomness(8:0) 91716c54 eeb6a1e7
[    1.390826] random 0015 0000 0000 91716c54 eeb6a1e7: add_timer_randomness(.. 8388864)
[    1.398978] random 0015 0000 0000 91716c54 eeb6a1e7: add_disk_randomness(8:0) 91716c54 eeb6a1e7
[    1.398980] random 0015 0000 0000 91716c54 eeb6a1e7: add_timer_randomness(.. 8388864)
[    1.398984] random 0015 0000 0000 91716c54 eeb6a1e7: added 1 entropy credits to input
[    1.399204] random 0016 0000 0000 91716c54 eeb6a1e7: add_disk_randomness(8:0) 91716c54 eeb6a1e7
[    1.399207] random 0016 0000 0000 91716c54 eeb6a1e7: add_timer_randomness(.. 8388864)
[    1.399441] random 0016 0000 0000 91716c54 eeb6a1e7: add_disk_randomness(8:0) 91716c54 eeb6a1e7
[    1.399444] random 0016 0000 0000 91716c54 eeb6a1e7: add_timer_randomness(.. 8388864)
[    1.399682] random 0016 0000 0000 91716c54 eeb6a1e7: add_disk_randomness(8:0) 91716c54 eeb6a1e7
[    1.399685] random 0016 0000 0000 91716c54 eeb6a1e7: add_timer_randomness(.. 8388864)
[    1.399868] random 0016 0000 0000 91716c54 eeb6a1e7: add_disk_randomness(8:0) 91716c54 eeb6a1e7
[    1.399871] random 0016 0000 0000 91716c54 eeb6a1e7: add_timer_randomness(.. 8388864)
[    1.400045] random 0016 0000 0000 91716c54 eeb6a1e7: add_disk_randomness(8:0) 91716c54 eeb6a1e7
[    1.400048] random 0016 0000 0000 91716c54 eeb6a1e7: add_timer_randomness(.. 8388864)
[    1.400227] random 0016 0000 0000 91716c54 eeb6a1e7: add_disk_randomness(8:0) 91716c54 eeb6a1e7
[    1.400230] random 0016 0000 0000 91716c54 eeb6a1e7: add_timer_randomness(.. 8388864)
[    1.400407] random 0016 0000 0000 91716c54 eeb6a1e7: add_disk_randomness(8:0) 91716c54 eeb6a1e7
[    1.400410] random 0016 0000 0000 91716c54 eeb6a1e7: add_timer_randomness(.. 8388864)
[    1.400587] random 0016 0000 0000 91716c54 eeb6a1e7: add_disk_randomness(8:0) 91716c54 eeb6a1e7
[    1.400590] random 0016 0000 0000 91716c54 eeb6a1e7: add_timer_randomness(.. 8388864)
[    1.400774] random 0016 0000 0000 91716c54 eeb6a1e7: add_disk_randomness(8:0) 91716c54 eeb6a1e7
[    1.400776] random 0016 0000 0000 91716c54 eeb6a1e7: add_timer_randomness(.. 8388864)
[    1.400950] random 0016 0000 0000 91716c54 eeb6a1e7: add_disk_randomness(8:0) 91716c54 eeb6a1e7
[    1.400953] random 0016 0000 0000 91716c54 eeb6a1e7: add_timer_randomness(.. 8388864)
[    1.401131] random 0016 0000 0000 91716c54 eeb6a1e7: add_disk_randomness(8:0) 91716c54 eeb6a1e7
[    1.401134] random 0016 0000 0000 91716c54 eeb6a1e7: add_timer_randomness(.. 8388864)
[    1.401312] random 0016 0000 0000 91716c54 eeb6a1e7: add_disk_randomness(8:0) 91716c54 eeb6a1e7
[    1.401315] random 0016 0000 0000 91716c54 eeb6a1e7: add_timer_randomness(.. 8388864)
[    1.401493] random 0016 0000 0000 91716c54 eeb6a1e7: add_disk_randomness(8:0) 91716c54 eeb6a1e7
[    1.401496] random 0016 0000 0000 91716c54 eeb6a1e7: add_timer_randomness(.. 8388864)
[    1.401680] random 0016 0000 0000 91716c54 eeb6a1e7: add_disk_randomness(8:0) 91716c54 eeb6a1e7
[    1.401683] random 0016 0000 0000 91716c54 eeb6a1e7: add_timer_randomness(.. 8388864)
[    1.401857] random 0016 0000 0000 91716c54 eeb6a1e7: add_disk_randomness(8:0) 91716c54 eeb6a1e7
[    1.401860] random 0016 0000 0000 91716c54 eeb6a1e7: add_timer_randomness(.. 8388864)
[    1.402038] random 0016 0000 0000 91716c54 eeb6a1e7: add_disk_randomness(8:0) 91716c54 eeb6a1e7
[    1.402041] random 0016 0000 0000 91716c54 eeb6a1e7: add_timer_randomness(.. 8388864)
[    1.402219] random 0016 0000 0000 91716c54 eeb6a1e7: add_disk_randomness(8:0) 91716c54 eeb6a1e7
[    1.402222] random 0016 0000 0000 91716c54 eeb6a1e7: add_timer_randomness(.. 8388864)
[    1.402401] random 0016 0000 0000 91716c54 eeb6a1e7: add_disk_randomness(8:0) 91716c54 eeb6a1e7
[    1.402404] random 0016 0000 0000 91716c54 eeb6a1e7: add_timer_randomness(.. 8388864)
[    1.402586] random 0016 0000 0000 91716c54 eeb6a1e7: add_disk_randomness(8:0) 91716c54 eeb6a1e7
[    1.402589] random 0016 0000 0000 91716c54 eeb6a1e7: add_timer_randomness(.. 8388864)
[    1.402764] random 0016 0000 0000 91716c54 eeb6a1e7: add_disk_randomness(8:0) 91716c54 eeb6a1e7
[    1.402767] random 0016 0000 0000 91716c54 eeb6a1e7: add_timer_randomness(.. 8388864)
[    1.402945] random 0016 0000 0000 91716c54 eeb6a1e7: add_disk_randomness(8:0) 91716c54 eeb6a1e7
[    1.402948] random 0016 0000 0000 91716c54 eeb6a1e7: add_timer_randomness(.. 8388864)
[    1.403126] random 0016 0000 0000 91716c54 eeb6a1e7: add_disk_randomness(8:0) 91716c54 eeb6a1e7
[    1.403128] random 0016 0000 0000 91716c54 eeb6a1e7: add_timer_randomness(.. 8388864)
[    1.403306] random 0016 0000 0000 91716c54 eeb6a1e7: add_disk_randomness(8:0) 91716c54 eeb6a1e7
[    1.403308] random 0016 0000 0000 91716c54 eeb6a1e7: add_timer_randomness(.. 8388864)
[    1.403491] random 0016 0000 0000 91716c54 eeb6a1e7: add_disk_randomness(8:0) 91716c54 eeb6a1e7
[    1.403494] random 0016 0000 0000 91716c54 eeb6a1e7: add_timer_randomness(.. 8388864)
[    1.403668] random 0016 0000 0000 91716c54 eeb6a1e7: add_disk_randomness(8:0) 91716c54 eeb6a1e7
[    1.403671] random 0016 0000 0000 91716c54 eeb6a1e7: add_timer_randomness(.. 8388864)
[    1.403848] random 0016 0000 0000 91716c54 eeb6a1e7: add_disk_randomness(8:0) 91716c54 eeb6a1e7
[    1.403851] random 0016 0000 0000 91716c54 eeb6a1e7: add_timer_randomness(.. 8388864)
[    1.404029] random 0016 0000 0000 91716c54 eeb6a1e7: add_disk_randomness(8:0) 91716c54 eeb6a1e7
[    1.404032] random 0016 0000 0000 91716c54 eeb6a1e7: add_timer_randomness(.. 8388864)
[    1.404208] random 0016 0000 0000 91716c54 eeb6a1e7: add_disk_randomness(8:0) 91716c54 eeb6a1e7
[    1.404211] random 0016 0000 0000 91716c54 eeb6a1e7: add_timer_randomness(.. 8388864)
[    1.405719] random 0016 0000 0000 91716c54 eeb6a1e7: rand_read_num 11 get_random_bytes(4): sig fffffcad 91716c54 eeb6a1e7
[    1.405722] random 0016 0000 0000 91716c54 eeb6a1e7: extract_entropy(.. 4 ..)
[    1.405725] random 0016 0000 0000 91716c54 eeb6a1e7: going to reseed nonblocking with 64 bits (32 of 0 requested)
[    1.405727] random 0016 0000 0000 91716c54 eeb6a1e7: extract_entropy(.. 8 ..)
[    1.405729] random 0016 0000 0000 91716c54 eeb6a1e7: trying to extract 64 bits from input
[    1.405731] random 0016 0000 0000 91716c54 eeb6a1e7: debiting 0 entropy credits from input
[    1.405734] random 0016 0000 0000 91716c54 eeb6a1e7: trying to extract 32 bits from nonblocking
[    1.405736] random 0016 0000 0000 91716c54 eeb6a1e7: debiting 32 entropy credits from nonblocking (unlimited)
[    1.410750] random 0016 0000 0000 fd637b06 6cf47bc1: add_disk_randomness(8:0) fd637b06 6cf47bc1
[    1.410752] random 0016 0000 0000 fd637b06 6cf47bc1: add_timer_randomness(.. 8388864)
[    1.431873] random 0016 0000 0000 fd637b06 6cf47bc1: add_disk_randomness(8:0) fd637b06 6cf47bc1
[    1.431876] random 0016 0000 0000 fd637b06 6cf47bc1: add_timer_randomness(.. 8388864)
[    1.431880] random 0016 0000 0000 fd637b06 6cf47bc1: added 1 entropy credits to input
[    1.474575] EXT4-fs (sda1): mounted filesystem with ordered data mode
[    1.474582] VFS: Mounted root (ext4 filesystem) readonly on device 8:1.
[    1.489643] random 0017 0000 0000 fd637b06 6cf47bc1: add_disk_randomness(8:0) fd637b06 6cf47bc1
[    1.489646] random 0017 0000 0000 fd637b06 6cf47bc1: add_timer_randomness(.. 8388864)
[    1.489649] random 0017 0000 0000 fd637b06 6cf47bc1: added 2 entropy credits to input
[    1.511072] random 0019 0000 0000 fd637b06 6cf47bc1: add_disk_randomness(8:0) fd637b06 6cf47bc1
[    1.511074] random 0019 0000 0000 fd637b06 6cf47bc1: add_timer_randomness(.. 8388864)
[    1.511078] random 0019 0000 0000 fd637b06 6cf47bc1: added 2 entropy credits to input
[    1.511088] devtmpfs: mounted
[    1.511105] Freeing unused kernel memory: 676k freed
[    1.511326] Write protecting the kernel text: 4764k
[    1.511365] Write protecting the kernel read-only data: 1836k
[    1.533054] random 0021 0000 0000 fd637b06 6cf47bc1: add_disk_randomness(8:0) fd637b06 6cf47bc1
[    1.533057] random 0021 0000 0000 fd637b06 6cf47bc1: add_timer_randomness(.. 8388864)
[    1.541175] random 0021 0000 0000 fd637b06 6cf47bc1: add_disk_randomness(8:0) fd637b06 6cf47bc1
[    1.541178] random 0021 0000 0000 fd637b06 6cf47bc1: add_timer_randomness(.. 8388864)
[    1.541181] random 0021 0000 0000 fd637b06 6cf47bc1: added 1 entropy credits to input
[    1.549457] random 0022 0000 0000 fd637b06 6cf47bc1: add_disk_randomness(8:0) fd637b06 6cf47bc1
[    1.549460] random 0022 0000 0000 fd637b06 6cf47bc1: add_timer_randomness(.. 8388864)
[    1.563597] random 0022 0000 0000 fd637b06 6cf47bc1: add_disk_randomness(8:0) fd637b06 6cf47bc1
[    1.563600] random 0022 0000 0000 fd637b06 6cf47bc1: add_timer_randomness(.. 8388864)
[    1.571725] random 0022 0000 0000 fd637b06 6cf47bc1: add_disk_randomness(8:0) fd637b06 6cf47bc1
[    1.571727] random 0022 0000 0000 fd637b06 6cf47bc1: add_timer_randomness(.. 8388864)
[    1.573767] random 0022 0000 0000 fd637b06 6cf47bc1: add_disk_randomness(8:0) fd637b06 6cf47bc1
[    1.573770] random 0022 0000 0000 fd637b06 6cf47bc1: add_timer_randomness(.. 8388864)
[    1.585050] random 0022 0000 0000 fd637b06 6cf47bc1: add_disk_randomness(8:0) fd637b06 6cf47bc1
[    1.585052] random 0022 0000 0000 fd637b06 6cf47bc1: add_timer_randomness(.. 8388864)
[    1.585056] random 0022 0000 0000 fd637b06 6cf47bc1: added 1 entropy credits to input
[    1.594876] random 0023 0000 0000 fd637b06 6cf47bc1: add_disk_randomness(8:0) fd637b06 6cf47bc1
[    1.594879] random 0023 0000 0000 fd637b06 6cf47bc1: add_timer_randomness(.. 8388864)
[    1.595361] random 0023 0000 0000 fd637b06 6cf47bc1: add_disk_randomness(8:0) fd637b06 6cf47bc1
[    1.595364] random 0023 0000 0000 fd637b06 6cf47bc1: add_timer_randomness(.. 8388864)
[    1.596153] random 0023 0000 0000 fd637b06 6cf47bc1: add_disk_randomness(8:0) fd637b06 6cf47bc1
[    1.596156] random 0023 0000 0000 fd637b06 6cf47bc1: add_timer_randomness(.. 8388864)
[    1.596172] random 0023 0000 0000 fd637b06 6cf47bc1: rand_read_num 12 get_random_bytes(16): sig fffffede fd637b06 6cf47bc1
[    1.596175] random 0023 0000 0000 fd637b06 6cf47bc1: extract_entropy(.. 16 ..)
[    1.596179] random 0023 0000 0000 fd637b06 6cf47bc1: going to reseed nonblocking with 128 bits (128 of 0 requested)
[    1.596182] random 0023 0000 0000 fd637b06 6cf47bc1: extract_entropy(.. 16 ..)
[    1.596184] random 0023 0000 0000 fd637b06 6cf47bc1: trying to extract 128 bits from input
[    1.596187] random 0023 0000 0000 fd637b06 6cf47bc1: debiting 0 entropy credits from input
[    1.596190] random 0023 0000 0000 fd637b06 6cf47bc1: trying to extract 128 bits from nonblocking
[    1.596193] random 0023 0000 0000 fd637b06 6cf47bc1: debiting 128 entropy credits from nonblocking (unlimited)
[    1.596511] random 0023 0000 0000 0ec1f012 d4727ca8: add_disk_randomness(8:0) 0ec1f012 d4727ca8
[    1.596514] random 0023 0000 0000 0ec1f012 d4727ca8: add_timer_randomness(.. 8388864)
[    1.615094] random 0023 0000 0000 0ec1f012 d4727ca8: add_disk_randomness(8:0) 0ec1f012 d4727ca8
[    1.615097] random 0023 0000 0000 0ec1f012 d4727ca8: add_timer_randomness(.. 8388864)
[    1.615100] random 0023 0000 0000 0ec1f012 d4727ca8: added 2 entropy credits to input
[    1.622328] random 0025 0000 0000 0ec1f012 d4727ca8: add_disk_randomness(8:0) 0ec1f012 d4727ca8
[    1.622331] random 0025 0000 0000 0ec1f012 d4727ca8: add_timer_randomness(.. 8388864)
[    1.622334] random 0025 0000 0000 0ec1f012 d4727ca8: added 1 entropy credits to input
[    1.622613] random 0026 0000 0000 0ec1f012 d4727ca8: add_disk_randomness(8:0) 0ec1f012 d4727ca8
[    1.622616] random 0026 0000 0000 0ec1f012 d4727ca8: add_timer_randomness(.. 8388864)
[    1.626320] random 0026 0000 0000 0ec1f012 d4727ca8: add_disk_randomness(8:0) 0ec1f012 d4727ca8
[    1.626323] random 0026 0000 0000 0ec1f012 d4727ca8: add_timer_randomness(.. 8388864)
[    1.632014] usb 7-2: new low speed USB device using uhci_hcd and address 2
[    1.642637] random 0026 0000 0000 0ec1f012 d4727ca8: add_disk_randomness(8:0) 0ec1f012 d4727ca8
[    1.642640] random 0026 0000 0000 0ec1f012 d4727ca8: add_timer_randomness(.. 8388864)
[    1.642643] random 0026 0000 0000 0ec1f012 d4727ca8: added 1 entropy credits to input
[    1.666729] random 0027 0000 0000 0ec1f012 d4727ca8: add_disk_randomness(8:0) 0ec1f012 d4727ca8
[    1.666732] random 0027 0000 0000 0ec1f012 d4727ca8: add_timer_randomness(.. 8388864)
[    1.667585] random 0027 0000 0000 0ec1f012 d4727ca8: add_disk_randomness(8:0) 0ec1f012 d4727ca8
[    1.667588] random 0027 0000 0000 0ec1f012 d4727ca8: add_timer_randomness(.. 8388864)
[    1.667782] random 0027 0000 0000 0ec1f012 d4727ca8: add_disk_randomness(8:0) 0ec1f012 d4727ca8
[    1.667785] random 0027 0000 0000 0ec1f012 d4727ca8: add_timer_randomness(.. 8388864)
[    1.674814] random 0027 0000 0000 0ec1f012 d4727ca8: add_disk_randomness(8:0) 0ec1f012 d4727ca8
[    1.674817] random 0027 0000 0000 0ec1f012 d4727ca8: add_timer_randomness(.. 8388864)
[    1.674821] random 0027 0000 0000 0ec1f012 d4727ca8: added 1 entropy credits to input
[    1.675082] random 0028 0000 0000 0ec1f012 d4727ca8: add_disk_randomness(8:0) 0ec1f012 d4727ca8
[    1.675085] random 0028 0000 0000 0ec1f012 d4727ca8: add_timer_randomness(.. 8388864)
[    1.684100] random 0028 0000 0000 0ec1f012 d4727ca8: add_disk_randomness(8:0) 0ec1f012 d4727ca8
[    1.684103] random 0028 0000 0000 0ec1f012 d4727ca8: add_timer_randomness(.. 8388864)
[    1.684106] random 0028 0000 0000 0ec1f012 d4727ca8: added 1 entropy credits to input
[    1.687757] random 0029 0000 0000 0ec1f012 d4727ca8: add_disk_randomness(8:0) 0ec1f012 d4727ca8
[    1.687760] random 0029 0000 0000 0ec1f012 d4727ca8: add_timer_randomness(.. 8388864)
[    1.688449] random 0029 0000 0000 0ec1f012 d4727ca8: add_disk_randomness(8:0) 0ec1f012 d4727ca8
[    1.688452] random 0029 0000 0000 0ec1f012 d4727ca8: add_timer_randomness(.. 8388864)
[    1.688643] random 0029 0000 0000 0ec1f012 d4727ca8: add_disk_randomness(8:0) 0ec1f012 d4727ca8
[    1.688646] random 0029 0000 0000 0ec1f012 d4727ca8: add_timer_randomness(.. 8388864)
[    1.688821] random 0029 0000 0000 0ec1f012 d4727ca8: add_disk_randomness(8:0) 0ec1f012 d4727ca8
[    1.688824] random 0029 0000 0000 0ec1f012 d4727ca8: add_timer_randomness(.. 8388864)
[    1.689000] random 0029 0000 0000 0ec1f012 d4727ca8: add_disk_randomness(8:0) 0ec1f012 d4727ca8
[    1.689003] random 0029 0000 0000 0ec1f012 d4727ca8: add_timer_randomness(.. 8388864)
[    1.695982] random 0029 0000 0000 0ec1f012 d4727ca8: add_disk_randomness(8:0) 0ec1f012 d4727ca8
[    1.695985] random 0029 0000 0000 0ec1f012 d4727ca8: add_timer_randomness(.. 8388864)
[    1.698163] random 0029 0000 0000 0ec1f012 d4727ca8: add_disk_randomness(8:0) 0ec1f012 d4727ca8
[    1.698166] random 0029 0000 0000 0ec1f012 d4727ca8: add_timer_randomness(.. 8388864)
[    1.705322] random 0029 0000 0000 0ec1f012 d4727ca8: add_disk_randomness(8:0) 0ec1f012 d4727ca8
[    1.705325] random 0029 0000 0000 0ec1f012 d4727ca8: add_timer_randomness(.. 8388864)
[    1.705597] random 0029 0000 0000 0ec1f012 d4727ca8: add_disk_randomness(8:0) 0ec1f012 d4727ca8
[    1.705600] random 0029 0000 0000 0ec1f012 d4727ca8: add_timer_randomness(.. 8388864)
[    1.714575] random 0029 0000 0000 0ec1f012 d4727ca8: add_disk_randomness(8:0) 0ec1f012 d4727ca8
[    1.714578] random 0029 0000 0000 0ec1f012 d4727ca8: add_timer_randomness(.. 8388864)
[    1.714581] random 0029 0000 0000 0ec1f012 d4727ca8: added 1 entropy credits to input
[    1.719306] random 0030 0000 0000 0ec1f012 d4727ca8: add_disk_randomness(8:0) 0ec1f012 d4727ca8
[    1.719309] random 0030 0000 0000 0ec1f012 d4727ca8: add_timer_randomness(.. 8388864)
[    1.725400] random 0030 0000 0000 0ec1f012 d4727ca8: add_disk_randomness(8:0) 0ec1f012 d4727ca8
[    1.725403] random 0030 0000 0000 0ec1f012 d4727ca8: add_timer_randomness(.. 8388864)
[    1.725635] random 0030 0000 0000 0ec1f012 d4727ca8: add_disk_randomness(8:0) 0ec1f012 d4727ca8
[    1.725638] random 0030 0000 0000 0ec1f012 d4727ca8: add_timer_randomness(.. 8388864)
[    1.725911] random 0030 0000 0000 0ec1f012 d4727ca8: add_disk_randomness(8:0) 0ec1f012 d4727ca8
[    1.725914] random 0030 0000 0000 0ec1f012 d4727ca8: add_timer_randomness(.. 8388864)
[    1.730823] random 0030 0000 0000 0ec1f012 d4727ca8: add_disk_randomness(8:0) 0ec1f012 d4727ca8
[    1.730826] random 0030 0000 0000 0ec1f012 d4727ca8: add_timer_randomness(.. 8388864)
[    1.736240] random 0030 0000 0000 0ec1f012 d4727ca8: add_disk_randomness(8:0) 0ec1f012 d4727ca8
[    1.736243] random 0030 0000 0000 0ec1f012 d4727ca8: add_timer_randomness(.. 8388864)
[    1.736904] random 0030 0000 0000 0ec1f012 d4727ca8: add_disk_randomness(8:0) 0ec1f012 d4727ca8
[    1.736907] random 0030 0000 0000 0ec1f012 d4727ca8: add_timer_randomness(.. 8388864)
[    1.742451] random 0030 0000 0000 0ec1f012 d4727ca8: add_disk_randomness(8:0) 0ec1f012 d4727ca8
[    1.742454] random 0030 0000 0000 0ec1f012 d4727ca8: add_timer_randomness(.. 8388864)
[    1.743142] random 0030 0000 0000 0ec1f012 d4727ca8: add_disk_randomness(8:0) 0ec1f012 d4727ca8
[    1.743145] random 0030 0000 0000 0ec1f012 d4727ca8: add_timer_randomness(.. 8388864)
[    1.743689] random 0030 0000 0000 0ec1f012 d4727ca8: add_disk_randomness(8:0) 0ec1f012 d4727ca8
[    1.743692] random 0030 0000 0000 0ec1f012 d4727ca8: add_timer_randomness(.. 8388864)
[    1.751878] random 0030 0000 0000 0ec1f012 d4727ca8: add_disk_randomness(8:0) 0ec1f012 d4727ca8
[    1.751881] random 0030 0000 0000 0ec1f012 d4727ca8: add_timer_randomness(.. 8388864)
[    1.751885] random 0030 0000 0000 0ec1f012 d4727ca8: added 1 entropy credits to input
[    1.752268] random 0031 0000 0000 0ec1f012 d4727ca8: add_disk_randomness(8:0) 0ec1f012 d4727ca8
[    1.752271] random 0031 0000 0000 0ec1f012 d4727ca8: add_timer_randomness(.. 8388864)
[    1.752846] random 0031 0000 0000 0ec1f012 d4727ca8: add_disk_randomness(8:0) 0ec1f012 d4727ca8
[    1.752849] random 0031 0000 0000 0ec1f012 d4727ca8: add_timer_randomness(.. 8388864)
[    1.769620] random 0031 0000 0000 0ec1f012 d4727ca8: add_disk_randomness(8:0) 0ec1f012 d4727ca8
[    1.769623] random 0031 0000 0000 0ec1f012 d4727ca8: add_timer_randomness(.. 8388864)
[    1.769627] random 0031 0000 0000 0ec1f012 d4727ca8: added 2 entropy credits to input
[    1.789908] random 0033 0000 0000 0ec1f012 d4727ca8: add_disk_randomness(8:0) 0ec1f012 d4727ca8
[    1.789911] random 0033 0000 0000 0ec1f012 d4727ca8: add_timer_randomness(.. 8388864)
[    1.812408] random 0033 0000 0000 0ec1f012 d4727ca8: add_disk_randomness(8:0) 0ec1f012 d4727ca8
[    1.812411] random 0033 0000 0000 0ec1f012 d4727ca8: add_timer_randomness(.. 8388864)
[    1.812641] random 0033 0000 0000 0ec1f012 d4727ca8: add_disk_randomness(8:0) 0ec1f012 d4727ca8
[    1.812644] random 0033 0000 0000 0ec1f012 d4727ca8: add_timer_randomness(.. 8388864)
[    1.831263] random 0033 0000 0000 0ec1f012 d4727ca8: add_disk_randomness(8:0) 0ec1f012 d4727ca8
[    1.831266] random 0033 0000 0000 0ec1f012 d4727ca8: add_timer_randomness(.. 8388864)
[    1.831270] random 0033 0000 0000 0ec1f012 d4727ca8: added 2 entropy credits to input
[    1.841908] random 0035 0000 0000 0ec1f012 d4727ca8: add_disk_randomness(8:0) 0ec1f012 d4727ca8
[    1.841911] random 0035 0000 0000 0ec1f012 d4727ca8: add_timer_randomness(.. 8388864)
[    1.845868] random 0035 0000 0000 0ec1f012 d4727ca8: add_disk_randomness(8:0) 0ec1f012 d4727ca8
[    1.845871] random 0035 0000 0000 0ec1f012 d4727ca8: add_timer_randomness(.. 8388864)
[    1.851956] random 0035 0000 0000 0ec1f012 d4727ca8: add_disk_randomness(8:0) 0ec1f012 d4727ca8
[    1.851959] random 0035 0000 0000 0ec1f012 d4727ca8: add_timer_randomness(.. 8388864)
[    1.861234] random 0035 0000 0000 0ec1f012 d4727ca8: add_disk_randomness(8:0) 0ec1f012 d4727ca8
[    1.861237] random 0035 0000 0000 0ec1f012 d4727ca8: add_timer_randomness(.. 8388864)
[    1.861241] random 0035 0000 0000 0ec1f012 d4727ca8: added 1 entropy credits to input
[    1.861465] random 0036 0000 0000 0ec1f012 d4727ca8: add_disk_randomness(8:0) 0ec1f012 d4727ca8
[    1.861468] random 0036 0000 0000 0ec1f012 d4727ca8: add_timer_randomness(.. 8388864)
[    1.867163] random 0036 0000 0000 0ec1f012 d4727ca8: add_disk_randomness(8:0) 0ec1f012 d4727ca8
[    1.867166] random 0036 0000 0000 0ec1f012 d4727ca8: add_timer_randomness(.. 8388864)
[    1.867411] random 0036 0000 0000 0ec1f012 d4727ca8: add_disk_randomness(8:0) 0ec1f012 d4727ca8
[    1.867414] random 0036 0000 0000 0ec1f012 d4727ca8: add_timer_randomness(.. 8388864)
[    1.868117] usb 7-2: configuration #1 chosen from 1 choice
[    1.869812] random 0036 0000 0000 0ec1f012 d4727ca8: add_disk_randomness(8:0) 0ec1f012 d4727ca8
[    1.869815] random 0036 0000 0000 0ec1f012 d4727ca8: add_timer_randomness(.. 8388864)
[    1.870061] random 0036 0000 0000 0ec1f012 d4727ca8: add_disk_randomness(8:0) 0ec1f012 d4727ca8
[    1.870064] random 0036 0000 0000 0ec1f012 d4727ca8: add_timer_randomness(.. 8388864)
[    1.870697] random 0036 0000 0000 0ec1f012 d4727ca8: add_disk_randomness(8:0) 0ec1f012 d4727ca8
[    1.870700] random 0036 0000 0000 0ec1f012 d4727ca8: add_timer_randomness(.. 8388864)
[    1.870939] random 0036 0000 0000 0ec1f012 d4727ca8: add_disk_randomness(8:0) 0ec1f012 d4727ca8
[    1.870942] random 0036 0000 0000 0ec1f012 d4727ca8: add_timer_randomness(.. 8388864)
[    1.875709] random 0036 0000 0000 0ec1f012 d4727ca8: add_disk_randomness(8:0) 0ec1f012 d4727ca8
[    1.875712] random 0036 0000 0000 0ec1f012 d4727ca8: add_timer_randomness(.. 8388864)
[    1.883515] random 0036 0000 0000 0ec1f012 d4727ca8: add_disk_randomness(8:0) 0ec1f012 d4727ca8
[    1.883518] random 0036 0000 0000 0ec1f012 d4727ca8: add_timer_randomness(.. 8388864)
[    1.883779] random 0036 0000 0000 0ec1f012 d4727ca8: add_disk_randomness(8:0) 0ec1f012 d4727ca8
[    1.883782] random 0036 0000 0000 0ec1f012 d4727ca8: add_timer_randomness(.. 8388864)
[    1.884028] random 0036 0000 0000 0ec1f012 d4727ca8: add_disk_randomness(8:0) 0ec1f012 d4727ca8
[    1.884031] random 0036 0000 0000 0ec1f012 d4727ca8: add_timer_randomness(.. 8388864)
[    1.884286] random 0036 0000 0000 0ec1f012 d4727ca8: add_disk_randomness(8:0) 0ec1f012 d4727ca8
[    1.884289] random 0036 0000 0000 0ec1f012 d4727ca8: add_timer_randomness(.. 8388864)
[    1.884585] random 0036 0000 0000 0ec1f012 d4727ca8: add_disk_randomness(8:0) 0ec1f012 d4727ca8
[    1.884588] random 0036 0000 0000 0ec1f012 d4727ca8: add_timer_randomness(.. 8388864)
[    1.885135] random 0036 0000 0000 0ec1f012 d4727ca8: add_disk_randomness(8:0) 0ec1f012 d4727ca8
[    1.885138] random 0036 0000 0000 0ec1f012 d4727ca8: add_timer_randomness(.. 8388864)
[    1.885402] random 0036 0000 0000 0ec1f012 d4727ca8: add_disk_randomness(8:0) 0ec1f012 d4727ca8
[    1.885405] random 0036 0000 0000 0ec1f012 d4727ca8: add_timer_randomness(.. 8388864)
[    1.885637] random 0036 0000 0000 0ec1f012 d4727ca8: add_disk_randomness(8:0) 0ec1f012 d4727ca8
[    1.885640] random 0036 0000 0000 0ec1f012 d4727ca8: add_timer_randomness(.. 8388864)
[    1.890999] random 0036 0000 0000 0ec1f012 d4727ca8: add_disk_randomness(8:0) 0ec1f012 d4727ca8
[    1.891002] random 0036 0000 0000 0ec1f012 d4727ca8: add_timer_randomness(.. 8388864)
[    1.891297] random 0036 0000 0000 0ec1f012 d4727ca8: add_disk_randomness(8:0) 0ec1f012 d4727ca8
[    1.891300] random 0036 0000 0000 0ec1f012 d4727ca8: add_timer_randomness(.. 8388864)
[    1.896404] random 0036 0000 0000 0ec1f012 d4727ca8: add_disk_randomness(8:0) 0ec1f012 d4727ca8
[    1.896407] random 0036 0000 0000 0ec1f012 d4727ca8: add_timer_randomness(.. 8388864)
[    1.896410] random 0036 0000 0000 0ec1f012 d4727ca8: added 1 entropy credits to input
[    1.896637] random 0037 0000 0000 0ec1f012 d4727ca8: add_disk_randomness(8:0) 0ec1f012 d4727ca8
[    1.896640] random 0037 0000 0000 0ec1f012 d4727ca8: add_timer_randomness(.. 8388864)
[    1.896871] random 0037 0000 0000 0ec1f012 d4727ca8: add_disk_randomness(8:0) 0ec1f012 d4727ca8
[    1.896874] random 0037 0000 0000 0ec1f012 d4727ca8: add_timer_randomness(.. 8388864)
[    1.897126] random 0037 0000 0000 0ec1f012 d4727ca8: add_disk_randomness(8:0) 0ec1f012 d4727ca8
[    1.897129] random 0037 0000 0000 0ec1f012 d4727ca8: add_timer_randomness(.. 8388864)
[    1.897423] random 0037 0000 0000 0ec1f012 d4727ca8: add_disk_randomness(8:0) 0ec1f012 d4727ca8
[    1.897426] random 0037 0000 0000 0ec1f012 d4727ca8: add_timer_randomness(.. 8388864)
[    1.897723] random 0037 0000 0000 0ec1f012 d4727ca8: add_disk_randomness(8:0) 0ec1f012 d4727ca8
[    1.897726] random 0037 0000 0000 0ec1f012 d4727ca8: add_timer_randomness(.. 8388864)
[    1.897938] random 0037 0000 0000 0ec1f012 d4727ca8: add_disk_randomness(8:0) 0ec1f012 d4727ca8
[    1.897941] random 0037 0000 0000 0ec1f012 d4727ca8: add_timer_randomness(.. 8388864)
[    1.898210] random 0037 0000 0000 0ec1f012 d4727ca8: add_disk_randomness(8:0) 0ec1f012 d4727ca8
[    1.898213] random 0037 0000 0000 0ec1f012 d4727ca8: add_timer_randomness(.. 8388864)
[    1.898453] random 0037 0000 0000 0ec1f012 d4727ca8: add_disk_randomness(8:0) 0ec1f012 d4727ca8
[    1.898456] random 0037 0000 0000 0ec1f012 d4727ca8: add_timer_randomness(.. 8388864)
[    1.898688] random 0037 0000 0000 0ec1f012 d4727ca8: add_disk_randomness(8:0) 0ec1f012 d4727ca8
[    1.898691] random 0037 0000 0000 0ec1f012 d4727ca8: add_timer_randomness(.. 8388864)
[    1.898931] random 0037 0000 0000 0ec1f012 d4727ca8: add_disk_randomness(8:0) 0ec1f012 d4727ca8
[    1.898934] random 0037 0000 0000 0ec1f012 d4727ca8: add_timer_randomness(.. 8388864)
[    1.899174] random 0037 0000 0000 0ec1f012 d4727ca8: add_disk_randomness(8:0) 0ec1f012 d4727ca8
[    1.899177] random 0037 0000 0000 0ec1f012 d4727ca8: add_timer_randomness(.. 8388864)
[    1.899412] random 0037 0000 0000 0ec1f012 d4727ca8: add_disk_randomness(8:0) 0ec1f012 d4727ca8
[    1.899415] random 0037 0000 0000 0ec1f012 d4727ca8: add_timer_randomness(.. 8388864)
[    1.899619] random 0037 0000 0000 0ec1f012 d4727ca8: add_disk_randomness(8:0) 0ec1f012 d4727ca8
[    1.899622] random 0037 0000 0000 0ec1f012 d4727ca8: add_timer_randomness(.. 8388864)
[    1.899833] random 0037 0000 0000 0ec1f012 d4727ca8: add_disk_randomness(8:0) 0ec1f012 d4727ca8
[    1.899836] random 0037 0000 0000 0ec1f012 d4727ca8: add_timer_randomness(.. 8388864)
[    1.900056] random 0037 0000 0000 0ec1f012 d4727ca8: add_disk_randomness(8:0) 0ec1f012 d4727ca8
[    1.900059] random 0037 0000 0000 0ec1f012 d4727ca8: add_timer_randomness(.. 8388864)
[    1.900287] random 0037 0000 0000 0ec1f012 d4727ca8: add_disk_randomness(8:0) 0ec1f012 d4727ca8
[    1.900290] random 0037 0000 0000 0ec1f012 d4727ca8: add_timer_randomness(.. 8388864)
[    1.900495] random 0037 0000 0000 0ec1f012 d4727ca8: add_disk_randomness(8:0) 0ec1f012 d4727ca8
[    1.900498] random 0037 0000 0000 0ec1f012 d4727ca8: add_timer_randomness(.. 8388864)
[    1.900711] random 0037 0000 0000 0ec1f012 d4727ca8: add_disk_randomness(8:0) 0ec1f012 d4727ca8
[    1.900714] random 0037 0000 0000 0ec1f012 d4727ca8: add_timer_randomness(.. 8388864)
[    1.900976] random 0037 0000 0000 0ec1f012 d4727ca8: add_disk_randomness(8:0) 0ec1f012 d4727ca8
[    1.900979] random 0037 0000 0000 0ec1f012 d4727ca8: add_timer_randomness(.. 8388864)
[    1.901198] random 0037 0000 0000 0ec1f012 d4727ca8: add_disk_randomness(8:0) 0ec1f012 d4727ca8
[    1.901201] random 0037 0000 0000 0ec1f012 d4727ca8: add_timer_randomness(.. 8388864)
[    1.901437] random 0037 0000 0000 0ec1f012 d4727ca8: add_disk_randomness(8:0) 0ec1f012 d4727ca8
[    1.901440] random 0037 0000 0000 0ec1f012 d4727ca8: add_timer_randomness(.. 8388864)
[    1.904295] random 0037 0000 0000 0ec1f012 d4727ca8: add_disk_randomness(8:0) 0ec1f012 d4727ca8
[    1.904298] random 0037 0000 0000 0ec1f012 d4727ca8: add_timer_randomness(.. 8388864)
[    1.904572] random 0037 0000 0000 0ec1f012 d4727ca8: add_disk_randomness(8:0) 0ec1f012 d4727ca8
[    1.904575] random 0037 0000 0000 0ec1f012 d4727ca8: add_timer_randomness(.. 8388864)
[    1.904818] random 0037 0000 0000 0ec1f012 d4727ca8: add_disk_randomness(8:0) 0ec1f012 d4727ca8
[    1.904821] random 0037 0000 0000 0ec1f012 d4727ca8: add_timer_randomness(.. 8388864)
[    1.905058] random 0037 0000 0000 0ec1f012 d4727ca8: add_disk_randomness(8:0) 0ec1f012 d4727ca8
[    1.905061] random 0037 0000 0000 0ec1f012 d4727ca8: add_timer_randomness(.. 8388864)
[    1.905229] random 0037 0000 0000 0ec1f012 d4727ca8: rand_read_num 13 urandom_read(12): sig fffffcf5 0ec1f012 d4727ca8 pid=1
[    1.905232] random 0037 0000 0000 0ec1f012 d4727ca8: extract_entropy_user(12)
[    1.905235] random 0037 0000 0000 0ec1f012 d4727ca8: going to reseed nonblocking with 96 bits (96 of 0 requested)
[    1.905238] random 0037 0000 0000 0ec1f012 d4727ca8: extract_entropy(.. 12 ..)
[    1.905240] random 0037 0000 0000 0ec1f012 d4727ca8: trying to extract 96 bits from input
[    1.905242] random 0037 0000 0000 0ec1f012 d4727ca8: debiting 0 entropy credits from input
[    1.905245] random 0037 0000 0000 0ec1f012 d4727ca8: trying to extract 96 bits from nonblocking
[    1.905248] random 0037 0000 0000 0ec1f012 d4727ca8: debiting 96 entropy credits from nonblocking (unlimited)
[    1.905250] random 0037 0000 0000 0ec1f012 d4727ca8:   got 12 bytes
[    1.917281] random 0037 0000 0000 45b1d0b1 845a73f7: add_disk_randomness(8:0) 45b1d0b1 845a73f7
[    1.917284] random 0037 0000 0000 45b1d0b1 845a73f7: add_timer_randomness(.. 8388864)
[    1.917288] random 0037 0000 0000 45b1d0b1 845a73f7: added 1 entropy credits to input
[    1.920606] random 0038 0000 0000 45b1d0b1 845a73f7: add_disk_randomness(8:0) 45b1d0b1 845a73f7
[    1.920609] random 0038 0000 0000 45b1d0b1 845a73f7: add_timer_randomness(.. 8388864)
[    1.920821] random 0038 0000 0000 45b1d0b1 845a73f7: add_disk_randomness(8:0) 45b1d0b1 845a73f7
[    1.920824] random 0038 0000 0000 45b1d0b1 845a73f7: add_timer_randomness(.. 8388864)
[    1.950457] random 0038 0000 0000 45b1d0b1 845a73f7: add_disk_randomness(8:0) 45b1d0b1 845a73f7
[    1.950460] random 0038 0000 0000 45b1d0b1 845a73f7: add_timer_randomness(.. 8388864)
[    1.950464] random 0038 0000 0000 45b1d0b1 845a73f7: added 2 entropy credits to input
[    1.956025] random 0040 0000 0000 45b1d0b1 845a73f7: add_disk_randomness(8:0) 45b1d0b1 845a73f7
[    1.956028] random 0040 0000 0000 45b1d0b1 845a73f7: add_timer_randomness(.. 8388864)
[    1.956031] random 0040 0000 0000 45b1d0b1 845a73f7: added 1 entropy credits to input
[    1.961251] random 0041 0000 0000 45b1d0b1 845a73f7: add_disk_randomness(8:0) 45b1d0b1 845a73f7
[    1.961254] random 0041 0000 0000 45b1d0b1 845a73f7: add_timer_randomness(.. 8388864)
[    1.969584] random 0041 0000 0000 45b1d0b1 845a73f7: add_disk_randomness(8:0) 45b1d0b1 845a73f7
[    1.969587] random 0041 0000 0000 45b1d0b1 845a73f7: add_timer_randomness(.. 8388864)
[    1.971979] random 0041 0000 0000 45b1d0b1 845a73f7: add_disk_randomness(8:0) 45b1d0b1 845a73f7
[    1.971982] random 0041 0000 0000 45b1d0b1 845a73f7: add_timer_randomness(.. 8388864)
[    1.972172] random 0041 0000 0000 45b1d0b1 845a73f7: add_disk_randomness(8:0) 45b1d0b1 845a73f7
[    1.972175] random 0041 0000 0000 45b1d0b1 845a73f7: add_timer_randomness(.. 8388864)
[    1.972358] random 0041 0000 0000 45b1d0b1 845a73f7: add_disk_randomness(8:0) 45b1d0b1 845a73f7
[    1.972360] random 0041 0000 0000 45b1d0b1 845a73f7: add_timer_randomness(.. 8388864)
[    1.972528] random 0041 0000 0000 45b1d0b1 845a73f7: add_disk_randomness(8:0) 45b1d0b1 845a73f7
[    1.972531] random 0041 0000 0000 45b1d0b1 845a73f7: add_timer_randomness(.. 8388864)
[    1.972714] random 0041 0000 0000 45b1d0b1 845a73f7: add_disk_randomness(8:0) 45b1d0b1 845a73f7
[    1.972716] random 0041 0000 0000 45b1d0b1 845a73f7: add_timer_randomness(.. 8388864)
[    1.986345] random 0041 0000 0000 45b1d0b1 845a73f7: add_disk_randomness(8:0) 45b1d0b1 845a73f7
[    1.986348] random 0041 0000 0000 45b1d0b1 845a73f7: add_timer_randomness(.. 8388864)
[    1.986352] random 0041 0000 0000 45b1d0b1 845a73f7: added 1 entropy credits to input
[    1.990913] random 0042 0000 0000 45b1d0b1 845a73f7: add_disk_randomness(8:0) 45b1d0b1 845a73f7
[    1.990916] random 0042 0000 0000 45b1d0b1 845a73f7: add_timer_randomness(.. 8388864)
[    2.005299] random 0042 0000 0000 45b1d0b1 845a73f7: add_disk_randomness(8:0) 45b1d0b1 845a73f7
[    2.005302] random 0042 0000 0000 45b1d0b1 845a73f7: add_timer_randomness(.. 8388864)
[    2.005305] random 0042 0000 0000 45b1d0b1 845a73f7: added 1 entropy credits to input
[    2.005565] random 0043 0000 0000 45b1d0b1 845a73f7: rand_read_num 14 get_random_bytes(16): sig fffffc05 45b1d0b1 845a73f7
[    2.005567] random 0043 0000 0000 45b1d0b1 845a73f7: extract_entropy(.. 16 ..)
[    2.005570] random 0043 0000 0000 45b1d0b1 845a73f7: going to reseed nonblocking with 128 bits (128 of 0 requested)
[    2.005573] random 0043 0000 0000 45b1d0b1 845a73f7: extract_entropy(.. 16 ..)
[    2.005575] random 0043 0000 0000 45b1d0b1 845a73f7: trying to extract 128 bits from input
[    2.005577] random 0043 0000 0000 45b1d0b1 845a73f7: debiting 0 entropy credits from input
[    2.005579] random 0043 0000 0000 45b1d0b1 845a73f7: trying to extract 128 bits from nonblocking
[    2.005582] random 0043 0000 0000 45b1d0b1 845a73f7: debiting 128 entropy credits from nonblocking (unlimited)
[    2.026766] random 0043 0000 0000 5012cce3 b8a30621: add_disk_randomness(8:0) 5012cce3 b8a30621
[    2.026769] random 0043 0000 0000 5012cce3 b8a30621: add_timer_randomness(.. 8388864)
[    2.027670] random 0043 0000 0000 5012cce3 b8a30621: add_disk_randomness(8:0) 5012cce3 b8a30621
[    2.027673] random 0043 0000 0000 5012cce3 b8a30621: add_timer_randomness(.. 8388864)
[    2.028118] random 0043 0000 0000 5012cce3 b8a30621: add_disk_randomness(8:0) 5012cce3 b8a30621
[    2.028121] random 0043 0000 0000 5012cce3 b8a30621: add_timer_randomness(.. 8388864)
[    2.045350] random 0043 0000 0000 5012cce3 b8a30621: add_disk_randomness(8:0) 5012cce3 b8a30621
[    2.045353] random 0043 0000 0000 5012cce3 b8a30621: add_timer_randomness(.. 8388864)
[    2.045356] random 0043 0000 0000 5012cce3 b8a30621: added 1 entropy credits to input
[    2.046095] random 0044 0000 0000 5012cce3 b8a30621: add_disk_randomness(8:0) 5012cce3 b8a30621
[    2.046099] random 0044 0000 0000 5012cce3 b8a30621: add_timer_randomness(.. 8388864)
[    2.046130] random 0044 0000 0000 5012cce3 b8a30621: rand_read_num 15 get_random_bytes(16): sig fffffb9d 5012cce3 b8a30621
[    2.046133] random 0044 0000 0000 5012cce3 b8a30621: extract_entropy(.. 16 ..)
[    2.046136] random 0044 0000 0000 5012cce3 b8a30621: going to reseed nonblocking with 128 bits (128 of 0 requested)
[    2.046139] random 0044 0000 0000 5012cce3 b8a30621: extract_entropy(.. 16 ..)
[    2.046142] random 0044 0000 0000 5012cce3 b8a30621: trying to extract 128 bits from input
[    2.046145] random 0044 0000 0000 5012cce3 b8a30621: debiting 0 entropy credits from input
[    2.046148] random 0044 0000 0000 5012cce3 b8a30621: trying to extract 128 bits from nonblocking
[    2.046151] random 0044 0000 0000 5012cce3 b8a30621: debiting 128 entropy credits from nonblocking (unlimited)
[    2.046197] random 0044 0000 0000 89bae1ab 704c432f: rand_read_num 16 get_random_bytes(16): sig 0000006e 89bae1ab 704c432f
[    2.046200] random 0044 0000 0000 89bae1ab 704c432f: extract_entropy(.. 16 ..)
[    2.046203] random 0044 0000 0000 89bae1ab 704c432f: going to reseed nonblocking with 128 bits (128 of 0 requested)
[    2.046206] random 0044 0000 0000 89bae1ab 704c432f: extract_entropy(.. 16 ..)
[    2.046209] random 0044 0000 0000 89bae1ab 704c432f: trying to extract 128 bits from input
[    2.046212] random 0044 0000 0000 89bae1ab 704c432f: debiting 0 entropy credits from input
[    2.046215] random 0044 0000 0000 89bae1ab 704c432f: trying to extract 128 bits from nonblocking
[    2.046218] random 0044 0000 0000 89bae1ab 704c432f: debiting 128 entropy credits from nonblocking (unlimited)
[    2.067118] random 0044 0000 0000 6c298a02 2b1539f8: add_disk_randomness(8:0) 6c298a02 2b1539f8
[    2.067121] random 0044 0000 0000 6c298a02 2b1539f8: add_timer_randomness(.. 8388864)
[    2.067124] random 0044 0000 0000 6c298a02 2b1539f8: added 2 entropy credits to input
[    2.070697] random 0046 0000 0000 6c298a02 2b1539f8: add_disk_randomness(8:0) 6c298a02 2b1539f8
[    2.070701] random 0046 0000 0000 6c298a02 2b1539f8: add_timer_randomness(.. 8388864)
[    2.070864] random 0046 0000 0000 6c298a02 2b1539f8: add_disk_randomness(8:0) 6c298a02 2b1539f8
[    2.070867] random 0046 0000 0000 6c298a02 2b1539f8: add_timer_randomness(.. 8388864)
[    2.071049] random 0046 0000 0000 6c298a02 2b1539f8: add_disk_randomness(8:0) 6c298a02 2b1539f8
[    2.071052] random 0046 0000 0000 6c298a02 2b1539f8: add_timer_randomness(.. 8388864)
[    2.081068] random 0046 0000 0000 6c298a02 2b1539f8: add_disk_randomness(8:0) 6c298a02 2b1539f8
[    2.081072] random 0046 0000 0000 6c298a02 2b1539f8: add_timer_randomness(.. 8388864)
[    2.081075] random 0046 0000 0000 6c298a02 2b1539f8: added 1 entropy credits to input
[    2.094917] random 0047 0000 0000 6c298a02 2b1539f8: add_disk_randomness(8:0) 6c298a02 2b1539f8
[    2.094920] random 0047 0000 0000 6c298a02 2b1539f8: add_timer_randomness(.. 8388864)
[    2.095309] random 0047 0000 0000 6c298a02 2b1539f8: add_disk_randomness(8:0) 6c298a02 2b1539f8
[    2.095312] random 0047 0000 0000 6c298a02 2b1539f8: add_timer_randomness(.. 8388864)
[    2.095341] random 0047 0000 0000 6c298a02 2b1539f8: rand_read_num 17 get_random_bytes(16): sig 00000124 6c298a02 2b1539f8
[    2.095345] random 0047 0000 0000 6c298a02 2b1539f8: extract_entropy(.. 16 ..)
[    2.095348] random 0047 0000 0000 6c298a02 2b1539f8: going to reseed nonblocking with 128 bits (128 of 0 requested)
[    2.095351] random 0047 0000 0000 6c298a02 2b1539f8: extract_entropy(.. 16 ..)
[    2.095354] random 0047 0000 0000 6c298a02 2b1539f8: trying to extract 128 bits from input
[    2.095356] random 0047 0000 0000 6c298a02 2b1539f8: debiting 0 entropy credits from input
[    2.095359] random 0047 0000 0000 6c298a02 2b1539f8: trying to extract 128 bits from nonblocking
[    2.095363] random 0047 0000 0000 6c298a02 2b1539f8: debiting 128 entropy credits from nonblocking (unlimited)
[    2.095810] random 0047 0000 0000 c77b8b35 70f6cab5: add_disk_randomness(8:0) c77b8b35 70f6cab5
[    2.095813] random 0047 0000 0000 c77b8b35 70f6cab5: add_timer_randomness(.. 8388864)
[    2.096142] random 0047 0000 0000 c77b8b35 70f6cab5: add_disk_randomness(8:0) c77b8b35 70f6cab5
[    2.096145] random 0047 0000 0000 c77b8b35 70f6cab5: add_timer_randomness(.. 8388864)
[    2.096431] random 0047 0000 0000 c77b8b35 70f6cab5: add_disk_randomness(8:0) c77b8b35 70f6cab5
[    2.096434] random 0047 0000 0000 c77b8b35 70f6cab5: add_timer_randomness(.. 8388864)
[    2.096462] random 0047 0000 0000 c77b8b35 70f6cab5: rand_read_num 18 get_random_bytes(16): sig ffffff1c c77b8b35 70f6cab5
[    2.096465] random 0047 0000 0000 c77b8b35 70f6cab5: extract_entropy(.. 16 ..)
[    2.096468] random 0047 0000 0000 c77b8b35 70f6cab5: going to reseed nonblocking with 128 bits (128 of 0 requested)
[    2.096471] random 0047 0000 0000 c77b8b35 70f6cab5: extract_entropy(.. 16 ..)
[    2.096474] random 0047 0000 0000 c77b8b35 70f6cab5: trying to extract 128 bits from input
[    2.096477] random 0047 0000 0000 c77b8b35 70f6cab5: debiting 0 entropy credits from input
[    2.096480] random 0047 0000 0000 c77b8b35 70f6cab5: trying to extract 128 bits from nonblocking
[    2.096483] random 0047 0000 0000 c77b8b35 70f6cab5: debiting 128 entropy credits from nonblocking (unlimited)
[    2.102453] random 0047 0000 0000 af21d212 57d20ca3: add_disk_randomness(8:0) af21d212 57d20ca3
[    2.102457] random 0047 0000 0000 af21d212 57d20ca3: add_timer_randomness(.. 8388864)
[    2.103783] random 0047 0000 0000 af21d212 57d20ca3: add_disk_randomness(8:0) af21d212 57d20ca3
[    2.103787] random 0047 0000 0000 af21d212 57d20ca3: add_timer_randomness(.. 8388864)
[    2.104075] random 0047 0000 0000 af21d212 57d20ca3: add_disk_randomness(8:0) af21d212 57d20ca3
[    2.104078] random 0047 0000 0000 af21d212 57d20ca3: add_timer_randomness(.. 8388864)
[    2.104275] random 0047 0000 0000 af21d212 57d20ca3: add_disk_randomness(8:0) af21d212 57d20ca3
[    2.104278] random 0047 0000 0000 af21d212 57d20ca3: add_timer_randomness(.. 8388864)
[    2.104776] random 0047 0000 0000 af21d212 57d20ca3: add_disk_randomness(8:0) af21d212 57d20ca3
[    2.104779] random 0047 0000 0000 af21d212 57d20ca3: add_timer_randomness(.. 8388864)
[    2.105279] random 0047 0000 0000 af21d212 57d20ca3: add_disk_randomness(8:0) af21d212 57d20ca3
[    2.105281] random 0047 0000 0000 af21d212 57d20ca3: add_timer_randomness(.. 8388864)
[    2.113326] random 0047 0000 0000 af21d212 57d20ca3: add_disk_randomness(8:0) af21d212 57d20ca3
[    2.113329] random 0047 0000 0000 af21d212 57d20ca3: add_timer_randomness(.. 8388864)
[    2.113332] random 0047 0000 0000 af21d212 57d20ca3: added 1 entropy credits to input
[    2.113563] random 0048 0000 0000 af21d212 57d20ca3: add_disk_randomness(8:0) af21d212 57d20ca3
[    2.113566] random 0048 0000 0000 af21d212 57d20ca3: add_timer_randomness(.. 8388864)
[    2.114194] random 0048 0000 0000 af21d212 57d20ca3: add_disk_randomness(8:0) af21d212 57d20ca3
[    2.114198] random 0048 0000 0000 af21d212 57d20ca3: add_timer_randomness(.. 8388864)
[    2.135079] random 0048 0000 0000 af21d212 57d20ca3: add_disk_randomness(8:0) af21d212 57d20ca3
[    2.135082] random 0048 0000 0000 af21d212 57d20ca3: add_timer_randomness(.. 8388864)
[    2.135085] random 0048 0000 0000 af21d212 57d20ca3: added 2 entropy credits to input
[    2.135266] random 0050 0000 0000 af21d212 57d20ca3: add_disk_randomness(8:0) af21d212 57d20ca3
[    2.135269] random 0050 0000 0000 af21d212 57d20ca3: add_timer_randomness(.. 8388864)
[    2.136236] random 0050 0000 0000 af21d212 57d20ca3: add_disk_randomness(8:0) af21d212 57d20ca3
[    2.136239] random 0050 0000 0000 af21d212 57d20ca3: add_timer_randomness(.. 8388864)
[    2.136419] random 0050 0000 0000 af21d212 57d20ca3: add_disk_randomness(8:0) af21d212 57d20ca3
[    2.136421] random 0050 0000 0000 af21d212 57d20ca3: add_timer_randomness(.. 8388864)
[    2.137232] random 0050 0000 0000 af21d212 57d20ca3: add_disk_randomness(8:0) af21d212 57d20ca3
[    2.137235] random 0050 0000 0000 af21d212 57d20ca3: add_timer_randomness(.. 8388864)
[    2.137264] random 0050 0000 0000 af21d212 57d20ca3: rand_read_num 19 get_random_bytes(16): sig fffffe1d af21d212 57d20ca3
[    2.137267] random 0050 0000 0000 af21d212 57d20ca3: extract_entropy(.. 16 ..)
[    2.137271] random 0050 0000 0000 af21d212 57d20ca3: going to reseed nonblocking with 128 bits (128 of 0 requested)
[    2.137274] random 0050 0000 0000 af21d212 57d20ca3: extract_entropy(.. 16 ..)
[    2.137276] random 0050 0000 0000 af21d212 57d20ca3: trying to extract 128 bits from input
[    2.137279] random 0050 0000 0000 af21d212 57d20ca3: debiting 0 entropy credits from input
[    2.137282] random 0050 0000 0000 af21d212 57d20ca3: trying to extract 128 bits from nonblocking
[    2.137286] random 0050 0000 0000 af21d212 57d20ca3: debiting 128 entropy credits from nonblocking (unlimited)
[    2.158481] random 0050 0000 0000 151530a2 56c65dd3: add_disk_randomness(8:0) 151530a2 56c65dd3
[    2.158484] random 0050 0000 0000 151530a2 56c65dd3: add_timer_randomness(.. 8388864)
[    2.158488] random 0050 0000 0000 151530a2 56c65dd3: added 2 entropy credits to input
[    2.159367] random 0052 0000 0000 151530a2 56c65dd3: add_disk_randomness(8:0) 151530a2 56c65dd3
[    2.159370] random 0052 0000 0000 151530a2 56c65dd3: add_timer_randomness(.. 8388864)
[    2.162976] random 0052 0000 0000 151530a2 56c65dd3: add_disk_randomness(8:0) 151530a2 56c65dd3
[    2.162979] random 0052 0000 0000 151530a2 56c65dd3: add_timer_randomness(.. 8388864)
[    2.163640] random 0052 0000 0000 151530a2 56c65dd3: add_disk_randomness(8:0) 151530a2 56c65dd3
[    2.163643] random 0052 0000 0000 151530a2 56c65dd3: add_timer_randomness(.. 8388864)
[    2.169312] random 0052 0000 0000 151530a2 56c65dd3: add_disk_randomness(8:0) 151530a2 56c65dd3
[    2.169315] random 0052 0000 0000 151530a2 56c65dd3: add_timer_randomness(.. 8388864)
[    2.169319] random 0052 0000 0000 151530a2 56c65dd3: added 1 entropy credits to input
[    2.171140] random 0053 0000 0000 151530a2 56c65dd3: add_disk_randomness(8:0) 151530a2 56c65dd3
[    2.171143] random 0053 0000 0000 151530a2 56c65dd3: add_timer_randomness(.. 8388864)
[    2.171404] random 0053 0000 0000 151530a2 56c65dd3: add_disk_randomness(8:0) 151530a2 56c65dd3
[    2.171407] random 0053 0000 0000 151530a2 56c65dd3: add_timer_randomness(.. 8388864)
[    2.171946] random 0053 0000 0000 151530a2 56c65dd3: add_disk_randomness(8:0) 151530a2 56c65dd3
[    2.171948] random 0053 0000 0000 151530a2 56c65dd3: add_timer_randomness(.. 8388864)
[    2.172519] random 0053 0000 0000 151530a2 56c65dd3: add_disk_randomness(8:0) 151530a2 56c65dd3
[    2.172521] random 0053 0000 0000 151530a2 56c65dd3: add_timer_randomness(.. 8388864)
[    2.172645] random 0053 0000 0000 151530a2 56c65dd3: rand_read_num 20 get_random_bytes(16): sig ffffffbf 151530a2 56c65dd3
[    2.172648] random 0053 0000 0000 151530a2 56c65dd3: extract_entropy(.. 16 ..)
[    2.172651] random 0053 0000 0000 151530a2 56c65dd3: going to reseed nonblocking with 128 bits (128 of 0 requested)
[    2.172653] random 0053 0000 0000 151530a2 56c65dd3: extract_entropy(.. 16 ..)
[    2.172655] random 0053 0000 0000 151530a2 56c65dd3: trying to extract 128 bits from input
[    2.172657] random 0053 0000 0000 151530a2 56c65dd3: debiting 0 entropy credits from input
[    2.172660] random 0053 0000 0000 151530a2 56c65dd3: trying to extract 128 bits from nonblocking
[    2.172663] random 0053 0000 0000 151530a2 56c65dd3: debiting 128 entropy credits from nonblocking (unlimited)
[    2.173373] random 0053 0000 0000 5d3e132e d9a77eb3: rand_read_num 21 get_random_bytes(16): sig fffffcc9 5d3e132e d9a77eb3
