[    0.000000] random 0000 0000 0000 00000000 00000000: rand_read_num 1 get_random_bytes(8): sig 00000000 00000000 00000000
[    0.000000] random 0000 0000 0000 00000000 00000000: extract_entropy(.. 8 ..)
[    0.000000] random 0000 0000 0000 00000000 00000000: going to reseed nonblocking with 64 bits (64 of 0 requested)
[    0.000000] random 0000 0000 0000 00000000 00000000: extract_entropy(.. 8 ..)
[    0.000000] random 0000 0000 0000 00000000 00000000: trying to extract 64 bits from input
[    0.000000] random 0000 0000 0000 00000000 00000000: debiting 0 entropy credits from input
[    0.000000] random 0000 0000 0000 00000000 00000000: trying to extract 64 bits from nonblocking
[    0.000000] random 0000 0000 0000 00000000 00000000: debiting 64 entropy credits from nonblocking (unlimited)
[    0.000000] Initializing cgroup subsys cpuset
[    0.000000] Initializing cgroup subsys cpu
[    0.000000] Linux version 2.6.32.57 (dcashman@dcashman-01) (gcc version 4.4.3 (Ubuntu 4.4.3-4ubuntu5.1) ) #86 SMP Sun Mar 24 21:46:26 PDT 2013
[    0.000000] KERNEL supported cpus:
[    0.000000]   Intel GenuineIntel
[    0.000000]   AMD AuthenticAMD
[    0.000000]   NSC Geode by NSC
[    0.000000]   Cyrix CyrixInstead
[    0.000000]   Centaur CentaurHauls
[    0.000000]   Transmeta GenuineTMx86
[    0.000000]   Transmeta TransmetaCPU
[    0.000000]   UMC UMC UMC UMC
[    0.000000] BIOS-provided physical RAM map:
[    0.000000]  BIOS-e820: 0000000000000000 - 000000000009fc00 (usable)
[    0.000000]  BIOS-e820: 000000000009fc00 - 00000000000a0000 (reserved)
[    0.000000]  BIOS-e820: 00000000000e4000 - 0000000000100000 (reserved)
[    0.000000]  BIOS-e820: 0000000000100000 - 00000000cff90000 (usable)
[    0.000000]  BIOS-e820: 00000000cff90000 - 00000000cff9e000 (ACPI data)
[    0.000000]  BIOS-e820: 00000000cff9e000 - 00000000cffe0000 (ACPI NVS)
[    0.000000]  BIOS-e820: 00000000cffe0000 - 00000000d0000000 (reserved)
[    0.000000]  BIOS-e820: 00000000fee00000 - 00000000fee01000 (reserved)
[    0.000000]  BIOS-e820: 00000000fff00000 - 0000000100000000 (reserved)
[    0.000000]  BIOS-e820: 0000000100000000 - 00000001b0000000 (usable)
[    0.000000] DMI present.
[    0.000000] AMI BIOS detected: BIOS may corrupt low RAM, working around it.
[    0.000000] e820 update range: 0000000000000000 - 0000000000010000 (usable) ==> (reserved)
[    0.000000] last_pfn = 0x1b0000 max_arch_pfn = 0x1000000
[    0.000000] MTRR default type: uncachable
[    0.000000] MTRR fixed ranges enabled:
[    0.000000]   00000-9FFFF write-back
[    0.000000]   A0000-BFFFF uncachable
[    0.000000]   C0000-CFFFF write-protect
[    0.000000]   D0000-DFFFF uncachable
[    0.000000]   E0000-EFFFF write-through
[    0.000000]   F0000-FFFFF write-protect
[    0.000000] MTRR variable ranges enabled:
[    0.000000]   0 base 1B0000000 mask FF0000000 uncachable
[    0.000000]   1 base 1C0000000 mask FC0000000 uncachable
[    0.000000]   2 base 000000000 mask E00000000 write-back
[    0.000000]   3 base 0D0000000 mask FF0000000 uncachable
[    0.000000]   4 base 0E0000000 mask FE0000000 uncachable
[    0.000000]   5 disabled
[    0.000000]   6 disabled
[    0.000000]   7 disabled
[    0.000000] x86 PAT enabled: cpu 0, old 0x7040600070406, new 0x7010600070106
[    0.000000] e820 update range: 00000000d0000000 - 0000000100000000 (usable) ==> (reserved)
[    0.000000] Scanning 0 areas for low memory corruption
[    0.000000] modified physical RAM map:
[    0.000000]  modified: 0000000000000000 - 0000000000010000 (reserved)
[    0.000000]  modified: 0000000000010000 - 000000000009fc00 (usable)
[    0.000000]  modified: 000000000009fc00 - 00000000000a0000 (reserved)
[    0.000000]  modified: 00000000000e4000 - 0000000000100000 (reserved)
[    0.000000]  modified: 0000000000100000 - 00000000cff90000 (usable)
[    0.000000]  modified: 00000000cff90000 - 00000000cff9e000 (ACPI data)
[    0.000000]  modified: 00000000cff9e000 - 00000000cffe0000 (ACPI NVS)
[    0.000000]  modified: 00000000cffe0000 - 00000000d0000000 (reserved)
[    0.000000]  modified: 00000000fee00000 - 00000000fee01000 (reserved)
[    0.000000]  modified: 00000000fff00000 - 0000000100000000 (reserved)
[    0.000000]  modified: 0000000100000000 - 00000001b0000000 (usable)
[    0.000000] initial memory mapped : 0 - 01000000
[    0.000000] init_memory_mapping: 0000000000000000-00000000379fe000
[    0.000000] NX (Execute Disable) protection: active
[    0.000000]  0000000000 - 0000200000 page 4k
[    0.000000]  0000200000 - 0037800000 page 2M
[    0.000000]  0037800000 - 00379fe000 page 4k
[    0.000000] kernel direct mapping tables up to 379fe000 @ 10000-16000
[    0.000000] ACPI: RSDP 000f91f0 00014 (v00 HPQOEM)
[    0.000000] ACPI: RSDT cff90000 00044 (v01 HPQOEM SLIC-CPC 20090819 MSFT 00000097)
[    0.000000] ACPI: FACP cff90200 00084 (v01 HPQOEM SLIC-CPC 20090819 MSFT 00000097)
[    0.000000] ACPI: DSDT cff90440 05753 (v01 HPQOEM SLIC-CPC 00000050 INTL 20051117)
[    0.000000] ACPI: FACS cff9e000 00040
[    0.000000] ACPI: APIC cff90390 0006C (v01 HPQOEM SLIC-CPC 20090819 MSFT 00000097)
[    0.000000] ACPI: MCFG cff90400 0003C (v01 HPQOEM SLIC-CPC 20090819 MSFT 00000097)
[    0.000000] ACPI: OEMB cff9e040 00076 (v01 HPQOEM SLIC-CPC 20090819 MSFT 00000097)
[    0.000000] ACPI: HPET cff95ba0 00038 (v01 HPQOEM SLIC-CPC 20090819 MSFT 00000097)
[    0.000000] ACPI: GSCI cff9e0c0 02024 (v01 HPQOEM SLIC-CPC 20090819 MSFT 00000097)
[    0.000000] ACPI: SLIC cffa00f0 00176 (v01 HPQOEM SLIC-CPC 00000001 MSFT 00000001)
[    0.000000] ACPI: SSDT cffa0b30 00A7C (v01 HPQOEM SLIC-CPC 00000012 INTL 20051117)
[    0.000000] ACPI: Local APIC address 0xfee00000
[    0.000000] 6022MB HIGHMEM available.
[    0.000000] 889MB LOWMEM available.
[    0.000000]   mapped low ram: 0 - 379fe000
[    0.000000]   low ram: 0 - 379fe000
[    0.000000]   node 0 low ram: 00000000 - 379fe000
[    0.000000]   node 0 bootmap 00012000 - 00018f40
[    0.000000] (8 early reservations) ==> bootmem [0000000000 - 00379fe000]
[    0.000000]   #0 [0000000000 - 0000001000]   BIOS data page ==> [0000000000 - 0000001000]
[    0.000000]   #1 [0000001000 - 0000002000]    EX TRAMPOLINE ==> [0000001000 - 0000002000]
[    0.000000]   #2 [0000006000 - 0000007000]       TRAMPOLINE ==> [0000006000 - 0000007000]
[    0.000000]   #3 [0000100000 - 0000af8778]    TEXT DATA BSS ==> [0000100000 - 0000af8778]
[    0.000000]   #4 [000009fc00 - 0000100000]    BIOS reserved ==> [000009fc00 - 0000100000]
[    0.000000]   #5 [0000af9000 - 0000b01640]              BRK ==> [0000af9000 - 0000b01640]
[    0.000000]   #6 [0000010000 - 0000012000]          PGTABLE ==> [0000010000 - 0000012000]
[    0.000000]   #7 [0000012000 - 0000019000]          BOOTMAP ==> [0000012000 - 0000019000]
[    0.000000] found SMP MP-table at [c00ff780] ff780
[    0.000000] Zone PFN ranges:
[    0.000000]   DMA      0x00000010 -> 0x00001000
[    0.000000]   Normal   0x00001000 -> 0x000379fe
[    0.000000]   HighMem  0x000379fe -> 0x001b0000
[    0.000000] Movable zone start PFN for each node
[    0.000000] early_node_map[3] active PFN ranges
[    0.000000]     0: 0x00000010 -> 0x0000009f
[    0.000000]     0: 0x00000100 -> 0x000cff90
[    0.000000]     0: 0x00100000 -> 0x001b0000
[    0.000000] On node 0 totalpages: 1572639
[    0.000000] free_area_init_node: node 0, pgdat c07ba8a0, node_mem_map c1001200
[    0.000000]   DMA zone: 32 pages used for memmap
[    0.000000]   DMA zone: 0 pages reserved
[    0.000000]   DMA zone: 3951 pages, LIFO batch:0
[    0.000000]   Normal zone: 1748 pages used for memmap
[    0.000000]   Normal zone: 221994 pages, LIFO batch:31
[    0.000000]   HighMem zone: 12045 pages used for memmap
[    0.000000]   HighMem zone: 1332869 pages, LIFO batch:31
[    0.000000] Using APIC driver default
[    0.000000] ACPI: PM-Timer IO Port: 0x808
[    0.000000] ACPI: Local APIC address 0xfee00000
[    0.000000] ACPI: LAPIC (acpi_id[0x01] lapic_id[0x00] enabled)
[    0.000000] ACPI: LAPIC (acpi_id[0x02] lapic_id[0x01] enabled)
[    0.000000] ACPI: LAPIC (acpi_id[0x03] lapic_id[0x02] enabled)
[    0.000000] ACPI: LAPIC (acpi_id[0x04] lapic_id[0x03] enabled)
[    0.000000] ACPI: Skipping IOAPIC probe due to 'noapic' option.
[    0.000000] Using ACPI for processor (LAPIC) configuration information
[    0.000000] ACPI: HPET id: 0xffffffff base: 0xfed00000
[    0.000000] Intel MultiProcessor Specification v1.4
[    0.000000]     Virtual Wire compatibility mode.
[    0.000000] MPTABLE: OEM ID: Intel   
[    0.000000] MPTABLE: Product ID: Eaglelake   
[    0.000000] MPTABLE: APIC at: 0xFEE00000
[    0.000000] I/O APIC #4 Version 32 at 0xFEC00000.
[    0.000000] Processors: 4
[    0.000000] SMP: Allowing 4 CPUs, 0 hotplug CPUs
[    0.000000] nr_irqs_gsi: 24
[    0.000000] PM: Registered nosave memory: 000000000009f000 - 00000000000a0000
[    0.000000] PM: Registered nosave memory: 00000000000a0000 - 00000000000e4000
[    0.000000] PM: Registered nosave memory: 00000000000e4000 - 0000000000100000
[    0.000000] Allocating PCI resources starting at d0000000 (gap: d0000000:2ee00000)
[    0.000000] Booting paravirtualized kernel on bare hardware
[    0.000000] NR_CPUS:8 nr_cpumask_bits:8 nr_cpu_ids:4 nr_node_ids:1
[    0.000000] PERCPU: Embedded 15 pages/cpu @c4800000 s39416 r0 d22024 u524288
[    0.000000] pcpu-alloc: s39416 r0 d22024 u524288 alloc=1*2097152
[    0.000000] pcpu-alloc: [0] 0 1 2 3 
[    0.000000] Built 1 zonelists in Zone order, mobility grouping on.  Total pages: 1558814
[    0.000000] Kernel command line: BOOT_IMAGE=/boot/vmlinuz-2.6.32.57 root=/dev/sda1 ro quiet maxcpus=0 kgdboe=132.239.95.229/132.239.95.228
[    0.000000] PID hash table entries: 4096 (order: 2, 16384 bytes)
[    0.000000] Dentry cache hash table entries: 131072 (order: 7, 524288 bytes)
[    0.000000] Inode-cache hash table entries: 65536 (order: 6, 262144 bytes)
[    0.000000] Enabling fast FPU save and restore... done.
[    0.000000] Enabling unmasked SIMD FPU exception support... done.
[    0.000000] Initializing CPU#0
[    0.000000] allocated 35389120 bytes of page_cgroup
[    0.000000] please try 'cgroup_disable=memory' option if you don't want memory cgroups
[    0.000000] Initializing HighMem for node 0 (000379fe:001b0000)
[    0.000000] Memory: 6188240k/7077888k available (4762k kernel code, 101232k reserved, 2169k data, 676k init, 5379656k highmem)
[    0.000000] virtual kernel memory layout:
[    0.000000]     fixmap  : 0xfff1d000 - 0xfffff000   ( 904 kB)
[    0.000000]     pkmap   : 0xffa00000 - 0xffc00000   (2048 kB)
[    0.000000]     vmalloc : 0xf81fe000 - 0xff9fe000   ( 120 MB)
[    0.000000]     lowmem  : 0xc0000000 - 0xf79fe000   ( 889 MB)
[    0.000000]       .init : 0xc07c6000 - 0xc086f000   ( 676 kB)
[    0.000000]       .data : 0xc05a693b - 0xc07c50c8   (2169 kB)
[    0.000000]       .text : 0xc0100000 - 0xc05a693b   (4762 kB)
[    0.000000] Checking if this processor honours the WP bit even in supervisor mode...Ok.
[    0.000000] SLUB: Genslabs=13, HWalign=64, Order=0-3, MinObjects=0, CPUs=4, Nodes=1
[    0.000000] Hierarchical RCU implementation.
[    0.000000] NR_IRQS:2304 nr_irqs:440
[    0.000000] Console: colour VGA+ 80x25
[    0.000000] console [tty0] enabled
[    0.000000] hpet clockevent registered
[    0.000000] Fast TSC calibration using PIT
[    0.000000] Detected 2493.756 MHz processor.
[    0.004004] Calibrating delay loop (skipped), value calculated using timer frequency.. 4987.51 BogoMIPS (lpj=9975024)
[    0.004016] Security Framework initialized
[    0.004022] SELinux:  Disabled at boot.
[    0.004027] Mount-cache hash table entries: 512
[    0.004136] Initializing cgroup subsys ns
[    0.004139] Initializing cgroup subsys cpuacct
[    0.004143] Initializing cgroup subsys memory
[    0.004148] Initializing cgroup subsys devices
[    0.004150] Initializing cgroup subsys freezer
[    0.004152] Initializing cgroup subsys net_cls
[    0.004171] CPU: L1 I cache: 32K, L1 D cache: 32K
[    0.004173] CPU: L2 cache: 3072K
[    0.004176] CPU: Physical Processor ID: 0
[    0.004177] CPU: Processor Core ID: 0
[    0.004180] mce: CPU supports 6 MCE banks
[    0.004187] CPU0: Thermal monitoring enabled (TM2)
[    0.004190] using mwait in idle threads.
[    0.004195] Performance Events: Core2 events, Intel PMU driver.
[    0.004200] ... version:                2
[    0.004201] ... bit width:              40
[    0.004202] ... generic registers:      2
[    0.004204] ... value mask:             000000ffffffffff
[    0.004205] ... max period:             000000007fffffff
[    0.004207] ... fixed-purpose events:   3
[    0.004208] ... event mask:             0000000700000003
[    0.004212] Checking 'hlt' instruction... OK.
[    0.020760] SMP alternatives: switching to UP code
[    0.027807] ACPI: Core revision 20090903
[    0.034606] ACPI: setting ELCR to 0200 (from 0cb8)
[    0.036007] ftrace: converting mcount calls to 0f 1f 44 00 00
[    0.036010] ftrace: allocating 20938 entries in 41 pages
[    0.040041] Enabling APIC mode:  Flat.  Using 1 I/O APICs
[    0.040043] SMP mode deactivated.
[    0.040046] SMP disabled
[    0.040112] Brought up 1 CPUs
[    0.040114] Total of 1 processors activated (4987.51 BogoMIPS).
[    0.040118] CPU0 attaching NULL sched-domain.
[    0.040181] devtmpfs: initialized
[    0.040309] sysctl table check failed: /kernel/random/now_input .1.40.7 Unknown sysctl binary path
[    0.040526] Pid: 1, comm: swapper Not tainted 2.6.32.57 #86
[    0.040527] Call Trace:
[    0.040533]  [<c059ee94>] ? printk+0x1d/0x21
[    0.040537]  [<c01766af>] set_fail+0x4f/0x60
[    0.040540]  [<c0176a0e>] sysctl_check_table+0x34e/0x690
[    0.040542]  [<c0176650>] ? sysctl_check_lookup+0x120/0x130
[    0.040545]  [<c0176a27>] sysctl_check_table+0x367/0x690
[    0.040547]  [<c0176650>] ? sysctl_check_lookup+0x120/0x130
[    0.040550]  [<c0176a27>] sysctl_check_table+0x367/0x690
[    0.040554]  [<c07ded5c>] sysctl_init+0x25/0x29
[    0.040556]  [<c0103041>] do_one_initcall+0x31/0x190
[    0.040558]  [<c07ded37>] ? sysctl_init+0x0/0x29
[    0.040561]  [<c07c6365>] kernel_init+0x12d/0x183
[    0.040564]  [<c07c6238>] ? kernel_init+0x0/0x183
[    0.040567]  [<c010a2c7>] kernel_thread_helper+0x7/0x10
[    0.040569] sysctl table check failed: /kernel/random/now_blocking .1.40.8 Unknown sysctl binary path
[    0.040782] Pid: 1, comm: swapper Not tainted 2.6.32.57 #86
[    0.040783] Call Trace:
[    0.040786]  [<c059ee94>] ? printk+0x1d/0x21
[    0.040788]  [<c01766af>] set_fail+0x4f/0x60
[    0.040791]  [<c0176a0e>] sysctl_check_table+0x34e/0x690
[    0.040793]  [<c0176650>] ? sysctl_check_lookup+0x120/0x130
[    0.040796]  [<c0176a27>] sysctl_check_table+0x367/0x690
[    0.040798]  [<c0176650>] ? sysctl_check_lookup+0x120/0x130
[    0.040801]  [<c0176a27>] sysctl_check_table+0x367/0x690
[    0.040804]  [<c07ded5c>] sysctl_init+0x25/0x29
[    0.040806]  [<c0103041>] do_one_initcall+0x31/0x190
[    0.040808]  [<c07ded37>] ? sysctl_init+0x0/0x29
[    0.040810]  [<c07c6365>] kernel_init+0x12d/0x183
[    0.040813]  [<c07c6238>] ? kernel_init+0x0/0x183
[    0.040815]  [<c010a2c7>] kernel_thread_helper+0x7/0x10
[    0.040817] sysctl table check failed: /kernel/random/now_nonblocking .1.40.9 Unknown sysctl binary path
[    0.041030] Pid: 1, comm: swapper Not tainted 2.6.32.57 #86
[    0.041031] Call Trace:
[    0.041033]  [<c059ee94>] ? printk+0x1d/0x21
[    0.041036]  [<c01766af>] set_fail+0x4f/0x60
[    0.041038]  [<c0176a0e>] sysctl_check_table+0x34e/0x690
[    0.041041]  [<c0176650>] ? sysctl_check_lookup+0x120/0x130
[    0.041044]  [<c0176a27>] sysctl_check_table+0x367/0x690
[    0.041046]  [<c0176650>] ? sysctl_check_lookup+0x120/0x130
[    0.041049]  [<c0176a27>] sysctl_check_table+0x367/0x690
[    0.041052]  [<c07ded5c>] sysctl_init+0x25/0x29
[    0.041054]  [<c0103041>] do_one_initcall+0x31/0x190
[    0.041056]  [<c07ded37>] ? sysctl_init+0x0/0x29
[    0.041059]  [<c07c6365>] kernel_init+0x12d/0x183
[    0.041061]  [<c07c6238>] ? kernel_init+0x0/0x183
[    0.041063]  [<c010a2c7>] kernel_thread_helper+0x7/0x10
[    0.041065] sysctl table check failed: /kernel/random/nb_input_bytes .1.40.10 Unknown sysctl binary path
[    0.041278] Pid: 1, comm: swapper Not tainted 2.6.32.57 #86
[    0.041279] Call Trace:
[    0.041282]  [<c059ee94>] ? printk+0x1d/0x21
[    0.041284]  [<c01766af>] set_fail+0x4f/0x60
[    0.041287]  [<c0176a0e>] sysctl_check_table+0x34e/0x690
[    0.041289]  [<c0176650>] ? sysctl_check_lookup+0x120/0x130
[    0.041292]  [<c0176a27>] sysctl_check_table+0x367/0x690
[    0.041294]  [<c0176650>] ? sysctl_check_lookup+0x120/0x130
[    0.041297]  [<c0176a27>] sysctl_check_table+0x367/0x690
[    0.041300]  [<c07ded5c>] sysctl_init+0x25/0x29
[    0.041302]  [<c0103041>] do_one_initcall+0x31/0x190
[    0.041304]  [<c07ded37>] ? sysctl_init+0x0/0x29
[    0.041307]  [<c07c6365>] kernel_init+0x12d/0x183
[    0.041309]  [<c07c6238>] ? kernel_init+0x0/0x183
[    0.041311]  [<c010a2c7>] kernel_thread_helper+0x7/0x10
[    0.041313] sysctl table check failed: /kernel/random/nb_stir_count .1.40.11 Unknown sysctl binary path
[    0.041527] Pid: 1, comm: swapper Not tainted 2.6.32.57 #86
[    0.041528] Call Trace:
[    0.041530]  [<c059ee94>] ? printk+0x1d/0x21
[    0.041533]  [<c01766af>] set_fail+0x4f/0x60
[    0.041535]  [<c0176a0e>] sysctl_check_table+0x34e/0x690
[    0.041538]  [<c0176650>] ? sysctl_check_lookup+0x120/0x130
[    0.041540]  [<c0176a27>] sysctl_check_table+0x367/0x690
[    0.041543]  [<c0176650>] ? sysctl_check_lookup+0x120/0x130
[    0.041546]  [<c0176a27>] sysctl_check_table+0x367/0x690
[    0.041548]  [<c07ded5c>] sysctl_init+0x25/0x29
[    0.041550]  [<c0103041>] do_one_initcall+0x31/0x190
[    0.041553]  [<c07ded37>] ? sysctl_init+0x0/0x29
[    0.041555]  [<c07c6365>] kernel_init+0x12d/0x183
[    0.041557]  [<c07c6238>] ? kernel_init+0x0/0x183
[    0.041560]  [<c010a2c7>] kernel_thread_helper+0x7/0x10
[    0.041562] sysctl table check failed: /kernel/random/nb_reentry_count .1.40.12 Unknown sysctl binary path
[    0.041775] Pid: 1, comm: swapper Not tainted 2.6.32.57 #86
[    0.041776] Call Trace:
[    0.041778]  [<c059ee94>] ? printk+0x1d/0x21
[    0.041781]  [<c01766af>] set_fail+0x4f/0x60
[    0.041783]  [<c0176a0e>] sysctl_check_table+0x34e/0x690
[    0.041786]  [<c0176650>] ? sysctl_check_lookup+0x120/0x130
[    0.041789]  [<c0176a27>] sysctl_check_table+0x367/0x690
[    0.041791]  [<c0176650>] ? sysctl_check_lookup+0x120/0x130
[    0.041794]  [<c0176a27>] sysctl_check_table+0x367/0x690
[    0.041796]  [<c07ded5c>] sysctl_init+0x25/0x29
[    0.041798]  [<c0103041>] do_one_initcall+0x31/0x190
[    0.041801]  [<c07ded37>] ? sysctl_init+0x0/0x29
[    0.041803]  [<c07c6365>] kernel_init+0x12d/0x183
[    0.041806]  [<c07c6238>] ? kernel_init+0x0/0x183
[    0.041808]  [<c010a2c7>] kernel_thread_helper+0x7/0x10
[    0.041943] regulator: core version 0.5
[    0.041963] Time:  5:20:27  Date: 03/25/13
[    0.041994] NET: Registered protocol family 16
[    0.042066] EISA bus registered
[    0.042072] ACPI: bus type pci registered
[    0.042122] PCI: MCFG configuration 0: base f0000000 segment 0 buses 0 - 63
[    0.042124] PCI: Not using MMCONFIG.
[    0.042249] PCI: Using configuration type 1 for base access
[    0.042844] bio: create slab <bio-0> at 0
[    0.043370] ACPI: EC: Look up EC in DSDT
[    0.045226] ACPI: Executed 1 blocks of module-level executable AML code
[    0.049116] ACPI: Interpreter enabled
[    0.049120] ACPI: (supports S0 S1 S3 S4 S5)
[    0.049137] ACPI: Using PIC for interrupt routing
[    0.049177] PCI: MCFG configuration 0: base f0000000 segment 0 buses 0 - 63
[    0.050563] PCI: MCFG area at f0000000 reserved in ACPI motherboard resources
[    0.050565] PCI: Using MMCONFIG for extended config space
[    0.056612] ACPI: No dock devices found.
[    0.056862] ACPI: PCI Root Bridge [PCI0] (0000:00)
[    0.056944] pci 0000:00:01.0: PME# supported from D0 D3hot D3cold
[    0.056947] pci 0000:00:01.0: PME# disabled
[    0.057003] pci 0000:00:1a.0: reg 20 io port: [0xc000-0xc01f]
[    0.057067] pci 0000:00:1a.1: reg 20 io port: [0xc080-0xc09f]
[    0.057130] pci 0000:00:1a.2: reg 20 io port: [0xc400-0xc41f]
[    0.057196] pci 0000:00:1a.7: reg 10 32bit mmio: [0xfe9ff400-0xfe9ff7ff]
[    0.057256] pci 0000:00:1a.7: PME# supported from D0 D3hot D3cold
[    0.057260] pci 0000:00:1a.7: PME# disabled
[    0.057292] pci 0000:00:1b.0: reg 10 64bit mmio: [0xfe9f8000-0xfe9fbfff]
[    0.057337] pci 0000:00:1b.0: PME# supported from D0 D3hot D3cold
[    0.057340] pci 0000:00:1b.0: PME# disabled
[    0.057402] pci 0000:00:1c.0: PME# supported from D0 D3hot D3cold
[    0.057405] pci 0000:00:1c.0: PME# disabled
[    0.057472] pci 0000:00:1c.5: PME# supported from D0 D3hot D3cold
[    0.057475] pci 0000:00:1c.5: PME# disabled
[    0.057518] pci 0000:00:1d.0: reg 20 io port: [0xc480-0xc49f]
[    0.057581] pci 0000:00:1d.1: reg 20 io port: [0xc800-0xc81f]
[    0.057644] pci 0000:00:1d.2: reg 20 io port: [0xc880-0xc89f]
[    0.057711] pci 0000:00:1d.7: reg 10 32bit mmio: [0xfe9ff800-0xfe9ffbff]
[    0.057771] pci 0000:00:1d.7: PME# supported from D0 D3hot D3cold
[    0.057775] pci 0000:00:1d.7: PME# disabled
[    0.057928] pci 0000:00:1f.2: reg 10 io port: [0x00-0x07]
[    0.057933] pci 0000:00:1f.2: reg 14 io port: [0x00-0x03]
[    0.057937] pci 0000:00:1f.2: reg 18 io port: [0x00-0x07]
[    0.057942] pci 0000:00:1f.2: reg 1c io port: [0x00-0x03]
[    0.057946] pci 0000:00:1f.2: reg 20 io port: [0xff90-0xff9f]
[    0.057951] pci 0000:00:1f.2: reg 24 io port: [0xffa0-0xffaf]
[    0.057996] pci 0000:00:1f.3: reg 10 64bit mmio: [0xfe9ffc00-0xfe9ffcff]
[    0.058007] pci 0000:00:1f.3: reg 20 io port: [0x400-0x41f]
[    0.058047] pci 0000:04:00.0: reg 10 64bit mmio pref: [0xe0000000-0xefffffff]
[    0.058054] pci 0000:04:00.0: reg 18 64bit mmio: [0xfebe0000-0xfebeffff]
[    0.058058] pci 0000:04:00.0: reg 20 io port: [0xe000-0xe0ff]
[    0.058066] pci 0000:04:00.0: reg 30 32bit mmio pref: [0xfebc0000-0xfebdffff]
[    0.058092] pci 0000:04:00.0: supports D1 D2
[    0.058119] pci 0000:04:00.1: reg 10 64bit mmio: [0xfebfc000-0xfebfffff]
[    0.058159] pci 0000:04:00.1: supports D1 D2
[    0.058194] pci 0000:00:01.0: bridge io port: [0xe000-0xefff]
[    0.058196] pci 0000:00:01.0: bridge 32bit mmio: [0xfeb00000-0xfebfffff]
[    0.058200] pci 0000:00:01.0: bridge 64bit mmio pref: [0xe0000000-0xefffffff]
[    0.058274] pci 0000:02:00.0: reg 10 io port: [0xd800-0xd8ff]
[    0.058292] pci 0000:02:00.0: reg 18 64bit mmio: [0xfeaff000-0xfeafffff]
[    0.058304] pci 0000:02:00.0: reg 20 64bit mmio pref: [0xdfffc000-0xdfffffff]
[    0.058311] pci 0000:02:00.0: reg 30 32bit mmio pref: [0xfeac0000-0xfeadffff]
[    0.058370] pci 0000:02:00.0: supports D1 D2
[    0.058371] pci 0000:02:00.0: PME# supported from D0 D1 D2 D3hot D3cold
[    0.058375] pci 0000:02:00.0: PME# disabled
[    0.058422] pci 0000:00:1c.5: bridge io port: [0xd000-0xdfff]
[    0.058425] pci 0000:00:1c.5: bridge 32bit mmio: [0xfea00000-0xfeafffff]
[    0.058430] pci 0000:00:1c.5: bridge 64bit mmio pref: [0xdff00000-0xdfffffff]
[    0.058469] pci 0000:00:1e.0: transparent bridge
[    0.058487] pci_bus 0000:00: on NUMA node 0
[    0.058491] ACPI: PCI Interrupt Routing Table [\_SB_.PCI0._PRT]
[    0.058649] ACPI: PCI Interrupt Routing Table [\_SB_.PCI0.P0P2._PRT]
[    0.058731] ACPI: PCI Interrupt Routing Table [\_SB_.PCI0.P0P4._PRT]
[    0.058790] ACPI: PCI Interrupt Routing Table [\_SB_.PCI0.P0P9._PRT]
[    0.070835] ACPI: PCI Interrupt Link [LNKA] (IRQs 3 4 6 7 *10 11 12 14 15)
[    0.070924] ACPI: PCI Interrupt Link [LNKB] (IRQs *5)
[    0.071009] ACPI: PCI Interrupt Link [LNKC] (IRQs 3 4 6 7 10 *11 12 14 15)
[    0.071096] ACPI: PCI Interrupt Link [LNKD] (IRQs 3 4 6 7 10 11 12 14 15) *0, disabled.
[    0.071184] ACPI: PCI Interrupt Link [LNKE] (IRQs 3 4 6 *7 10 11 12 14 15)
[    0.071271] ACPI: PCI Interrupt Link [LNKF] (IRQs 3 4 6 7 *10 11 12 14 15)
[    0.071358] ACPI: PCI Interrupt Link [LNKG] (IRQs 3 *4 6 7 10 11 12 14 15)
[    0.071445] ACPI: PCI Interrupt Link [LNKH] (IRQs *3 4 6 7 10 11 12 14 15)
[    0.071520] vgaarb: device added: PCI:0000:04:00.0,decodes=io+mem,owns=io+mem,locks=none
[    0.071522] vgaarb: loaded
[    0.071597] SCSI subsystem initialized
[    0.071623] libata version 3.00 loaded.
[    0.071669] usbcore: registered new interface driver usbfs
[    0.071678] usbcore: registered new interface driver hub
[    0.071695] usbcore: registered new device driver usb
[    0.071775] ACPI: WMI: Mapper loaded
[    0.071777] PCI: Using ACPI for IRQ routing
[    0.071875] NetLabel: Initializing
[    0.071876] NetLabel:  domain hash size = 128
[    0.071877] NetLabel:  protocols = UNLABELED CIPSOv4
[    0.071886] NetLabel:  unlabeled traffic allowed by default
[    0.071906] HPET: 4 timers in total, 0 timers will be used for per-cpu timer
[    0.071911] hpet0: at MMIO 0xfed00000, IRQs 2, 8, 0, 0
[    0.071915] hpet0: 4 comparators, 64-bit 14.318180 MHz counter
[    0.073008] random 0000 0000 0000 00000000 00000000: rand_read_num 2 get_random_bytes(8): sig fffffe1a 00000000 00000000
[    0.073010] random 0000 0000 0000 00000000 00000000: extract_entropy(.. 8 ..)
[    0.073013] random 0000 0000 0000 00000000 00000000: going to reseed nonblocking with 64 bits (64 of 0 requested)
[    0.073015] random 0000 0000 0000 00000000 00000000: extract_entropy(.. 8 ..)
[    0.073017] random 0000 0000 0000 00000000 00000000: trying to extract 64 bits from input
[    0.073019] random 0000 0000 0000 00000000 00000000: debiting 0 entropy credits from input
[    0.073022] random 0000 0000 0000 00000000 00000000: trying to extract 64 bits from nonblocking
[    0.073024] random 0000 0000 0000 00000000 00000000: debiting 64 entropy credits from nonblocking (unlimited)
[    0.076016] Switching to clocksource tsc
[    0.077375] pnp: PnP ACPI init
[    0.077382] ACPI: bus type pnp registered
[    0.079023] pnp: PnP ACPI: found 14 devices
[    0.079025] ACPI: ACPI bus type pnp unregistered
[    0.079028] PnPBIOS: Disabled by ACPI PNP
[    0.079035] system 00:01: iomem range 0xfed14000-0xfed19fff has been reserved
[    0.079038] system 00:01: iomem range 0xfed90000-0xfed93fff has been reserved
[    0.079043] system 00:06: ioport range 0x4d0-0x4d1 has been reserved
[    0.079046] system 00:06: ioport range 0x800-0x87f has been reserved
[    0.079048] system 00:06: ioport range 0x500-0x57f has been reserved
[    0.079050] system 00:06: iomem range 0xfed1c000-0xfed1ffff has been reserved
[    0.079052] system 00:06: iomem range 0xfed20000-0xfed3ffff has been reserved
[    0.079054] system 00:06: iomem range 0xfed40000-0xfed8ffff has been reserved
[    0.079059] system 00:09: iomem range 0xffc00000-0xffefffff has been reserved
[    0.079063] system 00:0a: iomem range 0xfec00000-0xfec00fff has been reserved
[    0.079065] system 00:0a: iomem range 0xfee00000-0xfee00fff has been reserved
[    0.079069] system 00:0b: ioport range 0xa00-0xadf has been reserved
[    0.079073] system 00:0c: iomem range 0xf0000000-0xf3ffffff has been reserved
[    0.079077] system 00:0d: iomem range 0x0-0x9ffff could not be reserved
[    0.079079] system 00:0d: iomem range 0xc0000-0xcffff could not be reserved
[    0.079081] system 00:0d: iomem range 0xe0000-0xfffff could not be reserved
[    0.079084] system 00:0d: iomem range 0x100000-0xcfffffff could not be reserved
[    0.079086] system 00:0d: iomem range 0xfed90000-0xffffffff could not be reserved
[    0.113678] pci 0000:00:01.0: PCI bridge, secondary bus 0000:04
[    0.113681] pci 0000:00:01.0:   IO window: 0xe000-0xefff
[    0.113684] pci 0000:00:01.0:   MEM window: 0xfeb00000-0xfebfffff
[    0.113687] pci 0000:00:01.0:   PREFETCH window: 0x000000e0000000-0x000000efffffff
[    0.113690] pci 0000:00:1c.0: PCI bridge, secondary bus 0000:03
[    0.113693] pci 0000:00:1c.0:   IO window: 0x1000-0x1fff
[    0.113697] pci 0000:00:1c.0:   MEM window: 0xd0000000-0xd01fffff
[    0.113700] pci 0000:00:1c.0:   PREFETCH window: 0x000000d0200000-0x000000d03fffff
[    0.113705] pci 0000:00:1c.5: PCI bridge, secondary bus 0000:02
[    0.113707] pci 0000:00:1c.5:   IO window: 0xd000-0xdfff
[    0.113711] pci 0000:00:1c.5:   MEM window: 0xfea00000-0xfeafffff
[    0.113714] pci 0000:00:1c.5:   PREFETCH window: 0x000000dff00000-0x000000dfffffff
[    0.113719] pci 0000:00:1e.0: PCI bridge, secondary bus 0000:01
[    0.113720] pci 0000:00:1e.0:   IO window: disabled
[    0.113724] pci 0000:00:1e.0:   MEM window: disabled
[    0.113727] pci 0000:00:1e.0:   PREFETCH window: disabled
[    0.113836] ACPI: PCI Interrupt Link [LNKA] enabled at IRQ 10
[    0.113838] PCI: setting IRQ 10 as level-triggered
[    0.113842] pci 0000:00:01.0: PCI INT A -> Link[LNKA] -> GSI 10 (level, low) -> IRQ 10
[    0.113845] pci 0000:00:01.0: setting latency timer to 64
[    0.113851] pci 0000:00:1c.0: enabling device (0104 -> 0107)
[    0.113949] ACPI: PCI Interrupt Link [LNKB] enabled at IRQ 5
[    0.113951] PCI: setting IRQ 5 as level-triggered
[    0.113955] pci 0000:00:1c.0: PCI INT A -> Link[LNKB] -> GSI 5 (level, low) -> IRQ 5
[    0.113958] pci 0000:00:1c.0: setting latency timer to 64
[    0.113965] pci 0000:00:1c.5: PCI INT B -> Link[LNKA] -> GSI 10 (level, low) -> IRQ 10
[    0.113968] pci 0000:00:1c.5: setting latency timer to 64
[    0.113973] pci 0000:00:1e.0: setting latency timer to 64
[    0.113976] pci_bus 0000:00: resource 0 io:  [0x00-0xffff]
[    0.113978] pci_bus 0000:00: resource 1 mem: [0x000000-0xffffffffffffffff]
[    0.113980] pci_bus 0000:04: resource 0 io:  [0xe000-0xefff]
[    0.113982] pci_bus 0000:04: resource 1 mem: [0xfeb00000-0xfebfffff]
[    0.113984] pci_bus 0000:04: resource 2 pref mem [0xe0000000-0xefffffff]
[    0.113986] pci_bus 0000:03: resource 0 io:  [0x1000-0x1fff]
[    0.113988] pci_bus 0000:03: resource 1 mem: [0xd0000000-0xd01fffff]
[    0.113990] pci_bus 0000:03: resource 2 pref mem [0xd0200000-0xd03fffff]
[    0.113992] pci_bus 0000:02: resource 0 io:  [0xd000-0xdfff]
[    0.113994] pci_bus 0000:02: resource 1 mem: [0xfea00000-0xfeafffff]
[    0.113995] pci_bus 0000:02: resource 2 pref mem [0xdff00000-0xdfffffff]
[    0.113997] pci_bus 0000:01: resource 3 io:  [0x00-0xffff]
[    0.113999] pci_bus 0000:01: resource 4 mem: [0x000000-0xffffffffffffffff]
[    0.114019] NET: Registered protocol family 2
[    0.114044] random 0000 0000 0000 5f8db4e5 4cfdf2a8: rand_read_num 3 get_random_bytes(4): sig fffffb64 5f8db4e5 4cfdf2a8
[    0.114046] random 0000 0000 0000 5f8db4e5 4cfdf2a8: extract_entropy(.. 4 ..)
[    0.114049] random 0000 0000 0000 5f8db4e5 4cfdf2a8: going to reseed nonblocking with 64 bits (32 of 0 requested)
[    0.114051] random 0000 0000 0000 5f8db4e5 4cfdf2a8: extract_entropy(.. 8 ..)
[    0.114053] random 0000 0000 0000 5f8db4e5 4cfdf2a8: trying to extract 64 bits from input
[    0.114055] random 0000 0000 0000 5f8db4e5 4cfdf2a8: debiting 0 entropy credits from input
[    0.114058] random 0000 0000 0000 5f8db4e5 4cfdf2a8: trying to extract 32 bits from nonblocking
[    0.114060] random 0000 0000 0000 5f8db4e5 4cfdf2a8: debiting 32 entropy credits from nonblocking (unlimited)
[    0.114094] IP route cache hash table entries: 32768 (order: 5, 131072 bytes)
[    0.114299] TCP established hash table entries: 131072 (order: 8, 1048576 bytes)
[    0.114619] TCP bind hash table entries: 65536 (order: 7, 524288 bytes)
[    0.114784] TCP: Hash tables configured (established 131072 bind 65536)
[    0.114786] TCP reno registered
[    0.114830] NET: Registered protocol family 1
[    0.114936] pci 0000:04:00.0: Boot video device
[    0.115047] cpufreq-nforce2: No nForce2 chipset.
[    0.115062] Scanning for low memory corruption every 60 seconds
[    0.115132] audit: initializing netlink socket (disabled)
[    0.115138] type=2000 audit(1364188827.111:1): initialized
[    0.123385] highmem bounce pool size: 64 pages
[    0.123389] HugeTLB registered 2 MB page size, pre-allocated 0 pages
[    0.124394] VFS: Disk quotas dquot_6.5.2
[    0.124433] Dquot-cache hash table entries: 1024 (order 0, 4096 bytes)
[    0.124835] fuse init (API version 7.13)
[    0.124897] msgmni has been set to 1581
[    0.125028] alg: No test for stdrng (krng)
[    0.125067] Block layer SCSI generic (bsg) driver version 0.4 loaded (major 253)
[    0.125069] io scheduler noop registered
[    0.125071] io scheduler anticipatory registered
[    0.125072] io scheduler deadline registered
[    0.125099] io scheduler cfq registered (default)
[    0.125182]   alloc irq_desc for 24 on node -1
[    0.125183]   alloc kstat_irqs on node -1
[    0.125190] pcieport 0000:00:01.0: irq 24 for MSI/MSI-X
[    0.125194] pcieport 0000:00:01.0: setting latency timer to 64
[    0.125264]   alloc irq_desc for 25 on node -1
[    0.125266]   alloc kstat_irqs on node -1
[    0.125271] pcieport 0000:00:1c.0: irq 25 for MSI/MSI-X
[    0.125277] pcieport 0000:00:1c.0: setting latency timer to 64
[    0.125362]   alloc irq_desc for 26 on node -1
[    0.125364]   alloc kstat_irqs on node -1
[    0.125369] pcieport 0000:00:1c.5: irq 26 for MSI/MSI-X
[    0.125375] pcieport 0000:00:1c.5: setting latency timer to 64
[    0.125439] pci_hotplug: PCI Hot Plug PCI Core version: 0.5
[    0.125451] Firmware did not grant requested _OSC control
[    0.125464] Firmware did not grant requested _OSC control
[    0.125483] Firmware did not grant requested _OSC control
[    0.125492] Firmware did not grant requested _OSC control
[    0.125502] pciehp: PCI Express Hot Plug Controller Driver version: 0.4
[    0.125608] input: Power Button as /devices/LNXSYSTM:00/LNXSYBUS:00/PNP0C0C:00/input/input0
[    0.125611] ACPI: Power Button [PWRB]
[    0.125642] input: Power Button as /devices/LNXSYSTM:00/LNXPWRBN:00/input/input1
[    0.125644] ACPI: Power Button [PWRF]
[    0.126165] ACPI: SSDT cffa0270 0022C (v01 HPQOEM SLIC-CPC 00000011 INTL 20051117)
[    0.126354] processor LNXCPU:00: registered as cooling_device0
[    0.127929] isapnp: Scanning for PnP cards...
[    0.480780] isapnp: No Plug & Play device found
[    0.480791] random 0000 0000 0000 5f8db4e5 4cfdf2a8: initializing
[    0.481706] Serial: 8250/16550 driver, 4 ports, IRQ sharing enabled
[    0.482658] brd: module loaded
[    0.482968] loop: module loaded
[    0.483023] input: Macintosh mouse button emulation as /devices/virtual/input/input2
[    0.483092] ata_piix 0000:00:1f.2: version 2.13
[    0.483205] ACPI: PCI Interrupt Link [LNKD] enabled at IRQ 11
[    0.483207] PCI: setting IRQ 11 as level-triggered
[    0.483211] ata_piix 0000:00:1f.2: PCI INT B -> Link[LNKD] -> GSI 11 (level, low) -> IRQ 11
[    0.483215] ata_piix 0000:00:1f.2: MAP [ P0 P2 P1 P3 ]
[    0.483247] ata_piix 0000:00:1f.2: setting latency timer to 64
[    0.483282] scsi0 : ata_piix
[    0.483329] scsi1 : ata_piix
[    0.484433] ata1: SATA max UDMA/133 cmd 0x1f0 ctl 0x3f6 bmdma 0xff90 irq 14
[    0.484438] ata2: SATA max UDMA/133 cmd 0x170 ctl 0x376 bmdma 0xff98 irq 15
[    0.484687] Fixed MDIO Bus: probed
[    0.484712] PPP generic driver version 2.4.2
[    0.484740] tun: Universal TUN/TAP device driver, 1.6
[    0.484741] tun: (C) 1999-2004 Max Krasnyansky <maxk@qualcomm.com>
[    0.484799] ehci_hcd: USB 2.0 'Enhanced' Host Controller (EHCI) Driver
[    0.484913] ACPI: PCI Interrupt Link [LNKC] enabled at IRQ 11
[    0.484916] ehci_hcd 0000:00:1a.7: PCI INT C -> Link[LNKC] -> GSI 11 (level, low) -> IRQ 11
[    0.484924] ehci_hcd 0000:00:1a.7: setting latency timer to 64
[    0.484927] ehci_hcd 0000:00:1a.7: EHCI Host Controller
[    0.484949] ehci_hcd 0000:00:1a.7: new USB bus registered, assigned bus number 1
[    0.484971] ehci_hcd 0000:00:1a.7: debug port 1
[    0.488848] ehci_hcd 0000:00:1a.7: cache line size of 32 is not supported
[    0.488874] ehci_hcd 0000:00:1a.7: irq 11, io mem 0xfe9ff400
[    0.503958] ehci_hcd 0000:00:1a.7: USB 2.0 started, EHCI 1.00
[    0.504038] usb usb1: configuration #1 chosen from 1 choice
[    0.504063] hub 1-0:1.0: USB hub found
[    0.504074] hub 1-0:1.0: 6 ports detected
[    0.504214] ACPI: PCI Interrupt Link [LNKH] enabled at IRQ 3
[    0.504216] PCI: setting IRQ 3 as level-triggered
[    0.504220] ehci_hcd 0000:00:1d.7: PCI INT A -> Link[LNKH] -> GSI 3 (level, low) -> IRQ 3
[    0.504227] ehci_hcd 0000:00:1d.7: setting latency timer to 64
[    0.504229] ehci_hcd 0000:00:1d.7: EHCI Host Controller
[    0.504251] ehci_hcd 0000:00:1d.7: new USB bus registered, assigned bus number 2
[    0.504271] ehci_hcd 0000:00:1d.7: debug port 1
[    0.508167] ehci_hcd 0000:00:1d.7: cache line size of 32 is not supported
[    0.508172] ehci_hcd 0000:00:1d.7: irq 3, io mem 0xfe9ff800
[    0.523957] ehci_hcd 0000:00:1d.7: USB 2.0 started, EHCI 1.00
[    0.524027] usb usb2: configuration #1 chosen from 1 choice
[    0.524049] hub 2-0:1.0: USB hub found
[    0.524055] hub 2-0:1.0: 6 ports detected
[    0.524098] ohci_hcd: USB 1.1 'Open' Host Controller (OHCI) Driver
[    0.524107] uhci_hcd: USB Universal Host Controller Interface driver
[    0.524120] uhci_hcd 0000:00:1a.0: PCI INT A -> Link[LNKA] -> GSI 10 (level, low) -> IRQ 10
[    0.524124] uhci_hcd 0000:00:1a.0: setting latency timer to 64
[    0.524126] uhci_hcd 0000:00:1a.0: UHCI Host Controller
[    0.524149] uhci_hcd 0000:00:1a.0: new USB bus registered, assigned bus number 3
[    0.524169] uhci_hcd 0000:00:1a.0: irq 10, io base 0x0000c000
[    0.524227] usb usb3: configuration #1 chosen from 1 choice
[    0.524248] hub 3-0:1.0: USB hub found
[    0.524252] hub 3-0:1.0: 2 ports detected
[    0.524383] ACPI: PCI Interrupt Link [LNKF] enabled at IRQ 10
[    0.524386] uhci_hcd 0000:00:1a.1: PCI INT B -> Link[LNKF] -> GSI 10 (level, low) -> IRQ 10
[    0.524391] uhci_hcd 0000:00:1a.1: setting latency timer to 64
[    0.524393] uhci_hcd 0000:00:1a.1: UHCI Host Controller
[    0.524419] uhci_hcd 0000:00:1a.1: new USB bus registered, assigned bus number 4
[    0.524437] uhci_hcd 0000:00:1a.1: irq 10, io base 0x0000c080
[    0.524497] usb usb4: configuration #1 chosen from 1 choice
[    0.524514] hub 4-0:1.0: USB hub found
[    0.524519] hub 4-0:1.0: 2 ports detected
[    0.524648] ACPI: PCI Interrupt Link [LNKE] enabled at IRQ 7
[    0.524650] PCI: setting IRQ 7 as level-triggered
[    0.524654] uhci_hcd 0000:00:1a.2: PCI INT D -> Link[LNKE] -> GSI 7 (level, low) -> IRQ 7
[    0.524658] uhci_hcd 0000:00:1a.2: setting latency timer to 64
[    0.524661] uhci_hcd 0000:00:1a.2: UHCI Host Controller
[    0.524683] uhci_hcd 0000:00:1a.2: new USB bus registered, assigned bus number 5
[    0.524703] uhci_hcd 0000:00:1a.2: irq 7, io base 0x0000c400
[    0.524761] usb usb5: configuration #1 chosen from 1 choice
[    0.524778] hub 5-0:1.0: USB hub found
[    0.524783] hub 5-0:1.0: 2 ports detected
[    0.524812] uhci_hcd 0000:00:1d.0: PCI INT A -> Link[LNKH] -> GSI 3 (level, low) -> IRQ 3
[    0.524817] uhci_hcd 0000:00:1d.0: setting latency timer to 64
[    0.524819] uhci_hcd 0000:00:1d.0: UHCI Host Controller
[    0.524839] uhci_hcd 0000:00:1d.0: new USB bus registered, assigned bus number 6
[    0.524857] uhci_hcd 0000:00:1d.0: irq 3, io base 0x0000c480
[    0.524914] usb usb6: configuration #1 chosen from 1 choice
[    0.524933] hub 6-0:1.0: USB hub found
[    0.524937] hub 6-0:1.0: 2 ports detected
[    0.524969] uhci_hcd 0000:00:1d.1: PCI INT B -> Link[LNKE] -> GSI 7 (level, low) -> IRQ 7
[    0.524973] uhci_hcd 0000:00:1d.1: setting latency timer to 64
[    0.524976] uhci_hcd 0000:00:1d.1: UHCI Host Controller
[    0.524997] uhci_hcd 0000:00:1d.1: new USB bus registered, assigned bus number 7
[    0.525016] uhci_hcd 0000:00:1d.1: irq 7, io base 0x0000c800
[    0.525073] usb usb7: configuration #1 chosen from 1 choice
[    0.525092] hub 7-0:1.0: USB hub found
[    0.525096] hub 7-0:1.0: 2 ports detected
[    0.525124] uhci_hcd 0000:00:1d.2: PCI INT C -> Link[LNKC] -> GSI 11 (level, low) -> IRQ 11
[    0.525128] uhci_hcd 0000:00:1d.2: setting latency timer to 64
[    0.525130] uhci_hcd 0000:00:1d.2: UHCI Host Controller
[    0.525150] uhci_hcd 0000:00:1d.2: new USB bus registered, assigned bus number 8
[    0.525169] uhci_hcd 0000:00:1d.2: irq 11, io base 0x0000c880
[    0.525227] usb usb8: configuration #1 chosen from 1 choice
[    0.525245] hub 8-0:1.0: USB hub found
[    0.525249] hub 8-0:1.0: 2 ports detected
[    0.525315] PNP: No PS/2 controller found. Probing ports directly.
[    0.527765] serio: i8042 KBD port at 0x60,0x64 irq 1
[    0.527769] serio: i8042 AUX port at 0x60,0x64 irq 12
[    0.527845] mice: PS/2 mouse device common for all mice
[    0.527924] rtc_cmos 00:03: RTC can wake from S4
[    0.527958] rtc_cmos 00:03: rtc core: registered rtc_cmos as rtc0
[    0.527974] rtc0: alarms up to one month, y3k, 114 bytes nvram, hpet irqs
[    0.528042] device-mapper: uevent: version 1.0.3
[    0.528101] device-mapper: ioctl: 4.15.0-ioctl (2009-04-01) initialised: dm-devel@redhat.com
[    0.528131] device-mapper: multipath: version 1.1.0 loaded
[    0.528134] device-mapper: multipath round-robin: version 1.0.0 loaded
[    0.528203] EISA: Probing bus 0 at eisa.0
[    0.528207] Cannot allocate resource for EISA slot 1
[    0.528224] EISA: Detected 0 cards.
[    0.528251] cpuidle: using governor ladder
[    0.528253] cpuidle: using governor menu
[    0.528481] random 0000 0000 0000 00000000 00000000: rand_read_num 4 get_random_bytes(136): sig 00000000 00000000 00000000
[    0.528484] random 0000 0000 0000 00000000 00000000: extract_entropy(.. 136 ..)
[    0.528487] random 0000 0000 0000 00000000 00000000: going to reseed nonblocking with 1024 bits (1088 of 0 requested)
[    0.528489] random 0000 0000 0000 00000000 00000000: extract_entropy(.. 128 ..)
[    0.528491] random 0000 0000 0000 00000000 00000000: trying to extract 1024 bits from input
[    0.528493] random 0000 0000 0000 00000000 00000000: debiting 0 entropy credits from input
[    0.528496] random 0000 0000 0000 00000000 00000000: trying to extract 1088 bits from nonblocking
[    0.528498] random 0000 0000 0000 00000000 00000000: debiting 1088 entropy credits from nonblocking (unlimited)
[    0.528528] TCP cubic registered
[    0.528637] NET: Registered protocol family 10
[    0.528673] random 0000 0000 0000 9ff19f9c c07a1d2a: rand_read_num 5 get_random_bytes(4): sig 0000031b 9ff19f9c c07a1d2a
[    0.528676] random 0000 0000 0000 9ff19f9c c07a1d2a: extract_entropy(.. 4 ..)
[    0.528678] random 0000 0000 0000 9ff19f9c c07a1d2a: going to reseed nonblocking with 64 bits (32 of 0 requested)
[    0.528680] random 0000 0000 0000 9ff19f9c c07a1d2a: extract_entropy(.. 8 ..)
[    0.528683] random 0000 0000 0000 9ff19f9c c07a1d2a: trying to extract 64 bits from input
[    0.528685] random 0000 0000 0000 9ff19f9c c07a1d2a: debiting 0 entropy credits from input
[    0.528687] random 0000 0000 0000 9ff19f9c c07a1d2a: trying to extract 32 bits from nonblocking
[    0.528689] random 0000 0000 0000 9ff19f9c c07a1d2a: debiting 32 entropy credits from nonblocking (unlimited)
[    0.529139] NET: Registered protocol family 17
[    0.529411] Using IPI No-Shortcut mode
[    0.529418] random 0000 0000 0000 277f73c3 42024bb9: rand_read_num 6 get_random_bytes(8): sig 000007e9 277f73c3 42024bb9
[    0.529420] random 0000 0000 0000 277f73c3 42024bb9: extract_entropy(.. 8 ..)
[    0.529423] random 0000 0000 0000 277f73c3 42024bb9: going to reseed nonblocking with 64 bits (64 of 0 requested)
[    0.529425] random 0000 0000 0000 277f73c3 42024bb9: extract_entropy(.. 8 ..)
[    0.529427] random 0000 0000 0000 277f73c3 42024bb9: trying to extract 64 bits from input
[    0.529429] random 0000 0000 0000 277f73c3 42024bb9: debiting 0 entropy credits from input
[    0.529431] random 0000 0000 0000 277f73c3 42024bb9: trying to extract 64 bits from nonblocking
[    0.529434] random 0000 0000 0000 277f73c3 42024bb9: debiting 64 entropy credits from nonblocking (unlimited)
[    0.529477] PM: Resume from disk failed.
[    0.529486] registered taskstats version 1
[    0.529489] random 0000 0000 0000 277f73c3 42024bb9: rand_read_num 7 get_random_bytes(12): sig 00000498 277f73c3 42024bb9
[    0.529491] random 0000 0000 0000 277f73c3 42024bb9: extract_entropy(.. 12 ..)
[    0.529494] random 0000 0000 0000 277f73c3 42024bb9: going to reseed nonblocking with 96 bits (96 of 0 requested)
[    0.529496] random 0000 0000 0000 277f73c3 42024bb9: extract_entropy(.. 12 ..)
[    0.529498] random 0000 0000 0000 277f73c3 42024bb9: trying to extract 96 bits from input
[    0.529500] random 0000 0000 0000 277f73c3 42024bb9: debiting 0 entropy credits from input
[    0.529502] random 0000 0000 0000 277f73c3 42024bb9: trying to extract 96 bits from nonblocking
[    0.529505] random 0000 0000 0000 277f73c3 42024bb9: debiting 96 entropy credits from nonblocking (unlimited)
[    0.529755] random 0000 0000 0000 412698f6 0cc8689a: rand_read_num 8 get_random_bytes(64): sig 00000122 412698f6 0cc8689a
[    0.529757] random 0000 0000 0000 412698f6 0cc8689a: extract_entropy(.. 64 ..)
[    0.529760] random 0000 0000 0000 412698f6 0cc8689a: going to reseed nonblocking with 512 bits (512 of 0 requested)
[    0.529762] random 0000 0000 0000 412698f6 0cc8689a: extract_entropy(.. 64 ..)
[    0.529764] random 0000 0000 0000 412698f6 0cc8689a: trying to extract 512 bits from input
[    0.529767] random 0000 0000 0000 412698f6 0cc8689a: debiting 0 entropy credits from input
[    0.529769] random 0000 0000 0000 412698f6 0cc8689a: trying to extract 512 bits from nonblocking
[    0.529771] random 0000 0000 0000 412698f6 0cc8689a: debiting 512 entropy credits from nonblocking (unlimited)
[    0.529785]   Magic number: 5:658:315
[    0.529794] tty tty40: hash matches
[    0.529832] rtc_cmos 00:03: setting system clock to 2013-03-25 05:20:27 UTC (1364188827)
[    0.529834] BIOS EDD facility v0.16 2004-Jun-25, 0 devices found
[    0.529836] EDD information not available.
[    0.529858] random 0000 0000 0000 70cfd302 e5edec11: rand_read_num 9 get_random_bytes(64): sig fffffdc1 70cfd302 e5edec11
[    0.529860] random 0000 0000 0000 70cfd302 e5edec11: extract_entropy(.. 64 ..)
[    0.529863] random 0000 0000 0000 70cfd302 e5edec11: going to reseed nonblocking with 512 bits (512 of 0 requested)
[    0.529865] random 0000 0000 0000 70cfd302 e5edec11: extract_entropy(.. 64 ..)
[    0.529867] random 0000 0000 0000 70cfd302 e5edec11: trying to extract 512 bits from input
[    0.529869] random 0000 0000 0000 70cfd302 e5edec11: debiting 0 entropy credits from input
[    0.529872] random 0000 0000 0000 70cfd302 e5edec11: trying to extract 512 bits from nonblocking
[    0.529874] random 0000 0000 0000 70cfd302 e5edec11: debiting 512 entropy credits from nonblocking (unlimited)
[    0.529888] BEGIN NET_SECRET:
[    0.529889] \x18
[    0.529889] \x5c
[    0.529890] \x2b
[    0.529891] \x1
[    0.529892] \xffffff90
[    0.529893] \x19
[    0.529894] \x3c
[    0.529894] \xfffffff2
[    0.529895] \xffffff82
[    0.529896] \x2a
[    0.529897] \xffffffb3
[    0.529898] \xffffffa2
[    0.529899] \x3f
[    0.529900] \x5
[    0.529901] \x52
[    0.529901] \x77
[    0.529902] \x57
[    0.529903] \x79
[    0.529904] \x16
[    0.529905] \x43
[    0.529905] \xffffff84
[    0.529906] \xffffffc3
[    0.529907] \xffffffe9
[    0.529908] \x79
[    0.529909] \x50
[    0.529910] \xffffff8e
[    0.529910] \x3f
[    0.529911] \xfffffff3
[    0.529912] \x19
[    0.529913] \x2a
[    0.529914] \xfffffffd
[    0.529915] \xfffffffb
[    0.529916] \x62
[    0.529916] \x3c
[    0.529917] \xffffffac
[    0.529918] \x1c
[    0.529919] \x3b
[    0.529920] \x3b
[    0.529920] \x15
[    0.529921] \x27
[    0.529922] \xffffffa8
[    0.529923] \x22
[    0.529924] \xffffffc5
[    0.529924] \xffffff9a
[    0.529925] \x5
[    0.529926] \x6c
[    0.529927] \xffffffa8
[    0.529928] \x3a
[    0.529929] \x44
[    0.529929] \xffffffaf
[    0.529930] \x13
[    0.529931] \xffffffe0
[    0.529932] \xffffff9d
[    0.529933] \x22
[    0.529933] \xf
[    0.529934] \xffffffc9
[    0.529935] \x6c
[    0.529936] \x28
[    0.529937] \xffffff87
[    0.529938] \x79
[    0.529938] \x69
[    0.529939] \xffffff91
[    0.529940] \xffffff8a
[    0.529941] \xfffffff9
[    0.529942] 
[    0.529942] END NET_SECRET
[    0.529945] random 0000 0000 0000 e7f555d9 e8ce5c3c: rand_read_num 10 get_random_bytes(4): sig ffffff72 e7f555d9 e8ce5c3c
[    0.529947] random 0000 0000 0000 e7f555d9 e8ce5c3c: extract_entropy(.. 4 ..)
[    0.529950] random 0000 0000 0000 e7f555d9 e8ce5c3c: going to reseed nonblocking with 64 bits (32 of 0 requested)
[    0.529952] random 0000 0000 0000 e7f555d9 e8ce5c3c: extract_entropy(.. 8 ..)
[    0.529954] random 0000 0000 0000 e7f555d9 e8ce5c3c: trying to extract 64 bits from input
[    0.529956] random 0000 0000 0000 e7f555d9 e8ce5c3c: debiting 0 entropy credits from input
[    0.529958] random 0000 0000 0000 e7f555d9 e8ce5c3c: trying to extract 32 bits from nonblocking
[    0.529961] random 0000 0000 0000 e7f555d9 e8ce5c3c: debiting 32 entropy credits from nonblocking (unlimited)
[    0.815955] usb 1-6: new high speed USB device using ehci_hcd and address 2
[    1.280062] ata1.00: SATA link up 3.0 Gbps (SStatus 123 SControl 300)
[    1.280073] ata1.01: SATA link down (SStatus 0 SControl 300)
[    1.280327] usb 1-6: configuration #1 chosen from 1 choice
[    1.284058] ata2.00: SATA link up 1.5 Gbps (SStatus 113 SControl 300)
[    1.284070] ata2.01: SATA link down (SStatus 0 SControl 300)
[    1.284080] ata2.01: link offline, clearing class 3 to NONE
[    1.288348] ata2.00: ATAPI: TSSTcorp CDDVDW TS-H653R, 0301, max UDMA/33
[    1.288435] ata1.00: ATA-8: WDC WD6400AAKS-65A7B2, 01.03B01, max UDMA/133
[    1.288437] ata1.00: 1250263728 sectors, multi 16: LBA48 NCQ (depth 0/32)
[    1.304363] ata2.00: configured for UDMA/33
[    1.304436] ata1.00: configured for UDMA/133
[    1.304519] scsi 0:0:0:0: Direct-Access     ATA      WDC WD6400AAKS-6 01.0 PQ: 0 ANSI: 5
[    1.304594] sd 0:0:0:0: Attached scsi generic sg0 type 0
[    1.304640] sd 0:0:0:0: [sda] 1250263728 512-byte logical blocks: (640 GB/596 GiB)
[    1.304673] sd 0:0:0:0: [sda] Write Protect is off
[    1.304675] sd 0:0:0:0: [sda] Mode Sense: 00 3a 00 00
[    1.304692] sd 0:0:0:0: [sda] Write cache: enabled, read cache: enabled, doesn't support DPO or FUA
[    1.304777]  sda:
[    1.305739] scsi 1:0:0:0: CD-ROM            TSSTcorp CDDVDW TS-H653R  0301 PQ: 0 ANSI: 5
[    1.310658] sr0: scsi3-mmc drive: 40x/40x writer dvd-ram cd/rw xa/form2 cdda tray
[    1.310661] Uniform CD-ROM driver Revision: 3.20
[    1.310725] sr 1:0:0:0: Attached scsi CD-ROM sr0
[    1.310765] sr 1:0:0:0: Attached scsi generic sg1 type 5
[    1.322397] random 0000 0000 0000 91716c54 eeb6a1e7: add_disk_randomness(8:0) 91716c54 eeb6a1e7
[    1.322400] random 0000 0000 0000 91716c54 eeb6a1e7: add_timer_randomness(.. 8388864)
[    1.322404] random 0000 0000 0000 91716c54 eeb6a1e7: added 11 entropy credits to input
[    1.322418]  sda1 sda2 <
[    1.352117] random 0011 0000 0000 91716c54 eeb6a1e7: add_disk_randomness(8:0) 91716c54 eeb6a1e7
[    1.352120] random 0011 0000 0000 91716c54 eeb6a1e7: add_timer_randomness(.. 8388864)
[    1.352123] random 0011 0000 0000 91716c54 eeb6a1e7: added 3 entropy credits to input
[    1.352131]  sda5 >
[    1.352317] sd 0:0:0:0: [sda] Attached SCSI disk
[    1.352326] md: Waiting for all devices to be available before autodetect
[    1.352328] md: If you don't use raid, use raid=noautodetect
[    1.352387] md: Autodetecting RAID arrays.
[    1.352389] md: Scanned 0 and added 0 devices.
[    1.352390] md: autorun ...
[    1.352391] md: ... autorun DONE.
[    1.397284] random 0014 0000 0000 91716c54 eeb6a1e7: add_disk_randomness(8:0) 91716c54 eeb6a1e7
[    1.397287] random 0014 0000 0000 91716c54 eeb6a1e7: add_timer_randomness(.. 8388864)
[    1.397290] random 0014 0000 0000 91716c54 eeb6a1e7: added 1 entropy credits to input
[    1.397299] EXT3-fs: sda1: couldn't mount because of unsupported optional features (240).
[    1.397942] random 0015 0000 0000 91716c54 eeb6a1e7: add_disk_randomness(8:0) 91716c54 eeb6a1e7
[    1.397945] random 0015 0000 0000 91716c54 eeb6a1e7: add_timer_randomness(.. 8388864)
[    1.397953] EXT2-fs: sda1: couldn't mount because of unsupported optional features (240).
[    1.398132] random 0015 0000 0000 91716c54 eeb6a1e7: add_disk_randomness(8:0) 91716c54 eeb6a1e7
[    1.398135] random 0015 0000 0000 91716c54 eeb6a1e7: add_timer_randomness(.. 8388864)
[    1.405633] random 0015 0000 0000 91716c54 eeb6a1e7: add_disk_randomness(8:0) 91716c54 eeb6a1e7
[    1.405635] random 0015 0000 0000 91716c54 eeb6a1e7: add_timer_randomness(.. 8388864)
[    1.405639] random 0015 0000 0000 91716c54 eeb6a1e7: added 1 entropy credits to input
[    1.405806] random 0016 0000 0000 91716c54 eeb6a1e7: add_disk_randomness(8:0) 91716c54 eeb6a1e7
[    1.405809] random 0016 0000 0000 91716c54 eeb6a1e7: add_timer_randomness(.. 8388864)
[    1.405955] random 0016 0000 0000 91716c54 eeb6a1e7: add_disk_randomness(8:0) 91716c54 eeb6a1e7
[    1.405957] random 0016 0000 0000 91716c54 eeb6a1e7: add_timer_randomness(.. 8388864)
[    1.406104] random 0016 0000 0000 91716c54 eeb6a1e7: add_disk_randomness(8:0) 91716c54 eeb6a1e7
[    1.406107] random 0016 0000 0000 91716c54 eeb6a1e7: add_timer_randomness(.. 8388864)
[    1.406252] random 0016 0000 0000 91716c54 eeb6a1e7: add_disk_randomness(8:0) 91716c54 eeb6a1e7
[    1.406255] random 0016 0000 0000 91716c54 eeb6a1e7: add_timer_randomness(.. 8388864)
[    1.406403] random 0016 0000 0000 91716c54 eeb6a1e7: add_disk_randomness(8:0) 91716c54 eeb6a1e7
[    1.406406] random 0016 0000 0000 91716c54 eeb6a1e7: add_timer_randomness(.. 8388864)
[    1.406554] random 0016 0000 0000 91716c54 eeb6a1e7: add_disk_randomness(8:0) 91716c54 eeb6a1e7
[    1.406557] random 0016 0000 0000 91716c54 eeb6a1e7: add_timer_randomness(.. 8388864)
[    1.406705] random 0016 0000 0000 91716c54 eeb6a1e7: add_disk_randomness(8:0) 91716c54 eeb6a1e7
[    1.406708] random 0016 0000 0000 91716c54 eeb6a1e7: add_timer_randomness(.. 8388864)
[    1.406857] random 0016 0000 0000 91716c54 eeb6a1e7: add_disk_randomness(8:0) 91716c54 eeb6a1e7
[    1.406859] random 0016 0000 0000 91716c54 eeb6a1e7: add_timer_randomness(.. 8388864)
[    1.415011] random 0016 0000 0000 91716c54 eeb6a1e7: add_disk_randomness(8:0) 91716c54 eeb6a1e7
[    1.415013] random 0016 0000 0000 91716c54 eeb6a1e7: add_timer_randomness(.. 8388864)
[    1.415017] random 0016 0000 0000 91716c54 eeb6a1e7: added 1 entropy credits to input
[    1.415237] random 0017 0000 0000 91716c54 eeb6a1e7: add_disk_randomness(8:0) 91716c54 eeb6a1e7
[    1.415240] random 0017 0000 0000 91716c54 eeb6a1e7: add_timer_randomness(.. 8388864)
[    1.415475] random 0017 0000 0000 91716c54 eeb6a1e7: add_disk_randomness(8:0) 91716c54 eeb6a1e7
[    1.415478] random 0017 0000 0000 91716c54 eeb6a1e7: add_timer_randomness(.. 8388864)
[    1.415713] random 0017 0000 0000 91716c54 eeb6a1e7: add_disk_randomness(8:0) 91716c54 eeb6a1e7
[    1.415716] random 0017 0000 0000 91716c54 eeb6a1e7: add_timer_randomness(.. 8388864)
[    1.415900] random 0017 0000 0000 91716c54 eeb6a1e7: add_disk_randomness(8:0) 91716c54 eeb6a1e7
[    1.415902] random 0017 0000 0000 91716c54 eeb6a1e7: add_timer_randomness(.. 8388864)
[    1.416080] random 0017 0000 0000 91716c54 eeb6a1e7: add_disk_randomness(8:0) 91716c54 eeb6a1e7
[    1.416083] random 0017 0000 0000 91716c54 eeb6a1e7: add_timer_randomness(.. 8388864)
[    1.416261] random 0017 0000 0000 91716c54 eeb6a1e7: add_disk_randomness(8:0) 91716c54 eeb6a1e7
[    1.416264] random 0017 0000 0000 91716c54 eeb6a1e7: add_timer_randomness(.. 8388864)
[    1.416442] random 0017 0000 0000 91716c54 eeb6a1e7: add_disk_randomness(8:0) 91716c54 eeb6a1e7
[    1.416445] random 0017 0000 0000 91716c54 eeb6a1e7: add_timer_randomness(.. 8388864)
[    1.416623] random 0017 0000 0000 91716c54 eeb6a1e7: add_disk_randomness(8:0) 91716c54 eeb6a1e7
[    1.416625] random 0017 0000 0000 91716c54 eeb6a1e7: add_timer_randomness(.. 8388864)
[    1.416809] random 0017 0000 0000 91716c54 eeb6a1e7: add_disk_randomness(8:0) 91716c54 eeb6a1e7
[    1.416811] random 0017 0000 0000 91716c54 eeb6a1e7: add_timer_randomness(.. 8388864)
[    1.416986] random 0017 0000 0000 91716c54 eeb6a1e7: add_disk_randomness(8:0) 91716c54 eeb6a1e7
[    1.416989] random 0017 0000 0000 91716c54 eeb6a1e7: add_timer_randomness(.. 8388864)
[    1.417166] random 0017 0000 0000 91716c54 eeb6a1e7: add_disk_randomness(8:0) 91716c54 eeb6a1e7
[    1.417169] random 0017 0000 0000 91716c54 eeb6a1e7: add_timer_randomness(.. 8388864)
[    1.417346] random 0017 0000 0000 91716c54 eeb6a1e7: add_disk_randomness(8:0) 91716c54 eeb6a1e7
[    1.417349] random 0017 0000 0000 91716c54 eeb6a1e7: add_timer_randomness(.. 8388864)
[    1.417526] random 0017 0000 0000 91716c54 eeb6a1e7: add_disk_randomness(8:0) 91716c54 eeb6a1e7
[    1.417529] random 0017 0000 0000 91716c54 eeb6a1e7: add_timer_randomness(.. 8388864)
[    1.417712] random 0017 0000 0000 91716c54 eeb6a1e7: add_disk_randomness(8:0) 91716c54 eeb6a1e7
[    1.417714] random 0017 0000 0000 91716c54 eeb6a1e7: add_timer_randomness(.. 8388864)
[    1.417888] random 0017 0000 0000 91716c54 eeb6a1e7: add_disk_randomness(8:0) 91716c54 eeb6a1e7
[    1.417891] random 0017 0000 0000 91716c54 eeb6a1e7: add_timer_randomness(.. 8388864)
[    1.418071] random 0017 0000 0000 91716c54 eeb6a1e7: add_disk_randomness(8:0) 91716c54 eeb6a1e7
[    1.418074] random 0017 0000 0000 91716c54 eeb6a1e7: add_timer_randomness(.. 8388864)
[    1.418251] random 0017 0000 0000 91716c54 eeb6a1e7: add_disk_randomness(8:0) 91716c54 eeb6a1e7
[    1.418254] random 0017 0000 0000 91716c54 eeb6a1e7: add_timer_randomness(.. 8388864)
[    1.418433] random 0017 0000 0000 91716c54 eeb6a1e7: add_disk_randomness(8:0) 91716c54 eeb6a1e7
[    1.418435] random 0017 0000 0000 91716c54 eeb6a1e7: add_timer_randomness(.. 8388864)
[    1.418618] random 0017 0000 0000 91716c54 eeb6a1e7: add_disk_randomness(8:0) 91716c54 eeb6a1e7
[    1.418620] random 0017 0000 0000 91716c54 eeb6a1e7: add_timer_randomness(.. 8388864)
[    1.418795] random 0017 0000 0000 91716c54 eeb6a1e7: add_disk_randomness(8:0) 91716c54 eeb6a1e7
[    1.418797] random 0017 0000 0000 91716c54 eeb6a1e7: add_timer_randomness(.. 8388864)
[    1.418976] random 0017 0000 0000 91716c54 eeb6a1e7: add_disk_randomness(8:0) 91716c54 eeb6a1e7
[    1.418979] random 0017 0000 0000 91716c54 eeb6a1e7: add_timer_randomness(.. 8388864)
[    1.419157] random 0017 0000 0000 91716c54 eeb6a1e7: add_disk_randomness(8:0) 91716c54 eeb6a1e7
[    1.419160] random 0017 0000 0000 91716c54 eeb6a1e7: add_timer_randomness(.. 8388864)
[    1.419338] random 0017 0000 0000 91716c54 eeb6a1e7: add_disk_randomness(8:0) 91716c54 eeb6a1e7
[    1.419341] random 0017 0000 0000 91716c54 eeb6a1e7: add_timer_randomness(.. 8388864)
[    1.419524] random 0017 0000 0000 91716c54 eeb6a1e7: add_disk_randomness(8:0) 91716c54 eeb6a1e7
[    1.419526] random 0017 0000 0000 91716c54 eeb6a1e7: add_timer_randomness(.. 8388864)
[    1.419701] random 0017 0000 0000 91716c54 eeb6a1e7: add_disk_randomness(8:0) 91716c54 eeb6a1e7
[    1.419704] random 0017 0000 0000 91716c54 eeb6a1e7: add_timer_randomness(.. 8388864)
[    1.419881] random 0017 0000 0000 91716c54 eeb6a1e7: add_disk_randomness(8:0) 91716c54 eeb6a1e7
[    1.419884] random 0017 0000 0000 91716c54 eeb6a1e7: add_timer_randomness(.. 8388864)
[    1.420064] random 0017 0000 0000 91716c54 eeb6a1e7: add_disk_randomness(8:0) 91716c54 eeb6a1e7
[    1.420067] random 0017 0000 0000 91716c54 eeb6a1e7: add_timer_randomness(.. 8388864)
[    1.420243] random 0017 0000 0000 91716c54 eeb6a1e7: add_disk_randomness(8:0) 91716c54 eeb6a1e7
[    1.420246] random 0017 0000 0000 91716c54 eeb6a1e7: add_timer_randomness(.. 8388864)
[    1.421742] random 0017 0000 0000 91716c54 eeb6a1e7: rand_read_num 11 get_random_bytes(4): sig fffffcad 91716c54 eeb6a1e7
[    1.421744] random 0017 0000 0000 91716c54 eeb6a1e7: extract_entropy(.. 4 ..)
[    1.421747] random 0017 0000 0000 91716c54 eeb6a1e7: going to reseed nonblocking with 64 bits (32 of 0 requested)
[    1.421749] random 0017 0000 0000 91716c54 eeb6a1e7: extract_entropy(.. 8 ..)
[    1.421751] random 0017 0000 0000 91716c54 eeb6a1e7: trying to extract 64 bits from input
[    1.421754] random 0017 0000 0000 91716c54 eeb6a1e7: debiting 0 entropy credits from input
[    1.421756] random 0017 0000 0000 91716c54 eeb6a1e7: trying to extract 32 bits from nonblocking
[    1.421759] random 0017 0000 0000 91716c54 eeb6a1e7: debiting 32 entropy credits from nonblocking (unlimited)
[    1.426782] random 0017 0000 0000 fd637b06 6cf47bc1: add_disk_randomness(8:0) fd637b06 6cf47bc1
[    1.426785] random 0017 0000 0000 fd637b06 6cf47bc1: add_timer_randomness(.. 8388864)
[    1.447907] random 0017 0000 0000 fd637b06 6cf47bc1: add_disk_randomness(8:0) fd637b06 6cf47bc1
[    1.447910] random 0017 0000 0000 fd637b06 6cf47bc1: add_timer_randomness(.. 8388864)
[    1.447913] random 0017 0000 0000 fd637b06 6cf47bc1: added 1 entropy credits to input
[    1.490575] EXT4-fs (sda1): mounted filesystem with ordered data mode
[    1.490583] VFS: Mounted root (ext4 filesystem) readonly on device 8:1.
[    1.505675] random 0018 0000 0000 fd637b06 6cf47bc1: add_disk_randomness(8:0) fd637b06 6cf47bc1
[    1.505678] random 0018 0000 0000 fd637b06 6cf47bc1: add_timer_randomness(.. 8388864)
[    1.505681] random 0018 0000 0000 fd637b06 6cf47bc1: added 2 entropy credits to input
[    1.527104] random 0020 0000 0000 fd637b06 6cf47bc1: add_disk_randomness(8:0) fd637b06 6cf47bc1
[    1.527107] random 0020 0000 0000 fd637b06 6cf47bc1: add_timer_randomness(.. 8388864)
[    1.527110] random 0020 0000 0000 fd637b06 6cf47bc1: added 2 entropy credits to input
[    1.527120] devtmpfs: mounted
[    1.527137] Freeing unused kernel memory: 676k freed
[    1.527361] Write protecting the kernel text: 4764k
[    1.527400] Write protecting the kernel read-only data: 1836k
[    1.549086] random 0022 0000 0000 fd637b06 6cf47bc1: add_disk_randomness(8:0) fd637b06 6cf47bc1
[    1.549089] random 0022 0000 0000 fd637b06 6cf47bc1: add_timer_randomness(.. 8388864)
[    1.557207] random 0022 0000 0000 fd637b06 6cf47bc1: add_disk_randomness(8:0) fd637b06 6cf47bc1
[    1.557210] random 0022 0000 0000 fd637b06 6cf47bc1: add_timer_randomness(.. 8388864)
[    1.557213] random 0022 0000 0000 fd637b06 6cf47bc1: added 1 entropy credits to input
[    1.565489] random 0023 0000 0000 fd637b06 6cf47bc1: add_disk_randomness(8:0) fd637b06 6cf47bc1
[    1.565492] random 0023 0000 0000 fd637b06 6cf47bc1: add_timer_randomness(.. 8388864)
[    1.579629] random 0023 0000 0000 fd637b06 6cf47bc1: add_disk_randomness(8:0) fd637b06 6cf47bc1
[    1.579632] random 0023 0000 0000 fd637b06 6cf47bc1: add_timer_randomness(.. 8388864)
[    1.587756] random 0023 0000 0000 fd637b06 6cf47bc1: add_disk_randomness(8:0) fd637b06 6cf47bc1
[    1.587759] random 0023 0000 0000 fd637b06 6cf47bc1: add_timer_randomness(.. 8388864)
[    1.589800] random 0023 0000 0000 fd637b06 6cf47bc1: add_disk_randomness(8:0) fd637b06 6cf47bc1
[    1.589803] random 0023 0000 0000 fd637b06 6cf47bc1: add_timer_randomness(.. 8388864)
[    1.601081] random 0023 0000 0000 fd637b06 6cf47bc1: add_disk_randomness(8:0) fd637b06 6cf47bc1
[    1.601084] random 0023 0000 0000 fd637b06 6cf47bc1: add_timer_randomness(.. 8388864)
[    1.601087] random 0023 0000 0000 fd637b06 6cf47bc1: added 1 entropy credits to input
[    1.610908] random 0024 0000 0000 fd637b06 6cf47bc1: add_disk_randomness(8:0) fd637b06 6cf47bc1
[    1.610911] random 0024 0000 0000 fd637b06 6cf47bc1: add_timer_randomness(.. 8388864)
[    1.611394] random 0024 0000 0000 fd637b06 6cf47bc1: add_disk_randomness(8:0) fd637b06 6cf47bc1
[    1.611397] random 0024 0000 0000 fd637b06 6cf47bc1: add_timer_randomness(.. 8388864)
[    1.612190] random 0024 0000 0000 fd637b06 6cf47bc1: add_disk_randomness(8:0) fd637b06 6cf47bc1
[    1.612193] random 0024 0000 0000 fd637b06 6cf47bc1: add_timer_randomness(.. 8388864)
[    1.612209] random 0024 0000 0000 fd637b06 6cf47bc1: rand_read_num 12 get_random_bytes(16): sig fffffede fd637b06 6cf47bc1
[    1.612212] random 0024 0000 0000 fd637b06 6cf47bc1: extract_entropy(.. 16 ..)
[    1.612215] random 0024 0000 0000 fd637b06 6cf47bc1: going to reseed nonblocking with 128 bits (128 of 0 requested)
[    1.612218] random 0024 0000 0000 fd637b06 6cf47bc1: extract_entropy(.. 16 ..)
[    1.612221] random 0024 0000 0000 fd637b06 6cf47bc1: trying to extract 128 bits from input
[    1.612224] random 0024 0000 0000 fd637b06 6cf47bc1: debiting 0 entropy credits from input
[    1.612227] random 0024 0000 0000 fd637b06 6cf47bc1: trying to extract 128 bits from nonblocking
[    1.612230] random 0024 0000 0000 fd637b06 6cf47bc1: debiting 128 entropy credits from nonblocking (unlimited)
[    1.612543] random 0024 0000 0000 0ec1f012 d4727ca8: add_disk_randomness(8:0) 0ec1f012 d4727ca8
[    1.612546] random 0024 0000 0000 0ec1f012 d4727ca8: add_timer_randomness(.. 8388864)
[    1.631126] random 0024 0000 0000 0ec1f012 d4727ca8: add_disk_randomness(8:0) 0ec1f012 d4727ca8
[    1.631129] random 0024 0000 0000 0ec1f012 d4727ca8: add_timer_randomness(.. 8388864)
[    1.631133] random 0024 0000 0000 0ec1f012 d4727ca8: added 2 entropy credits to input
[    1.638359] random 0026 0000 0000 0ec1f012 d4727ca8: add_disk_randomness(8:0) 0ec1f012 d4727ca8
[    1.638362] random 0026 0000 0000 0ec1f012 d4727ca8: add_timer_randomness(.. 8388864)
[    1.638366] random 0026 0000 0000 0ec1f012 d4727ca8: added 1 entropy credits to input
[    1.638645] random 0027 0000 0000 0ec1f012 d4727ca8: add_disk_randomness(8:0) 0ec1f012 d4727ca8
[    1.638648] random 0027 0000 0000 0ec1f012 d4727ca8: add_timer_randomness(.. 8388864)
[    1.642352] random 0027 0000 0000 0ec1f012 d4727ca8: add_disk_randomness(8:0) 0ec1f012 d4727ca8
[    1.642354] random 0027 0000 0000 0ec1f012 d4727ca8: add_timer_randomness(.. 8388864)
[    1.658667] random 0027 0000 0000 0ec1f012 d4727ca8: add_disk_randomness(8:0) 0ec1f012 d4727ca8
[    1.658670] random 0027 0000 0000 0ec1f012 d4727ca8: add_timer_randomness(.. 8388864)
[    1.658673] random 0027 0000 0000 0ec1f012 d4727ca8: added 1 entropy credits to input
[    1.682760] random 0028 0000 0000 0ec1f012 d4727ca8: add_disk_randomness(8:0) 0ec1f012 d4727ca8
[    1.682763] random 0028 0000 0000 0ec1f012 d4727ca8: add_timer_randomness(.. 8388864)
[    1.683616] random 0028 0000 0000 0ec1f012 d4727ca8: add_disk_randomness(8:0) 0ec1f012 d4727ca8
[    1.683619] random 0028 0000 0000 0ec1f012 d4727ca8: add_timer_randomness(.. 8388864)
[    1.683813] random 0028 0000 0000 0ec1f012 d4727ca8: add_disk_randomness(8:0) 0ec1f012 d4727ca8
[    1.683816] random 0028 0000 0000 0ec1f012 d4727ca8: add_timer_randomness(.. 8388864)
[    1.688015] usb 7-2: new low speed USB device using uhci_hcd and address 2
[    1.690846] random 0028 0000 0000 0ec1f012 d4727ca8: add_disk_randomness(8:0) 0ec1f012 d4727ca8
[    1.690849] random 0028 0000 0000 0ec1f012 d4727ca8: add_timer_randomness(.. 8388864)
[    1.690852] random 0028 0000 0000 0ec1f012 d4727ca8: added 1 entropy credits to input
[    1.691111] random 0029 0000 0000 0ec1f012 d4727ca8: add_disk_randomness(8:0) 0ec1f012 d4727ca8
[    1.691114] random 0029 0000 0000 0ec1f012 d4727ca8: add_timer_randomness(.. 8388864)
[    1.700132] random 0029 0000 0000 0ec1f012 d4727ca8: add_disk_randomness(8:0) 0ec1f012 d4727ca8
[    1.700135] random 0029 0000 0000 0ec1f012 d4727ca8: add_timer_randomness(.. 8388864)
[    1.700138] random 0029 0000 0000 0ec1f012 d4727ca8: added 1 entropy credits to input
[    1.703788] random 0030 0000 0000 0ec1f012 d4727ca8: add_disk_randomness(8:0) 0ec1f012 d4727ca8
[    1.703791] random 0030 0000 0000 0ec1f012 d4727ca8: add_timer_randomness(.. 8388864)
[    1.704479] random 0030 0000 0000 0ec1f012 d4727ca8: add_disk_randomness(8:0) 0ec1f012 d4727ca8
[    1.704482] random 0030 0000 0000 0ec1f012 d4727ca8: add_timer_randomness(.. 8388864)
[    1.704674] random 0030 0000 0000 0ec1f012 d4727ca8: add_disk_randomness(8:0) 0ec1f012 d4727ca8
[    1.704677] random 0030 0000 0000 0ec1f012 d4727ca8: add_timer_randomness(.. 8388864)
[    1.704851] random 0030 0000 0000 0ec1f012 d4727ca8: add_disk_randomness(8:0) 0ec1f012 d4727ca8
[    1.704854] random 0030 0000 0000 0ec1f012 d4727ca8: add_timer_randomness(.. 8388864)
[    1.705028] random 0030 0000 0000 0ec1f012 d4727ca8: add_disk_randomness(8:0) 0ec1f012 d4727ca8
[    1.705031] random 0030 0000 0000 0ec1f012 d4727ca8: add_timer_randomness(.. 8388864)
[    1.712021] random 0030 0000 0000 0ec1f012 d4727ca8: add_disk_randomness(8:0) 0ec1f012 d4727ca8
[    1.712024] random 0030 0000 0000 0ec1f012 d4727ca8: add_timer_randomness(.. 8388864)
[    1.712027] random 0030 0000 0000 0ec1f012 d4727ca8: added 1 entropy credits to input
[    1.714194] random 0031 0000 0000 0ec1f012 d4727ca8: add_disk_randomness(8:0) 0ec1f012 d4727ca8
[    1.714197] random 0031 0000 0000 0ec1f012 d4727ca8: add_timer_randomness(.. 8388864)
[    1.721353] random 0031 0000 0000 0ec1f012 d4727ca8: add_disk_randomness(8:0) 0ec1f012 d4727ca8
[    1.721356] random 0031 0000 0000 0ec1f012 d4727ca8: add_timer_randomness(.. 8388864)
[    1.721359] random 0031 0000 0000 0ec1f012 d4727ca8: added 1 entropy credits to input
[    1.721631] random 0032 0000 0000 0ec1f012 d4727ca8: add_disk_randomness(8:0) 0ec1f012 d4727ca8
[    1.721634] random 0032 0000 0000 0ec1f012 d4727ca8: add_timer_randomness(.. 8388864)
[    1.730606] random 0032 0000 0000 0ec1f012 d4727ca8: add_disk_randomness(8:0) 0ec1f012 d4727ca8
[    1.730609] random 0032 0000 0000 0ec1f012 d4727ca8: add_timer_randomness(.. 8388864)
[    1.730612] random 0032 0000 0000 0ec1f012 d4727ca8: added 1 entropy credits to input
[    1.735338] random 0033 0000 0000 0ec1f012 d4727ca8: add_disk_randomness(8:0) 0ec1f012 d4727ca8
[    1.735341] random 0033 0000 0000 0ec1f012 d4727ca8: add_timer_randomness(.. 8388864)
[    1.741431] random 0033 0000 0000 0ec1f012 d4727ca8: add_disk_randomness(8:0) 0ec1f012 d4727ca8
[    1.741434] random 0033 0000 0000 0ec1f012 d4727ca8: add_timer_randomness(.. 8388864)
[    1.741665] random 0033 0000 0000 0ec1f012 d4727ca8: add_disk_randomness(8:0) 0ec1f012 d4727ca8
[    1.741668] random 0033 0000 0000 0ec1f012 d4727ca8: add_timer_randomness(.. 8388864)
[    1.741940] random 0033 0000 0000 0ec1f012 d4727ca8: add_disk_randomness(8:0) 0ec1f012 d4727ca8
[    1.741943] random 0033 0000 0000 0ec1f012 d4727ca8: add_timer_randomness(.. 8388864)
[    1.746854] random 0033 0000 0000 0ec1f012 d4727ca8: add_disk_randomness(8:0) 0ec1f012 d4727ca8
[    1.746857] random 0033 0000 0000 0ec1f012 d4727ca8: add_timer_randomness(.. 8388864)
[    1.752271] random 0033 0000 0000 0ec1f012 d4727ca8: add_disk_randomness(8:0) 0ec1f012 d4727ca8
[    1.752274] random 0033 0000 0000 0ec1f012 d4727ca8: add_timer_randomness(.. 8388864)
[    1.752935] random 0033 0000 0000 0ec1f012 d4727ca8: add_disk_randomness(8:0) 0ec1f012 d4727ca8
[    1.752938] random 0033 0000 0000 0ec1f012 d4727ca8: add_timer_randomness(.. 8388864)
[    1.758482] random 0033 0000 0000 0ec1f012 d4727ca8: add_disk_randomness(8:0) 0ec1f012 d4727ca8
[    1.758485] random 0033 0000 0000 0ec1f012 d4727ca8: add_timer_randomness(.. 8388864)
[    1.759174] random 0033 0000 0000 0ec1f012 d4727ca8: add_disk_randomness(8:0) 0ec1f012 d4727ca8
[    1.759177] random 0033 0000 0000 0ec1f012 d4727ca8: add_timer_randomness(.. 8388864)
[    1.759720] random 0033 0000 0000 0ec1f012 d4727ca8: add_disk_randomness(8:0) 0ec1f012 d4727ca8
[    1.759723] random 0033 0000 0000 0ec1f012 d4727ca8: add_timer_randomness(.. 8388864)
[    1.767910] random 0033 0000 0000 0ec1f012 d4727ca8: add_disk_randomness(8:0) 0ec1f012 d4727ca8
[    1.767913] random 0033 0000 0000 0ec1f012 d4727ca8: add_timer_randomness(.. 8388864)
[    1.767917] random 0033 0000 0000 0ec1f012 d4727ca8: added 1 entropy credits to input
[    1.768299] random 0034 0000 0000 0ec1f012 d4727ca8: add_disk_randomness(8:0) 0ec1f012 d4727ca8
[    1.768302] random 0034 0000 0000 0ec1f012 d4727ca8: add_timer_randomness(.. 8388864)
[    1.768876] random 0034 0000 0000 0ec1f012 d4727ca8: add_disk_randomness(8:0) 0ec1f012 d4727ca8
[    1.768879] random 0034 0000 0000 0ec1f012 d4727ca8: add_timer_randomness(.. 8388864)
[    1.785651] random 0034 0000 0000 0ec1f012 d4727ca8: add_disk_randomness(8:0) 0ec1f012 d4727ca8
[    1.785654] random 0034 0000 0000 0ec1f012 d4727ca8: add_timer_randomness(.. 8388864)
[    1.785658] random 0034 0000 0000 0ec1f012 d4727ca8: added 2 entropy credits to input
[    1.805939] random 0036 0000 0000 0ec1f012 d4727ca8: add_disk_randomness(8:0) 0ec1f012 d4727ca8
[    1.805942] random 0036 0000 0000 0ec1f012 d4727ca8: add_timer_randomness(.. 8388864)
[    1.828438] random 0036 0000 0000 0ec1f012 d4727ca8: add_disk_randomness(8:0) 0ec1f012 d4727ca8
[    1.828441] random 0036 0000 0000 0ec1f012 d4727ca8: add_timer_randomness(.. 8388864)
[    1.828672] random 0036 0000 0000 0ec1f012 d4727ca8: add_disk_randomness(8:0) 0ec1f012 d4727ca8
[    1.828675] random 0036 0000 0000 0ec1f012 d4727ca8: add_timer_randomness(.. 8388864)
[    1.847293] random 0036 0000 0000 0ec1f012 d4727ca8: add_disk_randomness(8:0) 0ec1f012 d4727ca8
[    1.847297] random 0036 0000 0000 0ec1f012 d4727ca8: add_timer_randomness(.. 8388864)
[    1.847300] random 0036 0000 0000 0ec1f012 d4727ca8: added 2 entropy credits to input
[    1.857939] random 0038 0000 0000 0ec1f012 d4727ca8: add_disk_randomness(8:0) 0ec1f012 d4727ca8
[    1.857942] random 0038 0000 0000 0ec1f012 d4727ca8: add_timer_randomness(.. 8388864)
[    1.861898] random 0038 0000 0000 0ec1f012 d4727ca8: add_disk_randomness(8:0) 0ec1f012 d4727ca8
[    1.861901] random 0038 0000 0000 0ec1f012 d4727ca8: add_timer_randomness(.. 8388864)
[    1.867986] random 0038 0000 0000 0ec1f012 d4727ca8: add_disk_randomness(8:0) 0ec1f012 d4727ca8
[    1.867989] random 0038 0000 0000 0ec1f012 d4727ca8: add_timer_randomness(.. 8388864)
[    1.868111] usb 7-2: configuration #1 chosen from 1 choice
[    1.877267] random 0038 0000 0000 0ec1f012 d4727ca8: add_disk_randomness(8:0) 0ec1f012 d4727ca8
[    1.877271] random 0038 0000 0000 0ec1f012 d4727ca8: add_timer_randomness(.. 8388864)
[    1.877274] random 0038 0000 0000 0ec1f012 d4727ca8: added 1 entropy credits to input
[    1.877521] random 0039 0000 0000 0ec1f012 d4727ca8: add_disk_randomness(8:0) 0ec1f012 d4727ca8
[    1.877524] random 0039 0000 0000 0ec1f012 d4727ca8: add_timer_randomness(.. 8388864)
[    1.883194] random 0039 0000 0000 0ec1f012 d4727ca8: add_disk_randomness(8:0) 0ec1f012 d4727ca8
[    1.883198] random 0039 0000 0000 0ec1f012 d4727ca8: add_timer_randomness(.. 8388864)
[    1.883442] random 0039 0000 0000 0ec1f012 d4727ca8: add_disk_randomness(8:0) 0ec1f012 d4727ca8
[    1.883445] random 0039 0000 0000 0ec1f012 d4727ca8: add_timer_randomness(.. 8388864)
[    1.885844] random 0039 0000 0000 0ec1f012 d4727ca8: add_disk_randomness(8:0) 0ec1f012 d4727ca8
[    1.885847] random 0039 0000 0000 0ec1f012 d4727ca8: add_timer_randomness(.. 8388864)
[    1.886091] random 0039 0000 0000 0ec1f012 d4727ca8: add_disk_randomness(8:0) 0ec1f012 d4727ca8
[    1.886094] random 0039 0000 0000 0ec1f012 d4727ca8: add_timer_randomness(.. 8388864)
[    1.886731] random 0039 0000 0000 0ec1f012 d4727ca8: add_disk_randomness(8:0) 0ec1f012 d4727ca8
[    1.886734] random 0039 0000 0000 0ec1f012 d4727ca8: add_timer_randomness(.. 8388864)
[    1.886972] random 0039 0000 0000 0ec1f012 d4727ca8: add_disk_randomness(8:0) 0ec1f012 d4727ca8
[    1.886975] random 0039 0000 0000 0ec1f012 d4727ca8: add_timer_randomness(.. 8388864)
[    1.891739] random 0039 0000 0000 0ec1f012 d4727ca8: add_disk_randomness(8:0) 0ec1f012 d4727ca8
[    1.891742] random 0039 0000 0000 0ec1f012 d4727ca8: add_timer_randomness(.. 8388864)
[    1.899546] random 0039 0000 0000 0ec1f012 d4727ca8: add_disk_randomness(8:0) 0ec1f012 d4727ca8
[    1.899549] random 0039 0000 0000 0ec1f012 d4727ca8: add_timer_randomness(.. 8388864)
[    1.899810] random 0039 0000 0000 0ec1f012 d4727ca8: add_disk_randomness(8:0) 0ec1f012 d4727ca8
[    1.899813] random 0039 0000 0000 0ec1f012 d4727ca8: add_timer_randomness(.. 8388864)
[    1.900071] random 0039 0000 0000 0ec1f012 d4727ca8: add_disk_randomness(8:0) 0ec1f012 d4727ca8
[    1.900074] random 0039 0000 0000 0ec1f012 d4727ca8: add_timer_randomness(.. 8388864)
[    1.900319] random 0039 0000 0000 0ec1f012 d4727ca8: add_disk_randomness(8:0) 0ec1f012 d4727ca8
[    1.900322] random 0039 0000 0000 0ec1f012 d4727ca8: add_timer_randomness(.. 8388864)
[    1.900616] random 0039 0000 0000 0ec1f012 d4727ca8: add_disk_randomness(8:0) 0ec1f012 d4727ca8
[    1.900619] random 0039 0000 0000 0ec1f012 d4727ca8: add_timer_randomness(.. 8388864)
[    1.901165] random 0039 0000 0000 0ec1f012 d4727ca8: add_disk_randomness(8:0) 0ec1f012 d4727ca8
[    1.901168] random 0039 0000 0000 0ec1f012 d4727ca8: add_timer_randomness(.. 8388864)
[    1.901432] random 0039 0000 0000 0ec1f012 d4727ca8: add_disk_randomness(8:0) 0ec1f012 d4727ca8
[    1.901435] random 0039 0000 0000 0ec1f012 d4727ca8: add_timer_randomness(.. 8388864)
[    1.901668] random 0039 0000 0000 0ec1f012 d4727ca8: add_disk_randomness(8:0) 0ec1f012 d4727ca8
[    1.901671] random 0039 0000 0000 0ec1f012 d4727ca8: add_timer_randomness(.. 8388864)
[    1.907029] random 0039 0000 0000 0ec1f012 d4727ca8: add_disk_randomness(8:0) 0ec1f012 d4727ca8
[    1.907032] random 0039 0000 0000 0ec1f012 d4727ca8: add_timer_randomness(.. 8388864)
[    1.907327] random 0039 0000 0000 0ec1f012 d4727ca8: add_disk_randomness(8:0) 0ec1f012 d4727ca8
[    1.907330] random 0039 0000 0000 0ec1f012 d4727ca8: add_timer_randomness(.. 8388864)
[    1.912434] random 0039 0000 0000 0ec1f012 d4727ca8: add_disk_randomness(8:0) 0ec1f012 d4727ca8
[    1.912437] random 0039 0000 0000 0ec1f012 d4727ca8: add_timer_randomness(.. 8388864)
[    1.912441] random 0039 0000 0000 0ec1f012 d4727ca8: added 1 entropy credits to input
[    1.912668] random 0040 0000 0000 0ec1f012 d4727ca8: add_disk_randomness(8:0) 0ec1f012 d4727ca8
[    1.912672] random 0040 0000 0000 0ec1f012 d4727ca8: add_timer_randomness(.. 8388864)
[    1.912902] random 0040 0000 0000 0ec1f012 d4727ca8: add_disk_randomness(8:0) 0ec1f012 d4727ca8
[    1.912905] random 0040 0000 0000 0ec1f012 d4727ca8: add_timer_randomness(.. 8388864)
[    1.913173] random 0040 0000 0000 0ec1f012 d4727ca8: add_disk_randomness(8:0) 0ec1f012 d4727ca8
[    1.913176] random 0040 0000 0000 0ec1f012 d4727ca8: add_timer_randomness(.. 8388864)
[    1.913480] random 0040 0000 0000 0ec1f012 d4727ca8: add_disk_randomness(8:0) 0ec1f012 d4727ca8
[    1.913483] random 0040 0000 0000 0ec1f012 d4727ca8: add_timer_randomness(.. 8388864)
[    1.913779] random 0040 0000 0000 0ec1f012 d4727ca8: add_disk_randomness(8:0) 0ec1f012 d4727ca8
[    1.913782] random 0040 0000 0000 0ec1f012 d4727ca8: add_timer_randomness(.. 8388864)
[    1.913996] random 0040 0000 0000 0ec1f012 d4727ca8: add_disk_randomness(8:0) 0ec1f012 d4727ca8
[    1.913999] random 0040 0000 0000 0ec1f012 d4727ca8: add_timer_randomness(.. 8388864)
[    1.914268] random 0040 0000 0000 0ec1f012 d4727ca8: add_disk_randomness(8:0) 0ec1f012 d4727ca8
[    1.914271] random 0040 0000 0000 0ec1f012 d4727ca8: add_timer_randomness(.. 8388864)
[    1.914511] random 0040 0000 0000 0ec1f012 d4727ca8: add_disk_randomness(8:0) 0ec1f012 d4727ca8
[    1.914514] random 0040 0000 0000 0ec1f012 d4727ca8: add_timer_randomness(.. 8388864)
[    1.914747] random 0040 0000 0000 0ec1f012 d4727ca8: add_disk_randomness(8:0) 0ec1f012 d4727ca8
[    1.914750] random 0040 0000 0000 0ec1f012 d4727ca8: add_timer_randomness(.. 8388864)
[    1.914971] random 0040 0000 0000 0ec1f012 d4727ca8: add_disk_randomness(8:0) 0ec1f012 d4727ca8
[    1.914974] random 0040 0000 0000 0ec1f012 d4727ca8: add_timer_randomness(.. 8388864)
[    1.915200] random 0040 0000 0000 0ec1f012 d4727ca8: add_disk_randomness(8:0) 0ec1f012 d4727ca8
[    1.915203] random 0040 0000 0000 0ec1f012 d4727ca8: add_timer_randomness(.. 8388864)
[    1.915414] random 0040 0000 0000 0ec1f012 d4727ca8: add_disk_randomness(8:0) 0ec1f012 d4727ca8
[    1.915417] random 0040 0000 0000 0ec1f012 d4727ca8: add_timer_randomness(.. 8388864)
[    1.915647] random 0040 0000 0000 0ec1f012 d4727ca8: add_disk_randomness(8:0) 0ec1f012 d4727ca8
[    1.915650] random 0040 0000 0000 0ec1f012 d4727ca8: add_timer_randomness(.. 8388864)
[    1.915864] random 0040 0000 0000 0ec1f012 d4727ca8: add_disk_randomness(8:0) 0ec1f012 d4727ca8
[    1.915867] random 0040 0000 0000 0ec1f012 d4727ca8: add_timer_randomness(.. 8388864)
[    1.916083] random 0040 0000 0000 0ec1f012 d4727ca8: add_disk_randomness(8:0) 0ec1f012 d4727ca8
[    1.916086] random 0040 0000 0000 0ec1f012 d4727ca8: add_timer_randomness(.. 8388864)
[    1.916284] random 0040 0000 0000 0ec1f012 d4727ca8: add_disk_randomness(8:0) 0ec1f012 d4727ca8
[    1.916287] random 0040 0000 0000 0ec1f012 d4727ca8: add_timer_randomness(.. 8388864)
[    1.916496] random 0040 0000 0000 0ec1f012 d4727ca8: add_disk_randomness(8:0) 0ec1f012 d4727ca8
[    1.916499] random 0040 0000 0000 0ec1f012 d4727ca8: add_timer_randomness(.. 8388864)
[    1.916714] random 0040 0000 0000 0ec1f012 d4727ca8: add_disk_randomness(8:0) 0ec1f012 d4727ca8
[    1.916716] random 0040 0000 0000 0ec1f012 d4727ca8: add_timer_randomness(.. 8388864)
[    1.916948] random 0040 0000 0000 0ec1f012 d4727ca8: add_disk_randomness(8:0) 0ec1f012 d4727ca8
[    1.916951] random 0040 0000 0000 0ec1f012 d4727ca8: add_timer_randomness(.. 8388864)
[    1.917168] random 0040 0000 0000 0ec1f012 d4727ca8: add_disk_randomness(8:0) 0ec1f012 d4727ca8
[    1.917171] random 0040 0000 0000 0ec1f012 d4727ca8: add_timer_randomness(.. 8388864)
[    1.917400] random 0040 0000 0000 0ec1f012 d4727ca8: add_disk_randomness(8:0) 0ec1f012 d4727ca8
[    1.917403] random 0040 0000 0000 0ec1f012 d4727ca8: add_timer_randomness(.. 8388864)
[    1.920325] random 0040 0000 0000 0ec1f012 d4727ca8: add_disk_randomness(8:0) 0ec1f012 d4727ca8
[    1.920328] random 0040 0000 0000 0ec1f012 d4727ca8: add_timer_randomness(.. 8388864)
[    1.920604] random 0040 0000 0000 0ec1f012 d4727ca8: add_disk_randomness(8:0) 0ec1f012 d4727ca8
[    1.920607] random 0040 0000 0000 0ec1f012 d4727ca8: add_timer_randomness(.. 8388864)
[    1.920848] random 0040 0000 0000 0ec1f012 d4727ca8: add_disk_randomness(8:0) 0ec1f012 d4727ca8
[    1.920851] random 0040 0000 0000 0ec1f012 d4727ca8: add_timer_randomness(.. 8388864)
[    1.921089] random 0040 0000 0000 0ec1f012 d4727ca8: add_disk_randomness(8:0) 0ec1f012 d4727ca8
[    1.921092] random 0040 0000 0000 0ec1f012 d4727ca8: add_timer_randomness(.. 8388864)
[    1.921260] random 0040 0000 0000 0ec1f012 d4727ca8: rand_read_num 13 urandom_read(12): sig fffffcf5 0ec1f012 d4727ca8 pid=1
[    1.921262] random 0040 0000 0000 0ec1f012 d4727ca8: extract_entropy_user(12)
[    1.921266] random 0040 0000 0000 0ec1f012 d4727ca8: going to reseed nonblocking with 96 bits (96 of 0 requested)
[    1.921268] random 0040 0000 0000 0ec1f012 d4727ca8: extract_entropy(.. 12 ..)
[    1.921270] random 0040 0000 0000 0ec1f012 d4727ca8: trying to extract 96 bits from input
[    1.921273] random 0040 0000 0000 0ec1f012 d4727ca8: debiting 0 entropy credits from input
[    1.921275] random 0040 0000 0000 0ec1f012 d4727ca8: trying to extract 96 bits from nonblocking
[    1.921278] random 0040 0000 0000 0ec1f012 d4727ca8: debiting 96 entropy credits from nonblocking (unlimited)
[    1.921280] random 0040 0000 0000 0ec1f012 d4727ca8:   got 12 bytes
[    1.933311] random 0040 0000 0000 45b1d0b1 845a73f7: add_disk_randomness(8:0) 45b1d0b1 845a73f7
[    1.933314] random 0040 0000 0000 45b1d0b1 845a73f7: add_timer_randomness(.. 8388864)
[    1.933318] random 0040 0000 0000 45b1d0b1 845a73f7: added 1 entropy credits to input
[    1.936636] random 0041 0000 0000 45b1d0b1 845a73f7: add_disk_randomness(8:0) 45b1d0b1 845a73f7
[    1.936639] random 0041 0000 0000 45b1d0b1 845a73f7: add_timer_randomness(.. 8388864)
[    1.936851] random 0041 0000 0000 45b1d0b1 845a73f7: add_disk_randomness(8:0) 45b1d0b1 845a73f7
[    1.936854] random 0041 0000 0000 45b1d0b1 845a73f7: add_timer_randomness(.. 8388864)
[    1.966488] random 0041 0000 0000 45b1d0b1 845a73f7: add_disk_randomness(8:0) 45b1d0b1 845a73f7
[    1.966491] random 0041 0000 0000 45b1d0b1 845a73f7: add_timer_randomness(.. 8388864)
[    1.966494] random 0041 0000 0000 45b1d0b1 845a73f7: added 2 entropy credits to input
[    1.972046] random 0043 0000 0000 45b1d0b1 845a73f7: add_disk_randomness(8:0) 45b1d0b1 845a73f7
[    1.972049] random 0043 0000 0000 45b1d0b1 845a73f7: add_timer_randomness(.. 8388864)
[    1.972052] random 0043 0000 0000 45b1d0b1 845a73f7: added 1 entropy credits to input
[    1.977281] random 0044 0000 0000 45b1d0b1 845a73f7: add_disk_randomness(8:0) 45b1d0b1 845a73f7
[    1.977284] random 0044 0000 0000 45b1d0b1 845a73f7: add_timer_randomness(.. 8388864)
[    1.993947] random 0044 0000 0000 45b1d0b1 845a73f7: add_disk_randomness(8:0) 45b1d0b1 845a73f7
[    1.993950] random 0044 0000 0000 45b1d0b1 845a73f7: add_timer_randomness(.. 8388864)
[    1.993953] random 0044 0000 0000 45b1d0b1 845a73f7: added 1 entropy credits to input
[    1.996342] random 0045 0000 0000 45b1d0b1 845a73f7: add_disk_randomness(8:0) 45b1d0b1 845a73f7
[    1.996345] random 0045 0000 0000 45b1d0b1 845a73f7: add_timer_randomness(.. 8388864)
[    1.996530] random 0045 0000 0000 45b1d0b1 845a73f7: add_disk_randomness(8:0) 45b1d0b1 845a73f7
[    1.996533] random 0045 0000 0000 45b1d0b1 845a73f7: add_timer_randomness(.. 8388864)
[    1.996716] random 0045 0000 0000 45b1d0b1 845a73f7: add_disk_randomness(8:0) 45b1d0b1 845a73f7
[    1.996718] random 0045 0000 0000 45b1d0b1 845a73f7: add_timer_randomness(.. 8388864)
[    1.996870] random 0045 0000 0000 45b1d0b1 845a73f7: add_disk_randomness(8:0) 45b1d0b1 845a73f7
[    1.996873] random 0045 0000 0000 45b1d0b1 845a73f7: add_timer_randomness(.. 8388864)
[    1.997053] random 0045 0000 0000 45b1d0b1 845a73f7: add_disk_randomness(8:0) 45b1d0b1 845a73f7
[    1.997056] random 0045 0000 0000 45b1d0b1 845a73f7: add_timer_randomness(.. 8388864)
[    2.010708] random 0045 0000 0000 45b1d0b1 845a73f7: add_disk_randomness(8:0) 45b1d0b1 845a73f7
[    2.010711] random 0045 0000 0000 45b1d0b1 845a73f7: add_timer_randomness(.. 8388864)
[    2.010714] random 0045 0000 0000 45b1d0b1 845a73f7: added 1 entropy credits to input
[    2.015275] random 0046 0000 0000 45b1d0b1 845a73f7: add_disk_randomness(8:0) 45b1d0b1 845a73f7
[    2.015279] random 0046 0000 0000 45b1d0b1 845a73f7: add_timer_randomness(.. 8388864)
[    2.029662] random 0046 0000 0000 45b1d0b1 845a73f7: add_disk_randomness(8:0) 45b1d0b1 845a73f7
[    2.029665] random 0046 0000 0000 45b1d0b1 845a73f7: add_timer_randomness(.. 8388864)
[    2.029668] random 0046 0000 0000 45b1d0b1 845a73f7: added 1 entropy credits to input
[    2.029924] random 0047 0000 0000 45b1d0b1 845a73f7: rand_read_num 14 get_random_bytes(16): sig fffffc05 45b1d0b1 845a73f7
[    2.029926] random 0047 0000 0000 45b1d0b1 845a73f7: extract_entropy(.. 16 ..)
[    2.029929] random 0047 0000 0000 45b1d0b1 845a73f7: going to reseed nonblocking with 128 bits (128 of 0 requested)
[    2.029931] random 0047 0000 0000 45b1d0b1 845a73f7: extract_entropy(.. 16 ..)
[    2.029933] random 0047 0000 0000 45b1d0b1 845a73f7: trying to extract 128 bits from input
[    2.029936] random 0047 0000 0000 45b1d0b1 845a73f7: debiting 0 entropy credits from input
[    2.029938] random 0047 0000 0000 45b1d0b1 845a73f7: trying to extract 128 bits from nonblocking
[    2.029941] random 0047 0000 0000 45b1d0b1 845a73f7: debiting 128 entropy credits from nonblocking (unlimited)
[    2.051128] random 0047 0000 0000 5012cce3 b8a30621: add_disk_randomness(8:0) 5012cce3 b8a30621
[    2.051131] random 0047 0000 0000 5012cce3 b8a30621: add_timer_randomness(.. 8388864)
[    2.052047] random 0047 0000 0000 5012cce3 b8a30621: add_disk_randomness(8:0) 5012cce3 b8a30621
[    2.052049] random 0047 0000 0000 5012cce3 b8a30621: add_timer_randomness(.. 8388864)
[    2.052485] random 0047 0000 0000 5012cce3 b8a30621: add_disk_randomness(8:0) 5012cce3 b8a30621
[    2.052488] random 0047 0000 0000 5012cce3 b8a30621: add_timer_randomness(.. 8388864)
[    2.069712] random 0047 0000 0000 5012cce3 b8a30621: add_disk_randomness(8:0) 5012cce3 b8a30621
[    2.069715] random 0047 0000 0000 5012cce3 b8a30621: add_timer_randomness(.. 8388864)
[    2.069719] random 0047 0000 0000 5012cce3 b8a30621: added 1 entropy credits to input
[    2.070451] random 0048 0000 0000 5012cce3 b8a30621: add_disk_randomness(8:0) 5012cce3 b8a30621
[    2.070455] random 0048 0000 0000 5012cce3 b8a30621: add_timer_randomness(.. 8388864)
[    2.070484] random 0048 0000 0000 5012cce3 b8a30621: rand_read_num 15 get_random_bytes(16): sig fffffb9d 5012cce3 b8a30621
[    2.070487] random 0048 0000 0000 5012cce3 b8a30621: extract_entropy(.. 16 ..)
[    2.070490] random 0048 0000 0000 5012cce3 b8a30621: going to reseed nonblocking with 128 bits (128 of 0 requested)
[    2.070493] random 0048 0000 0000 5012cce3 b8a30621: extract_entropy(.. 16 ..)
[    2.070496] random 0048 0000 0000 5012cce3 b8a30621: trying to extract 128 bits from input
[    2.070499] random 0048 0000 0000 5012cce3 b8a30621: debiting 0 entropy credits from input
[    2.070502] random 0048 0000 0000 5012cce3 b8a30621: trying to extract 128 bits from nonblocking
[    2.070505] random 0048 0000 0000 5012cce3 b8a30621: debiting 128 entropy credits from nonblocking (unlimited)
[    2.070551] random 0048 0000 0000 89bae1ab 704c432f: rand_read_num 16 get_random_bytes(16): sig 0000006e 89bae1ab 704c432f
[    2.070554] random 0048 0000 0000 89bae1ab 704c432f: extract_entropy(.. 16 ..)
[    2.070557] random 0048 0000 0000 89bae1ab 704c432f: going to reseed nonblocking with 128 bits (128 of 0 requested)
[    2.070560] random 0048 0000 0000 89bae1ab 704c432f: extract_entropy(.. 16 ..)
[    2.070563] random 0048 0000 0000 89bae1ab 704c432f: trying to extract 128 bits from input
[    2.070565] random 0048 0000 0000 89bae1ab 704c432f: debiting 0 entropy credits from input
[    2.070568] random 0048 0000 0000 89bae1ab 704c432f: trying to extract 128 bits from nonblocking
[    2.070571] random 0048 0000 0000 89bae1ab 704c432f: debiting 128 entropy credits from nonblocking (unlimited)
[    2.091480] random 0048 0000 0000 6c298a02 2b1539f8: add_disk_randomness(8:0) 6c298a02 2b1539f8
[    2.091483] random 0048 0000 0000 6c298a02 2b1539f8: add_timer_randomness(.. 8388864)
[    2.091486] random 0048 0000 0000 6c298a02 2b1539f8: added 2 entropy credits to input
[    2.095060] random 0050 0000 0000 6c298a02 2b1539f8: add_disk_randomness(8:0) 6c298a02 2b1539f8
[    2.095063] random 0050 0000 0000 6c298a02 2b1539f8: add_timer_randomness(.. 8388864)
[    2.095227] random 0050 0000 0000 6c298a02 2b1539f8: add_disk_randomness(8:0) 6c298a02 2b1539f8
[    2.095230] random 0050 0000 0000 6c298a02 2b1539f8: add_timer_randomness(.. 8388864)
[    2.095411] random 0050 0000 0000 6c298a02 2b1539f8: add_disk_randomness(8:0) 6c298a02 2b1539f8
[    2.095414] random 0050 0000 0000 6c298a02 2b1539f8: add_timer_randomness(.. 8388864)
[    2.105430] random 0050 0000 0000 6c298a02 2b1539f8: add_disk_randomness(8:0) 6c298a02 2b1539f8
[    2.105434] random 0050 0000 0000 6c298a02 2b1539f8: add_timer_randomness(.. 8388864)
[    2.105437] random 0050 0000 0000 6c298a02 2b1539f8: added 1 entropy credits to input
[    2.119279] random 0051 0000 0000 6c298a02 2b1539f8: add_disk_randomness(8:0) 6c298a02 2b1539f8
[    2.119282] random 0051 0000 0000 6c298a02 2b1539f8: add_timer_randomness(.. 8388864)
[    2.119672] random 0051 0000 0000 6c298a02 2b1539f8: add_disk_randomness(8:0) 6c298a02 2b1539f8
[    2.119675] random 0051 0000 0000 6c298a02 2b1539f8: add_timer_randomness(.. 8388864)
[    2.119702] random 0051 0000 0000 6c298a02 2b1539f8: rand_read_num 17 get_random_bytes(16): sig 00000124 6c298a02 2b1539f8
[    2.119706] random 0051 0000 0000 6c298a02 2b1539f8: extract_entropy(.. 16 ..)
[    2.119709] random 0051 0000 0000 6c298a02 2b1539f8: going to reseed nonblocking with 128 bits (128 of 0 requested)
[    2.119712] random 0051 0000 0000 6c298a02 2b1539f8: extract_entropy(.. 16 ..)
[    2.119715] random 0051 0000 0000 6c298a02 2b1539f8: trying to extract 128 bits from input
[    2.119718] random 0051 0000 0000 6c298a02 2b1539f8: debiting 0 entropy credits from input
[    2.119721] random 0051 0000 0000 6c298a02 2b1539f8: trying to extract 128 bits from nonblocking
[    2.119724] random 0051 0000 0000 6c298a02 2b1539f8: debiting 128 entropy credits from nonblocking (unlimited)
[    2.120244] random 0051 0000 0000 c77b8b35 70f6cab5: add_disk_randomness(8:0) c77b8b35 70f6cab5
[    2.120247] random 0051 0000 0000 c77b8b35 70f6cab5: add_timer_randomness(.. 8388864)
[    2.120277] random 0051 0000 0000 c77b8b35 70f6cab5: rand_read_num 18 get_random_bytes(16): sig ffffff1c c77b8b35 70f6cab5
[    2.120280] random 0051 0000 0000 c77b8b35 70f6cab5: extract_entropy(.. 16 ..)
[    2.120284] random 0051 0000 0000 c77b8b35 70f6cab5: going to reseed nonblocking with 128 bits (128 of 0 requested)
[    2.120287] random 0051 0000 0000 c77b8b35 70f6cab5: extract_entropy(.. 16 ..)
[    2.120289] random 0051 0000 0000 c77b8b35 70f6cab5: trying to extract 128 bits from input
[    2.120292] random 0051 0000 0000 c77b8b35 70f6cab5: debiting 0 entropy credits from input
[    2.120295] random 0051 0000 0000 c77b8b35 70f6cab5: trying to extract 128 bits from nonblocking
[    2.120298] random 0051 0000 0000 c77b8b35 70f6cab5: debiting 128 entropy credits from nonblocking (unlimited)
[    2.126819] random 0051 0000 0000 af21d212 57d20ca3: add_disk_randomness(8:0) af21d212 57d20ca3
[    2.126822] random 0051 0000 0000 af21d212 57d20ca3: add_timer_randomness(.. 8388864)
[    2.128143] random 0051 0000 0000 af21d212 57d20ca3: add_disk_randomness(8:0) af21d212 57d20ca3
[    2.128146] random 0051 0000 0000 af21d212 57d20ca3: add_timer_randomness(.. 8388864)
[    2.128432] random 0051 0000 0000 af21d212 57d20ca3: add_disk_randomness(8:0) af21d212 57d20ca3
[    2.128435] random 0051 0000 0000 af21d212 57d20ca3: add_timer_randomness(.. 8388864)
[    2.128640] random 0051 0000 0000 af21d212 57d20ca3: add_disk_randomness(8:0) af21d212 57d20ca3
[    2.128642] random 0051 0000 0000 af21d212 57d20ca3: add_timer_randomness(.. 8388864)
[    2.129139] random 0051 0000 0000 af21d212 57d20ca3: add_disk_randomness(8:0) af21d212 57d20ca3
[    2.129142] random 0051 0000 0000 af21d212 57d20ca3: add_timer_randomness(.. 8388864)
[    2.129642] random 0051 0000 0000 af21d212 57d20ca3: add_disk_randomness(8:0) af21d212 57d20ca3
[    2.129645] random 0051 0000 0000 af21d212 57d20ca3: add_timer_randomness(.. 8388864)
[    2.137688] random 0051 0000 0000 af21d212 57d20ca3: add_disk_randomness(8:0) af21d212 57d20ca3
[    2.137691] random 0051 0000 0000 af21d212 57d20ca3: add_timer_randomness(.. 8388864)
[    2.137695] random 0051 0000 0000 af21d212 57d20ca3: added 1 entropy credits to input
[    2.137949] random 0052 0000 0000 af21d212 57d20ca3: add_disk_randomness(8:0) af21d212 57d20ca3
[    2.137952] random 0052 0000 0000 af21d212 57d20ca3: add_timer_randomness(.. 8388864)
[    2.138587] random 0052 0000 0000 af21d212 57d20ca3: add_disk_randomness(8:0) af21d212 57d20ca3
[    2.138590] random 0052 0000 0000 af21d212 57d20ca3: add_timer_randomness(.. 8388864)
[    2.159441] random 0052 0000 0000 af21d212 57d20ca3: add_disk_randomness(8:0) af21d212 57d20ca3
[    2.159444] random 0052 0000 0000 af21d212 57d20ca3: add_timer_randomness(.. 8388864)
[    2.159447] random 0052 0000 0000 af21d212 57d20ca3: added 2 entropy credits to input
[    2.159629] random 0054 0000 0000 af21d212 57d20ca3: add_disk_randomness(8:0) af21d212 57d20ca3
[    2.159632] random 0054 0000 0000 af21d212 57d20ca3: add_timer_randomness(.. 8388864)
[    2.160598] random 0054 0000 0000 af21d212 57d20ca3: add_disk_randomness(8:0) af21d212 57d20ca3
[    2.160601] random 0054 0000 0000 af21d212 57d20ca3: add_timer_randomness(.. 8388864)
[    2.160780] random 0054 0000 0000 af21d212 57d20ca3: add_disk_randomness(8:0) af21d212 57d20ca3
[    2.160783] random 0054 0000 0000 af21d212 57d20ca3: add_timer_randomness(.. 8388864)
[    2.161511] random 0054 0000 0000 af21d212 57d20ca3: add_disk_randomness(8:0) af21d212 57d20ca3
[    2.161514] random 0054 0000 0000 af21d212 57d20ca3: add_timer_randomness(.. 8388864)
[    2.161586] random 0054 0000 0000 af21d212 57d20ca3: rand_read_num 19 get_random_bytes(16): sig fffffe1d af21d212 57d20ca3
[    2.161589] random 0054 0000 0000 af21d212 57d20ca3: extract_entropy(.. 16 ..)
[    2.161593] random 0054 0000 0000 af21d212 57d20ca3: going to reseed nonblocking with 128 bits (128 of 0 requested)
[    2.161596] random 0054 0000 0000 af21d212 57d20ca3: extract_entropy(.. 16 ..)
[    2.161598] random 0054 0000 0000 af21d212 57d20ca3: trying to extract 128 bits from input
[    2.161601] random 0054 0000 0000 af21d212 57d20ca3: debiting 0 entropy credits from input
[    2.161604] random 0054 0000 0000 af21d212 57d20ca3: trying to extract 128 bits from nonblocking
[    2.161607] random 0054 0000 0000 af21d212 57d20ca3: debiting 128 entropy credits from nonblocking (unlimited)
[    2.161680] random 0054 0000 0000 151530a2 56c65dd3: add_disk_randomness(8:0) 151530a2 56c65dd3
[    2.161683] random 0054 0000 0000 151530a2 56c65dd3: add_timer_randomness(.. 8388864)
[    2.162013] random 0054 0000 0000 151530a2 56c65dd3: add_disk_randomness(8:0) 151530a2 56c65dd3
[    2.162016] random 0054 0000 0000 151530a2 56c65dd3: add_timer_randomness(.. 8388864)
[    2.182843] random 0054 0000 0000 151530a2 56c65dd3: add_disk_randomness(8:0) 151530a2 56c65dd3
[    2.182847] random 0054 0000 0000 151530a2 56c65dd3: add_timer_randomness(.. 8388864)
[    2.182850] random 0054 0000 0000 151530a2 56c65dd3: added 2 entropy credits to input
[    2.183728] random 0056 0000 0000 151530a2 56c65dd3: add_disk_randomness(8:0) 151530a2 56c65dd3
[    2.183731] random 0056 0000 0000 151530a2 56c65dd3: add_timer_randomness(.. 8388864)
[    2.187338] random 0056 0000 0000 151530a2 56c65dd3: add_disk_randomness(8:0) 151530a2 56c65dd3
[    2.187341] random 0056 0000 0000 151530a2 56c65dd3: add_timer_randomness(.. 8388864)
[    2.188011] random 0056 0000 0000 151530a2 56c65dd3: add_disk_randomness(8:0) 151530a2 56c65dd3
[    2.188014] random 0056 0000 0000 151530a2 56c65dd3: add_timer_randomness(.. 8388864)
[    2.193674] random 0056 0000 0000 151530a2 56c65dd3: add_disk_randomness(8:0) 151530a2 56c65dd3
[    2.193677] random 0056 0000 0000 151530a2 56c65dd3: add_timer_randomness(.. 8388864)
[    2.195508] random 0056 0000 0000 151530a2 56c65dd3: add_disk_randomness(8:0) 151530a2 56c65dd3
[    2.195511] random 0056 0000 0000 151530a2 56c65dd3: add_timer_randomness(.. 8388864)
[    2.195770] random 0056 0000 0000 151530a2 56c65dd3: add_disk_randomness(8:0) 151530a2 56c65dd3
[    2.195773] random 0056 0000 0000 151530a2 56c65dd3: add_timer_randomness(.. 8388864)
[    2.196314] random 0056 0000 0000 151530a2 56c65dd3: add_disk_randomness(8:0) 151530a2 56c65dd3
[    2.196317] random 0056 0000 0000 151530a2 56c65dd3: add_timer_randomness(.. 8388864)
[    2.196884] random 0056 0000 0000 151530a2 56c65dd3: add_disk_randomness(8:0) 151530a2 56c65dd3
[    2.196887] random 0056 0000 0000 151530a2 56c65dd3: add_timer_randomness(.. 8388864)
[    2.197010] random 0056 0000 0000 151530a2 56c65dd3: rand_read_num 20 get_random_bytes(16): sig ffffffbf 151530a2 56c65dd3
[    2.197013] random 0056 0000 0000 151530a2 56c65dd3: extract_entropy(.. 16 ..)
[    2.197015] random 0056 0000 0000 151530a2 56c65dd3: going to reseed nonblocking with 128 bits (128 of 0 requested)
[    2.197018] random 0056 0000 0000 151530a2 56c65dd3: extract_entropy(.. 16 ..)
[    2.197020] random 0056 0000 0000 151530a2 56c65dd3: trying to extract 128 bits from input
[    2.197022] random 0056 0000 0000 151530a2 56c65dd3: debiting 0 entropy credits from input
[    2.197025] random 0056 0000 0000 151530a2 56c65dd3: trying to extract 128 bits from nonblocking
