[    0.000000] random 0000 0000 0000 00000000 00000000: rand_read_num 1 get_random_bytes(8): sig 00000000 00000000 00000000
[    0.000000] random 0000 0000 0000 00000000 00000000: extract_entropy(.. 8 ..)
[    0.000000] random 0000 0000 0000 00000000 00000000: going to reseed nonblocking with 64 bits (64 of 0 requested)
[    0.000000] random 0000 0000 0000 00000000 00000000: extract_entropy(.. 8 ..)
[    0.000000] random 0000 0000 0000 00000000 00000000: trying to extract 64 bits from input
[    0.000000] random 0000 0000 0000 00000000 00000000: debiting 0 entropy credits from input
[    0.000000] random 0000 0000 0000 00000000 00000000: trying to extract 64 bits from nonblocking
[    0.000000] random 0000 0000 0000 00000000 00000000: debiting 64 entropy credits from nonblocking (unlimited)
[    0.000000] Initializing cgroup subsys cpuset
[    0.000000] Initializing cgroup subsys cpu
[    0.000000] Linux version 2.6.32.57 (dcashman@dcashman-01) (gcc version 4.4.3 (Ubuntu 4.4.3-4ubuntu5.1) ) #86 SMP Sun Mar 24 21:46:26 PDT 2013
[    0.000000] KERNEL supported cpus:
[    0.000000]   Intel GenuineIntel
[    0.000000]   AMD AuthenticAMD
[    0.000000]   NSC Geode by NSC
[    0.000000]   Cyrix CyrixInstead
[    0.000000]   Centaur CentaurHauls
[    0.000000]   Transmeta GenuineTMx86
[    0.000000]   Transmeta TransmetaCPU
[    0.000000]   UMC UMC UMC UMC
[    0.000000] BIOS-provided physical RAM map:
[    0.000000]  BIOS-e820: 0000000000000000 - 000000000009fc00 (usable)
[    0.000000]  BIOS-e820: 000000000009fc00 - 00000000000a0000 (reserved)
[    0.000000]  BIOS-e820: 00000000000e4000 - 0000000000100000 (reserved)
[    0.000000]  BIOS-e820: 0000000000100000 - 00000000cff90000 (usable)
[    0.000000]  BIOS-e820: 00000000cff90000 - 00000000cff9e000 (ACPI data)
[    0.000000]  BIOS-e820: 00000000cff9e000 - 00000000cffe0000 (ACPI NVS)
[    0.000000]  BIOS-e820: 00000000cffe0000 - 00000000d0000000 (reserved)
[    0.000000]  BIOS-e820: 00000000fee00000 - 00000000fee01000 (reserved)
[    0.000000]  BIOS-e820: 00000000fff00000 - 0000000100000000 (reserved)
[    0.000000]  BIOS-e820: 0000000100000000 - 00000001b0000000 (usable)
[    0.000000] DMI present.
[    0.000000] AMI BIOS detected: BIOS may corrupt low RAM, working around it.
[    0.000000] e820 update range: 0000000000000000 - 0000000000010000 (usable) ==> (reserved)
[    0.000000] last_pfn = 0x1b0000 max_arch_pfn = 0x1000000
[    0.000000] MTRR default type: uncachable
[    0.000000] MTRR fixed ranges enabled:
[    0.000000]   00000-9FFFF write-back
[    0.000000]   A0000-BFFFF uncachable
[    0.000000]   C0000-CFFFF write-protect
[    0.000000]   D0000-DFFFF uncachable
[    0.000000]   E0000-EFFFF write-through
[    0.000000]   F0000-FFFFF write-protect
[    0.000000] MTRR variable ranges enabled:
[    0.000000]   0 base 1B0000000 mask FF0000000 uncachable
[    0.000000]   1 base 1C0000000 mask FC0000000 uncachable
[    0.000000]   2 base 000000000 mask E00000000 write-back
[    0.000000]   3 base 0D0000000 mask FF0000000 uncachable
[    0.000000]   4 base 0E0000000 mask FE0000000 uncachable
[    0.000000]   5 disabled
[    0.000000]   6 disabled
[    0.000000]   7 disabled
[    0.000000] x86 PAT enabled: cpu 0, old 0x7040600070406, new 0x7010600070106
[    0.000000] e820 update range: 00000000d0000000 - 0000000100000000 (usable) ==> (reserved)
[    0.000000] Scanning 0 areas for low memory corruption
[    0.000000] modified physical RAM map:
[    0.000000]  modified: 0000000000000000 - 0000000000010000 (reserved)
[    0.000000]  modified: 0000000000010000 - 000000000009fc00 (usable)
[    0.000000]  modified: 000000000009fc00 - 00000000000a0000 (reserved)
[    0.000000]  modified: 00000000000e4000 - 0000000000100000 (reserved)
[    0.000000]  modified: 0000000000100000 - 00000000cff90000 (usable)
[    0.000000]  modified: 00000000cff90000 - 00000000cff9e000 (ACPI data)
[    0.000000]  modified: 00000000cff9e000 - 00000000cffe0000 (ACPI NVS)
[    0.000000]  modified: 00000000cffe0000 - 00000000d0000000 (reserved)
[    0.000000]  modified: 00000000fee00000 - 00000000fee01000 (reserved)
[    0.000000]  modified: 00000000fff00000 - 0000000100000000 (reserved)
[    0.000000]  modified: 0000000100000000 - 00000001b0000000 (usable)
[    0.000000] initial memory mapped : 0 - 01000000
[    0.000000] init_memory_mapping: 0000000000000000-00000000379fe000
[    0.000000] NX (Execute Disable) protection: active
[    0.000000]  0000000000 - 0000200000 page 4k
[    0.000000]  0000200000 - 0037800000 page 2M
[    0.000000]  0037800000 - 00379fe000 page 4k
[    0.000000] kernel direct mapping tables up to 379fe000 @ 10000-16000
[    0.000000] ACPI: RSDP 000f91f0 00014 (v00 HPQOEM)
[    0.000000] ACPI: RSDT cff90000 00044 (v01 HPQOEM SLIC-CPC 20090819 MSFT 00000097)
[    0.000000] ACPI: FACP cff90200 00084 (v01 HPQOEM SLIC-CPC 20090819 MSFT 00000097)
[    0.000000] ACPI: DSDT cff90440 05753 (v01 HPQOEM SLIC-CPC 00000050 INTL 20051117)
[    0.000000] ACPI: FACS cff9e000 00040
[    0.000000] ACPI: APIC cff90390 0006C (v01 HPQOEM SLIC-CPC 20090819 MSFT 00000097)
[    0.000000] ACPI: MCFG cff90400 0003C (v01 HPQOEM SLIC-CPC 20090819 MSFT 00000097)
[    0.000000] ACPI: OEMB cff9e040 00076 (v01 HPQOEM SLIC-CPC 20090819 MSFT 00000097)
[    0.000000] ACPI: HPET cff95ba0 00038 (v01 HPQOEM SLIC-CPC 20090819 MSFT 00000097)
[    0.000000] ACPI: GSCI cff9e0c0 02024 (v01 HPQOEM SLIC-CPC 20090819 MSFT 00000097)
[    0.000000] ACPI: SLIC cffa00f0 00176 (v01 HPQOEM SLIC-CPC 00000001 MSFT 00000001)
[    0.000000] ACPI: SSDT cffa0b30 00A7C (v01 HPQOEM SLIC-CPC 00000012 INTL 20051117)
[    0.000000] ACPI: Local APIC address 0xfee00000
[    0.000000] 6022MB HIGHMEM available.
[    0.000000] 889MB LOWMEM available.
[    0.000000]   mapped low ram: 0 - 379fe000
[    0.000000]   low ram: 0 - 379fe000
[    0.000000]   node 0 low ram: 00000000 - 379fe000
[    0.000000]   node 0 bootmap 00012000 - 00018f40
[    0.000000] (8 early reservations) ==> bootmem [0000000000 - 00379fe000]
[    0.000000]   #0 [0000000000 - 0000001000]   BIOS data page ==> [0000000000 - 0000001000]
[    0.000000]   #1 [0000001000 - 0000002000]    EX TRAMPOLINE ==> [0000001000 - 0000002000]
[    0.000000]   #2 [0000006000 - 0000007000]       TRAMPOLINE ==> [0000006000 - 0000007000]
[    0.000000]   #3 [0000100000 - 0000af8778]    TEXT DATA BSS ==> [0000100000 - 0000af8778]
[    0.000000]   #4 [000009fc00 - 0000100000]    BIOS reserved ==> [000009fc00 - 0000100000]
[    0.000000]   #5 [0000af9000 - 0000b01640]              BRK ==> [0000af9000 - 0000b01640]
[    0.000000]   #6 [0000010000 - 0000012000]          PGTABLE ==> [0000010000 - 0000012000]
[    0.000000]   #7 [0000012000 - 0000019000]          BOOTMAP ==> [0000012000 - 0000019000]
[    0.000000] found SMP MP-table at [c00ff780] ff780
[    0.000000] Zone PFN ranges:
[    0.000000]   DMA      0x00000010 -> 0x00001000
[    0.000000]   Normal   0x00001000 -> 0x000379fe
[    0.000000]   HighMem  0x000379fe -> 0x001b0000
[    0.000000] Movable zone start PFN for each node
[    0.000000] early_node_map[3] active PFN ranges
[    0.000000]     0: 0x00000010 -> 0x0000009f
[    0.000000]     0: 0x00000100 -> 0x000cff90
[    0.000000]     0: 0x00100000 -> 0x001b0000
[    0.000000] On node 0 totalpages: 1572639
[    0.000000] free_area_init_node: node 0, pgdat c07ba8a0, node_mem_map c1001200
[    0.000000]   DMA zone: 32 pages used for memmap
[    0.000000]   DMA zone: 0 pages reserved
[    0.000000]   DMA zone: 3951 pages, LIFO batch:0
[    0.000000]   Normal zone: 1748 pages used for memmap
[    0.000000]   Normal zone: 221994 pages, LIFO batch:31
[    0.000000]   HighMem zone: 12045 pages used for memmap
[    0.000000]   HighMem zone: 1332869 pages, LIFO batch:31
[    0.000000] Using APIC driver default
[    0.000000] ACPI: PM-Timer IO Port: 0x808
[    0.000000] ACPI: Local APIC address 0xfee00000
[    0.000000] ACPI: LAPIC (acpi_id[0x01] lapic_id[0x00] enabled)
[    0.000000] ACPI: LAPIC (acpi_id[0x02] lapic_id[0x01] enabled)
[    0.000000] ACPI: LAPIC (acpi_id[0x03] lapic_id[0x02] enabled)
[    0.000000] ACPI: LAPIC (acpi_id[0x04] lapic_id[0x03] enabled)
[    0.000000] ACPI: Skipping IOAPIC probe due to 'noapic' option.
[    0.000000] Using ACPI for processor (LAPIC) configuration information
[    0.000000] ACPI: HPET id: 0xffffffff base: 0xfed00000
[    0.000000] Intel MultiProcessor Specification v1.4
[    0.000000]     Virtual Wire compatibility mode.
[    0.000000] MPTABLE: OEM ID: Intel   
[    0.000000] MPTABLE: Product ID: Eaglelake   
[    0.000000] MPTABLE: APIC at: 0xFEE00000
[    0.000000] I/O APIC #4 Version 32 at 0xFEC00000.
[    0.000000] Processors: 4
[    0.000000] SMP: Allowing 4 CPUs, 0 hotplug CPUs
[    0.000000] nr_irqs_gsi: 24
[    0.000000] PM: Registered nosave memory: 000000000009f000 - 00000000000a0000
[    0.000000] PM: Registered nosave memory: 00000000000a0000 - 00000000000e4000
[    0.000000] PM: Registered nosave memory: 00000000000e4000 - 0000000000100000
[    0.000000] Allocating PCI resources starting at d0000000 (gap: d0000000:2ee00000)
[    0.000000] Booting paravirtualized kernel on bare hardware
[    0.000000] NR_CPUS:8 nr_cpumask_bits:8 nr_cpu_ids:4 nr_node_ids:1
[    0.000000] PERCPU: Embedded 15 pages/cpu @c4800000 s39416 r0 d22024 u524288
[    0.000000] pcpu-alloc: s39416 r0 d22024 u524288 alloc=1*2097152
[    0.000000] pcpu-alloc: [0] 0 1 2 3 
[    0.000000] Built 1 zonelists in Zone order, mobility grouping on.  Total pages: 1558814
[    0.000000] Kernel command line: BOOT_IMAGE=/boot/vmlinuz-2.6.32.57 root=/dev/sda1 ro quiet maxcpus=0 kgdboe=132.239.95.229/132.239.95.228
[    0.000000] PID hash table entries: 4096 (order: 2, 16384 bytes)
[    0.000000] Dentry cache hash table entries: 131072 (order: 7, 524288 bytes)
[    0.000000] Inode-cache hash table entries: 65536 (order: 6, 262144 bytes)
[    0.000000] Enabling fast FPU save and restore... done.
[    0.000000] Enabling unmasked SIMD FPU exception support... done.
[    0.000000] Initializing CPU#0
[    0.000000] allocated 35389120 bytes of page_cgroup
[    0.000000] please try 'cgroup_disable=memory' option if you don't want memory cgroups
[    0.000000] Initializing HighMem for node 0 (000379fe:001b0000)
[    0.000000] Memory: 6188240k/7077888k available (4762k kernel code, 101232k reserved, 2169k data, 676k init, 5379656k highmem)
[    0.000000] virtual kernel memory layout:
[    0.000000]     fixmap  : 0xfff1d000 - 0xfffff000   ( 904 kB)
[    0.000000]     pkmap   : 0xffa00000 - 0xffc00000   (2048 kB)
[    0.000000]     vmalloc : 0xf81fe000 - 0xff9fe000   ( 120 MB)
[    0.000000]     lowmem  : 0xc0000000 - 0xf79fe000   ( 889 MB)
[    0.000000]       .init : 0xc07c6000 - 0xc086f000   ( 676 kB)
[    0.000000]       .data : 0xc05a693b - 0xc07c50c8   (2169 kB)
[    0.000000]       .text : 0xc0100000 - 0xc05a693b   (4762 kB)
[    0.000000] Checking if this processor honours the WP bit even in supervisor mode...Ok.
[    0.000000] SLUB: Genslabs=13, HWalign=64, Order=0-3, MinObjects=0, CPUs=4, Nodes=1
[    0.000000] Hierarchical RCU implementation.
[    0.000000] NR_IRQS:2304 nr_irqs:440
[    0.000000] Console: colour VGA+ 80x25
[    0.000000] console [tty0] enabled
[    0.000000] hpet clockevent registered
[    0.000000] Fast TSC calibration using PIT
[    0.000000] Detected 2493.625 MHz processor.
[    0.004004] Calibrating delay loop (skipped), value calculated using timer frequency.. 4987.25 BogoMIPS (lpj=9974500)
[    0.004016] Security Framework initialized
[    0.004021] SELinux:  Disabled at boot.
[    0.004027] Mount-cache hash table entries: 512
[    0.004135] Initializing cgroup subsys ns
[    0.004138] Initializing cgroup subsys cpuacct
[    0.004142] Initializing cgroup subsys memory
[    0.004147] Initializing cgroup subsys devices
[    0.004148] Initializing cgroup subsys freezer
[    0.004150] Initializing cgroup subsys net_cls
[    0.004169] CPU: L1 I cache: 32K, L1 D cache: 32K
[    0.004171] CPU: L2 cache: 3072K
[    0.004174] CPU: Physical Processor ID: 0
[    0.004175] CPU: Processor Core ID: 0
[    0.004179] mce: CPU supports 6 MCE banks
[    0.004185] CPU0: Thermal monitoring enabled (TM2)
[    0.004188] using mwait in idle threads.
[    0.004193] Performance Events: Core2 events, Intel PMU driver.
[    0.004198] ... version:                2
[    0.004199] ... bit width:              40
[    0.004201] ... generic registers:      2
[    0.004202] ... value mask:             000000ffffffffff
[    0.004204] ... max period:             000000007fffffff
[    0.004205] ... fixed-purpose events:   3
[    0.004206] ... event mask:             0000000700000003
[    0.004210] Checking 'hlt' instruction... OK.
[    0.020761] SMP alternatives: switching to UP code
[    0.027808] ACPI: Core revision 20090903
[    0.034617] ACPI: setting ELCR to 0200 (from 0cb8)
[    0.036006] ftrace: converting mcount calls to 0f 1f 44 00 00
[    0.036010] ftrace: allocating 20938 entries in 41 pages
[    0.040042] Enabling APIC mode:  Flat.  Using 1 I/O APICs
[    0.040044] SMP mode deactivated.
[    0.040047] SMP disabled
[    0.040113] Brought up 1 CPUs
[    0.040115] Total of 1 processors activated (4987.25 BogoMIPS).
[    0.040120] CPU0 attaching NULL sched-domain.
[    0.040183] devtmpfs: initialized
[    0.040312] sysctl table check failed: /kernel/random/now_input .1.40.7 Unknown sysctl binary path
[    0.040529] Pid: 1, comm: swapper Not tainted 2.6.32.57 #86
[    0.040530] Call Trace:
[    0.040536]  [<c059ee94>] ? printk+0x1d/0x21
[    0.040540]  [<c01766af>] set_fail+0x4f/0x60
[    0.040542]  [<c0176a0e>] sysctl_check_table+0x34e/0x690
[    0.040545]  [<c0176650>] ? sysctl_check_lookup+0x120/0x130
[    0.040548]  [<c0176a27>] sysctl_check_table+0x367/0x690
[    0.040550]  [<c0176650>] ? sysctl_check_lookup+0x120/0x130
[    0.040553]  [<c0176a27>] sysctl_check_table+0x367/0x690
[    0.040556]  [<c07ded5c>] sysctl_init+0x25/0x29
[    0.040559]  [<c0103041>] do_one_initcall+0x31/0x190
[    0.040561]  [<c07ded37>] ? sysctl_init+0x0/0x29
[    0.040564]  [<c07c6365>] kernel_init+0x12d/0x183
[    0.040567]  [<c07c6238>] ? kernel_init+0x0/0x183
[    0.040569]  [<c010a2c7>] kernel_thread_helper+0x7/0x10
[    0.040571] sysctl table check failed: /kernel/random/now_blocking .1.40.8 Unknown sysctl binary path
[    0.040785] Pid: 1, comm: swapper Not tainted 2.6.32.57 #86
[    0.040786] Call Trace:
[    0.040788]  [<c059ee94>] ? printk+0x1d/0x21
[    0.040791]  [<c01766af>] set_fail+0x4f/0x60
[    0.040793]  [<c0176a0e>] sysctl_check_table+0x34e/0x690
[    0.040796]  [<c0176650>] ? sysctl_check_lookup+0x120/0x130
[    0.040799]  [<c0176a27>] sysctl_check_table+0x367/0x690
[    0.040801]  [<c0176650>] ? sysctl_check_lookup+0x120/0x130
[    0.040804]  [<c0176a27>] sysctl_check_table+0x367/0x690
[    0.040806]  [<c07ded5c>] sysctl_init+0x25/0x29
[    0.040808]  [<c0103041>] do_one_initcall+0x31/0x190
[    0.040811]  [<c07ded37>] ? sysctl_init+0x0/0x29
[    0.040813]  [<c07c6365>] kernel_init+0x12d/0x183
[    0.040816]  [<c07c6238>] ? kernel_init+0x0/0x183
[    0.040818]  [<c010a2c7>] kernel_thread_helper+0x7/0x10
[    0.040820] sysctl table check failed: /kernel/random/now_nonblocking .1.40.9 Unknown sysctl binary path
[    0.041033] Pid: 1, comm: swapper Not tainted 2.6.32.57 #86
[    0.041035] Call Trace:
[    0.041037]  [<c059ee94>] ? printk+0x1d/0x21
[    0.041039]  [<c01766af>] set_fail+0x4f/0x60
[    0.041042]  [<c0176a0e>] sysctl_check_table+0x34e/0x690
[    0.041044]  [<c0176650>] ? sysctl_check_lookup+0x120/0x130
[    0.041047]  [<c0176a27>] sysctl_check_table+0x367/0x690
[    0.041050]  [<c0176650>] ? sysctl_check_lookup+0x120/0x130
[    0.041052]  [<c0176a27>] sysctl_check_table+0x367/0x690
[    0.041055]  [<c07ded5c>] sysctl_init+0x25/0x29
[    0.041057]  [<c0103041>] do_one_initcall+0x31/0x190
[    0.041059]  [<c07ded37>] ? sysctl_init+0x0/0x29
[    0.041062]  [<c07c6365>] kernel_init+0x12d/0x183
[    0.041064]  [<c07c6238>] ? kernel_init+0x0/0x183
[    0.041066]  [<c010a2c7>] kernel_thread_helper+0x7/0x10
[    0.041068] sysctl table check failed: /kernel/random/nb_input_bytes .1.40.10 Unknown sysctl binary path
[    0.041282] Pid: 1, comm: swapper Not tainted 2.6.32.57 #86
[    0.041283] Call Trace:
[    0.041285]  [<c059ee94>] ? printk+0x1d/0x21
[    0.041288]  [<c01766af>] set_fail+0x4f/0x60
[    0.041290]  [<c0176a0e>] sysctl_check_table+0x34e/0x690
[    0.041293]  [<c0176650>] ? sysctl_check_lookup+0x120/0x130
[    0.041296]  [<c0176a27>] sysctl_check_table+0x367/0x690
[    0.041298]  [<c0176650>] ? sysctl_check_lookup+0x120/0x130
[    0.041301]  [<c0176a27>] sysctl_check_table+0x367/0x690
[    0.041304]  [<c07ded5c>] sysctl_init+0x25/0x29
[    0.041306]  [<c0103041>] do_one_initcall+0x31/0x190
[    0.041308]  [<c07ded37>] ? sysctl_init+0x0/0x29
[    0.041310]  [<c07c6365>] kernel_init+0x12d/0x183
[    0.041313]  [<c07c6238>] ? kernel_init+0x0/0x183
[    0.041315]  [<c010a2c7>] kernel_thread_helper+0x7/0x10
[    0.041317] sysctl table check failed: /kernel/random/nb_stir_count .1.40.11 Unknown sysctl binary path
[    0.041531] Pid: 1, comm: swapper Not tainted 2.6.32.57 #86
[    0.041532] Call Trace:
[    0.041534]  [<c059ee94>] ? printk+0x1d/0x21
[    0.041537]  [<c01766af>] set_fail+0x4f/0x60
[    0.041539]  [<c0176a0e>] sysctl_check_table+0x34e/0x690
[    0.041542]  [<c0176650>] ? sysctl_check_lookup+0x120/0x130
[    0.041545]  [<c0176a27>] sysctl_check_table+0x367/0x690
[    0.041547]  [<c0176650>] ? sysctl_check_lookup+0x120/0x130
[    0.041550]  [<c0176a27>] sysctl_check_table+0x367/0x690
[    0.041552]  [<c07ded5c>] sysctl_init+0x25/0x29
[    0.041555]  [<c0103041>] do_one_initcall+0x31/0x190
[    0.041557]  [<c07ded37>] ? sysctl_init+0x0/0x29
[    0.041559]  [<c07c6365>] kernel_init+0x12d/0x183
[    0.041562]  [<c07c6238>] ? kernel_init+0x0/0x183
[    0.041564]  [<c010a2c7>] kernel_thread_helper+0x7/0x10
[    0.041566] sysctl table check failed: /kernel/random/nb_reentry_count .1.40.12 Unknown sysctl binary path
[    0.041780] Pid: 1, comm: swapper Not tainted 2.6.32.57 #86
[    0.041781] Call Trace:
[    0.041783]  [<c059ee94>] ? printk+0x1d/0x21
[    0.041785]  [<c01766af>] set_fail+0x4f/0x60
[    0.041788]  [<c0176a0e>] sysctl_check_table+0x34e/0x690
[    0.041791]  [<c0176650>] ? sysctl_check_lookup+0x120/0x130
[    0.041793]  [<c0176a27>] sysctl_check_table+0x367/0x690
[    0.041796]  [<c0176650>] ? sysctl_check_lookup+0x120/0x130
[    0.041799]  [<c0176a27>] sysctl_check_table+0x367/0x690
[    0.041801]  [<c07ded5c>] sysctl_init+0x25/0x29
[    0.041803]  [<c0103041>] do_one_initcall+0x31/0x190
[    0.041806]  [<c07ded37>] ? sysctl_init+0x0/0x29
[    0.041808]  [<c07c6365>] kernel_init+0x12d/0x183
[    0.041810]  [<c07c6238>] ? kernel_init+0x0/0x183
[    0.041812]  [<c010a2c7>] kernel_thread_helper+0x7/0x10
[    0.041947] regulator: core version 0.5
[    0.041968] Time:  5:23:12  Date: 03/25/13
[    0.041998] NET: Registered protocol family 16
[    0.042071] EISA bus registered
[    0.042076] ACPI: bus type pci registered
[    0.042126] PCI: MCFG configuration 0: base f0000000 segment 0 buses 0 - 63
[    0.042128] PCI: Not using MMCONFIG.
[    0.042254] PCI: Using configuration type 1 for base access
[    0.042849] bio: create slab <bio-0> at 0
[    0.043375] ACPI: EC: Look up EC in DSDT
[    0.045254] ACPI: Executed 1 blocks of module-level executable AML code
[    0.049148] ACPI: Interpreter enabled
[    0.049152] ACPI: (supports S0 S1 S3 S4 S5)
[    0.049169] ACPI: Using PIC for interrupt routing
[    0.049209] PCI: MCFG configuration 0: base f0000000 segment 0 buses 0 - 63
[    0.050594] PCI: MCFG area at f0000000 reserved in ACPI motherboard resources
[    0.050596] PCI: Using MMCONFIG for extended config space
[    0.056650] ACPI: No dock devices found.
[    0.056901] ACPI: PCI Root Bridge [PCI0] (0000:00)
[    0.056984] pci 0000:00:01.0: PME# supported from D0 D3hot D3cold
[    0.056986] pci 0000:00:01.0: PME# disabled
[    0.057042] pci 0000:00:1a.0: reg 20 io port: [0xc000-0xc01f]
[    0.057105] pci 0000:00:1a.1: reg 20 io port: [0xc080-0xc09f]
[    0.057168] pci 0000:00:1a.2: reg 20 io port: [0xc400-0xc41f]
[    0.057234] pci 0000:00:1a.7: reg 10 32bit mmio: [0xfe9ff400-0xfe9ff7ff]
[    0.057294] pci 0000:00:1a.7: PME# supported from D0 D3hot D3cold
[    0.057298] pci 0000:00:1a.7: PME# disabled
[    0.057331] pci 0000:00:1b.0: reg 10 64bit mmio: [0xfe9f8000-0xfe9fbfff]
[    0.057375] pci 0000:00:1b.0: PME# supported from D0 D3hot D3cold
[    0.057378] pci 0000:00:1b.0: PME# disabled
[    0.057440] pci 0000:00:1c.0: PME# supported from D0 D3hot D3cold
[    0.057443] pci 0000:00:1c.0: PME# disabled
[    0.057510] pci 0000:00:1c.5: PME# supported from D0 D3hot D3cold
[    0.057513] pci 0000:00:1c.5: PME# disabled
[    0.057556] pci 0000:00:1d.0: reg 20 io port: [0xc480-0xc49f]
[    0.057619] pci 0000:00:1d.1: reg 20 io port: [0xc800-0xc81f]
[    0.057682] pci 0000:00:1d.2: reg 20 io port: [0xc880-0xc89f]
[    0.057749] pci 0000:00:1d.7: reg 10 32bit mmio: [0xfe9ff800-0xfe9ffbff]
[    0.057809] pci 0000:00:1d.7: PME# supported from D0 D3hot D3cold
[    0.057813] pci 0000:00:1d.7: PME# disabled
[    0.057966] pci 0000:00:1f.2: reg 10 io port: [0x00-0x07]
[    0.057971] pci 0000:00:1f.2: reg 14 io port: [0x00-0x03]
[    0.057975] pci 0000:00:1f.2: reg 18 io port: [0x00-0x07]
[    0.057980] pci 0000:00:1f.2: reg 1c io port: [0x00-0x03]
[    0.057984] pci 0000:00:1f.2: reg 20 io port: [0xff90-0xff9f]
[    0.057989] pci 0000:00:1f.2: reg 24 io port: [0xffa0-0xffaf]
[    0.058034] pci 0000:00:1f.3: reg 10 64bit mmio: [0xfe9ffc00-0xfe9ffcff]
[    0.058045] pci 0000:00:1f.3: reg 20 io port: [0x400-0x41f]
[    0.058085] pci 0000:04:00.0: reg 10 64bit mmio pref: [0xe0000000-0xefffffff]
[    0.058092] pci 0000:04:00.0: reg 18 64bit mmio: [0xfebe0000-0xfebeffff]
[    0.058097] pci 0000:04:00.0: reg 20 io port: [0xe000-0xe0ff]
[    0.058104] pci 0000:04:00.0: reg 30 32bit mmio pref: [0xfebc0000-0xfebdffff]
[    0.058131] pci 0000:04:00.0: supports D1 D2
[    0.058158] pci 0000:04:00.1: reg 10 64bit mmio: [0xfebfc000-0xfebfffff]
[    0.058198] pci 0000:04:00.1: supports D1 D2
[    0.058233] pci 0000:00:01.0: bridge io port: [0xe000-0xefff]
[    0.058235] pci 0000:00:01.0: bridge 32bit mmio: [0xfeb00000-0xfebfffff]
[    0.058239] pci 0000:00:01.0: bridge 64bit mmio pref: [0xe0000000-0xefffffff]
[    0.058313] pci 0000:02:00.0: reg 10 io port: [0xd800-0xd8ff]
[    0.058330] pci 0000:02:00.0: reg 18 64bit mmio: [0xfeaff000-0xfeafffff]
[    0.058343] pci 0000:02:00.0: reg 20 64bit mmio pref: [0xdfffc000-0xdfffffff]
[    0.058350] pci 0000:02:00.0: reg 30 32bit mmio pref: [0xfeac0000-0xfeadffff]
[    0.058408] pci 0000:02:00.0: supports D1 D2
[    0.058409] pci 0000:02:00.0: PME# supported from D0 D1 D2 D3hot D3cold
[    0.058413] pci 0000:02:00.0: PME# disabled
[    0.058460] pci 0000:00:1c.5: bridge io port: [0xd000-0xdfff]
[    0.058463] pci 0000:00:1c.5: bridge 32bit mmio: [0xfea00000-0xfeafffff]
[    0.058468] pci 0000:00:1c.5: bridge 64bit mmio pref: [0xdff00000-0xdfffffff]
[    0.058507] pci 0000:00:1e.0: transparent bridge
[    0.058526] pci_bus 0000:00: on NUMA node 0
[    0.058529] ACPI: PCI Interrupt Routing Table [\_SB_.PCI0._PRT]
[    0.058686] ACPI: PCI Interrupt Routing Table [\_SB_.PCI0.P0P2._PRT]
[    0.058769] ACPI: PCI Interrupt Routing Table [\_SB_.PCI0.P0P4._PRT]
[    0.058828] ACPI: PCI Interrupt Routing Table [\_SB_.PCI0.P0P9._PRT]
[    0.070876] ACPI: PCI Interrupt Link [LNKA] (IRQs 3 4 6 7 *10 11 12 14 15)
[    0.070965] ACPI: PCI Interrupt Link [LNKB] (IRQs *5)
[    0.071050] ACPI: PCI Interrupt Link [LNKC] (IRQs 3 4 6 7 10 *11 12 14 15)
[    0.071137] ACPI: PCI Interrupt Link [LNKD] (IRQs 3 4 6 7 10 11 12 14 15) *0, disabled.
[    0.071225] ACPI: PCI Interrupt Link [LNKE] (IRQs 3 4 6 *7 10 11 12 14 15)
[    0.071312] ACPI: PCI Interrupt Link [LNKF] (IRQs 3 4 6 7 *10 11 12 14 15)
[    0.071399] ACPI: PCI Interrupt Link [LNKG] (IRQs 3 *4 6 7 10 11 12 14 15)
[    0.071486] ACPI: PCI Interrupt Link [LNKH] (IRQs *3 4 6 7 10 11 12 14 15)
[    0.071560] vgaarb: device added: PCI:0000:04:00.0,decodes=io+mem,owns=io+mem,locks=none
[    0.071563] vgaarb: loaded
[    0.071638] SCSI subsystem initialized
[    0.071664] libata version 3.00 loaded.
[    0.071710] usbcore: registered new interface driver usbfs
[    0.071719] usbcore: registered new interface driver hub
[    0.071736] usbcore: registered new device driver usb
[    0.071816] ACPI: WMI: Mapper loaded
[    0.071817] PCI: Using ACPI for IRQ routing
[    0.071916] NetLabel: Initializing
[    0.071917] NetLabel:  domain hash size = 128
[    0.071918] NetLabel:  protocols = UNLABELED CIPSOv4
[    0.071927] NetLabel:  unlabeled traffic allowed by default
[    0.071948] HPET: 4 timers in total, 0 timers will be used for per-cpu timer
[    0.071952] hpet0: at MMIO 0xfed00000, IRQs 2, 8, 0, 0
[    0.071956] hpet0: 4 comparators, 64-bit 14.318180 MHz counter
[    0.073007] random 0000 0000 0000 00000000 00000000: rand_read_num 2 get_random_bytes(8): sig fffffe1a 00000000 00000000
[    0.073010] random 0000 0000 0000 00000000 00000000: extract_entropy(.. 8 ..)
[    0.073012] random 0000 0000 0000 00000000 00000000: going to reseed nonblocking with 64 bits (64 of 0 requested)
[    0.073014] random 0000 0000 0000 00000000 00000000: extract_entropy(.. 8 ..)
[    0.073016] random 0000 0000 0000 00000000 00000000: trying to extract 64 bits from input
[    0.073019] random 0000 0000 0000 00000000 00000000: debiting 0 entropy credits from input
[    0.073021] random 0000 0000 0000 00000000 00000000: trying to extract 64 bits from nonblocking
[    0.073024] random 0000 0000 0000 00000000 00000000: debiting 64 entropy credits from nonblocking (unlimited)
[    0.076015] Switching to clocksource tsc
[    0.077376] pnp: PnP ACPI init
[    0.077384] ACPI: bus type pnp registered
[    0.079027] pnp: PnP ACPI: found 14 devices
[    0.079029] ACPI: ACPI bus type pnp unregistered
[    0.079031] PnPBIOS: Disabled by ACPI PNP
[    0.079039] system 00:01: iomem range 0xfed14000-0xfed19fff has been reserved
[    0.079041] system 00:01: iomem range 0xfed90000-0xfed93fff has been reserved
[    0.079047] system 00:06: ioport range 0x4d0-0x4d1 has been reserved
[    0.079049] system 00:06: ioport range 0x800-0x87f has been reserved
[    0.079051] system 00:06: ioport range 0x500-0x57f has been reserved
[    0.079053] system 00:06: iomem range 0xfed1c000-0xfed1ffff has been reserved
[    0.079056] system 00:06: iomem range 0xfed20000-0xfed3ffff has been reserved
[    0.079058] system 00:06: iomem range 0xfed40000-0xfed8ffff has been reserved
[    0.079062] system 00:09: iomem range 0xffc00000-0xffefffff has been reserved
[    0.079066] system 00:0a: iomem range 0xfec00000-0xfec00fff has been reserved
[    0.079068] system 00:0a: iomem range 0xfee00000-0xfee00fff has been reserved
[    0.079072] system 00:0b: ioport range 0xa00-0xadf has been reserved
[    0.079076] system 00:0c: iomem range 0xf0000000-0xf3ffffff has been reserved
[    0.079080] system 00:0d: iomem range 0x0-0x9ffff could not be reserved
[    0.079083] system 00:0d: iomem range 0xc0000-0xcffff could not be reserved
[    0.079085] system 00:0d: iomem range 0xe0000-0xfffff could not be reserved
[    0.079087] system 00:0d: iomem range 0x100000-0xcfffffff could not be reserved
[    0.079089] system 00:0d: iomem range 0xfed90000-0xffffffff could not be reserved
[    0.113683] pci 0000:00:01.0: PCI bridge, secondary bus 0000:04
[    0.113686] pci 0000:00:01.0:   IO window: 0xe000-0xefff
[    0.113689] pci 0000:00:01.0:   MEM window: 0xfeb00000-0xfebfffff
[    0.113692] pci 0000:00:01.0:   PREFETCH window: 0x000000e0000000-0x000000efffffff
[    0.113695] pci 0000:00:1c.0: PCI bridge, secondary bus 0000:03
[    0.113698] pci 0000:00:1c.0:   IO window: 0x1000-0x1fff
[    0.113702] pci 0000:00:1c.0:   MEM window: 0xd0000000-0xd01fffff
[    0.113705] pci 0000:00:1c.0:   PREFETCH window: 0x000000d0200000-0x000000d03fffff
[    0.113710] pci 0000:00:1c.5: PCI bridge, secondary bus 0000:02
[    0.113712] pci 0000:00:1c.5:   IO window: 0xd000-0xdfff
[    0.113716] pci 0000:00:1c.5:   MEM window: 0xfea00000-0xfeafffff
[    0.113719] pci 0000:00:1c.5:   PREFETCH window: 0x000000dff00000-0x000000dfffffff
[    0.113724] pci 0000:00:1e.0: PCI bridge, secondary bus 0000:01
[    0.113725] pci 0000:00:1e.0:   IO window: disabled
[    0.113729] pci 0000:00:1e.0:   MEM window: disabled
[    0.113732] pci 0000:00:1e.0:   PREFETCH window: disabled
[    0.113841] ACPI: PCI Interrupt Link [LNKA] enabled at IRQ 10
[    0.113842] PCI: setting IRQ 10 as level-triggered
[    0.113847] pci 0000:00:01.0: PCI INT A -> Link[LNKA] -> GSI 10 (level, low) -> IRQ 10
[    0.113850] pci 0000:00:01.0: setting latency timer to 64
[    0.113856] pci 0000:00:1c.0: enabling device (0104 -> 0107)
[    0.113954] ACPI: PCI Interrupt Link [LNKB] enabled at IRQ 5
[    0.113956] PCI: setting IRQ 5 as level-triggered
[    0.113960] pci 0000:00:1c.0: PCI INT A -> Link[LNKB] -> GSI 5 (level, low) -> IRQ 5
[    0.113963] pci 0000:00:1c.0: setting latency timer to 64
[    0.113970] pci 0000:00:1c.5: PCI INT B -> Link[LNKA] -> GSI 10 (level, low) -> IRQ 10
[    0.113973] pci 0000:00:1c.5: setting latency timer to 64
[    0.113979] pci 0000:00:1e.0: setting latency timer to 64
[    0.113982] pci_bus 0000:00: resource 0 io:  [0x00-0xffff]
[    0.113984] pci_bus 0000:00: resource 1 mem: [0x000000-0xffffffffffffffff]
[    0.113986] pci_bus 0000:04: resource 0 io:  [0xe000-0xefff]
[    0.113988] pci_bus 0000:04: resource 1 mem: [0xfeb00000-0xfebfffff]
[    0.113990] pci_bus 0000:04: resource 2 pref mem [0xe0000000-0xefffffff]
[    0.113992] pci_bus 0000:03: resource 0 io:  [0x1000-0x1fff]
[    0.113993] pci_bus 0000:03: resource 1 mem: [0xd0000000-0xd01fffff]
[    0.113995] pci_bus 0000:03: resource 2 pref mem [0xd0200000-0xd03fffff]
[    0.113997] pci_bus 0000:02: resource 0 io:  [0xd000-0xdfff]
[    0.113999] pci_bus 0000:02: resource 1 mem: [0xfea00000-0xfeafffff]
[    0.114001] pci_bus 0000:02: resource 2 pref mem [0xdff00000-0xdfffffff]
[    0.114003] pci_bus 0000:01: resource 3 io:  [0x00-0xffff]
[    0.114005] pci_bus 0000:01: resource 4 mem: [0x000000-0xffffffffffffffff]
[    0.114024] NET: Registered protocol family 2
[    0.114050] random 0000 0000 0000 5f8db4e5 4cfdf2a8: rand_read_num 3 get_random_bytes(4): sig fffffb64 5f8db4e5 4cfdf2a8
[    0.114052] random 0000 0000 0000 5f8db4e5 4cfdf2a8: extract_entropy(.. 4 ..)
[    0.114055] random 0000 0000 0000 5f8db4e5 4cfdf2a8: going to reseed nonblocking with 64 bits (32 of 0 requested)
[    0.114057] random 0000 0000 0000 5f8db4e5 4cfdf2a8: extract_entropy(.. 8 ..)
[    0.114059] random 0000 0000 0000 5f8db4e5 4cfdf2a8: trying to extract 64 bits from input
[    0.114061] random 0000 0000 0000 5f8db4e5 4cfdf2a8: debiting 0 entropy credits from input
[    0.114064] random 0000 0000 0000 5f8db4e5 4cfdf2a8: trying to extract 32 bits from nonblocking
[    0.114066] random 0000 0000 0000 5f8db4e5 4cfdf2a8: debiting 32 entropy credits from nonblocking (unlimited)
[    0.114100] IP route cache hash table entries: 32768 (order: 5, 131072 bytes)
[    0.114306] TCP established hash table entries: 131072 (order: 8, 1048576 bytes)
[    0.114626] TCP bind hash table entries: 65536 (order: 7, 524288 bytes)
[    0.114793] TCP: Hash tables configured (established 131072 bind 65536)
[    0.114795] TCP reno registered
[    0.114839] NET: Registered protocol family 1
[    0.114945] pci 0000:04:00.0: Boot video device
[    0.115057] cpufreq-nforce2: No nForce2 chipset.
[    0.115072] Scanning for low memory corruption every 60 seconds
[    0.115143] audit: initializing netlink socket (disabled)
[    0.115149] type=2000 audit(1364188992.111:1): initialized
[    0.123398] highmem bounce pool size: 64 pages
[    0.123401] HugeTLB registered 2 MB page size, pre-allocated 0 pages
[    0.124407] VFS: Disk quotas dquot_6.5.2
[    0.124446] Dquot-cache hash table entries: 1024 (order 0, 4096 bytes)
[    0.124847] fuse init (API version 7.13)
[    0.124910] msgmni has been set to 1581
[    0.125041] alg: No test for stdrng (krng)
[    0.125081] Block layer SCSI generic (bsg) driver version 0.4 loaded (major 253)
[    0.125083] io scheduler noop registered
[    0.125085] io scheduler anticipatory registered
[    0.125086] io scheduler deadline registered
[    0.125113] io scheduler cfq registered (default)
[    0.125196]   alloc irq_desc for 24 on node -1
[    0.125198]   alloc kstat_irqs on node -1
[    0.125204] pcieport 0000:00:01.0: irq 24 for MSI/MSI-X
[    0.125209] pcieport 0000:00:01.0: setting latency timer to 64
[    0.125278]   alloc irq_desc for 25 on node -1
[    0.125280]   alloc kstat_irqs on node -1
[    0.125285] pcieport 0000:00:1c.0: irq 25 for MSI/MSI-X
[    0.125291] pcieport 0000:00:1c.0: setting latency timer to 64
[    0.125377]   alloc irq_desc for 26 on node -1
[    0.125378]   alloc kstat_irqs on node -1
[    0.125383] pcieport 0000:00:1c.5: irq 26 for MSI/MSI-X
[    0.125389] pcieport 0000:00:1c.5: setting latency timer to 64
[    0.125453] pci_hotplug: PCI Hot Plug PCI Core version: 0.5
[    0.125466] Firmware did not grant requested _OSC control
[    0.125478] Firmware did not grant requested _OSC control
[    0.125497] Firmware did not grant requested _OSC control
[    0.125506] Firmware did not grant requested _OSC control
[    0.125517] pciehp: PCI Express Hot Plug Controller Driver version: 0.4
[    0.125622] input: Power Button as /devices/LNXSYSTM:00/LNXSYBUS:00/PNP0C0C:00/input/input0
[    0.125625] ACPI: Power Button [PWRB]
[    0.125656] input: Power Button as /devices/LNXSYSTM:00/LNXPWRBN:00/input/input1
[    0.125658] ACPI: Power Button [PWRF]
[    0.126179] ACPI: SSDT cffa0270 0022C (v01 HPQOEM SLIC-CPC 00000011 INTL 20051117)
[    0.126367] processor LNXCPU:00: registered as cooling_device0
[    0.127945] isapnp: Scanning for PnP cards...
[    0.480787] isapnp: No Plug & Play device found
[    0.480798] random 0000 0000 0000 5f8db4e5 4cfdf2a8: initializing
[    0.481712] Serial: 8250/16550 driver, 4 ports, IRQ sharing enabled
[    0.482663] brd: module loaded
[    0.482973] loop: module loaded
[    0.483028] input: Macintosh mouse button emulation as /devices/virtual/input/input2
[    0.483097] ata_piix 0000:00:1f.2: version 2.13
[    0.483210] ACPI: PCI Interrupt Link [LNKD] enabled at IRQ 11
[    0.483212] PCI: setting IRQ 11 as level-triggered
[    0.483217] ata_piix 0000:00:1f.2: PCI INT B -> Link[LNKD] -> GSI 11 (level, low) -> IRQ 11
[    0.483220] ata_piix 0000:00:1f.2: MAP [ P0 P2 P1 P3 ]
[    0.483252] ata_piix 0000:00:1f.2: setting latency timer to 64
[    0.483288] scsi0 : ata_piix
[    0.483335] scsi1 : ata_piix
[    0.484438] ata1: SATA max UDMA/133 cmd 0x1f0 ctl 0x3f6 bmdma 0xff90 irq 14
[    0.484443] ata2: SATA max UDMA/133 cmd 0x170 ctl 0x376 bmdma 0xff98 irq 15
[    0.484693] Fixed MDIO Bus: probed
[    0.484718] PPP generic driver version 2.4.2
[    0.484745] tun: Universal TUN/TAP device driver, 1.6
[    0.484747] tun: (C) 1999-2004 Max Krasnyansky <maxk@qualcomm.com>
[    0.484805] ehci_hcd: USB 2.0 'Enhanced' Host Controller (EHCI) Driver
[    0.484918] ACPI: PCI Interrupt Link [LNKC] enabled at IRQ 11
[    0.484921] ehci_hcd 0000:00:1a.7: PCI INT C -> Link[LNKC] -> GSI 11 (level, low) -> IRQ 11
[    0.484929] ehci_hcd 0000:00:1a.7: setting latency timer to 64
[    0.484932] ehci_hcd 0000:00:1a.7: EHCI Host Controller
[    0.484953] ehci_hcd 0000:00:1a.7: new USB bus registered, assigned bus number 1
[    0.484975] ehci_hcd 0000:00:1a.7: debug port 1
[    0.488860] ehci_hcd 0000:00:1a.7: cache line size of 32 is not supported
[    0.488887] ehci_hcd 0000:00:1a.7: irq 11, io mem 0xfe9ff400
[    0.503980] ehci_hcd 0000:00:1a.7: USB 2.0 started, EHCI 1.00
[    0.504061] usb usb1: configuration #1 chosen from 1 choice
[    0.504086] hub 1-0:1.0: USB hub found
[    0.504097] hub 1-0:1.0: 6 ports detected
[    0.504236] ACPI: PCI Interrupt Link [LNKH] enabled at IRQ 3
[    0.504238] PCI: setting IRQ 3 as level-triggered
[    0.504242] ehci_hcd 0000:00:1d.7: PCI INT A -> Link[LNKH] -> GSI 3 (level, low) -> IRQ 3
[    0.504249] ehci_hcd 0000:00:1d.7: setting latency timer to 64
[    0.504251] ehci_hcd 0000:00:1d.7: EHCI Host Controller
[    0.504273] ehci_hcd 0000:00:1d.7: new USB bus registered, assigned bus number 2
[    0.504293] ehci_hcd 0000:00:1d.7: debug port 1
[    0.508180] ehci_hcd 0000:00:1d.7: cache line size of 32 is not supported
[    0.508185] ehci_hcd 0000:00:1d.7: irq 3, io mem 0xfe9ff800
[    0.523980] ehci_hcd 0000:00:1d.7: USB 2.0 started, EHCI 1.00
[    0.524050] usb usb2: configuration #1 chosen from 1 choice
[    0.524072] hub 2-0:1.0: USB hub found
[    0.524078] hub 2-0:1.0: 6 ports detected
[    0.524122] ohci_hcd: USB 1.1 'Open' Host Controller (OHCI) Driver
[    0.524131] uhci_hcd: USB Universal Host Controller Interface driver
[    0.524144] uhci_hcd 0000:00:1a.0: PCI INT A -> Link[LNKA] -> GSI 10 (level, low) -> IRQ 10
[    0.524149] uhci_hcd 0000:00:1a.0: setting latency timer to 64
[    0.524151] uhci_hcd 0000:00:1a.0: UHCI Host Controller
[    0.524173] uhci_hcd 0000:00:1a.0: new USB bus registered, assigned bus number 3
[    0.524193] uhci_hcd 0000:00:1a.0: irq 10, io base 0x0000c000
[    0.524250] usb usb3: configuration #1 chosen from 1 choice
[    0.524272] hub 3-0:1.0: USB hub found
[    0.524276] hub 3-0:1.0: 2 ports detected
[    0.524407] ACPI: PCI Interrupt Link [LNKF] enabled at IRQ 10
[    0.524410] uhci_hcd 0000:00:1a.1: PCI INT B -> Link[LNKF] -> GSI 10 (level, low) -> IRQ 10
[    0.524414] uhci_hcd 0000:00:1a.1: setting latency timer to 64
[    0.524417] uhci_hcd 0000:00:1a.1: UHCI Host Controller
[    0.524443] uhci_hcd 0000:00:1a.1: new USB bus registered, assigned bus number 4
[    0.524461] uhci_hcd 0000:00:1a.1: irq 10, io base 0x0000c080
[    0.524521] usb usb4: configuration #1 chosen from 1 choice
[    0.524538] hub 4-0:1.0: USB hub found
[    0.524543] hub 4-0:1.0: 2 ports detected
[    0.524673] ACPI: PCI Interrupt Link [LNKE] enabled at IRQ 7
[    0.524675] PCI: setting IRQ 7 as level-triggered
[    0.524679] uhci_hcd 0000:00:1a.2: PCI INT D -> Link[LNKE] -> GSI 7 (level, low) -> IRQ 7
[    0.524683] uhci_hcd 0000:00:1a.2: setting latency timer to 64
[    0.524685] uhci_hcd 0000:00:1a.2: UHCI Host Controller
[    0.524708] uhci_hcd 0000:00:1a.2: new USB bus registered, assigned bus number 5
[    0.524728] uhci_hcd 0000:00:1a.2: irq 7, io base 0x0000c400
[    0.524785] usb usb5: configuration #1 chosen from 1 choice
[    0.524803] hub 5-0:1.0: USB hub found
[    0.524807] hub 5-0:1.0: 2 ports detected
[    0.524837] uhci_hcd 0000:00:1d.0: PCI INT A -> Link[LNKH] -> GSI 3 (level, low) -> IRQ 3
[    0.524842] uhci_hcd 0000:00:1d.0: setting latency timer to 64
[    0.524844] uhci_hcd 0000:00:1d.0: UHCI Host Controller
[    0.524864] uhci_hcd 0000:00:1d.0: new USB bus registered, assigned bus number 6
[    0.524882] uhci_hcd 0000:00:1d.0: irq 3, io base 0x0000c480
[    0.524939] usb usb6: configuration #1 chosen from 1 choice
[    0.524958] hub 6-0:1.0: USB hub found
[    0.524962] hub 6-0:1.0: 2 ports detected
[    0.524994] uhci_hcd 0000:00:1d.1: PCI INT B -> Link[LNKE] -> GSI 7 (level, low) -> IRQ 7
[    0.524998] uhci_hcd 0000:00:1d.1: setting latency timer to 64
[    0.525000] uhci_hcd 0000:00:1d.1: UHCI Host Controller
[    0.525022] uhci_hcd 0000:00:1d.1: new USB bus registered, assigned bus number 7
[    0.525040] uhci_hcd 0000:00:1d.1: irq 7, io base 0x0000c800
[    0.525097] usb usb7: configuration #1 chosen from 1 choice
[    0.525117] hub 7-0:1.0: USB hub found
[    0.525121] hub 7-0:1.0: 2 ports detected
[    0.525149] uhci_hcd 0000:00:1d.2: PCI INT C -> Link[LNKC] -> GSI 11 (level, low) -> IRQ 11
[    0.525153] uhci_hcd 0000:00:1d.2: setting latency timer to 64
[    0.525155] uhci_hcd 0000:00:1d.2: UHCI Host Controller
[    0.525175] uhci_hcd 0000:00:1d.2: new USB bus registered, assigned bus number 8
[    0.525194] uhci_hcd 0000:00:1d.2: irq 11, io base 0x0000c880
[    0.525252] usb usb8: configuration #1 chosen from 1 choice
[    0.525269] hub 8-0:1.0: USB hub found
[    0.525274] hub 8-0:1.0: 2 ports detected
[    0.525340] PNP: No PS/2 controller found. Probing ports directly.
[    0.527944] serio: i8042 KBD port at 0x60,0x64 irq 1
[    0.527949] serio: i8042 AUX port at 0x60,0x64 irq 12
[    0.528034] mice: PS/2 mouse device common for all mice
[    0.528113] rtc_cmos 00:03: RTC can wake from S4
[    0.528138] rtc_cmos 00:03: rtc core: registered rtc_cmos as rtc0
[    0.528153] rtc0: alarms up to one month, y3k, 114 bytes nvram, hpet irqs
[    0.528221] device-mapper: uevent: version 1.0.3
[    0.528280] device-mapper: ioctl: 4.15.0-ioctl (2009-04-01) initialised: dm-devel@redhat.com
[    0.528310] device-mapper: multipath: version 1.1.0 loaded
[    0.528312] device-mapper: multipath round-robin: version 1.0.0 loaded
[    0.528382] EISA: Probing bus 0 at eisa.0
[    0.528387] Cannot allocate resource for EISA slot 1
[    0.528403] EISA: Detected 0 cards.
[    0.528430] cpuidle: using governor ladder
[    0.528432] cpuidle: using governor menu
[    0.528660] random 0000 0000 0000 00000000 00000000: rand_read_num 4 get_random_bytes(136): sig 00000000 00000000 00000000
[    0.528663] random 0000 0000 0000 00000000 00000000: extract_entropy(.. 136 ..)
[    0.528666] random 0000 0000 0000 00000000 00000000: going to reseed nonblocking with 1024 bits (1088 of 0 requested)
[    0.528668] random 0000 0000 0000 00000000 00000000: extract_entropy(.. 128 ..)
[    0.528670] random 0000 0000 0000 00000000 00000000: trying to extract 1024 bits from input
[    0.528672] random 0000 0000 0000 00000000 00000000: debiting 0 entropy credits from input
[    0.528675] random 0000 0000 0000 00000000 00000000: trying to extract 1088 bits from nonblocking
[    0.528677] random 0000 0000 0000 00000000 00000000: debiting 1088 entropy credits from nonblocking (unlimited)
[    0.528707] TCP cubic registered
[    0.528816] NET: Registered protocol family 10
[    0.528852] random 0000 0000 0000 9ff19f9c c07a1d2a: rand_read_num 5 get_random_bytes(4): sig 0000031b 9ff19f9c c07a1d2a
[    0.528854] random 0000 0000 0000 9ff19f9c c07a1d2a: extract_entropy(.. 4 ..)
[    0.528857] random 0000 0000 0000 9ff19f9c c07a1d2a: going to reseed nonblocking with 64 bits (32 of 0 requested)
[    0.528859] random 0000 0000 0000 9ff19f9c c07a1d2a: extract_entropy(.. 8 ..)
[    0.528861] random 0000 0000 0000 9ff19f9c c07a1d2a: trying to extract 64 bits from input
[    0.528863] random 0000 0000 0000 9ff19f9c c07a1d2a: debiting 0 entropy credits from input
[    0.528866] random 0000 0000 0000 9ff19f9c c07a1d2a: trying to extract 32 bits from nonblocking
[    0.528868] random 0000 0000 0000 9ff19f9c c07a1d2a: debiting 32 entropy credits from nonblocking (unlimited)
[    0.529317] NET: Registered protocol family 17
[    0.529590] Using IPI No-Shortcut mode
[    0.529596] random 0000 0000 0000 277f73c3 42024bb9: rand_read_num 6 get_random_bytes(8): sig 000007e9 277f73c3 42024bb9
[    0.529599] random 0000 0000 0000 277f73c3 42024bb9: extract_entropy(.. 8 ..)
[    0.529601] random 0000 0000 0000 277f73c3 42024bb9: going to reseed nonblocking with 64 bits (64 of 0 requested)
[    0.529603] random 0000 0000 0000 277f73c3 42024bb9: extract_entropy(.. 8 ..)
[    0.529605] random 0000 0000 0000 277f73c3 42024bb9: trying to extract 64 bits from input
[    0.529608] random 0000 0000 0000 277f73c3 42024bb9: debiting 0 entropy credits from input
[    0.529610] random 0000 0000 0000 277f73c3 42024bb9: trying to extract 64 bits from nonblocking
[    0.529613] random 0000 0000 0000 277f73c3 42024bb9: debiting 64 entropy credits from nonblocking (unlimited)
[    0.529657] PM: Resume from disk failed.
[    0.529665] registered taskstats version 1
[    0.529668] random 0000 0000 0000 277f73c3 42024bb9: rand_read_num 7 get_random_bytes(12): sig 00000498 277f73c3 42024bb9
[    0.529671] random 0000 0000 0000 277f73c3 42024bb9: extract_entropy(.. 12 ..)
[    0.529673] random 0000 0000 0000 277f73c3 42024bb9: going to reseed nonblocking with 96 bits (96 of 0 requested)
[    0.529675] random 0000 0000 0000 277f73c3 42024bb9: extract_entropy(.. 12 ..)
[    0.529677] random 0000 0000 0000 277f73c3 42024bb9: trying to extract 96 bits from input
[    0.529679] random 0000 0000 0000 277f73c3 42024bb9: debiting 0 entropy credits from input
[    0.529682] random 0000 0000 0000 277f73c3 42024bb9: trying to extract 96 bits from nonblocking
[    0.529684] random 0000 0000 0000 277f73c3 42024bb9: debiting 96 entropy credits from nonblocking (unlimited)
[    0.529935] random 0000 0000 0000 412698f6 0cc8689a: rand_read_num 8 get_random_bytes(64): sig 00000122 412698f6 0cc8689a
[    0.529937] random 0000 0000 0000 412698f6 0cc8689a: extract_entropy(.. 64 ..)
[    0.529940] random 0000 0000 0000 412698f6 0cc8689a: going to reseed nonblocking with 512 bits (512 of 0 requested)
[    0.529942] random 0000 0000 0000 412698f6 0cc8689a: extract_entropy(.. 64 ..)
[    0.529944] random 0000 0000 0000 412698f6 0cc8689a: trying to extract 512 bits from input
[    0.529946] random 0000 0000 0000 412698f6 0cc8689a: debiting 0 entropy credits from input
[    0.529949] random 0000 0000 0000 412698f6 0cc8689a: trying to extract 512 bits from nonblocking
[    0.529951] random 0000 0000 0000 412698f6 0cc8689a: debiting 512 entropy credits from nonblocking (unlimited)
[    0.529965]   Magic number: 5:211:366
[    0.530010] rtc_cmos 00:03: setting system clock to 2013-03-25 05:23:13 UTC (1364188993)
[    0.530012] BIOS EDD facility v0.16 2004-Jun-25, 0 devices found
[    0.530013] EDD information not available.
[    0.530035] random 0000 0000 0000 70cfd302 e5edec11: rand_read_num 9 get_random_bytes(64): sig fffffdc1 70cfd302 e5edec11
[    0.530038] random 0000 0000 0000 70cfd302 e5edec11: extract_entropy(.. 64 ..)
[    0.530040] random 0000 0000 0000 70cfd302 e5edec11: going to reseed nonblocking with 512 bits (512 of 0 requested)
[    0.530042] random 0000 0000 0000 70cfd302 e5edec11: extract_entropy(.. 64 ..)
[    0.530044] random 0000 0000 0000 70cfd302 e5edec11: trying to extract 512 bits from input
[    0.530046] random 0000 0000 0000 70cfd302 e5edec11: debiting 0 entropy credits from input
[    0.530049] random 0000 0000 0000 70cfd302 e5edec11: trying to extract 512 bits from nonblocking
[    0.530051] random 0000 0000 0000 70cfd302 e5edec11: debiting 512 entropy credits from nonblocking (unlimited)
[    0.530065] BEGIN NET_SECRET:
[    0.530066] \x18
[    0.530067] \x5c
[    0.530067] \x2b
[    0.530068] \x1
[    0.530069] \xffffff90
[    0.530070] \x19
[    0.530071] \x3c
[    0.530072] \xfffffff2
[    0.530072] \xffffff82
[    0.530073] \x2a
[    0.530074] \xffffffb3
[    0.530075] \xffffffa2
[    0.530076] \x3f
[    0.530077] \x5
[    0.530078] \x52
[    0.530079] \x77
[    0.530079] \x57
[    0.530080] \x79
[    0.530081] \x16
[    0.530082] \x43
[    0.530082] \xffffff84
[    0.530083] \xffffffc3
[    0.530084] \xffffffe9
[    0.530085] \x79
[    0.530086] \x50
[    0.530087] \xffffff8e
[    0.530087] \x3f
[    0.530088] \xfffffff3
[    0.530089] \x19
[    0.530090] \x2a
[    0.530091] \xfffffffd
[    0.530092] \xfffffffb
[    0.530093] \x62
[    0.530093] \x3c
[    0.530094] \xffffffac
[    0.530095] \x1c
[    0.530096] \x3b
[    0.530097] \x3b
[    0.530097] \x15
[    0.530098] \x27
[    0.530099] \xffffffa8
[    0.530100] \x22
[    0.530101] \xffffffc5
[    0.530101] \xffffff9a
[    0.530102] \x5
[    0.530103] \x6c
[    0.530104] \xffffffa8
[    0.530105] \x3a
[    0.530106] \x44
[    0.530106] \xffffffaf
[    0.530107] \x13
[    0.530108] \xffffffe0
[    0.530109] \xffffff9d
[    0.530110] \x22
[    0.530111] \xf
[    0.530111] \xffffffc9
[    0.530112] \x6c
[    0.530113] \x28
[    0.530114] \xffffff87
[    0.530115] \x79
[    0.530115] \x69
[    0.530116] \xffffff91
[    0.530117] \xffffff8a
[    0.530118] \xfffffff9
[    0.530119] 
[    0.530119] END NET_SECRET
[    0.530122] random 0000 0000 0000 e7f555d9 e8ce5c3c: rand_read_num 10 get_random_bytes(4): sig ffffff72 e7f555d9 e8ce5c3c
[    0.530124] random 0000 0000 0000 e7f555d9 e8ce5c3c: extract_entropy(.. 4 ..)
[    0.530127] random 0000 0000 0000 e7f555d9 e8ce5c3c: going to reseed nonblocking with 64 bits (32 of 0 requested)
[    0.530129] random 0000 0000 0000 e7f555d9 e8ce5c3c: extract_entropy(.. 8 ..)
[    0.530131] random 0000 0000 0000 e7f555d9 e8ce5c3c: trying to extract 64 bits from input
[    0.530133] random 0000 0000 0000 e7f555d9 e8ce5c3c: debiting 0 entropy credits from input
[    0.530135] random 0000 0000 0000 e7f555d9 e8ce5c3c: trying to extract 32 bits from nonblocking
[    0.530138] random 0000 0000 0000 e7f555d9 e8ce5c3c: debiting 32 entropy credits from nonblocking (unlimited)
[    0.815994] usb 1-6: new high speed USB device using ehci_hcd and address 2
[    1.280063] ata1.00: SATA link up 3.0 Gbps (SStatus 123 SControl 300)
[    1.280074] ata1.01: SATA link down (SStatus 0 SControl 300)
[    1.280507] usb 1-6: configuration #1 chosen from 1 choice
[    1.284058] ata2.00: SATA link up 1.5 Gbps (SStatus 113 SControl 300)
[    1.284070] ata2.01: SATA link down (SStatus 0 SControl 300)
[    1.284080] ata2.01: link offline, clearing class 3 to NONE
[    1.288348] ata2.00: ATAPI: TSSTcorp CDDVDW TS-H653R, 0301, max UDMA/33
[    1.288434] ata1.00: ATA-8: WDC WD6400AAKS-65A7B2, 01.03B01, max UDMA/133
[    1.288436] ata1.00: 1250263728 sectors, multi 16: LBA48 NCQ (depth 0/32)
[    1.304364] ata2.00: configured for UDMA/33
[    1.304437] ata1.00: configured for UDMA/133
[    1.304520] scsi 0:0:0:0: Direct-Access     ATA      WDC WD6400AAKS-6 01.0 PQ: 0 ANSI: 5
[    1.304595] sd 0:0:0:0: Attached scsi generic sg0 type 0
[    1.304641] sd 0:0:0:0: [sda] 1250263728 512-byte logical blocks: (640 GB/596 GiB)
[    1.304674] sd 0:0:0:0: [sda] Write Protect is off
[    1.304676] sd 0:0:0:0: [sda] Mode Sense: 00 3a 00 00
[    1.304693] sd 0:0:0:0: [sda] Write cache: enabled, read cache: enabled, doesn't support DPO or FUA
[    1.304779]  sda:
[    1.305763] scsi 1:0:0:0: CD-ROM            TSSTcorp CDDVDW TS-H653R  0301 PQ: 0 ANSI: 5
[    1.310498] sr0: scsi3-mmc drive: 40x/40x writer dvd-ram cd/rw xa/form2 cdda tray
[    1.310501] Uniform CD-ROM driver Revision: 3.20
[    1.310566] sr 1:0:0:0: Attached scsi CD-ROM sr0
[    1.310606] sr 1:0:0:0: Attached scsi generic sg1 type 5
[    1.320602] random 0000 0000 0000 91716c54 eeb6a1e7: add_disk_randomness(8:0) 91716c54 eeb6a1e7
[    1.320605] random 0000 0000 0000 91716c54 eeb6a1e7: add_timer_randomness(.. 8388864)
[    1.320609] random 0000 0000 0000 91716c54 eeb6a1e7: added 11 entropy credits to input
[    1.320623]  sda1 sda2 <
[    1.350326] random 0011 0000 0000 91716c54 eeb6a1e7: add_disk_randomness(8:0) 91716c54 eeb6a1e7
[    1.350329] random 0011 0000 0000 91716c54 eeb6a1e7: add_timer_randomness(.. 8388864)
[    1.350332] random 0011 0000 0000 91716c54 eeb6a1e7: added 2 entropy credits to input
[    1.350340]  sda5 >
[    1.350526] sd 0:0:0:0: [sda] Attached SCSI disk
[    1.350535] md: Waiting for all devices to be available before autodetect
[    1.350537] md: If you don't use raid, use raid=noautodetect
[    1.350596] md: Autodetecting RAID arrays.
[    1.350598] md: Scanned 0 and added 0 devices.
[    1.350599] md: autorun ...
[    1.350600] md: ... autorun DONE.
[    1.378828] random 0013 0000 0000 91716c54 eeb6a1e7: add_disk_randomness(8:0) 91716c54 eeb6a1e7
[    1.378831] random 0013 0000 0000 91716c54 eeb6a1e7: add_timer_randomness(.. 8388864)
[    1.378841] EXT3-fs: sda1: couldn't mount because of unsupported optional features (240).
[    1.379488] random 0013 0000 0000 91716c54 eeb6a1e7: add_disk_randomness(8:0) 91716c54 eeb6a1e7
[    1.379491] random 0013 0000 0000 91716c54 eeb6a1e7: add_timer_randomness(.. 8388864)
[    1.379500] EXT2-fs: sda1: couldn't mount because of unsupported optional features (240).
[    1.379680] random 0013 0000 0000 91716c54 eeb6a1e7: add_disk_randomness(8:0) 91716c54 eeb6a1e7
[    1.379682] random 0013 0000 0000 91716c54 eeb6a1e7: add_timer_randomness(.. 8388864)
[    1.387177] random 0013 0000 0000 91716c54 eeb6a1e7: add_disk_randomness(8:0) 91716c54 eeb6a1e7
[    1.387180] random 0013 0000 0000 91716c54 eeb6a1e7: add_timer_randomness(.. 8388864)
[    1.387183] random 0013 0000 0000 91716c54 eeb6a1e7: added 1 entropy credits to input
[    1.387350] random 0014 0000 0000 91716c54 eeb6a1e7: add_disk_randomness(8:0) 91716c54 eeb6a1e7
[    1.387353] random 0014 0000 0000 91716c54 eeb6a1e7: add_timer_randomness(.. 8388864)
[    1.387499] random 0014 0000 0000 91716c54 eeb6a1e7: add_disk_randomness(8:0) 91716c54 eeb6a1e7
[    1.387502] random 0014 0000 0000 91716c54 eeb6a1e7: add_timer_randomness(.. 8388864)
[    1.387647] random 0014 0000 0000 91716c54 eeb6a1e7: add_disk_randomness(8:0) 91716c54 eeb6a1e7
[    1.387650] random 0014 0000 0000 91716c54 eeb6a1e7: add_timer_randomness(.. 8388864)
[    1.387797] random 0014 0000 0000 91716c54 eeb6a1e7: add_disk_randomness(8:0) 91716c54 eeb6a1e7
[    1.387800] random 0014 0000 0000 91716c54 eeb6a1e7: add_timer_randomness(.. 8388864)
[    1.387948] random 0014 0000 0000 91716c54 eeb6a1e7: add_disk_randomness(8:0) 91716c54 eeb6a1e7
[    1.387951] random 0014 0000 0000 91716c54 eeb6a1e7: add_timer_randomness(.. 8388864)
[    1.388099] random 0014 0000 0000 91716c54 eeb6a1e7: add_disk_randomness(8:0) 91716c54 eeb6a1e7
[    1.388102] random 0014 0000 0000 91716c54 eeb6a1e7: add_timer_randomness(.. 8388864)
[    1.388250] random 0014 0000 0000 91716c54 eeb6a1e7: add_disk_randomness(8:0) 91716c54 eeb6a1e7
[    1.388252] random 0014 0000 0000 91716c54 eeb6a1e7: add_timer_randomness(.. 8388864)
[    1.388400] random 0014 0000 0000 91716c54 eeb6a1e7: add_disk_randomness(8:0) 91716c54 eeb6a1e7
[    1.388403] random 0014 0000 0000 91716c54 eeb6a1e7: add_timer_randomness(.. 8388864)
[    1.396555] random 0014 0000 0000 91716c54 eeb6a1e7: add_disk_randomness(8:0) 91716c54 eeb6a1e7
[    1.396558] random 0014 0000 0000 91716c54 eeb6a1e7: add_timer_randomness(.. 8388864)
[    1.396562] random 0014 0000 0000 91716c54 eeb6a1e7: added 1 entropy credits to input
[    1.396783] random 0015 0000 0000 91716c54 eeb6a1e7: add_disk_randomness(8:0) 91716c54 eeb6a1e7
[    1.396786] random 0015 0000 0000 91716c54 eeb6a1e7: add_timer_randomness(.. 8388864)
[    1.397021] random 0015 0000 0000 91716c54 eeb6a1e7: add_disk_randomness(8:0) 91716c54 eeb6a1e7
[    1.397023] random 0015 0000 0000 91716c54 eeb6a1e7: add_timer_randomness(.. 8388864)
[    1.397258] random 0015 0000 0000 91716c54 eeb6a1e7: add_disk_randomness(8:0) 91716c54 eeb6a1e7
[    1.397261] random 0015 0000 0000 91716c54 eeb6a1e7: add_timer_randomness(.. 8388864)
[    1.397445] random 0015 0000 0000 91716c54 eeb6a1e7: add_disk_randomness(8:0) 91716c54 eeb6a1e7
[    1.397447] random 0015 0000 0000 91716c54 eeb6a1e7: add_timer_randomness(.. 8388864)
[    1.397623] random 0015 0000 0000 91716c54 eeb6a1e7: add_disk_randomness(8:0) 91716c54 eeb6a1e7
[    1.397626] random 0015 0000 0000 91716c54 eeb6a1e7: add_timer_randomness(.. 8388864)
[    1.397804] random 0015 0000 0000 91716c54 eeb6a1e7: add_disk_randomness(8:0) 91716c54 eeb6a1e7
[    1.397806] random 0015 0000 0000 91716c54 eeb6a1e7: add_timer_randomness(.. 8388864)
[    1.397984] random 0015 0000 0000 91716c54 eeb6a1e7: add_disk_randomness(8:0) 91716c54 eeb6a1e7
[    1.397987] random 0015 0000 0000 91716c54 eeb6a1e7: add_timer_randomness(.. 8388864)
[    1.398165] random 0015 0000 0000 91716c54 eeb6a1e7: add_disk_randomness(8:0) 91716c54 eeb6a1e7
[    1.398168] random 0015 0000 0000 91716c54 eeb6a1e7: add_timer_randomness(.. 8388864)
[    1.398351] random 0015 0000 0000 91716c54 eeb6a1e7: add_disk_randomness(8:0) 91716c54 eeb6a1e7
[    1.398353] random 0015 0000 0000 91716c54 eeb6a1e7: add_timer_randomness(.. 8388864)
[    1.398528] random 0015 0000 0000 91716c54 eeb6a1e7: add_disk_randomness(8:0) 91716c54 eeb6a1e7
[    1.398530] random 0015 0000 0000 91716c54 eeb6a1e7: add_timer_randomness(.. 8388864)
[    1.398708] random 0015 0000 0000 91716c54 eeb6a1e7: add_disk_randomness(8:0) 91716c54 eeb6a1e7
[    1.398711] random 0015 0000 0000 91716c54 eeb6a1e7: add_timer_randomness(.. 8388864)
[    1.398890] random 0015 0000 0000 91716c54 eeb6a1e7: add_disk_randomness(8:0) 91716c54 eeb6a1e7
[    1.398892] random 0015 0000 0000 91716c54 eeb6a1e7: add_timer_randomness(.. 8388864)
[    1.399072] random 0015 0000 0000 91716c54 eeb6a1e7: add_disk_randomness(8:0) 91716c54 eeb6a1e7
[    1.399075] random 0015 0000 0000 91716c54 eeb6a1e7: add_timer_randomness(.. 8388864)
[    1.399257] random 0015 0000 0000 91716c54 eeb6a1e7: add_disk_randomness(8:0) 91716c54 eeb6a1e7
[    1.399260] random 0015 0000 0000 91716c54 eeb6a1e7: add_timer_randomness(.. 8388864)
[    1.399434] random 0015 0000 0000 91716c54 eeb6a1e7: add_disk_randomness(8:0) 91716c54 eeb6a1e7
[    1.399437] random 0015 0000 0000 91716c54 eeb6a1e7: add_timer_randomness(.. 8388864)
[    1.399614] random 0015 0000 0000 91716c54 eeb6a1e7: add_disk_randomness(8:0) 91716c54 eeb6a1e7
[    1.399617] random 0015 0000 0000 91716c54 eeb6a1e7: add_timer_randomness(.. 8388864)
[    1.399795] random 0015 0000 0000 91716c54 eeb6a1e7: add_disk_randomness(8:0) 91716c54 eeb6a1e7
[    1.399798] random 0015 0000 0000 91716c54 eeb6a1e7: add_timer_randomness(.. 8388864)
[    1.399978] random 0015 0000 0000 91716c54 eeb6a1e7: add_disk_randomness(8:0) 91716c54 eeb6a1e7
[    1.399981] random 0015 0000 0000 91716c54 eeb6a1e7: add_timer_randomness(.. 8388864)
[    1.400163] random 0015 0000 0000 91716c54 eeb6a1e7: add_disk_randomness(8:0) 91716c54 eeb6a1e7
[    1.400165] random 0015 0000 0000 91716c54 eeb6a1e7: add_timer_randomness(.. 8388864)
[    1.400339] random 0015 0000 0000 91716c54 eeb6a1e7: add_disk_randomness(8:0) 91716c54 eeb6a1e7
[    1.400342] random 0015 0000 0000 91716c54 eeb6a1e7: add_timer_randomness(.. 8388864)
[    1.400520] random 0015 0000 0000 91716c54 eeb6a1e7: add_disk_randomness(8:0) 91716c54 eeb6a1e7
[    1.400523] random 0015 0000 0000 91716c54 eeb6a1e7: add_timer_randomness(.. 8388864)
[    1.400701] random 0015 0000 0000 91716c54 eeb6a1e7: add_disk_randomness(8:0) 91716c54 eeb6a1e7
[    1.400704] random 0015 0000 0000 91716c54 eeb6a1e7: add_timer_randomness(.. 8388864)
[    1.400883] random 0015 0000 0000 91716c54 eeb6a1e7: add_disk_randomness(8:0) 91716c54 eeb6a1e7
[    1.400885] random 0015 0000 0000 91716c54 eeb6a1e7: add_timer_randomness(.. 8388864)
[    1.401070] random 0015 0000 0000 91716c54 eeb6a1e7: add_disk_randomness(8:0) 91716c54 eeb6a1e7
[    1.401073] random 0015 0000 0000 91716c54 eeb6a1e7: add_timer_randomness(.. 8388864)
[    1.401247] random 0015 0000 0000 91716c54 eeb6a1e7: add_disk_randomness(8:0) 91716c54 eeb6a1e7
[    1.401250] random 0015 0000 0000 91716c54 eeb6a1e7: add_timer_randomness(.. 8388864)
[    1.401427] random 0015 0000 0000 91716c54 eeb6a1e7: add_disk_randomness(8:0) 91716c54 eeb6a1e7
[    1.401430] random 0015 0000 0000 91716c54 eeb6a1e7: add_timer_randomness(.. 8388864)
[    1.401607] random 0015 0000 0000 91716c54 eeb6a1e7: add_disk_randomness(8:0) 91716c54 eeb6a1e7
[    1.401610] random 0015 0000 0000 91716c54 eeb6a1e7: add_timer_randomness(.. 8388864)
[    1.401786] random 0015 0000 0000 91716c54 eeb6a1e7: add_disk_randomness(8:0) 91716c54 eeb6a1e7
[    1.401789] random 0015 0000 0000 91716c54 eeb6a1e7: add_timer_randomness(.. 8388864)
[    1.403301] random 0015 0000 0000 91716c54 eeb6a1e7: rand_read_num 11 get_random_bytes(4): sig fffffcad 91716c54 eeb6a1e7
[    1.403303] random 0015 0000 0000 91716c54 eeb6a1e7: extract_entropy(.. 4 ..)
[    1.403306] random 0015 0000 0000 91716c54 eeb6a1e7: going to reseed nonblocking with 64 bits (32 of 0 requested)
[    1.403308] random 0015 0000 0000 91716c54 eeb6a1e7: extract_entropy(.. 8 ..)
[    1.403310] random 0015 0000 0000 91716c54 eeb6a1e7: trying to extract 64 bits from input
[    1.403313] random 0015 0000 0000 91716c54 eeb6a1e7: debiting 0 entropy credits from input
[    1.403315] random 0015 0000 0000 91716c54 eeb6a1e7: trying to extract 32 bits from nonblocking
[    1.403318] random 0015 0000 0000 91716c54 eeb6a1e7: debiting 32 entropy credits from nonblocking (unlimited)
[    1.408327] random 0015 0000 0000 fd637b06 6cf47bc1: add_disk_randomness(8:0) fd637b06 6cf47bc1
[    1.408330] random 0015 0000 0000 fd637b06 6cf47bc1: add_timer_randomness(.. 8388864)
[    1.408334] random 0015 0000 0000 fd637b06 6cf47bc1: added 1 entropy credits to input
[    1.429453] random 0016 0000 0000 fd637b06 6cf47bc1: add_disk_randomness(8:0) fd637b06 6cf47bc1
[    1.429456] random 0016 0000 0000 fd637b06 6cf47bc1: add_timer_randomness(.. 8388864)
[    1.472100] EXT4-fs (sda1): mounted filesystem with ordered data mode
[    1.472109] VFS: Mounted root (ext4 filesystem) readonly on device 8:1.
[    1.487226] random 0016 0000 0000 fd637b06 6cf47bc1: add_disk_randomness(8:0) fd637b06 6cf47bc1
[    1.487229] random 0016 0000 0000 fd637b06 6cf47bc1: add_timer_randomness(.. 8388864)
[    1.487232] random 0016 0000 0000 fd637b06 6cf47bc1: added 2 entropy credits to input
[    1.508655] random 0018 0000 0000 fd637b06 6cf47bc1: add_disk_randomness(8:0) fd637b06 6cf47bc1
[    1.508658] random 0018 0000 0000 fd637b06 6cf47bc1: add_timer_randomness(.. 8388864)
[    1.508661] random 0018 0000 0000 fd637b06 6cf47bc1: added 2 entropy credits to input
[    1.508671] devtmpfs: mounted
[    1.508689] Freeing unused kernel memory: 676k freed
[    1.508911] Write protecting the kernel text: 4764k
[    1.508950] Write protecting the kernel read-only data: 1836k
[    1.530639] random 0020 0000 0000 fd637b06 6cf47bc1: add_disk_randomness(8:0) fd637b06 6cf47bc1
[    1.530642] random 0020 0000 0000 fd637b06 6cf47bc1: add_timer_randomness(.. 8388864)
[    1.538760] random 0020 0000 0000 fd637b06 6cf47bc1: add_disk_randomness(8:0) fd637b06 6cf47bc1
[    1.538762] random 0020 0000 0000 fd637b06 6cf47bc1: add_timer_randomness(.. 8388864)
[    1.538766] random 0020 0000 0000 fd637b06 6cf47bc1: added 1 entropy credits to input
[    1.547042] random 0021 0000 0000 fd637b06 6cf47bc1: add_disk_randomness(8:0) fd637b06 6cf47bc1
[    1.547045] random 0021 0000 0000 fd637b06 6cf47bc1: add_timer_randomness(.. 8388864)
[    1.561183] random 0021 0000 0000 fd637b06 6cf47bc1: add_disk_randomness(8:0) fd637b06 6cf47bc1
[    1.561186] random 0021 0000 0000 fd637b06 6cf47bc1: add_timer_randomness(.. 8388864)
[    1.561189] random 0021 0000 0000 fd637b06 6cf47bc1: added 1 entropy credits to input
[    1.569311] random 0022 0000 0000 fd637b06 6cf47bc1: add_disk_randomness(8:0) fd637b06 6cf47bc1
[    1.569314] random 0022 0000 0000 fd637b06 6cf47bc1: add_timer_randomness(.. 8388864)
[    1.569317] random 0022 0000 0000 fd637b06 6cf47bc1: added 1 entropy credits to input
[    1.571354] random 0023 0000 0000 fd637b06 6cf47bc1: add_disk_randomness(8:0) fd637b06 6cf47bc1
[    1.571357] random 0023 0000 0000 fd637b06 6cf47bc1: add_timer_randomness(.. 8388864)
[    1.582636] random 0023 0000 0000 fd637b06 6cf47bc1: add_disk_randomness(8:0) fd637b06 6cf47bc1
[    1.582639] random 0023 0000 0000 fd637b06 6cf47bc1: add_timer_randomness(.. 8388864)
[    1.582643] random 0023 0000 0000 fd637b06 6cf47bc1: added 1 entropy credits to input
[    1.592463] random 0024 0000 0000 fd637b06 6cf47bc1: add_disk_randomness(8:0) fd637b06 6cf47bc1
[    1.592466] random 0024 0000 0000 fd637b06 6cf47bc1: add_timer_randomness(.. 8388864)
[    1.592948] random 0024 0000 0000 fd637b06 6cf47bc1: add_disk_randomness(8:0) fd637b06 6cf47bc1
[    1.592951] random 0024 0000 0000 fd637b06 6cf47bc1: add_timer_randomness(.. 8388864)
[    1.593741] random 0024 0000 0000 fd637b06 6cf47bc1: add_disk_randomness(8:0) fd637b06 6cf47bc1
[    1.593744] random 0024 0000 0000 fd637b06 6cf47bc1: add_timer_randomness(.. 8388864)
[    1.593763] random 0024 0000 0000 fd637b06 6cf47bc1: rand_read_num 12 get_random_bytes(16): sig fffffede fd637b06 6cf47bc1
[    1.593766] random 0024 0000 0000 fd637b06 6cf47bc1: extract_entropy(.. 16 ..)
[    1.593769] random 0024 0000 0000 fd637b06 6cf47bc1: going to reseed nonblocking with 128 bits (128 of 0 requested)
[    1.593772] random 0024 0000 0000 fd637b06 6cf47bc1: extract_entropy(.. 16 ..)
[    1.593775] random 0024 0000 0000 fd637b06 6cf47bc1: trying to extract 128 bits from input
[    1.593778] random 0024 0000 0000 fd637b06 6cf47bc1: debiting 0 entropy credits from input
[    1.593781] random 0024 0000 0000 fd637b06 6cf47bc1: trying to extract 128 bits from nonblocking
[    1.593784] random 0024 0000 0000 fd637b06 6cf47bc1: debiting 128 entropy credits from nonblocking (unlimited)
[    1.594098] random 0024 0000 0000 0ec1f012 d4727ca8: add_disk_randomness(8:0) 0ec1f012 d4727ca8
[    1.594101] random 0024 0000 0000 0ec1f012 d4727ca8: add_timer_randomness(.. 8388864)
[    1.612682] random 0024 0000 0000 0ec1f012 d4727ca8: add_disk_randomness(8:0) 0ec1f012 d4727ca8
[    1.612685] random 0024 0000 0000 0ec1f012 d4727ca8: add_timer_randomness(.. 8388864)
[    1.612689] random 0024 0000 0000 0ec1f012 d4727ca8: added 2 entropy credits to input
[    1.619917] random 0026 0000 0000 0ec1f012 d4727ca8: add_disk_randomness(8:0) 0ec1f012 d4727ca8
[    1.619920] random 0026 0000 0000 0ec1f012 d4727ca8: add_timer_randomness(.. 8388864)
[    1.620202] random 0026 0000 0000 0ec1f012 d4727ca8: add_disk_randomness(8:0) 0ec1f012 d4727ca8
[    1.620206] random 0026 0000 0000 0ec1f012 d4727ca8: add_timer_randomness(.. 8388864)
[    1.623909] random 0026 0000 0000 0ec1f012 d4727ca8: add_disk_randomness(8:0) 0ec1f012 d4727ca8
[    1.623912] random 0026 0000 0000 0ec1f012 d4727ca8: add_timer_randomness(.. 8388864)
[    1.632015] usb 7-2: new low speed USB device using uhci_hcd and address 2
[    1.640228] random 0026 0000 0000 0ec1f012 d4727ca8: add_disk_randomness(8:0) 0ec1f012 d4727ca8
[    1.640231] random 0026 0000 0000 0ec1f012 d4727ca8: add_timer_randomness(.. 8388864)
[    1.640235] random 0026 0000 0000 0ec1f012 d4727ca8: added 2 entropy credits to input
[    1.664320] random 0028 0000 0000 0ec1f012 d4727ca8: add_disk_randomness(8:0) 0ec1f012 d4727ca8
[    1.664323] random 0028 0000 0000 0ec1f012 d4727ca8: add_timer_randomness(.. 8388864)
[    1.665176] random 0028 0000 0000 0ec1f012 d4727ca8: add_disk_randomness(8:0) 0ec1f012 d4727ca8
[    1.665179] random 0028 0000 0000 0ec1f012 d4727ca8: add_timer_randomness(.. 8388864)
[    1.665373] random 0028 0000 0000 0ec1f012 d4727ca8: add_disk_randomness(8:0) 0ec1f012 d4727ca8
[    1.665376] random 0028 0000 0000 0ec1f012 d4727ca8: add_timer_randomness(.. 8388864)
[    1.672406] random 0028 0000 0000 0ec1f012 d4727ca8: add_disk_randomness(8:0) 0ec1f012 d4727ca8
[    1.672409] random 0028 0000 0000 0ec1f012 d4727ca8: add_timer_randomness(.. 8388864)
[    1.672412] random 0028 0000 0000 0ec1f012 d4727ca8: added 1 entropy credits to input
[    1.672671] random 0029 0000 0000 0ec1f012 d4727ca8: add_disk_randomness(8:0) 0ec1f012 d4727ca8
[    1.672674] random 0029 0000 0000 0ec1f012 d4727ca8: add_timer_randomness(.. 8388864)
[    1.681692] random 0029 0000 0000 0ec1f012 d4727ca8: add_disk_randomness(8:0) 0ec1f012 d4727ca8
[    1.681695] random 0029 0000 0000 0ec1f012 d4727ca8: add_timer_randomness(.. 8388864)
[    1.681698] random 0029 0000 0000 0ec1f012 d4727ca8: added 1 entropy credits to input
[    1.685350] random 0030 0000 0000 0ec1f012 d4727ca8: add_disk_randomness(8:0) 0ec1f012 d4727ca8
[    1.685353] random 0030 0000 0000 0ec1f012 d4727ca8: add_timer_randomness(.. 8388864)
[    1.686040] random 0030 0000 0000 0ec1f012 d4727ca8: add_disk_randomness(8:0) 0ec1f012 d4727ca8
[    1.686043] random 0030 0000 0000 0ec1f012 d4727ca8: add_timer_randomness(.. 8388864)
[    1.686230] random 0030 0000 0000 0ec1f012 d4727ca8: add_disk_randomness(8:0) 0ec1f012 d4727ca8
[    1.686233] random 0030 0000 0000 0ec1f012 d4727ca8: add_timer_randomness(.. 8388864)
[    1.686398] random 0030 0000 0000 0ec1f012 d4727ca8: add_disk_randomness(8:0) 0ec1f012 d4727ca8
[    1.686401] random 0030 0000 0000 0ec1f012 d4727ca8: add_timer_randomness(.. 8388864)
[    1.686568] random 0030 0000 0000 0ec1f012 d4727ca8: add_disk_randomness(8:0) 0ec1f012 d4727ca8
[    1.686570] random 0030 0000 0000 0ec1f012 d4727ca8: add_timer_randomness(.. 8388864)
[    1.693575] random 0030 0000 0000 0ec1f012 d4727ca8: add_disk_randomness(8:0) 0ec1f012 d4727ca8
[    1.693578] random 0030 0000 0000 0ec1f012 d4727ca8: add_timer_randomness(.. 8388864)
[    1.693581] random 0030 0000 0000 0ec1f012 d4727ca8: added 1 entropy credits to input
[    1.695756] random 0031 0000 0000 0ec1f012 d4727ca8: add_disk_randomness(8:0) 0ec1f012 d4727ca8
[    1.695759] random 0031 0000 0000 0ec1f012 d4727ca8: add_timer_randomness(.. 8388864)
[    1.702915] random 0031 0000 0000 0ec1f012 d4727ca8: add_disk_randomness(8:0) 0ec1f012 d4727ca8
[    1.702918] random 0031 0000 0000 0ec1f012 d4727ca8: add_timer_randomness(.. 8388864)
[    1.702921] random 0031 0000 0000 0ec1f012 d4727ca8: added 1 entropy credits to input
[    1.703191] random 0032 0000 0000 0ec1f012 d4727ca8: add_disk_randomness(8:0) 0ec1f012 d4727ca8
[    1.703194] random 0032 0000 0000 0ec1f012 d4727ca8: add_timer_randomness(.. 8388864)
[    1.712177] random 0032 0000 0000 0ec1f012 d4727ca8: add_disk_randomness(8:0) 0ec1f012 d4727ca8
[    1.712180] random 0032 0000 0000 0ec1f012 d4727ca8: add_timer_randomness(.. 8388864)
[    1.712183] random 0032 0000 0000 0ec1f012 d4727ca8: added 1 entropy credits to input
[    1.716909] random 0033 0000 0000 0ec1f012 d4727ca8: add_disk_randomness(8:0) 0ec1f012 d4727ca8
[    1.716912] random 0033 0000 0000 0ec1f012 d4727ca8: add_timer_randomness(.. 8388864)
[    1.722980] random 0033 0000 0000 0ec1f012 d4727ca8: add_disk_randomness(8:0) 0ec1f012 d4727ca8
[    1.722983] random 0033 0000 0000 0ec1f012 d4727ca8: add_timer_randomness(.. 8388864)
[    1.723225] random 0033 0000 0000 0ec1f012 d4727ca8: add_disk_randomness(8:0) 0ec1f012 d4727ca8
[    1.723228] random 0033 0000 0000 0ec1f012 d4727ca8: add_timer_randomness(.. 8388864)
[    1.723503] random 0033 0000 0000 0ec1f012 d4727ca8: add_disk_randomness(8:0) 0ec1f012 d4727ca8
[    1.723506] random 0033 0000 0000 0ec1f012 d4727ca8: add_timer_randomness(.. 8388864)
[    1.728410] random 0033 0000 0000 0ec1f012 d4727ca8: add_disk_randomness(8:0) 0ec1f012 d4727ca8
[    1.728413] random 0033 0000 0000 0ec1f012 d4727ca8: add_timer_randomness(.. 8388864)
[    1.728417] random 0033 0000 0000 0ec1f012 d4727ca8: added 1 entropy credits to input
[    1.733834] random 0034 0000 0000 0ec1f012 d4727ca8: add_disk_randomness(8:0) 0ec1f012 d4727ca8
[    1.733837] random 0034 0000 0000 0ec1f012 d4727ca8: add_timer_randomness(.. 8388864)
[    1.734502] random 0034 0000 0000 0ec1f012 d4727ca8: add_disk_randomness(8:0) 0ec1f012 d4727ca8
[    1.734505] random 0034 0000 0000 0ec1f012 d4727ca8: add_timer_randomness(.. 8388864)
[    1.740047] random 0034 0000 0000 0ec1f012 d4727ca8: add_disk_randomness(8:0) 0ec1f012 d4727ca8
[    1.740050] random 0034 0000 0000 0ec1f012 d4727ca8: add_timer_randomness(.. 8388864)
[    1.740054] random 0034 0000 0000 0ec1f012 d4727ca8: added 1 entropy credits to input
[    1.740738] random 0035 0000 0000 0ec1f012 d4727ca8: add_disk_randomness(8:0) 0ec1f012 d4727ca8
[    1.740741] random 0035 0000 0000 0ec1f012 d4727ca8: add_timer_randomness(.. 8388864)
[    1.741282] random 0035 0000 0000 0ec1f012 d4727ca8: add_disk_randomness(8:0) 0ec1f012 d4727ca8
[    1.741285] random 0035 0000 0000 0ec1f012 d4727ca8: add_timer_randomness(.. 8388864)
[    1.749472] random 0035 0000 0000 0ec1f012 d4727ca8: add_disk_randomness(8:0) 0ec1f012 d4727ca8
[    1.749475] random 0035 0000 0000 0ec1f012 d4727ca8: add_timer_randomness(.. 8388864)
[    1.749479] random 0035 0000 0000 0ec1f012 d4727ca8: added 1 entropy credits to input
[    1.749861] random 0036 0000 0000 0ec1f012 d4727ca8: add_disk_randomness(8:0) 0ec1f012 d4727ca8
[    1.749864] random 0036 0000 0000 0ec1f012 d4727ca8: add_timer_randomness(.. 8388864)
[    1.750440] random 0036 0000 0000 0ec1f012 d4727ca8: add_disk_randomness(8:0) 0ec1f012 d4727ca8
[    1.750443] random 0036 0000 0000 0ec1f012 d4727ca8: add_timer_randomness(.. 8388864)
[    1.767214] random 0036 0000 0000 0ec1f012 d4727ca8: add_disk_randomness(8:0) 0ec1f012 d4727ca8
[    1.767217] random 0036 0000 0000 0ec1f012 d4727ca8: add_timer_randomness(.. 8388864)
[    1.767220] random 0036 0000 0000 0ec1f012 d4727ca8: added 2 entropy credits to input
[    1.787505] random 0038 0000 0000 0ec1f012 d4727ca8: add_disk_randomness(8:0) 0ec1f012 d4727ca8
[    1.787508] random 0038 0000 0000 0ec1f012 d4727ca8: add_timer_randomness(.. 8388864)
[    1.810006] random 0038 0000 0000 0ec1f012 d4727ca8: add_disk_randomness(8:0) 0ec1f012 d4727ca8
[    1.810009] random 0038 0000 0000 0ec1f012 d4727ca8: add_timer_randomness(.. 8388864)
[    1.810239] random 0038 0000 0000 0ec1f012 d4727ca8: add_disk_randomness(8:0) 0ec1f012 d4727ca8
[    1.810242] random 0038 0000 0000 0ec1f012 d4727ca8: add_timer_randomness(.. 8388864)
[    1.812197] usb 7-2: configuration #1 chosen from 1 choice
[    1.828865] random 0038 0000 0000 0ec1f012 d4727ca8: add_disk_randomness(8:0) 0ec1f012 d4727ca8
[    1.828868] random 0038 0000 0000 0ec1f012 d4727ca8: add_timer_randomness(.. 8388864)
[    1.828872] random 0038 0000 0000 0ec1f012 d4727ca8: added 2 entropy credits to input
[    1.839508] random 0040 0000 0000 0ec1f012 d4727ca8: add_disk_randomness(8:0) 0ec1f012 d4727ca8
[    1.839511] random 0040 0000 0000 0ec1f012 d4727ca8: add_timer_randomness(.. 8388864)
[    1.839515] random 0040 0000 0000 0ec1f012 d4727ca8: added 1 entropy credits to input
[    1.843468] random 0041 0000 0000 0ec1f012 d4727ca8: add_disk_randomness(8:0) 0ec1f012 d4727ca8
[    1.843471] random 0041 0000 0000 0ec1f012 d4727ca8: add_timer_randomness(.. 8388864)
[    1.849556] random 0041 0000 0000 0ec1f012 d4727ca8: add_disk_randomness(8:0) 0ec1f012 d4727ca8
[    1.849559] random 0041 0000 0000 0ec1f012 d4727ca8: add_timer_randomness(.. 8388864)
[    1.858837] random 0041 0000 0000 0ec1f012 d4727ca8: add_disk_randomness(8:0) 0ec1f012 d4727ca8
[    1.858840] random 0041 0000 0000 0ec1f012 d4727ca8: add_timer_randomness(.. 8388864)
[    1.859069] random 0041 0000 0000 0ec1f012 d4727ca8: add_disk_randomness(8:0) 0ec1f012 d4727ca8
[    1.859072] random 0041 0000 0000 0ec1f012 d4727ca8: add_timer_randomness(.. 8388864)
[    1.864764] random 0041 0000 0000 0ec1f012 d4727ca8: add_disk_randomness(8:0) 0ec1f012 d4727ca8
[    1.864767] random 0041 0000 0000 0ec1f012 d4727ca8: add_timer_randomness(.. 8388864)
[    1.864770] random 0041 0000 0000 0ec1f012 d4727ca8: added 1 entropy credits to input
[    1.865012] random 0042 0000 0000 0ec1f012 d4727ca8: add_disk_randomness(8:0) 0ec1f012 d4727ca8
[    1.865015] random 0042 0000 0000 0ec1f012 d4727ca8: add_timer_randomness(.. 8388864)
[    1.867413] random 0042 0000 0000 0ec1f012 d4727ca8: add_disk_randomness(8:0) 0ec1f012 d4727ca8
[    1.867416] random 0042 0000 0000 0ec1f012 d4727ca8: add_timer_randomness(.. 8388864)
[    1.867661] random 0042 0000 0000 0ec1f012 d4727ca8: add_disk_randomness(8:0) 0ec1f012 d4727ca8
[    1.867664] random 0042 0000 0000 0ec1f012 d4727ca8: add_timer_randomness(.. 8388864)
[    1.868298] random 0042 0000 0000 0ec1f012 d4727ca8: add_disk_randomness(8:0) 0ec1f012 d4727ca8
[    1.868301] random 0042 0000 0000 0ec1f012 d4727ca8: add_timer_randomness(.. 8388864)
[    1.868542] random 0042 0000 0000 0ec1f012 d4727ca8: add_disk_randomness(8:0) 0ec1f012 d4727ca8
[    1.868545] random 0042 0000 0000 0ec1f012 d4727ca8: add_timer_randomness(.. 8388864)
[    1.873310] random 0042 0000 0000 0ec1f012 d4727ca8: add_disk_randomness(8:0) 0ec1f012 d4727ca8
[    1.873313] random 0042 0000 0000 0ec1f012 d4727ca8: add_timer_randomness(.. 8388864)
[    1.881117] random 0042 0000 0000 0ec1f012 d4727ca8: add_disk_randomness(8:0) 0ec1f012 d4727ca8
[    1.881120] random 0042 0000 0000 0ec1f012 d4727ca8: add_timer_randomness(.. 8388864)
[    1.881381] random 0042 0000 0000 0ec1f012 d4727ca8: add_disk_randomness(8:0) 0ec1f012 d4727ca8
[    1.881384] random 0042 0000 0000 0ec1f012 d4727ca8: add_timer_randomness(.. 8388864)
[    1.881624] random 0042 0000 0000 0ec1f012 d4727ca8: add_disk_randomness(8:0) 0ec1f012 d4727ca8
[    1.881627] random 0042 0000 0000 0ec1f012 d4727ca8: add_timer_randomness(.. 8388864)
[    1.881884] random 0042 0000 0000 0ec1f012 d4727ca8: add_disk_randomness(8:0) 0ec1f012 d4727ca8
[    1.881887] random 0042 0000 0000 0ec1f012 d4727ca8: add_timer_randomness(.. 8388864)
[    1.882186] random 0042 0000 0000 0ec1f012 d4727ca8: add_disk_randomness(8:0) 0ec1f012 d4727ca8
[    1.882189] random 0042 0000 0000 0ec1f012 d4727ca8: add_timer_randomness(.. 8388864)
[    1.882739] random 0042 0000 0000 0ec1f012 d4727ca8: add_disk_randomness(8:0) 0ec1f012 d4727ca8
[    1.882742] random 0042 0000 0000 0ec1f012 d4727ca8: add_timer_randomness(.. 8388864)
[    1.883002] random 0042 0000 0000 0ec1f012 d4727ca8: add_disk_randomness(8:0) 0ec1f012 d4727ca8
[    1.883005] random 0042 0000 0000 0ec1f012 d4727ca8: add_timer_randomness(.. 8388864)
[    1.883240] random 0042 0000 0000 0ec1f012 d4727ca8: add_disk_randomness(8:0) 0ec1f012 d4727ca8
[    1.883243] random 0042 0000 0000 0ec1f012 d4727ca8: add_timer_randomness(.. 8388864)
[    1.888602] random 0042 0000 0000 0ec1f012 d4727ca8: add_disk_randomness(8:0) 0ec1f012 d4727ca8
[    1.888605] random 0042 0000 0000 0ec1f012 d4727ca8: add_timer_randomness(.. 8388864)
[    1.888608] random 0042 0000 0000 0ec1f012 d4727ca8: added 1 entropy credits to input
[    1.888919] random 0043 0000 0000 0ec1f012 d4727ca8: add_disk_randomness(8:0) 0ec1f012 d4727ca8
[    1.888922] random 0043 0000 0000 0ec1f012 d4727ca8: add_timer_randomness(.. 8388864)
[    1.894004] random 0043 0000 0000 0ec1f012 d4727ca8: add_disk_randomness(8:0) 0ec1f012 d4727ca8
[    1.894007] random 0043 0000 0000 0ec1f012 d4727ca8: add_timer_randomness(.. 8388864)
[    1.894237] random 0043 0000 0000 0ec1f012 d4727ca8: add_disk_randomness(8:0) 0ec1f012 d4727ca8
[    1.894240] random 0043 0000 0000 0ec1f012 d4727ca8: add_timer_randomness(.. 8388864)
[    1.894453] random 0043 0000 0000 0ec1f012 d4727ca8: add_disk_randomness(8:0) 0ec1f012 d4727ca8
[    1.894456] random 0043 0000 0000 0ec1f012 d4727ca8: add_timer_randomness(.. 8388864)
[    1.894721] random 0043 0000 0000 0ec1f012 d4727ca8: add_disk_randomness(8:0) 0ec1f012 d4727ca8
[    1.894724] random 0043 0000 0000 0ec1f012 d4727ca8: add_timer_randomness(.. 8388864)
[    1.895023] random 0043 0000 0000 0ec1f012 d4727ca8: add_disk_randomness(8:0) 0ec1f012 d4727ca8
[    1.895026] random 0043 0000 0000 0ec1f012 d4727ca8: add_timer_randomness(.. 8388864)
[    1.895324] random 0043 0000 0000 0ec1f012 d4727ca8: add_disk_randomness(8:0) 0ec1f012 d4727ca8
[    1.895327] random 0043 0000 0000 0ec1f012 d4727ca8: add_timer_randomness(.. 8388864)
[    1.895568] random 0043 0000 0000 0ec1f012 d4727ca8: add_disk_randomness(8:0) 0ec1f012 d4727ca8
[    1.895571] random 0043 0000 0000 0ec1f012 d4727ca8: add_timer_randomness(.. 8388864)
[    1.895840] random 0043 0000 0000 0ec1f012 d4727ca8: add_disk_randomness(8:0) 0ec1f012 d4727ca8
[    1.895843] random 0043 0000 0000 0ec1f012 d4727ca8: add_timer_randomness(.. 8388864)
[    1.896084] random 0043 0000 0000 0ec1f012 d4727ca8: add_disk_randomness(8:0) 0ec1f012 d4727ca8
[    1.896088] random 0043 0000 0000 0ec1f012 d4727ca8: add_timer_randomness(.. 8388864)
[    1.896320] random 0043 0000 0000 0ec1f012 d4727ca8: add_disk_randomness(8:0) 0ec1f012 d4727ca8
[    1.896323] random 0043 0000 0000 0ec1f012 d4727ca8: add_timer_randomness(.. 8388864)
[    1.896554] random 0043 0000 0000 0ec1f012 d4727ca8: add_disk_randomness(8:0) 0ec1f012 d4727ca8
[    1.896557] random 0043 0000 0000 0ec1f012 d4727ca8: add_timer_randomness(.. 8388864)
[    1.896778] random 0043 0000 0000 0ec1f012 d4727ca8: add_disk_randomness(8:0) 0ec1f012 d4727ca8
[    1.896780] random 0043 0000 0000 0ec1f012 d4727ca8: add_timer_randomness(.. 8388864)
[    1.896992] random 0043 0000 0000 0ec1f012 d4727ca8: add_disk_randomness(8:0) 0ec1f012 d4727ca8
[    1.896995] random 0043 0000 0000 0ec1f012 d4727ca8: add_timer_randomness(.. 8388864)
[    1.897222] random 0043 0000 0000 0ec1f012 d4727ca8: add_disk_randomness(8:0) 0ec1f012 d4727ca8
[    1.897225] random 0043 0000 0000 0ec1f012 d4727ca8: add_timer_randomness(.. 8388864)
[    1.897438] random 0043 0000 0000 0ec1f012 d4727ca8: add_disk_randomness(8:0) 0ec1f012 d4727ca8
[    1.897441] random 0043 0000 0000 0ec1f012 d4727ca8: add_timer_randomness(.. 8388864)
[    1.897659] random 0043 0000 0000 0ec1f012 d4727ca8: add_disk_randomness(8:0) 0ec1f012 d4727ca8
[    1.897661] random 0043 0000 0000 0ec1f012 d4727ca8: add_timer_randomness(.. 8388864)
[    1.897858] random 0043 0000 0000 0ec1f012 d4727ca8: add_disk_randomness(8:0) 0ec1f012 d4727ca8
[    1.897861] random 0043 0000 0000 0ec1f012 d4727ca8: add_timer_randomness(.. 8388864)
[    1.898070] random 0043 0000 0000 0ec1f012 d4727ca8: add_disk_randomness(8:0) 0ec1f012 d4727ca8
[    1.898073] random 0043 0000 0000 0ec1f012 d4727ca8: add_timer_randomness(.. 8388864)
[    1.898288] random 0043 0000 0000 0ec1f012 d4727ca8: add_disk_randomness(8:0) 0ec1f012 d4727ca8
[    1.898291] random 0043 0000 0000 0ec1f012 d4727ca8: add_timer_randomness(.. 8388864)
[    1.898520] random 0043 0000 0000 0ec1f012 d4727ca8: add_disk_randomness(8:0) 0ec1f012 d4727ca8
[    1.898523] random 0043 0000 0000 0ec1f012 d4727ca8: add_timer_randomness(.. 8388864)
[    1.898741] random 0043 0000 0000 0ec1f012 d4727ca8: add_disk_randomness(8:0) 0ec1f012 d4727ca8
[    1.898744] random 0043 0000 0000 0ec1f012 d4727ca8: add_timer_randomness(.. 8388864)
[    1.898973] random 0043 0000 0000 0ec1f012 d4727ca8: add_disk_randomness(8:0) 0ec1f012 d4727ca8
[    1.898976] random 0043 0000 0000 0ec1f012 d4727ca8: add_timer_randomness(.. 8388864)
[    1.901897] random 0043 0000 0000 0ec1f012 d4727ca8: add_disk_randomness(8:0) 0ec1f012 d4727ca8
[    1.901900] random 0043 0000 0000 0ec1f012 d4727ca8: add_timer_randomness(.. 8388864)
[    1.902176] random 0043 0000 0000 0ec1f012 d4727ca8: add_disk_randomness(8:0) 0ec1f012 d4727ca8
[    1.902179] random 0043 0000 0000 0ec1f012 d4727ca8: add_timer_randomness(.. 8388864)
[    1.902420] random 0043 0000 0000 0ec1f012 d4727ca8: add_disk_randomness(8:0) 0ec1f012 d4727ca8
[    1.902423] random 0043 0000 0000 0ec1f012 d4727ca8: add_timer_randomness(.. 8388864)
[    1.902662] random 0043 0000 0000 0ec1f012 d4727ca8: add_disk_randomness(8:0) 0ec1f012 d4727ca8
[    1.902665] random 0043 0000 0000 0ec1f012 d4727ca8: add_timer_randomness(.. 8388864)
[    1.902835] random 0043 0000 0000 0ec1f012 d4727ca8: rand_read_num 13 urandom_read(12): sig fffffcf5 0ec1f012 d4727ca8 pid=1
[    1.902837] random 0043 0000 0000 0ec1f012 d4727ca8: extract_entropy_user(12)
[    1.902841] random 0043 0000 0000 0ec1f012 d4727ca8: going to reseed nonblocking with 96 bits (96 of 0 requested)
[    1.902843] random 0043 0000 0000 0ec1f012 d4727ca8: extract_entropy(.. 12 ..)
[    1.902845] random 0043 0000 0000 0ec1f012 d4727ca8: trying to extract 96 bits from input
[    1.902848] random 0043 0000 0000 0ec1f012 d4727ca8: debiting 0 entropy credits from input
[    1.902850] random 0043 0000 0000 0ec1f012 d4727ca8: trying to extract 96 bits from nonblocking
[    1.902853] random 0043 0000 0000 0ec1f012 d4727ca8: debiting 96 entropy credits from nonblocking (unlimited)
[    1.902855] random 0043 0000 0000 0ec1f012 d4727ca8:   got 12 bytes
[    1.914884] random 0043 0000 0000 45b1d0b1 845a73f7: add_disk_randomness(8:0) 45b1d0b1 845a73f7
[    1.914887] random 0043 0000 0000 45b1d0b1 845a73f7: add_timer_randomness(.. 8388864)
[    1.914891] random 0043 0000 0000 45b1d0b1 845a73f7: added 1 entropy credits to input
[    1.918210] random 0044 0000 0000 45b1d0b1 845a73f7: add_disk_randomness(8:0) 45b1d0b1 845a73f7
[    1.918213] random 0044 0000 0000 45b1d0b1 845a73f7: add_timer_randomness(.. 8388864)
[    1.918424] random 0044 0000 0000 45b1d0b1 845a73f7: add_disk_randomness(8:0) 45b1d0b1 845a73f7
[    1.918427] random 0044 0000 0000 45b1d0b1 845a73f7: add_timer_randomness(.. 8388864)
[    1.939729] random 0044 0000 0000 45b1d0b1 845a73f7: add_disk_randomness(8:0) 45b1d0b1 845a73f7
[    1.939732] random 0044 0000 0000 45b1d0b1 845a73f7: add_timer_randomness(.. 8388864)
[    1.939736] random 0044 0000 0000 45b1d0b1 845a73f7: added 2 entropy credits to input
[    1.945288] random 0046 0000 0000 45b1d0b1 845a73f7: add_disk_randomness(8:0) 45b1d0b1 845a73f7
[    1.945291] random 0046 0000 0000 45b1d0b1 845a73f7: add_timer_randomness(.. 8388864)
[    1.945294] random 0046 0000 0000 45b1d0b1 845a73f7: added 1 entropy credits to input
[    1.950523] random 0047 0000 0000 45b1d0b1 845a73f7: add_disk_randomness(8:0) 45b1d0b1 845a73f7
[    1.950526] random 0047 0000 0000 45b1d0b1 845a73f7: add_timer_randomness(.. 8388864)
[    1.967190] random 0047 0000 0000 45b1d0b1 845a73f7: add_disk_randomness(8:0) 45b1d0b1 845a73f7
[    1.967193] random 0047 0000 0000 45b1d0b1 845a73f7: add_timer_randomness(.. 8388864)
[    1.967196] random 0047 0000 0000 45b1d0b1 845a73f7: added 1 entropy credits to input
[    1.969585] random 0048 0000 0000 45b1d0b1 845a73f7: add_disk_randomness(8:0) 45b1d0b1 845a73f7
[    1.969588] random 0048 0000 0000 45b1d0b1 845a73f7: add_timer_randomness(.. 8388864)
[    1.969774] random 0048 0000 0000 45b1d0b1 845a73f7: add_disk_randomness(8:0) 45b1d0b1 845a73f7
[    1.969777] random 0048 0000 0000 45b1d0b1 845a73f7: add_timer_randomness(.. 8388864)
[    1.969961] random 0048 0000 0000 45b1d0b1 845a73f7: add_disk_randomness(8:0) 45b1d0b1 845a73f7
[    1.969963] random 0048 0000 0000 45b1d0b1 845a73f7: add_timer_randomness(.. 8388864)
[    1.970115] random 0048 0000 0000 45b1d0b1 845a73f7: add_disk_randomness(8:0) 45b1d0b1 845a73f7
[    1.970118] random 0048 0000 0000 45b1d0b1 845a73f7: add_timer_randomness(.. 8388864)
[    1.970298] random 0048 0000 0000 45b1d0b1 845a73f7: add_disk_randomness(8:0) 45b1d0b1 845a73f7
[    1.970301] random 0048 0000 0000 45b1d0b1 845a73f7: add_timer_randomness(.. 8388864)
[    1.983952] random 0048 0000 0000 45b1d0b1 845a73f7: add_disk_randomness(8:0) 45b1d0b1 845a73f7
[    1.983955] random 0048 0000 0000 45b1d0b1 845a73f7: add_timer_randomness(.. 8388864)
[    1.983958] random 0048 0000 0000 45b1d0b1 845a73f7: added 1 entropy credits to input
[    1.988520] random 0049 0000 0000 45b1d0b1 845a73f7: add_disk_randomness(8:0) 45b1d0b1 845a73f7
[    1.988523] random 0049 0000 0000 45b1d0b1 845a73f7: add_timer_randomness(.. 8388864)
[    2.002908] random 0049 0000 0000 45b1d0b1 845a73f7: add_disk_randomness(8:0) 45b1d0b1 845a73f7
[    2.002911] random 0049 0000 0000 45b1d0b1 845a73f7: add_timer_randomness(.. 8388864)
[    2.003167] random 0049 0000 0000 45b1d0b1 845a73f7: rand_read_num 14 get_random_bytes(16): sig fffffc05 45b1d0b1 845a73f7
[    2.003170] random 0049 0000 0000 45b1d0b1 845a73f7: extract_entropy(.. 16 ..)
[    2.003173] random 0049 0000 0000 45b1d0b1 845a73f7: going to reseed nonblocking with 128 bits (128 of 0 requested)
[    2.003175] random 0049 0000 0000 45b1d0b1 845a73f7: extract_entropy(.. 16 ..)
[    2.003177] random 0049 0000 0000 45b1d0b1 845a73f7: trying to extract 128 bits from input
[    2.003179] random 0049 0000 0000 45b1d0b1 845a73f7: debiting 0 entropy credits from input
[    2.003182] random 0049 0000 0000 45b1d0b1 845a73f7: trying to extract 128 bits from nonblocking
[    2.003185] random 0049 0000 0000 45b1d0b1 845a73f7: debiting 128 entropy credits from nonblocking (unlimited)
[    2.024374] random 0049 0000 0000 5012cce3 b8a30621: add_disk_randomness(8:0) 5012cce3 b8a30621
[    2.024377] random 0049 0000 0000 5012cce3 b8a30621: add_timer_randomness(.. 8388864)
[    2.024380] random 0049 0000 0000 5012cce3 b8a30621: added 1 entropy credits to input
[    2.025295] random 0050 0000 0000 5012cce3 b8a30621: add_disk_randomness(8:0) 5012cce3 b8a30621
[    2.025298] random 0050 0000 0000 5012cce3 b8a30621: add_timer_randomness(.. 8388864)
[    2.025734] random 0050 0000 0000 5012cce3 b8a30621: add_disk_randomness(8:0) 5012cce3 b8a30621
[    2.025737] random 0050 0000 0000 5012cce3 b8a30621: add_timer_randomness(.. 8388864)
[    2.042959] random 0050 0000 0000 5012cce3 b8a30621: add_disk_randomness(8:0) 5012cce3 b8a30621
[    2.042962] random 0050 0000 0000 5012cce3 b8a30621: add_timer_randomness(.. 8388864)
[    2.042966] random 0050 0000 0000 5012cce3 b8a30621: added 2 entropy credits to input
[    2.043697] random 0052 0000 0000 5012cce3 b8a30621: add_disk_randomness(8:0) 5012cce3 b8a30621
[    2.043701] random 0052 0000 0000 5012cce3 b8a30621: add_timer_randomness(.. 8388864)
[    2.043730] random 0052 0000 0000 5012cce3 b8a30621: rand_read_num 15 get_random_bytes(16): sig fffffb9d 5012cce3 b8a30621
[    2.043733] random 0052 0000 0000 5012cce3 b8a30621: extract_entropy(.. 16 ..)
[    2.043737] random 0052 0000 0000 5012cce3 b8a30621: going to reseed nonblocking with 128 bits (128 of 0 requested)
[    2.043740] random 0052 0000 0000 5012cce3 b8a30621: extract_entropy(.. 16 ..)
[    2.043742] random 0052 0000 0000 5012cce3 b8a30621: trying to extract 128 bits from input
[    2.043745] random 0052 0000 0000 5012cce3 b8a30621: debiting 0 entropy credits from input
[    2.043748] random 0052 0000 0000 5012cce3 b8a30621: trying to extract 128 bits from nonblocking
[    2.043751] random 0052 0000 0000 5012cce3 b8a30621: debiting 128 entropy credits from nonblocking (unlimited)
[    2.043795] random 0052 0000 0000 89bae1ab 704c432f: rand_read_num 16 get_random_bytes(16): sig 0000006e 89bae1ab 704c432f
[    2.043798] random 0052 0000 0000 89bae1ab 704c432f: extract_entropy(.. 16 ..)
[    2.043802] random 0052 0000 0000 89bae1ab 704c432f: going to reseed nonblocking with 128 bits (128 of 0 requested)
[    2.043804] random 0052 0000 0000 89bae1ab 704c432f: extract_entropy(.. 16 ..)
[    2.043807] random 0052 0000 0000 89bae1ab 704c432f: trying to extract 128 bits from input
[    2.043810] random 0052 0000 0000 89bae1ab 704c432f: debiting 0 entropy credits from input
[    2.043813] random 0052 0000 0000 89bae1ab 704c432f: trying to extract 128 bits from nonblocking
[    2.043816] random 0052 0000 0000 89bae1ab 704c432f: debiting 128 entropy credits from nonblocking (unlimited)
[    2.064728] random 0052 0000 0000 6c298a02 2b1539f8: add_disk_randomness(8:0) 6c298a02 2b1539f8
[    2.064731] random 0052 0000 0000 6c298a02 2b1539f8: add_timer_randomness(.. 8388864)
[    2.064735] random 0052 0000 0000 6c298a02 2b1539f8: added 2 entropy credits to input
[    2.068308] random 0054 0000 0000 6c298a02 2b1539f8: add_disk_randomness(8:0) 6c298a02 2b1539f8
[    2.068312] random 0054 0000 0000 6c298a02 2b1539f8: add_timer_randomness(.. 8388864)
[    2.068475] random 0054 0000 0000 6c298a02 2b1539f8: add_disk_randomness(8:0) 6c298a02 2b1539f8
[    2.068478] random 0054 0000 0000 6c298a02 2b1539f8: add_timer_randomness(.. 8388864)
[    2.091602] random 0054 0000 0000 6c298a02 2b1539f8: add_disk_randomness(8:0) 6c298a02 2b1539f8
[    2.091605] random 0054 0000 0000 6c298a02 2b1539f8: add_timer_randomness(.. 8388864)
[    2.091608] random 0054 0000 0000 6c298a02 2b1539f8: added 2 entropy credits to input
[    2.112013] random 0056 0000 0000 6c298a02 2b1539f8: add_disk_randomness(8:0) 6c298a02 2b1539f8
[    2.112017] random 0056 0000 0000 6c298a02 2b1539f8: add_timer_randomness(.. 8388864)
[    2.125863] random 0056 0000 0000 6c298a02 2b1539f8: add_disk_randomness(8:0) 6c298a02 2b1539f8
[    2.125866] random 0056 0000 0000 6c298a02 2b1539f8: add_timer_randomness(.. 8388864)
[    2.126256] random 0056 0000 0000 6c298a02 2b1539f8: add_disk_randomness(8:0) 6c298a02 2b1539f8
[    2.126258] random 0056 0000 0000 6c298a02 2b1539f8: add_timer_randomness(.. 8388864)
[    2.126286] random 0056 0000 0000 6c298a02 2b1539f8: rand_read_num 17 get_random_bytes(16): sig 00000124 6c298a02 2b1539f8
[    2.126289] random 0056 0000 0000 6c298a02 2b1539f8: extract_entropy(.. 16 ..)
[    2.126293] random 0056 0000 0000 6c298a02 2b1539f8: going to reseed nonblocking with 128 bits (128 of 0 requested)
[    2.126296] random 0056 0000 0000 6c298a02 2b1539f8: extract_entropy(.. 16 ..)
[    2.126298] random 0056 0000 0000 6c298a02 2b1539f8: trying to extract 128 bits from input
[    2.126301] random 0056 0000 0000 6c298a02 2b1539f8: debiting 0 entropy credits from input
[    2.126304] random 0056 0000 0000 6c298a02 2b1539f8: trying to extract 128 bits from nonblocking
[    2.126307] random 0056 0000 0000 6c298a02 2b1539f8: debiting 128 entropy credits from nonblocking (unlimited)
[    2.126757] random 0056 0000 0000 c77b8b35 70f6cab5: add_disk_randomness(8:0) c77b8b35 70f6cab5
[    2.126760] random 0056 0000 0000 c77b8b35 70f6cab5: add_timer_randomness(.. 8388864)
[    2.127089] random 0056 0000 0000 c77b8b35 70f6cab5: add_disk_randomness(8:0) c77b8b35 70f6cab5
[    2.127092] random 0056 0000 0000 c77b8b35 70f6cab5: add_timer_randomness(.. 8388864)
[    2.127375] random 0056 0000 0000 c77b8b35 70f6cab5: add_disk_randomness(8:0) c77b8b35 70f6cab5
[    2.127378] random 0056 0000 0000 c77b8b35 70f6cab5: add_timer_randomness(.. 8388864)
[    2.127408] random 0056 0000 0000 c77b8b35 70f6cab5: rand_read_num 18 get_random_bytes(16): sig ffffff1c c77b8b35 70f6cab5
[    2.127411] random 0056 0000 0000 c77b8b35 70f6cab5: extract_entropy(.. 16 ..)
[    2.127414] random 0056 0000 0000 c77b8b35 70f6cab5: going to reseed nonblocking with 128 bits (128 of 0 requested)
[    2.127417] random 0056 0000 0000 c77b8b35 70f6cab5: extract_entropy(.. 16 ..)
[    2.127420] random 0056 0000 0000 c77b8b35 70f6cab5: trying to extract 128 bits from input
[    2.127423] random 0056 0000 0000 c77b8b35 70f6cab5: debiting 0 entropy credits from input
[    2.127426] random 0056 0000 0000 c77b8b35 70f6cab5: trying to extract 128 bits from nonblocking
[    2.127429] random 0056 0000 0000 c77b8b35 70f6cab5: debiting 128 entropy credits from nonblocking (unlimited)
[    2.133399] random 0056 0000 0000 af21d212 57d20ca3: add_disk_randomness(8:0) af21d212 57d20ca3
[    2.133403] random 0056 0000 0000 af21d212 57d20ca3: add_timer_randomness(.. 8388864)
[    2.133406] random 0056 0000 0000 af21d212 57d20ca3: added 1 entropy credits to input
[    2.134728] random 0057 0000 0000 af21d212 57d20ca3: add_disk_randomness(8:0) af21d212 57d20ca3
[    2.134731] random 0057 0000 0000 af21d212 57d20ca3: add_timer_randomness(.. 8388864)
[    2.135019] random 0057 0000 0000 af21d212 57d20ca3: add_disk_randomness(8:0) af21d212 57d20ca3
[    2.135022] random 0057 0000 0000 af21d212 57d20ca3: add_timer_randomness(.. 8388864)
[    2.135221] random 0057 0000 0000 af21d212 57d20ca3: add_disk_randomness(8:0) af21d212 57d20ca3
[    2.135224] random 0057 0000 0000 af21d212 57d20ca3: add_timer_randomness(.. 8388864)
[    2.135713] random 0057 0000 0000 af21d212 57d20ca3: add_disk_randomness(8:0) af21d212 57d20ca3
[    2.135716] random 0057 0000 0000 af21d212 57d20ca3: add_timer_randomness(.. 8388864)
[    2.136200] random 0057 0000 0000 af21d212 57d20ca3: add_disk_randomness(8:0) af21d212 57d20ca3
[    2.136203] random 0057 0000 0000 af21d212 57d20ca3: add_timer_randomness(.. 8388864)
[    2.144272] random 0057 0000 0000 af21d212 57d20ca3: add_disk_randomness(8:0) af21d212 57d20ca3
[    2.144276] random 0057 0000 0000 af21d212 57d20ca3: add_timer_randomness(.. 8388864)
[    2.144506] random 0057 0000 0000 af21d212 57d20ca3: add_disk_randomness(8:0) af21d212 57d20ca3
[    2.144510] random 0057 0000 0000 af21d212 57d20ca3: add_timer_randomness(.. 8388864)
[    2.145141] random 0057 0000 0000 af21d212 57d20ca3: add_disk_randomness(8:0) af21d212 57d20ca3
[    2.145144] random 0057 0000 0000 af21d212 57d20ca3: add_timer_randomness(.. 8388864)
[    2.166026] random 0057 0000 0000 af21d212 57d20ca3: add_disk_randomness(8:0) af21d212 57d20ca3
[    2.166030] random 0057 0000 0000 af21d212 57d20ca3: add_timer_randomness(.. 8388864)
[    2.166033] random 0057 0000 0000 af21d212 57d20ca3: added 2 entropy credits to input
[    2.166216] random 0059 0000 0000 af21d212 57d20ca3: add_disk_randomness(8:0) af21d212 57d20ca3
[    2.166219] random 0059 0000 0000 af21d212 57d20ca3: add_timer_randomness(.. 8388864)
[    2.167184] random 0059 0000 0000 af21d212 57d20ca3: add_disk_randomness(8:0) af21d212 57d20ca3
[    2.167186] random 0059 0000 0000 af21d212 57d20ca3: add_timer_randomness(.. 8388864)
[    2.171155] random 0059 0000 0000 af21d212 57d20ca3: add_disk_randomness(8:0) af21d212 57d20ca3
[    2.171158] random 0059 0000 0000 af21d212 57d20ca3: add_timer_randomness(.. 8388864)
[    2.193859] random 0059 0000 0000 af21d212 57d20ca3: add_disk_randomness(8:0) af21d212 57d20ca3
[    2.193863] random 0059 0000 0000 af21d212 57d20ca3: add_timer_randomness(.. 8388864)
[    2.193866] random 0059 0000 0000 af21d212 57d20ca3: added 2 entropy credits to input
[    2.193895] random 0061 0000 0000 af21d212 57d20ca3: rand_read_num 19 get_random_bytes(16): sig fffffe1d af21d212 57d20ca3
[    2.193898] random 0061 0000 0000 af21d212 57d20ca3: extract_entropy(.. 16 ..)
[    2.193901] random 0061 0000 0000 af21d212 57d20ca3: going to reseed nonblocking with 128 bits (128 of 0 requested)
[    2.193904] random 0061 0000 0000 af21d212 57d20ca3: extract_entropy(.. 16 ..)
[    2.193907] random 0061 0000 0000 af21d212 57d20ca3: trying to extract 128 bits from input
[    2.193909] random 0061 0000 0000 af21d212 57d20ca3: debiting 0 entropy credits from input
[    2.193913] random 0061 0000 0000 af21d212 57d20ca3: trying to extract 128 bits from nonblocking
[    2.193916] random 0061 0000 0000 af21d212 57d20ca3: debiting 128 entropy credits from nonblocking (unlimited)
[    2.206096] random 0061 0000 0000 151530a2 56c65dd3: add_disk_randomness(8:0) 151530a2 56c65dd3
[    2.206099] random 0061 0000 0000 151530a2 56c65dd3: add_timer_randomness(.. 8388864)
[    2.206103] random 0061 0000 0000 151530a2 56c65dd3: added 1 entropy credits to input
[    2.206982] random 0062 0000 0000 151530a2 56c65dd3: add_disk_randomness(8:0) 151530a2 56c65dd3
[    2.206985] random 0062 0000 0000 151530a2 56c65dd3: add_timer_randomness(.. 8388864)
[    2.210592] random 0062 0000 0000 151530a2 56c65dd3: add_disk_randomness(8:0) 151530a2 56c65dd3
[    2.210595] random 0062 0000 0000 151530a2 56c65dd3: add_timer_randomness(.. 8388864)
[    2.211255] random 0062 0000 0000 151530a2 56c65dd3: add_disk_randomness(8:0) 151530a2 56c65dd3
[    2.211258] random 0062 0000 0000 151530a2 56c65dd3: add_timer_randomness(.. 8388864)
[    2.216928] random 0062 0000 0000 151530a2 56c65dd3: add_disk_randomness(8:0) 151530a2 56c65dd3
[    2.216931] random 0062 0000 0000 151530a2 56c65dd3: add_timer_randomness(.. 8388864)
[    2.216934] random 0062 0000 0000 151530a2 56c65dd3: added 1 entropy credits to input
[    2.218755] random 0063 0000 0000 151530a2 56c65dd3: add_disk_randomness(8:0) 151530a2 56c65dd3
[    2.218758] random 0063 0000 0000 151530a2 56c65dd3: add_timer_randomness(.. 8388864)
[    2.219019] random 0063 0000 0000 151530a2 56c65dd3: add_disk_randomness(8:0) 151530a2 56c65dd3
[    2.219022] random 0063 0000 0000 151530a2 56c65dd3: add_timer_randomness(.. 8388864)
[    2.219569] random 0063 0000 0000 151530a2 56c65dd3: add_disk_randomness(8:0) 151530a2 56c65dd3
[    2.219572] random 0063 0000 0000 151530a2 56c65dd3: add_timer_randomness(.. 8388864)
[    2.220108] random 0063 0000 0000 151530a2 56c65dd3: add_disk_randomness(8:0) 151530a2 56c65dd3
[    2.220111] random 0063 0000 0000 151530a2 56c65dd3: add_timer_randomness(.. 8388864)
[    2.220261] random 0063 0000 0000 151530a2 56c65dd3: rand_read_num 20 get_random_bytes(16): sig ffffffbf 151530a2 56c65dd3
[    2.220264] random 0063 0000 0000 151530a2 56c65dd3: extract_entropy(.. 16 ..)
