[    0.000000] random 0000 0000 0000 00000000 00000000: rand_read_num 1 get_random_bytes(8): sig 00000000 00000000 00000000
[    0.000000] random 0000 0000 0000 00000000 00000000: extract_entropy(.. 8 ..)
[    0.000000] random 0000 0000 0000 00000000 00000000: going to reseed nonblocking with 64 bits (64 of 0 requested)
[    0.000000] random 0000 0000 0000 00000000 00000000: extract_entropy(.. 8 ..)
[    0.000000] random 0000 0000 0000 00000000 00000000: trying to extract 64 bits from input
[    0.000000] random 0000 0000 0000 00000000 00000000: debiting 0 entropy credits from input
[    0.000000] random 0000 0000 0000 00000000 00000000: trying to extract 64 bits from nonblocking
[    0.000000] random 0000 0000 0000 00000000 00000000: debiting 64 entropy credits from nonblocking (unlimited)
[    0.000000] Initializing cgroup subsys cpuset
[    0.000000] Initializing cgroup subsys cpu
[    0.000000] Linux version 2.6.32.57 (dcashman@dcashman-01) (gcc version 4.4.3 (Ubuntu 4.4.3-4ubuntu5.1) ) #86 SMP Sun Mar 24 21:46:26 PDT 2013
[    0.000000] KERNEL supported cpus:
[    0.000000]   Intel GenuineIntel
[    0.000000]   AMD AuthenticAMD
[    0.000000]   NSC Geode by NSC
[    0.000000]   Cyrix CyrixInstead
[    0.000000]   Centaur CentaurHauls
[    0.000000]   Transmeta GenuineTMx86
[    0.000000]   Transmeta TransmetaCPU
[    0.000000]   UMC UMC UMC UMC
[    0.000000] BIOS-provided physical RAM map:
[    0.000000]  BIOS-e820: 0000000000000000 - 000000000009fc00 (usable)
[    0.000000]  BIOS-e820: 000000000009fc00 - 00000000000a0000 (reserved)
[    0.000000]  BIOS-e820: 00000000000e4000 - 0000000000100000 (reserved)
[    0.000000]  BIOS-e820: 0000000000100000 - 00000000cff90000 (usable)
[    0.000000]  BIOS-e820: 00000000cff90000 - 00000000cff9e000 (ACPI data)
[    0.000000]  BIOS-e820: 00000000cff9e000 - 00000000cffe0000 (ACPI NVS)
[    0.000000]  BIOS-e820: 00000000cffe0000 - 00000000d0000000 (reserved)
[    0.000000]  BIOS-e820: 00000000fee00000 - 00000000fee01000 (reserved)
[    0.000000]  BIOS-e820: 00000000fff00000 - 0000000100000000 (reserved)
[    0.000000]  BIOS-e820: 0000000100000000 - 00000001b0000000 (usable)
[    0.000000] DMI present.
[    0.000000] AMI BIOS detected: BIOS may corrupt low RAM, working around it.
[    0.000000] e820 update range: 0000000000000000 - 0000000000010000 (usable) ==> (reserved)
[    0.000000] last_pfn = 0x1b0000 max_arch_pfn = 0x1000000
[    0.000000] MTRR default type: uncachable
[    0.000000] MTRR fixed ranges enabled:
[    0.000000]   00000-9FFFF write-back
[    0.000000]   A0000-BFFFF uncachable
[    0.000000]   C0000-CFFFF write-protect
[    0.000000]   D0000-DFFFF uncachable
[    0.000000]   E0000-EFFFF write-through
[    0.000000]   F0000-FFFFF write-protect
[    0.000000] MTRR variable ranges enabled:
[    0.000000]   0 base 1B0000000 mask FF0000000 uncachable
[    0.000000]   1 base 1C0000000 mask FC0000000 uncachable
[    0.000000]   2 base 000000000 mask E00000000 write-back
[    0.000000]   3 base 0D0000000 mask FF0000000 uncachable
[    0.000000]   4 base 0E0000000 mask FE0000000 uncachable
[    0.000000]   5 disabled
[    0.000000]   6 disabled
[    0.000000]   7 disabled
[    0.000000] x86 PAT enabled: cpu 0, old 0x7040600070406, new 0x7010600070106
[    0.000000] e820 update range: 00000000d0000000 - 0000000100000000 (usable) ==> (reserved)
[    0.000000] Scanning 0 areas for low memory corruption
[    0.000000] modified physical RAM map:
[    0.000000]  modified: 0000000000000000 - 0000000000010000 (reserved)
[    0.000000]  modified: 0000000000010000 - 000000000009fc00 (usable)
[    0.000000]  modified: 000000000009fc00 - 00000000000a0000 (reserved)
[    0.000000]  modified: 00000000000e4000 - 0000000000100000 (reserved)
[    0.000000]  modified: 0000000000100000 - 00000000cff90000 (usable)
[    0.000000]  modified: 00000000cff90000 - 00000000cff9e000 (ACPI data)
[    0.000000]  modified: 00000000cff9e000 - 00000000cffe0000 (ACPI NVS)
[    0.000000]  modified: 00000000cffe0000 - 00000000d0000000 (reserved)
[    0.000000]  modified: 00000000fee00000 - 00000000fee01000 (reserved)
[    0.000000]  modified: 00000000fff00000 - 0000000100000000 (reserved)
[    0.000000]  modified: 0000000100000000 - 00000001b0000000 (usable)
[    0.000000] initial memory mapped : 0 - 01000000
[    0.000000] init_memory_mapping: 0000000000000000-00000000379fe000
[    0.000000] NX (Execute Disable) protection: active
[    0.000000]  0000000000 - 0000200000 page 4k
[    0.000000]  0000200000 - 0037800000 page 2M
[    0.000000]  0037800000 - 00379fe000 page 4k
[    0.000000] kernel direct mapping tables up to 379fe000 @ 10000-16000
[    0.000000] ACPI: RSDP 000f91f0 00014 (v00 HPQOEM)
[    0.000000] ACPI: RSDT cff90000 00044 (v01 HPQOEM SLIC-CPC 20090819 MSFT 00000097)
[    0.000000] ACPI: FACP cff90200 00084 (v01 HPQOEM SLIC-CPC 20090819 MSFT 00000097)
[    0.000000] ACPI: DSDT cff90440 05753 (v01 HPQOEM SLIC-CPC 00000050 INTL 20051117)
[    0.000000] ACPI: FACS cff9e000 00040
[    0.000000] ACPI: APIC cff90390 0006C (v01 HPQOEM SLIC-CPC 20090819 MSFT 00000097)
[    0.000000] ACPI: MCFG cff90400 0003C (v01 HPQOEM SLIC-CPC 20090819 MSFT 00000097)
[    0.000000] ACPI: OEMB cff9e040 00076 (v01 HPQOEM SLIC-CPC 20090819 MSFT 00000097)
[    0.000000] ACPI: HPET cff95ba0 00038 (v01 HPQOEM SLIC-CPC 20090819 MSFT 00000097)
[    0.000000] ACPI: GSCI cff9e0c0 02024 (v01 HPQOEM SLIC-CPC 20090819 MSFT 00000097)
[    0.000000] ACPI: SLIC cffa00f0 00176 (v01 HPQOEM SLIC-CPC 00000001 MSFT 00000001)
[    0.000000] ACPI: SSDT cffa0b30 00A7C (v01 HPQOEM SLIC-CPC 00000012 INTL 20051117)
[    0.000000] ACPI: Local APIC address 0xfee00000
[    0.000000] 6022MB HIGHMEM available.
[    0.000000] 889MB LOWMEM available.
[    0.000000]   mapped low ram: 0 - 379fe000
[    0.000000]   low ram: 0 - 379fe000
[    0.000000]   node 0 low ram: 00000000 - 379fe000
[    0.000000]   node 0 bootmap 00012000 - 00018f40
[    0.000000] (8 early reservations) ==> bootmem [0000000000 - 00379fe000]
[    0.000000]   #0 [0000000000 - 0000001000]   BIOS data page ==> [0000000000 - 0000001000]
[    0.000000]   #1 [0000001000 - 0000002000]    EX TRAMPOLINE ==> [0000001000 - 0000002000]
[    0.000000]   #2 [0000006000 - 0000007000]       TRAMPOLINE ==> [0000006000 - 0000007000]
[    0.000000]   #3 [0000100000 - 0000af8778]    TEXT DATA BSS ==> [0000100000 - 0000af8778]
[    0.000000]   #4 [000009fc00 - 0000100000]    BIOS reserved ==> [000009fc00 - 0000100000]
[    0.000000]   #5 [0000af9000 - 0000b01640]              BRK ==> [0000af9000 - 0000b01640]
[    0.000000]   #6 [0000010000 - 0000012000]          PGTABLE ==> [0000010000 - 0000012000]
[    0.000000]   #7 [0000012000 - 0000019000]          BOOTMAP ==> [0000012000 - 0000019000]
[    0.000000] found SMP MP-table at [c00ff780] ff780
[    0.000000] Zone PFN ranges:
[    0.000000]   DMA      0x00000010 -> 0x00001000
[    0.000000]   Normal   0x00001000 -> 0x000379fe
[    0.000000]   HighMem  0x000379fe -> 0x001b0000
[    0.000000] Movable zone start PFN for each node
[    0.000000] early_node_map[3] active PFN ranges
[    0.000000]     0: 0x00000010 -> 0x0000009f
[    0.000000]     0: 0x00000100 -> 0x000cff90
[    0.000000]     0: 0x00100000 -> 0x001b0000
[    0.000000] On node 0 totalpages: 1572639
[    0.000000] free_area_init_node: node 0, pgdat c07ba8a0, node_mem_map c1001200
[    0.000000]   DMA zone: 32 pages used for memmap
[    0.000000]   DMA zone: 0 pages reserved
[    0.000000]   DMA zone: 3951 pages, LIFO batch:0
[    0.000000]   Normal zone: 1748 pages used for memmap
[    0.000000]   Normal zone: 221994 pages, LIFO batch:31
[    0.000000]   HighMem zone: 12045 pages used for memmap
[    0.000000]   HighMem zone: 1332869 pages, LIFO batch:31
[    0.000000] Using APIC driver default
[    0.000000] ACPI: PM-Timer IO Port: 0x808
[    0.000000] ACPI: Local APIC address 0xfee00000
[    0.000000] ACPI: LAPIC (acpi_id[0x01] lapic_id[0x00] enabled)
[    0.000000] ACPI: LAPIC (acpi_id[0x02] lapic_id[0x01] enabled)
[    0.000000] ACPI: LAPIC (acpi_id[0x03] lapic_id[0x02] enabled)
[    0.000000] ACPI: LAPIC (acpi_id[0x04] lapic_id[0x03] enabled)
[    0.000000] ACPI: Skipping IOAPIC probe due to 'noapic' option.
[    0.000000] Using ACPI for processor (LAPIC) configuration information
[    0.000000] ACPI: HPET id: 0xffffffff base: 0xfed00000
[    0.000000] Intel MultiProcessor Specification v1.4
[    0.000000]     Virtual Wire compatibility mode.
[    0.000000] MPTABLE: OEM ID: Intel   
[    0.000000] MPTABLE: Product ID: Eaglelake   
[    0.000000] MPTABLE: APIC at: 0xFEE00000
[    0.000000] I/O APIC #4 Version 32 at 0xFEC00000.
[    0.000000] Processors: 4
[    0.000000] SMP: Allowing 4 CPUs, 0 hotplug CPUs
[    0.000000] nr_irqs_gsi: 24
[    0.000000] PM: Registered nosave memory: 000000000009f000 - 00000000000a0000
[    0.000000] PM: Registered nosave memory: 00000000000a0000 - 00000000000e4000
[    0.000000] PM: Registered nosave memory: 00000000000e4000 - 0000000000100000
[    0.000000] Allocating PCI resources starting at d0000000 (gap: d0000000:2ee00000)
[    0.000000] Booting paravirtualized kernel on bare hardware
[    0.000000] NR_CPUS:8 nr_cpumask_bits:8 nr_cpu_ids:4 nr_node_ids:1
[    0.000000] PERCPU: Embedded 15 pages/cpu @c4800000 s39416 r0 d22024 u524288
[    0.000000] pcpu-alloc: s39416 r0 d22024 u524288 alloc=1*2097152
[    0.000000] pcpu-alloc: [0] 0 1 2 3 
[    0.000000] Built 1 zonelists in Zone order, mobility grouping on.  Total pages: 1558814
[    0.000000] Kernel command line: BOOT_IMAGE=/boot/vmlinuz-2.6.32.57 root=/dev/sda1 ro quiet maxcpus=0 kgdboe=132.239.95.229/132.239.95.228
[    0.000000] PID hash table entries: 4096 (order: 2, 16384 bytes)
[    0.000000] Dentry cache hash table entries: 131072 (order: 7, 524288 bytes)
[    0.000000] Inode-cache hash table entries: 65536 (order: 6, 262144 bytes)
[    0.000000] Enabling fast FPU save and restore... done.
[    0.000000] Enabling unmasked SIMD FPU exception support... done.
[    0.000000] Initializing CPU#0
[    0.000000] allocated 35389120 bytes of page_cgroup
[    0.000000] please try 'cgroup_disable=memory' option if you don't want memory cgroups
[    0.000000] Initializing HighMem for node 0 (000379fe:001b0000)
[    0.000000] Memory: 6188240k/7077888k available (4762k kernel code, 101232k reserved, 2169k data, 676k init, 5379656k highmem)
[    0.000000] virtual kernel memory layout:
[    0.000000]     fixmap  : 0xfff1d000 - 0xfffff000   ( 904 kB)
[    0.000000]     pkmap   : 0xffa00000 - 0xffc00000   (2048 kB)
[    0.000000]     vmalloc : 0xf81fe000 - 0xff9fe000   ( 120 MB)
[    0.000000]     lowmem  : 0xc0000000 - 0xf79fe000   ( 889 MB)
[    0.000000]       .init : 0xc07c6000 - 0xc086f000   ( 676 kB)
[    0.000000]       .data : 0xc05a693b - 0xc07c50c8   (2169 kB)
[    0.000000]       .text : 0xc0100000 - 0xc05a693b   (4762 kB)
[    0.000000] Checking if this processor honours the WP bit even in supervisor mode...Ok.
[    0.000000] SLUB: Genslabs=13, HWalign=64, Order=0-3, MinObjects=0, CPUs=4, Nodes=1
[    0.000000] Hierarchical RCU implementation.
[    0.000000] NR_IRQS:2304 nr_irqs:440
[    0.000000] Console: colour VGA+ 80x25
[    0.000000] console [tty0] enabled
[    0.000000] hpet clockevent registered
[    0.000000] Fast TSC calibration using PIT
[    0.000000] Detected 2494.180 MHz processor.
[    0.004004] Calibrating delay loop (skipped), value calculated using timer frequency.. 4988.36 BogoMIPS (lpj=9976720)
[    0.004016] Security Framework initialized
[    0.004022] SELinux:  Disabled at boot.
[    0.004028] Mount-cache hash table entries: 512
[    0.004136] Initializing cgroup subsys ns
[    0.004139] Initializing cgroup subsys cpuacct
[    0.004143] Initializing cgroup subsys memory
[    0.004148] Initializing cgroup subsys devices
[    0.004150] Initializing cgroup subsys freezer
[    0.004151] Initializing cgroup subsys net_cls
[    0.004171] CPU: L1 I cache: 32K, L1 D cache: 32K
[    0.004173] CPU: L2 cache: 3072K
[    0.004175] CPU: Physical Processor ID: 0
[    0.004177] CPU: Processor Core ID: 0
[    0.004180] mce: CPU supports 6 MCE banks
[    0.004187] CPU0: Thermal monitoring enabled (TM2)
[    0.004190] using mwait in idle threads.
[    0.004195] Performance Events: Core2 events, Intel PMU driver.
[    0.004199] ... version:                2
[    0.004201] ... bit width:              40
[    0.004202] ... generic registers:      2
[    0.004204] ... value mask:             000000ffffffffff
[    0.004205] ... max period:             000000007fffffff
[    0.004206] ... fixed-purpose events:   3
[    0.004208] ... event mask:             0000000700000003
[    0.004212] Checking 'hlt' instruction... OK.
[    0.020760] SMP alternatives: switching to UP code
[    0.027804] ACPI: Core revision 20090903
[    0.034607] ACPI: setting ELCR to 0200 (from 0cb8)
[    0.036006] ftrace: converting mcount calls to 0f 1f 44 00 00
[    0.036010] ftrace: allocating 20938 entries in 41 pages
[    0.040042] Enabling APIC mode:  Flat.  Using 1 I/O APICs
[    0.040044] SMP mode deactivated.
[    0.040048] SMP disabled
[    0.040115] Brought up 1 CPUs
[    0.040117] Total of 1 processors activated (4988.36 BogoMIPS).
[    0.040121] CPU0 attaching NULL sched-domain.
[    0.040183] devtmpfs: initialized
[    0.040312] sysctl table check failed: /kernel/random/now_input .1.40.7 Unknown sysctl binary path
[    0.040528] Pid: 1, comm: swapper Not tainted 2.6.32.57 #86
[    0.040530] Call Trace:
[    0.040535]  [<c059ee94>] ? printk+0x1d/0x21
[    0.040539]  [<c01766af>] set_fail+0x4f/0x60
[    0.040542]  [<c0176a0e>] sysctl_check_table+0x34e/0x690
[    0.040544]  [<c0176650>] ? sysctl_check_lookup+0x120/0x130
[    0.040547]  [<c0176a27>] sysctl_check_table+0x367/0x690
[    0.040549]  [<c0176650>] ? sysctl_check_lookup+0x120/0x130
[    0.040552]  [<c0176a27>] sysctl_check_table+0x367/0x690
[    0.040556]  [<c07ded5c>] sysctl_init+0x25/0x29
[    0.040558]  [<c0103041>] do_one_initcall+0x31/0x190
[    0.040560]  [<c07ded37>] ? sysctl_init+0x0/0x29
[    0.040564]  [<c07c6365>] kernel_init+0x12d/0x183
[    0.040566]  [<c07c6238>] ? kernel_init+0x0/0x183
[    0.040569]  [<c010a2c7>] kernel_thread_helper+0x7/0x10
[    0.040571] sysctl table check failed: /kernel/random/now_blocking .1.40.8 Unknown sysctl binary path
[    0.040784] Pid: 1, comm: swapper Not tainted 2.6.32.57 #86
[    0.040785] Call Trace:
[    0.040787]  [<c059ee94>] ? printk+0x1d/0x21
[    0.040789]  [<c01766af>] set_fail+0x4f/0x60
[    0.040792]  [<c0176a0e>] sysctl_check_table+0x34e/0x690
[    0.040795]  [<c0176650>] ? sysctl_check_lookup+0x120/0x130
[    0.040797]  [<c0176a27>] sysctl_check_table+0x367/0x690
[    0.040800]  [<c0176650>] ? sysctl_check_lookup+0x120/0x130
[    0.040802]  [<c0176a27>] sysctl_check_table+0x367/0x690
[    0.040805]  [<c07ded5c>] sysctl_init+0x25/0x29
[    0.040807]  [<c0103041>] do_one_initcall+0x31/0x190
[    0.040809]  [<c07ded37>] ? sysctl_init+0x0/0x29
[    0.040812]  [<c07c6365>] kernel_init+0x12d/0x183
[    0.040814]  [<c07c6238>] ? kernel_init+0x0/0x183
[    0.040816]  [<c010a2c7>] kernel_thread_helper+0x7/0x10
[    0.040818] sysctl table check failed: /kernel/random/now_nonblocking .1.40.9 Unknown sysctl binary path
[    0.041031] Pid: 1, comm: swapper Not tainted 2.6.32.57 #86
[    0.041033] Call Trace:
[    0.041035]  [<c059ee94>] ? printk+0x1d/0x21
[    0.041037]  [<c01766af>] set_fail+0x4f/0x60
[    0.041040]  [<c0176a0e>] sysctl_check_table+0x34e/0x690
[    0.041043]  [<c0176650>] ? sysctl_check_lookup+0x120/0x130
[    0.041045]  [<c0176a27>] sysctl_check_table+0x367/0x690
[    0.041048]  [<c0176650>] ? sysctl_check_lookup+0x120/0x130
[    0.041050]  [<c0176a27>] sysctl_check_table+0x367/0x690
[    0.041053]  [<c07ded5c>] sysctl_init+0x25/0x29
[    0.041055]  [<c0103041>] do_one_initcall+0x31/0x190
[    0.041058]  [<c07ded37>] ? sysctl_init+0x0/0x29
[    0.041060]  [<c07c6365>] kernel_init+0x12d/0x183
[    0.041062]  [<c07c6238>] ? kernel_init+0x0/0x183
[    0.041064]  [<c010a2c7>] kernel_thread_helper+0x7/0x10
[    0.041066] sysctl table check failed: /kernel/random/nb_input_bytes .1.40.10 Unknown sysctl binary path
[    0.041280] Pid: 1, comm: swapper Not tainted 2.6.32.57 #86
[    0.041281] Call Trace:
[    0.041283]  [<c059ee94>] ? printk+0x1d/0x21
[    0.041286]  [<c01766af>] set_fail+0x4f/0x60
[    0.041288]  [<c0176a0e>] sysctl_check_table+0x34e/0x690
[    0.041291]  [<c0176650>] ? sysctl_check_lookup+0x120/0x130
[    0.041293]  [<c0176a27>] sysctl_check_table+0x367/0x690
[    0.041296]  [<c0176650>] ? sysctl_check_lookup+0x120/0x130
[    0.041299]  [<c0176a27>] sysctl_check_table+0x367/0x690
[    0.041301]  [<c07ded5c>] sysctl_init+0x25/0x29
[    0.041303]  [<c0103041>] do_one_initcall+0x31/0x190
[    0.041306]  [<c07ded37>] ? sysctl_init+0x0/0x29
[    0.041308]  [<c07c6365>] kernel_init+0x12d/0x183
[    0.041310]  [<c07c6238>] ? kernel_init+0x0/0x183
[    0.041313]  [<c010a2c7>] kernel_thread_helper+0x7/0x10
[    0.041315] sysctl table check failed: /kernel/random/nb_stir_count .1.40.11 Unknown sysctl binary path
[    0.041528] Pid: 1, comm: swapper Not tainted 2.6.32.57 #86
[    0.041529] Call Trace:
[    0.041531]  [<c059ee94>] ? printk+0x1d/0x21
[    0.041534]  [<c01766af>] set_fail+0x4f/0x60
[    0.041536]  [<c0176a0e>] sysctl_check_table+0x34e/0x690
[    0.041539]  [<c0176650>] ? sysctl_check_lookup+0x120/0x130
[    0.041542]  [<c0176a27>] sysctl_check_table+0x367/0x690
[    0.041544]  [<c0176650>] ? sysctl_check_lookup+0x120/0x130
[    0.041547]  [<c0176a27>] sysctl_check_table+0x367/0x690
[    0.041549]  [<c07ded5c>] sysctl_init+0x25/0x29
[    0.041551]  [<c0103041>] do_one_initcall+0x31/0x190
[    0.041554]  [<c07ded37>] ? sysctl_init+0x0/0x29
[    0.041556]  [<c07c6365>] kernel_init+0x12d/0x183
[    0.041559]  [<c07c6238>] ? kernel_init+0x0/0x183
[    0.041561]  [<c010a2c7>] kernel_thread_helper+0x7/0x10
[    0.041563] sysctl table check failed: /kernel/random/nb_reentry_count .1.40.12 Unknown sysctl binary path
[    0.041776] Pid: 1, comm: swapper Not tainted 2.6.32.57 #86
[    0.041777] Call Trace:
[    0.041779]  [<c059ee94>] ? printk+0x1d/0x21
[    0.041782]  [<c01766af>] set_fail+0x4f/0x60
[    0.041784]  [<c0176a0e>] sysctl_check_table+0x34e/0x690
[    0.041787]  [<c0176650>] ? sysctl_check_lookup+0x120/0x130
[    0.041789]  [<c0176a27>] sysctl_check_table+0x367/0x690
[    0.041792]  [<c0176650>] ? sysctl_check_lookup+0x120/0x130
[    0.041795]  [<c0176a27>] sysctl_check_table+0x367/0x690
[    0.041797]  [<c07ded5c>] sysctl_init+0x25/0x29
[    0.041799]  [<c0103041>] do_one_initcall+0x31/0x190
[    0.041802]  [<c07ded37>] ? sysctl_init+0x0/0x29
[    0.041804]  [<c07c6365>] kernel_init+0x12d/0x183
[    0.041806]  [<c07c6238>] ? kernel_init+0x0/0x183
[    0.041809]  [<c010a2c7>] kernel_thread_helper+0x7/0x10
[    0.041943] regulator: core version 0.5
[    0.041963] Time:  5:24:48  Date: 03/25/13
[    0.041994] NET: Registered protocol family 16
[    0.042066] EISA bus registered
[    0.042072] ACPI: bus type pci registered
[    0.042121] PCI: MCFG configuration 0: base f0000000 segment 0 buses 0 - 63
[    0.042123] PCI: Not using MMCONFIG.
[    0.042248] PCI: Using configuration type 1 for base access
[    0.042845] bio: create slab <bio-0> at 0
[    0.043371] ACPI: EC: Look up EC in DSDT
[    0.045241] ACPI: Executed 1 blocks of module-level executable AML code
[    0.049137] ACPI: Interpreter enabled
[    0.049141] ACPI: (supports S0 S1 S3 S4 S5)
[    0.049158] ACPI: Using PIC for interrupt routing
[    0.049198] PCI: MCFG configuration 0: base f0000000 segment 0 buses 0 - 63
[    0.050584] PCI: MCFG area at f0000000 reserved in ACPI motherboard resources
[    0.050585] PCI: Using MMCONFIG for extended config space
[    0.056637] ACPI: No dock devices found.
[    0.056886] ACPI: PCI Root Bridge [PCI0] (0000:00)
[    0.056968] pci 0000:00:01.0: PME# supported from D0 D3hot D3cold
[    0.056971] pci 0000:00:01.0: PME# disabled
[    0.057027] pci 0000:00:1a.0: reg 20 io port: [0xc000-0xc01f]
[    0.057090] pci 0000:00:1a.1: reg 20 io port: [0xc080-0xc09f]
[    0.057152] pci 0000:00:1a.2: reg 20 io port: [0xc400-0xc41f]
[    0.057218] pci 0000:00:1a.7: reg 10 32bit mmio: [0xfe9ff400-0xfe9ff7ff]
[    0.057279] pci 0000:00:1a.7: PME# supported from D0 D3hot D3cold
[    0.057282] pci 0000:00:1a.7: PME# disabled
[    0.057315] pci 0000:00:1b.0: reg 10 64bit mmio: [0xfe9f8000-0xfe9fbfff]
[    0.057360] pci 0000:00:1b.0: PME# supported from D0 D3hot D3cold
[    0.057363] pci 0000:00:1b.0: PME# disabled
[    0.057425] pci 0000:00:1c.0: PME# supported from D0 D3hot D3cold
[    0.057428] pci 0000:00:1c.0: PME# disabled
[    0.057494] pci 0000:00:1c.5: PME# supported from D0 D3hot D3cold
[    0.057497] pci 0000:00:1c.5: PME# disabled
[    0.057541] pci 0000:00:1d.0: reg 20 io port: [0xc480-0xc49f]
[    0.057604] pci 0000:00:1d.1: reg 20 io port: [0xc800-0xc81f]
[    0.057667] pci 0000:00:1d.2: reg 20 io port: [0xc880-0xc89f]
[    0.057734] pci 0000:00:1d.7: reg 10 32bit mmio: [0xfe9ff800-0xfe9ffbff]
[    0.057794] pci 0000:00:1d.7: PME# supported from D0 D3hot D3cold
[    0.057798] pci 0000:00:1d.7: PME# disabled
[    0.057951] pci 0000:00:1f.2: reg 10 io port: [0x00-0x07]
[    0.057956] pci 0000:00:1f.2: reg 14 io port: [0x00-0x03]
[    0.057960] pci 0000:00:1f.2: reg 18 io port: [0x00-0x07]
[    0.057965] pci 0000:00:1f.2: reg 1c io port: [0x00-0x03]
[    0.057969] pci 0000:00:1f.2: reg 20 io port: [0xff90-0xff9f]
[    0.057974] pci 0000:00:1f.2: reg 24 io port: [0xffa0-0xffaf]
[    0.058019] pci 0000:00:1f.3: reg 10 64bit mmio: [0xfe9ffc00-0xfe9ffcff]
[    0.058030] pci 0000:00:1f.3: reg 20 io port: [0x400-0x41f]
[    0.058070] pci 0000:04:00.0: reg 10 64bit mmio pref: [0xe0000000-0xefffffff]
[    0.058077] pci 0000:04:00.0: reg 18 64bit mmio: [0xfebe0000-0xfebeffff]
[    0.058082] pci 0000:04:00.0: reg 20 io port: [0xe000-0xe0ff]
[    0.058089] pci 0000:04:00.0: reg 30 32bit mmio pref: [0xfebc0000-0xfebdffff]
[    0.058115] pci 0000:04:00.0: supports D1 D2
[    0.058142] pci 0000:04:00.1: reg 10 64bit mmio: [0xfebfc000-0xfebfffff]
[    0.058182] pci 0000:04:00.1: supports D1 D2
[    0.058217] pci 0000:00:01.0: bridge io port: [0xe000-0xefff]
[    0.058220] pci 0000:00:01.0: bridge 32bit mmio: [0xfeb00000-0xfebfffff]
[    0.058223] pci 0000:00:01.0: bridge 64bit mmio pref: [0xe0000000-0xefffffff]
[    0.058297] pci 0000:02:00.0: reg 10 io port: [0xd800-0xd8ff]
[    0.058315] pci 0000:02:00.0: reg 18 64bit mmio: [0xfeaff000-0xfeafffff]
[    0.058327] pci 0000:02:00.0: reg 20 64bit mmio pref: [0xdfffc000-0xdfffffff]
[    0.058334] pci 0000:02:00.0: reg 30 32bit mmio pref: [0xfeac0000-0xfeadffff]
[    0.058392] pci 0000:02:00.0: supports D1 D2
[    0.058394] pci 0000:02:00.0: PME# supported from D0 D1 D2 D3hot D3cold
[    0.058398] pci 0000:02:00.0: PME# disabled
[    0.058445] pci 0000:00:1c.5: bridge io port: [0xd000-0xdfff]
[    0.058448] pci 0000:00:1c.5: bridge 32bit mmio: [0xfea00000-0xfeafffff]
[    0.058453] pci 0000:00:1c.5: bridge 64bit mmio pref: [0xdff00000-0xdfffffff]
[    0.058491] pci 0000:00:1e.0: transparent bridge
[    0.058510] pci_bus 0000:00: on NUMA node 0
[    0.058513] ACPI: PCI Interrupt Routing Table [\_SB_.PCI0._PRT]
[    0.058671] ACPI: PCI Interrupt Routing Table [\_SB_.PCI0.P0P2._PRT]
[    0.058754] ACPI: PCI Interrupt Routing Table [\_SB_.PCI0.P0P4._PRT]
[    0.058813] ACPI: PCI Interrupt Routing Table [\_SB_.PCI0.P0P9._PRT]
[    0.070855] ACPI: PCI Interrupt Link [LNKA] (IRQs 3 4 6 7 *10 11 12 14 15)
[    0.070944] ACPI: PCI Interrupt Link [LNKB] (IRQs *5)
[    0.071029] ACPI: PCI Interrupt Link [LNKC] (IRQs 3 4 6 7 10 *11 12 14 15)
[    0.071116] ACPI: PCI Interrupt Link [LNKD] (IRQs 3 4 6 7 10 11 12 14 15) *0, disabled.
[    0.071204] ACPI: PCI Interrupt Link [LNKE] (IRQs 3 4 6 *7 10 11 12 14 15)
[    0.071291] ACPI: PCI Interrupt Link [LNKF] (IRQs 3 4 6 7 *10 11 12 14 15)
[    0.071378] ACPI: PCI Interrupt Link [LNKG] (IRQs 3 *4 6 7 10 11 12 14 15)
[    0.071465] ACPI: PCI Interrupt Link [LNKH] (IRQs *3 4 6 7 10 11 12 14 15)
[    0.071540] vgaarb: device added: PCI:0000:04:00.0,decodes=io+mem,owns=io+mem,locks=none
[    0.071542] vgaarb: loaded
[    0.071617] SCSI subsystem initialized
[    0.071644] libata version 3.00 loaded.
[    0.071690] usbcore: registered new interface driver usbfs
[    0.071698] usbcore: registered new interface driver hub
[    0.071715] usbcore: registered new device driver usb
[    0.071795] ACPI: WMI: Mapper loaded
[    0.071797] PCI: Using ACPI for IRQ routing
[    0.071894] NetLabel: Initializing
[    0.071896] NetLabel:  domain hash size = 128
[    0.071897] NetLabel:  protocols = UNLABELED CIPSOv4
[    0.071905] NetLabel:  unlabeled traffic allowed by default
[    0.071926] HPET: 4 timers in total, 0 timers will be used for per-cpu timer
[    0.071931] hpet0: at MMIO 0xfed00000, IRQs 2, 8, 0, 0
[    0.071934] hpet0: 4 comparators, 64-bit 14.318180 MHz counter
[    0.073008] random 0000 0000 0000 00000000 00000000: rand_read_num 2 get_random_bytes(8): sig fffffe1a 00000000 00000000
[    0.073010] random 0000 0000 0000 00000000 00000000: extract_entropy(.. 8 ..)
[    0.073013] random 0000 0000 0000 00000000 00000000: going to reseed nonblocking with 64 bits (64 of 0 requested)
[    0.073015] random 0000 0000 0000 00000000 00000000: extract_entropy(.. 8 ..)
[    0.073017] random 0000 0000 0000 00000000 00000000: trying to extract 64 bits from input
[    0.073019] random 0000 0000 0000 00000000 00000000: debiting 0 entropy credits from input
[    0.073022] random 0000 0000 0000 00000000 00000000: trying to extract 64 bits from nonblocking
[    0.073024] random 0000 0000 0000 00000000 00000000: debiting 64 entropy credits from nonblocking (unlimited)
[    0.076016] Switching to clocksource tsc
[    0.077370] pnp: PnP ACPI init
[    0.077378] ACPI: bus type pnp registered
[    0.079020] pnp: PnP ACPI: found 14 devices
[    0.079022] ACPI: ACPI bus type pnp unregistered
[    0.079025] PnPBIOS: Disabled by ACPI PNP
[    0.079032] system 00:01: iomem range 0xfed14000-0xfed19fff has been reserved
[    0.079034] system 00:01: iomem range 0xfed90000-0xfed93fff has been reserved
[    0.079040] system 00:06: ioport range 0x4d0-0x4d1 has been reserved
[    0.079042] system 00:06: ioport range 0x800-0x87f has been reserved
[    0.079044] system 00:06: ioport range 0x500-0x57f has been reserved
[    0.079046] system 00:06: iomem range 0xfed1c000-0xfed1ffff has been reserved
[    0.079048] system 00:06: iomem range 0xfed20000-0xfed3ffff has been reserved
[    0.079051] system 00:06: iomem range 0xfed40000-0xfed8ffff has been reserved
[    0.079055] system 00:09: iomem range 0xffc00000-0xffefffff has been reserved
[    0.079059] system 00:0a: iomem range 0xfec00000-0xfec00fff has been reserved
[    0.079061] system 00:0a: iomem range 0xfee00000-0xfee00fff has been reserved
[    0.079065] system 00:0b: ioport range 0xa00-0xadf has been reserved
[    0.079069] system 00:0c: iomem range 0xf0000000-0xf3ffffff has been reserved
[    0.079073] system 00:0d: iomem range 0x0-0x9ffff could not be reserved
[    0.079075] system 00:0d: iomem range 0xc0000-0xcffff could not be reserved
[    0.079078] system 00:0d: iomem range 0xe0000-0xfffff could not be reserved
[    0.079080] system 00:0d: iomem range 0x100000-0xcfffffff could not be reserved
[    0.079082] system 00:0d: iomem range 0xfed90000-0xffffffff could not be reserved
[    0.113669] pci 0000:00:01.0: PCI bridge, secondary bus 0000:04
[    0.113672] pci 0000:00:01.0:   IO window: 0xe000-0xefff
[    0.113675] pci 0000:00:01.0:   MEM window: 0xfeb00000-0xfebfffff
[    0.113677] pci 0000:00:01.0:   PREFETCH window: 0x000000e0000000-0x000000efffffff
[    0.113681] pci 0000:00:1c.0: PCI bridge, secondary bus 0000:03
[    0.113683] pci 0000:00:1c.0:   IO window: 0x1000-0x1fff
[    0.113687] pci 0000:00:1c.0:   MEM window: 0xd0000000-0xd01fffff
[    0.113690] pci 0000:00:1c.0:   PREFETCH window: 0x000000d0200000-0x000000d03fffff
[    0.113695] pci 0000:00:1c.5: PCI bridge, secondary bus 0000:02
[    0.113698] pci 0000:00:1c.5:   IO window: 0xd000-0xdfff
[    0.113701] pci 0000:00:1c.5:   MEM window: 0xfea00000-0xfeafffff
[    0.113705] pci 0000:00:1c.5:   PREFETCH window: 0x000000dff00000-0x000000dfffffff
[    0.113709] pci 0000:00:1e.0: PCI bridge, secondary bus 0000:01
[    0.113711] pci 0000:00:1e.0:   IO window: disabled
[    0.113714] pci 0000:00:1e.0:   MEM window: disabled
[    0.113717] pci 0000:00:1e.0:   PREFETCH window: disabled
[    0.113826] ACPI: PCI Interrupt Link [LNKA] enabled at IRQ 10
[    0.113828] PCI: setting IRQ 10 as level-triggered
[    0.113832] pci 0000:00:01.0: PCI INT A -> Link[LNKA] -> GSI 10 (level, low) -> IRQ 10
[    0.113835] pci 0000:00:01.0: setting latency timer to 64
[    0.113841] pci 0000:00:1c.0: enabling device (0104 -> 0107)
[    0.113939] ACPI: PCI Interrupt Link [LNKB] enabled at IRQ 5
[    0.113941] PCI: setting IRQ 5 as level-triggered
[    0.113945] pci 0000:00:1c.0: PCI INT A -> Link[LNKB] -> GSI 5 (level, low) -> IRQ 5
[    0.113948] pci 0000:00:1c.0: setting latency timer to 64
[    0.113955] pci 0000:00:1c.5: PCI INT B -> Link[LNKA] -> GSI 10 (level, low) -> IRQ 10
[    0.113959] pci 0000:00:1c.5: setting latency timer to 64
[    0.113964] pci 0000:00:1e.0: setting latency timer to 64
[    0.113967] pci_bus 0000:00: resource 0 io:  [0x00-0xffff]
[    0.113969] pci_bus 0000:00: resource 1 mem: [0x000000-0xffffffffffffffff]
[    0.113971] pci_bus 0000:04: resource 0 io:  [0xe000-0xefff]
[    0.113973] pci_bus 0000:04: resource 1 mem: [0xfeb00000-0xfebfffff]
[    0.113975] pci_bus 0000:04: resource 2 pref mem [0xe0000000-0xefffffff]
[    0.113977] pci_bus 0000:03: resource 0 io:  [0x1000-0x1fff]
[    0.113979] pci_bus 0000:03: resource 1 mem: [0xd0000000-0xd01fffff]
[    0.113981] pci_bus 0000:03: resource 2 pref mem [0xd0200000-0xd03fffff]
[    0.113983] pci_bus 0000:02: resource 0 io:  [0xd000-0xdfff]
[    0.113984] pci_bus 0000:02: resource 1 mem: [0xfea00000-0xfeafffff]
[    0.113986] pci_bus 0000:02: resource 2 pref mem [0xdff00000-0xdfffffff]
[    0.113988] pci_bus 0000:01: resource 3 io:  [0x00-0xffff]
[    0.113990] pci_bus 0000:01: resource 4 mem: [0x000000-0xffffffffffffffff]
[    0.114010] NET: Registered protocol family 2
[    0.114035] random 0000 0000 0000 5f8db4e5 4cfdf2a8: rand_read_num 3 get_random_bytes(4): sig fffffb64 5f8db4e5 4cfdf2a8
[    0.114038] random 0000 0000 0000 5f8db4e5 4cfdf2a8: extract_entropy(.. 4 ..)
[    0.114040] random 0000 0000 0000 5f8db4e5 4cfdf2a8: going to reseed nonblocking with 64 bits (32 of 0 requested)
[    0.114042] random 0000 0000 0000 5f8db4e5 4cfdf2a8: extract_entropy(.. 8 ..)
[    0.114044] random 0000 0000 0000 5f8db4e5 4cfdf2a8: trying to extract 64 bits from input
[    0.114047] random 0000 0000 0000 5f8db4e5 4cfdf2a8: debiting 0 entropy credits from input
[    0.114049] random 0000 0000 0000 5f8db4e5 4cfdf2a8: trying to extract 32 bits from nonblocking
[    0.114051] random 0000 0000 0000 5f8db4e5 4cfdf2a8: debiting 32 entropy credits from nonblocking (unlimited)
[    0.114085] IP route cache hash table entries: 32768 (order: 5, 131072 bytes)
[    0.114291] TCP established hash table entries: 131072 (order: 8, 1048576 bytes)
[    0.114612] TCP bind hash table entries: 65536 (order: 7, 524288 bytes)
[    0.114778] TCP: Hash tables configured (established 131072 bind 65536)
[    0.114779] TCP reno registered
[    0.114823] NET: Registered protocol family 1
[    0.114929] pci 0000:04:00.0: Boot video device
[    0.115038] cpufreq-nforce2: No nForce2 chipset.
[    0.115052] Scanning for low memory corruption every 60 seconds
[    0.115122] audit: initializing netlink socket (disabled)
[    0.115128] type=2000 audit(1364189088.111:1): initialized
[    0.123376] highmem bounce pool size: 64 pages
[    0.123379] HugeTLB registered 2 MB page size, pre-allocated 0 pages
[    0.124383] VFS: Disk quotas dquot_6.5.2
[    0.124422] Dquot-cache hash table entries: 1024 (order 0, 4096 bytes)
[    0.124825] fuse init (API version 7.13)
[    0.124888] msgmni has been set to 1581
[    0.125019] alg: No test for stdrng (krng)
[    0.125059] Block layer SCSI generic (bsg) driver version 0.4 loaded (major 253)
[    0.125061] io scheduler noop registered
[    0.125063] io scheduler anticipatory registered
[    0.125064] io scheduler deadline registered
[    0.125091] io scheduler cfq registered (default)
[    0.125174]   alloc irq_desc for 24 on node -1
[    0.125175]   alloc kstat_irqs on node -1
[    0.125182] pcieport 0000:00:01.0: irq 24 for MSI/MSI-X
[    0.125187] pcieport 0000:00:01.0: setting latency timer to 64
[    0.125256]   alloc irq_desc for 25 on node -1
[    0.125258]   alloc kstat_irqs on node -1
[    0.125263] pcieport 0000:00:1c.0: irq 25 for MSI/MSI-X
[    0.125269] pcieport 0000:00:1c.0: setting latency timer to 64
[    0.125355]   alloc irq_desc for 26 on node -1
[    0.125356]   alloc kstat_irqs on node -1
[    0.125361] pcieport 0000:00:1c.5: irq 26 for MSI/MSI-X
[    0.125367] pcieport 0000:00:1c.5: setting latency timer to 64
[    0.125431] pci_hotplug: PCI Hot Plug PCI Core version: 0.5
[    0.125443] Firmware did not grant requested _OSC control
[    0.125456] Firmware did not grant requested _OSC control
[    0.125475] Firmware did not grant requested _OSC control
[    0.125484] Firmware did not grant requested _OSC control
[    0.125494] pciehp: PCI Express Hot Plug Controller Driver version: 0.4
[    0.125600] input: Power Button as /devices/LNXSYSTM:00/LNXSYBUS:00/PNP0C0C:00/input/input0
[    0.125603] ACPI: Power Button [PWRB]
[    0.125634] input: Power Button as /devices/LNXSYSTM:00/LNXPWRBN:00/input/input1
[    0.125636] ACPI: Power Button [PWRF]
[    0.126158] ACPI: SSDT cffa0270 0022C (v01 HPQOEM SLIC-CPC 00000011 INTL 20051117)
[    0.126347] processor LNXCPU:00: registered as cooling_device0
[    0.127926] isapnp: Scanning for PnP cards...
[    0.480768] isapnp: No Plug & Play device found
[    0.480779] random 0000 0000 0000 5f8db4e5 4cfdf2a8: initializing
[    0.481695] Serial: 8250/16550 driver, 4 ports, IRQ sharing enabled
[    0.482646] brd: module loaded
[    0.482956] loop: module loaded
[    0.483011] input: Macintosh mouse button emulation as /devices/virtual/input/input2
[    0.483080] ata_piix 0000:00:1f.2: version 2.13
[    0.483193] ACPI: PCI Interrupt Link [LNKD] enabled at IRQ 11
[    0.483195] PCI: setting IRQ 11 as level-triggered
[    0.483199] ata_piix 0000:00:1f.2: PCI INT B -> Link[LNKD] -> GSI 11 (level, low) -> IRQ 11
[    0.483203] ata_piix 0000:00:1f.2: MAP [ P0 P2 P1 P3 ]
[    0.483235] ata_piix 0000:00:1f.2: setting latency timer to 64
[    0.483269] scsi0 : ata_piix
[    0.483317] scsi1 : ata_piix
[    0.484419] ata1: SATA max UDMA/133 cmd 0x1f0 ctl 0x3f6 bmdma 0xff90 irq 14
[    0.484423] ata2: SATA max UDMA/133 cmd 0x170 ctl 0x376 bmdma 0xff98 irq 15
[    0.484674] Fixed MDIO Bus: probed
[    0.484699] PPP generic driver version 2.4.2
[    0.484726] tun: Universal TUN/TAP device driver, 1.6
[    0.484727] tun: (C) 1999-2004 Max Krasnyansky <maxk@qualcomm.com>
[    0.484786] ehci_hcd: USB 2.0 'Enhanced' Host Controller (EHCI) Driver
[    0.484899] ACPI: PCI Interrupt Link [LNKC] enabled at IRQ 11
[    0.484902] ehci_hcd 0000:00:1a.7: PCI INT C -> Link[LNKC] -> GSI 11 (level, low) -> IRQ 11
[    0.484910] ehci_hcd 0000:00:1a.7: setting latency timer to 64
[    0.484913] ehci_hcd 0000:00:1a.7: EHCI Host Controller
[    0.484935] ehci_hcd 0000:00:1a.7: new USB bus registered, assigned bus number 1
[    0.484956] ehci_hcd 0000:00:1a.7: debug port 1
[    0.488844] ehci_hcd 0000:00:1a.7: cache line size of 32 is not supported
[    0.488870] ehci_hcd 0000:00:1a.7: irq 11, io mem 0xfe9ff400
[    0.503885] ehci_hcd 0000:00:1a.7: USB 2.0 started, EHCI 1.00
[    0.503965] usb usb1: configuration #1 chosen from 1 choice
[    0.503990] hub 1-0:1.0: USB hub found
[    0.504001] hub 1-0:1.0: 6 ports detected
[    0.504140] ACPI: PCI Interrupt Link [LNKH] enabled at IRQ 3
[    0.504142] PCI: setting IRQ 3 as level-triggered
[    0.504146] ehci_hcd 0000:00:1d.7: PCI INT A -> Link[LNKH] -> GSI 3 (level, low) -> IRQ 3
[    0.504154] ehci_hcd 0000:00:1d.7: setting latency timer to 64
[    0.504156] ehci_hcd 0000:00:1d.7: EHCI Host Controller
[    0.504177] ehci_hcd 0000:00:1d.7: new USB bus registered, assigned bus number 2
[    0.504197] ehci_hcd 0000:00:1d.7: debug port 1
[    0.508067] ehci_hcd 0000:00:1d.7: cache line size of 32 is not supported
[    0.508072] ehci_hcd 0000:00:1d.7: irq 3, io mem 0xfe9ff800
[    0.523881] ehci_hcd 0000:00:1d.7: USB 2.0 started, EHCI 1.00
[    0.523951] usb usb2: configuration #1 chosen from 1 choice
[    0.523973] hub 2-0:1.0: USB hub found
[    0.523979] hub 2-0:1.0: 6 ports detected
[    0.524023] ohci_hcd: USB 1.1 'Open' Host Controller (OHCI) Driver
[    0.524031] uhci_hcd: USB Universal Host Controller Interface driver
[    0.524045] uhci_hcd 0000:00:1a.0: PCI INT A -> Link[LNKA] -> GSI 10 (level, low) -> IRQ 10
[    0.524049] uhci_hcd 0000:00:1a.0: setting latency timer to 64
[    0.524051] uhci_hcd 0000:00:1a.0: UHCI Host Controller
[    0.524073] uhci_hcd 0000:00:1a.0: new USB bus registered, assigned bus number 3
[    0.524093] uhci_hcd 0000:00:1a.0: irq 10, io base 0x0000c000
[    0.524151] usb usb3: configuration #1 chosen from 1 choice
[    0.524172] hub 3-0:1.0: USB hub found
[    0.524177] hub 3-0:1.0: 2 ports detected
[    0.524308] ACPI: PCI Interrupt Link [LNKF] enabled at IRQ 10
[    0.524311] uhci_hcd 0000:00:1a.1: PCI INT B -> Link[LNKF] -> GSI 10 (level, low) -> IRQ 10
[    0.524316] uhci_hcd 0000:00:1a.1: setting latency timer to 64
[    0.524318] uhci_hcd 0000:00:1a.1: UHCI Host Controller
[    0.524344] uhci_hcd 0000:00:1a.1: new USB bus registered, assigned bus number 4
[    0.524363] uhci_hcd 0000:00:1a.1: irq 10, io base 0x0000c080
[    0.524421] usb usb4: configuration #1 chosen from 1 choice
[    0.524439] hub 4-0:1.0: USB hub found
[    0.524443] hub 4-0:1.0: 2 ports detected
[    0.524573] ACPI: PCI Interrupt Link [LNKE] enabled at IRQ 7
[    0.524575] PCI: setting IRQ 7 as level-triggered
[    0.524579] uhci_hcd 0000:00:1a.2: PCI INT D -> Link[LNKE] -> GSI 7 (level, low) -> IRQ 7
[    0.524583] uhci_hcd 0000:00:1a.2: setting latency timer to 64
[    0.524585] uhci_hcd 0000:00:1a.2: UHCI Host Controller
[    0.524608] uhci_hcd 0000:00:1a.2: new USB bus registered, assigned bus number 5
[    0.524628] uhci_hcd 0000:00:1a.2: irq 7, io base 0x0000c400
[    0.524685] usb usb5: configuration #1 chosen from 1 choice
[    0.524703] hub 5-0:1.0: USB hub found
[    0.524707] hub 5-0:1.0: 2 ports detected
[    0.524737] uhci_hcd 0000:00:1d.0: PCI INT A -> Link[LNKH] -> GSI 3 (level, low) -> IRQ 3
[    0.524741] uhci_hcd 0000:00:1d.0: setting latency timer to 64
[    0.524744] uhci_hcd 0000:00:1d.0: UHCI Host Controller
[    0.524763] uhci_hcd 0000:00:1d.0: new USB bus registered, assigned bus number 6
[    0.524782] uhci_hcd 0000:00:1d.0: irq 3, io base 0x0000c480
[    0.524838] usb usb6: configuration #1 chosen from 1 choice
[    0.524857] hub 6-0:1.0: USB hub found
[    0.524862] hub 6-0:1.0: 2 ports detected
[    0.524893] uhci_hcd 0000:00:1d.1: PCI INT B -> Link[LNKE] -> GSI 7 (level, low) -> IRQ 7
[    0.524898] uhci_hcd 0000:00:1d.1: setting latency timer to 64
[    0.524900] uhci_hcd 0000:00:1d.1: UHCI Host Controller
[    0.524921] uhci_hcd 0000:00:1d.1: new USB bus registered, assigned bus number 7
[    0.524940] uhci_hcd 0000:00:1d.1: irq 7, io base 0x0000c800
[    0.524997] usb usb7: configuration #1 chosen from 1 choice
[    0.525017] hub 7-0:1.0: USB hub found
[    0.525021] hub 7-0:1.0: 2 ports detected
[    0.525048] uhci_hcd 0000:00:1d.2: PCI INT C -> Link[LNKC] -> GSI 11 (level, low) -> IRQ 11
[    0.525053] uhci_hcd 0000:00:1d.2: setting latency timer to 64
[    0.525055] uhci_hcd 0000:00:1d.2: UHCI Host Controller
[    0.525075] uhci_hcd 0000:00:1d.2: new USB bus registered, assigned bus number 8
[    0.525093] uhci_hcd 0000:00:1d.2: irq 11, io base 0x0000c880
[    0.525151] usb usb8: configuration #1 chosen from 1 choice
[    0.525169] hub 8-0:1.0: USB hub found
[    0.525173] hub 8-0:1.0: 2 ports detected
[    0.525239] PNP: No PS/2 controller found. Probing ports directly.
[    0.527688] serio: i8042 KBD port at 0x60,0x64 irq 1
[    0.527693] serio: i8042 AUX port at 0x60,0x64 irq 12
[    0.527768] mice: PS/2 mouse device common for all mice
[    0.527848] rtc_cmos 00:03: RTC can wake from S4
[    0.527882] rtc_cmos 00:03: rtc core: registered rtc_cmos as rtc0
[    0.527897] rtc0: alarms up to one month, y3k, 114 bytes nvram, hpet irqs
[    0.527965] device-mapper: uevent: version 1.0.3
[    0.528025] device-mapper: ioctl: 4.15.0-ioctl (2009-04-01) initialised: dm-devel@redhat.com
[    0.528056] device-mapper: multipath: version 1.1.0 loaded
[    0.528058] device-mapper: multipath round-robin: version 1.0.0 loaded
[    0.528127] EISA: Probing bus 0 at eisa.0
[    0.528131] Cannot allocate resource for EISA slot 1
[    0.528148] EISA: Detected 0 cards.
[    0.528175] cpuidle: using governor ladder
[    0.528177] cpuidle: using governor menu
[    0.528406] random 0000 0000 0000 00000000 00000000: rand_read_num 4 get_random_bytes(136): sig 00000000 00000000 00000000
[    0.528408] random 0000 0000 0000 00000000 00000000: extract_entropy(.. 136 ..)
[    0.528411] random 0000 0000 0000 00000000 00000000: going to reseed nonblocking with 1024 bits (1088 of 0 requested)
[    0.528413] random 0000 0000 0000 00000000 00000000: extract_entropy(.. 128 ..)
[    0.528415] random 0000 0000 0000 00000000 00000000: trying to extract 1024 bits from input
[    0.528417] random 0000 0000 0000 00000000 00000000: debiting 0 entropy credits from input
[    0.528420] random 0000 0000 0000 00000000 00000000: trying to extract 1088 bits from nonblocking
[    0.528422] random 0000 0000 0000 00000000 00000000: debiting 1088 entropy credits from nonblocking (unlimited)
[    0.528453] TCP cubic registered
[    0.528561] NET: Registered protocol family 10
[    0.528598] random 0000 0000 0000 9ff19f9c c07a1d2a: rand_read_num 5 get_random_bytes(4): sig 0000031b 9ff19f9c c07a1d2a
[    0.528600] random 0000 0000 0000 9ff19f9c c07a1d2a: extract_entropy(.. 4 ..)
[    0.528603] random 0000 0000 0000 9ff19f9c c07a1d2a: going to reseed nonblocking with 64 bits (32 of 0 requested)
[    0.528605] random 0000 0000 0000 9ff19f9c c07a1d2a: extract_entropy(.. 8 ..)
[    0.528607] random 0000 0000 0000 9ff19f9c c07a1d2a: trying to extract 64 bits from input
[    0.528609] random 0000 0000 0000 9ff19f9c c07a1d2a: debiting 0 entropy credits from input
[    0.528611] random 0000 0000 0000 9ff19f9c c07a1d2a: trying to extract 32 bits from nonblocking
[    0.528614] random 0000 0000 0000 9ff19f9c c07a1d2a: debiting 32 entropy credits from nonblocking (unlimited)
[    0.529063] NET: Registered protocol family 17
[    0.529336] Using IPI No-Shortcut mode
[    0.529342] random 0000 0000 0000 277f73c3 42024bb9: rand_read_num 6 get_random_bytes(8): sig 000007e9 277f73c3 42024bb9
[    0.529345] random 0000 0000 0000 277f73c3 42024bb9: extract_entropy(.. 8 ..)
[    0.529347] random 0000 0000 0000 277f73c3 42024bb9: going to reseed nonblocking with 64 bits (64 of 0 requested)
[    0.529350] random 0000 0000 0000 277f73c3 42024bb9: extract_entropy(.. 8 ..)
[    0.529352] random 0000 0000 0000 277f73c3 42024bb9: trying to extract 64 bits from input
[    0.529354] random 0000 0000 0000 277f73c3 42024bb9: debiting 0 entropy credits from input
[    0.529356] random 0000 0000 0000 277f73c3 42024bb9: trying to extract 64 bits from nonblocking
[    0.529359] random 0000 0000 0000 277f73c3 42024bb9: debiting 64 entropy credits from nonblocking (unlimited)
[    0.529402] PM: Resume from disk failed.
[    0.529410] registered taskstats version 1
[    0.529413] random 0000 0000 0000 277f73c3 42024bb9: rand_read_num 7 get_random_bytes(12): sig 00000498 277f73c3 42024bb9
[    0.529416] random 0000 0000 0000 277f73c3 42024bb9: extract_entropy(.. 12 ..)
[    0.529418] random 0000 0000 0000 277f73c3 42024bb9: going to reseed nonblocking with 96 bits (96 of 0 requested)
[    0.529420] random 0000 0000 0000 277f73c3 42024bb9: extract_entropy(.. 12 ..)
[    0.529422] random 0000 0000 0000 277f73c3 42024bb9: trying to extract 96 bits from input
[    0.529424] random 0000 0000 0000 277f73c3 42024bb9: debiting 0 entropy credits from input
[    0.529427] random 0000 0000 0000 277f73c3 42024bb9: trying to extract 96 bits from nonblocking
[    0.529429] random 0000 0000 0000 277f73c3 42024bb9: debiting 96 entropy credits from nonblocking (unlimited)
[    0.529679] random 0000 0000 0000 412698f6 0cc8689a: rand_read_num 8 get_random_bytes(64): sig 00000122 412698f6 0cc8689a
[    0.529682] random 0000 0000 0000 412698f6 0cc8689a: extract_entropy(.. 64 ..)
[    0.529684] random 0000 0000 0000 412698f6 0cc8689a: going to reseed nonblocking with 512 bits (512 of 0 requested)
[    0.529686] random 0000 0000 0000 412698f6 0cc8689a: extract_entropy(.. 64 ..)
[    0.529689] random 0000 0000 0000 412698f6 0cc8689a: trying to extract 512 bits from input
[    0.529691] random 0000 0000 0000 412698f6 0cc8689a: debiting 0 entropy credits from input
[    0.529693] random 0000 0000 0000 412698f6 0cc8689a: trying to extract 512 bits from nonblocking
[    0.529696] random 0000 0000 0000 412698f6 0cc8689a: debiting 512 entropy credits from nonblocking (unlimited)
[    0.529710]   Magic number: 5:761:416
[    0.529754] rtc_cmos 00:03: setting system clock to 2013-03-25 05:24:48 UTC (1364189088)
[    0.529756] BIOS EDD facility v0.16 2004-Jun-25, 0 devices found
[    0.529758] EDD information not available.
[    0.529780] random 0000 0000 0000 70cfd302 e5edec11: rand_read_num 9 get_random_bytes(64): sig fffffdc1 70cfd302 e5edec11
[    0.529782] random 0000 0000 0000 70cfd302 e5edec11: extract_entropy(.. 64 ..)
[    0.529785] random 0000 0000 0000 70cfd302 e5edec11: going to reseed nonblocking with 512 bits (512 of 0 requested)
[    0.529787] random 0000 0000 0000 70cfd302 e5edec11: extract_entropy(.. 64 ..)
[    0.529789] random 0000 0000 0000 70cfd302 e5edec11: trying to extract 512 bits from input
[    0.529791] random 0000 0000 0000 70cfd302 e5edec11: debiting 0 entropy credits from input
[    0.529793] random 0000 0000 0000 70cfd302 e5edec11: trying to extract 512 bits from nonblocking
[    0.529796] random 0000 0000 0000 70cfd302 e5edec11: debiting 512 entropy credits from nonblocking (unlimited)
[    0.529809] BEGIN NET_SECRET:
[    0.529810] \x18
[    0.529811] \x5c
[    0.529812] \x2b
[    0.529813] \x1
[    0.529814] \xffffff90
[    0.529814] \x19
[    0.529815] \x3c
[    0.529816] \xfffffff2
[    0.529817] \xffffff82
[    0.529818] \x2a
[    0.529819] \xffffffb3
[    0.529820] \xffffffa2
[    0.529821] \x3f
[    0.529821] \x5
[    0.529822] \x52
[    0.529823] \x77
[    0.529824] \x57
[    0.529825] \x79
[    0.529825] \x16
[    0.529826] \x43
[    0.529827] \xffffff84
[    0.529828] \xffffffc3
[    0.529829] \xffffffe9
[    0.529829] \x79
[    0.529830] \x50
[    0.529831] \xffffff8e
[    0.529832] \x3f
[    0.529833] \xfffffff3
[    0.529834] \x19
[    0.529834] \x2a
[    0.529835] \xfffffffd
[    0.529836] \xfffffffb
[    0.529837] \x62
[    0.529838] \x3c
[    0.529839] \xffffffac
[    0.529839] \x1c
[    0.529840] \x3b
[    0.529841] \x3b
[    0.529842] \x15
[    0.529843] \x27
[    0.529843] \xffffffa8
[    0.529844] \x22
[    0.529845] \xffffffc5
[    0.529846] \xffffff9a
[    0.529847] \x5
[    0.529848] \x6c
[    0.529848] \xffffffa8
[    0.529849] \x3a
[    0.529850] \x44
[    0.529851] \xffffffaf
[    0.529852] \x13
[    0.529853] \xffffffe0
[    0.529853] \xffffff9d
[    0.529854] \x22
[    0.529855] \xf
[    0.529856] \xffffffc9
[    0.529857] \x6c
[    0.529857] \x28
[    0.529858] \xffffff87
[    0.529859] \x79
[    0.529860] \x69
[    0.529861] \xffffff91
[    0.529862] \xffffff8a
[    0.529862] \xfffffff9
[    0.529863] 
[    0.529864] END NET_SECRET
[    0.529866] random 0000 0000 0000 e7f555d9 e8ce5c3c: rand_read_num 10 get_random_bytes(4): sig ffffff72 e7f555d9 e8ce5c3c
[    0.529869] random 0000 0000 0000 e7f555d9 e8ce5c3c: extract_entropy(.. 4 ..)
[    0.529871] random 0000 0000 0000 e7f555d9 e8ce5c3c: going to reseed nonblocking with 64 bits (32 of 0 requested)
[    0.529873] random 0000 0000 0000 e7f555d9 e8ce5c3c: extract_entropy(.. 8 ..)
[    0.529875] random 0000 0000 0000 e7f555d9 e8ce5c3c: trying to extract 64 bits from input
[    0.529877] random 0000 0000 0000 e7f555d9 e8ce5c3c: debiting 0 entropy credits from input
[    0.529880] random 0000 0000 0000 e7f555d9 e8ce5c3c: trying to extract 32 bits from nonblocking
[    0.529882] random 0000 0000 0000 e7f555d9 e8ce5c3c: debiting 32 entropy credits from nonblocking (unlimited)
[    0.815829] usb 1-6: new high speed USB device using ehci_hcd and address 2
[    1.031108] usb 1-6: configuration #1 chosen from 1 choice
[    1.280059] ata1.00: SATA link up 3.0 Gbps (SStatus 123 SControl 300)
[    1.280070] ata1.01: SATA link down (SStatus 0 SControl 300)
[    1.284056] ata2.00: SATA link up 1.5 Gbps (SStatus 113 SControl 300)
[    1.284067] ata2.01: SATA link down (SStatus 0 SControl 300)
[    1.284077] ata2.01: link offline, clearing class 3 to NONE
[    1.288344] ata2.00: ATAPI: TSSTcorp CDDVDW TS-H653R, 0301, max UDMA/33
[    1.288430] ata1.00: ATA-8: WDC WD6400AAKS-65A7B2, 01.03B01, max UDMA/133
[    1.288433] ata1.00: 1250263728 sectors, multi 16: LBA48 NCQ (depth 0/32)
[    1.304360] ata1.00: configured for UDMA/133
[    1.304443] scsi 0:0:0:0: Direct-Access     ATA      WDC WD6400AAKS-6 01.0 PQ: 0 ANSI: 5
[    1.304519] sd 0:0:0:0: Attached scsi generic sg0 type 0
[    1.304565] sd 0:0:0:0: [sda] 1250263728 512-byte logical blocks: (640 GB/596 GiB)
[    1.304597] sd 0:0:0:0: [sda] Write Protect is off
[    1.304599] sd 0:0:0:0: [sda] Mode Sense: 00 3a 00 00
[    1.304616] sd 0:0:0:0: [sda] Write cache: enabled, read cache: enabled, doesn't support DPO or FUA
[    1.304702]  sda:
[    1.304795] ata2.00: configured for UDMA/33
[    1.305737] scsi 1:0:0:0: CD-ROM            TSSTcorp CDDVDW TS-H653R  0301 PQ: 0 ANSI: 5
[    1.310450] sr0: scsi3-mmc drive: 40x/40x writer dvd-ram cd/rw xa/form2 cdda tray
[    1.310453] Uniform CD-ROM driver Revision: 3.20
[    1.310518] sr 1:0:0:0: Attached scsi CD-ROM sr0
[    1.310558] sr 1:0:0:0: Attached scsi generic sg1 type 5
[    1.319493] random 0000 0000 0000 91716c54 eeb6a1e7: add_disk_randomness(8:0) 91716c54 eeb6a1e7
[    1.319496] random 0000 0000 0000 91716c54 eeb6a1e7: add_timer_randomness(.. 8388864)
[    1.319499] random 0000 0000 0000 91716c54 eeb6a1e7: added 11 entropy credits to input
[    1.319514]  sda1 sda2 <
[    1.349210] random 0011 0000 0000 91716c54 eeb6a1e7: add_disk_randomness(8:0) 91716c54 eeb6a1e7
[    1.349213] random 0011 0000 0000 91716c54 eeb6a1e7: add_timer_randomness(.. 8388864)
[    1.349216] random 0011 0000 0000 91716c54 eeb6a1e7: added 3 entropy credits to input
[    1.349224]  sda5 >
[    1.349410] sd 0:0:0:0: [sda] Attached SCSI disk
[    1.349418] md: Waiting for all devices to be available before autodetect
[    1.349421] md: If you don't use raid, use raid=noautodetect
[    1.349480] md: Autodetecting RAID arrays.
[    1.349482] md: Scanned 0 and added 0 devices.
[    1.349483] md: autorun ...
[    1.349484] md: ... autorun DONE.
[    1.377706] random 0014 0000 0000 91716c54 eeb6a1e7: add_disk_randomness(8:0) 91716c54 eeb6a1e7
[    1.377709] random 0014 0000 0000 91716c54 eeb6a1e7: add_timer_randomness(.. 8388864)
[    1.377718] EXT3-fs: sda1: couldn't mount because of unsupported optional features (240).
[    1.378370] random 0014 0000 0000 91716c54 eeb6a1e7: add_disk_randomness(8:0) 91716c54 eeb6a1e7
[    1.378373] random 0014 0000 0000 91716c54 eeb6a1e7: add_timer_randomness(.. 8388864)
[    1.378382] EXT2-fs: sda1: couldn't mount because of unsupported optional features (240).
[    1.378576] random 0014 0000 0000 91716c54 eeb6a1e7: add_disk_randomness(8:0) 91716c54 eeb6a1e7
[    1.378579] random 0014 0000 0000 91716c54 eeb6a1e7: add_timer_randomness(.. 8388864)
[    1.384016] usb 7-2: new low speed USB device using uhci_hcd and address 2
[    1.386056] random 0014 0000 0000 91716c54 eeb6a1e7: add_disk_randomness(8:0) 91716c54 eeb6a1e7
[    1.386058] random 0014 0000 0000 91716c54 eeb6a1e7: add_timer_randomness(.. 8388864)
[    1.386062] random 0014 0000 0000 91716c54 eeb6a1e7: added 1 entropy credits to input
[    1.386226] random 0015 0000 0000 91716c54 eeb6a1e7: add_disk_randomness(8:0) 91716c54 eeb6a1e7
[    1.386229] random 0015 0000 0000 91716c54 eeb6a1e7: add_timer_randomness(.. 8388864)
[    1.386375] random 0015 0000 0000 91716c54 eeb6a1e7: add_disk_randomness(8:0) 91716c54 eeb6a1e7
[    1.386377] random 0015 0000 0000 91716c54 eeb6a1e7: add_timer_randomness(.. 8388864)
[    1.386522] random 0015 0000 0000 91716c54 eeb6a1e7: add_disk_randomness(8:0) 91716c54 eeb6a1e7
[    1.386525] random 0015 0000 0000 91716c54 eeb6a1e7: add_timer_randomness(.. 8388864)
[    1.386673] random 0015 0000 0000 91716c54 eeb6a1e7: add_disk_randomness(8:0) 91716c54 eeb6a1e7
[    1.386676] random 0015 0000 0000 91716c54 eeb6a1e7: add_timer_randomness(.. 8388864)
[    1.386824] random 0015 0000 0000 91716c54 eeb6a1e7: add_disk_randomness(8:0) 91716c54 eeb6a1e7
[    1.386827] random 0015 0000 0000 91716c54 eeb6a1e7: add_timer_randomness(.. 8388864)
[    1.386975] random 0015 0000 0000 91716c54 eeb6a1e7: add_disk_randomness(8:0) 91716c54 eeb6a1e7
[    1.386978] random 0015 0000 0000 91716c54 eeb6a1e7: add_timer_randomness(.. 8388864)
[    1.387126] random 0015 0000 0000 91716c54 eeb6a1e7: add_disk_randomness(8:0) 91716c54 eeb6a1e7
[    1.387129] random 0015 0000 0000 91716c54 eeb6a1e7: add_timer_randomness(.. 8388864)
[    1.387279] random 0015 0000 0000 91716c54 eeb6a1e7: add_disk_randomness(8:0) 91716c54 eeb6a1e7
[    1.387282] random 0015 0000 0000 91716c54 eeb6a1e7: add_timer_randomness(.. 8388864)
[    1.395430] random 0015 0000 0000 91716c54 eeb6a1e7: add_disk_randomness(8:0) 91716c54 eeb6a1e7
[    1.395433] random 0015 0000 0000 91716c54 eeb6a1e7: add_timer_randomness(.. 8388864)
[    1.395436] random 0015 0000 0000 91716c54 eeb6a1e7: added 1 entropy credits to input
[    1.395673] random 0016 0000 0000 91716c54 eeb6a1e7: add_disk_randomness(8:0) 91716c54 eeb6a1e7
[    1.395676] random 0016 0000 0000 91716c54 eeb6a1e7: add_timer_randomness(.. 8388864)
[    1.395895] random 0016 0000 0000 91716c54 eeb6a1e7: add_disk_randomness(8:0) 91716c54 eeb6a1e7
[    1.395898] random 0016 0000 0000 91716c54 eeb6a1e7: add_timer_randomness(.. 8388864)
[    1.396133] random 0016 0000 0000 91716c54 eeb6a1e7: add_disk_randomness(8:0) 91716c54 eeb6a1e7
[    1.396136] random 0016 0000 0000 91716c54 eeb6a1e7: add_timer_randomness(.. 8388864)
[    1.396320] random 0016 0000 0000 91716c54 eeb6a1e7: add_disk_randomness(8:0) 91716c54 eeb6a1e7
[    1.396322] random 0016 0000 0000 91716c54 eeb6a1e7: add_timer_randomness(.. 8388864)
[    1.396497] random 0016 0000 0000 91716c54 eeb6a1e7: add_disk_randomness(8:0) 91716c54 eeb6a1e7
[    1.396500] random 0016 0000 0000 91716c54 eeb6a1e7: add_timer_randomness(.. 8388864)
[    1.396677] random 0016 0000 0000 91716c54 eeb6a1e7: add_disk_randomness(8:0) 91716c54 eeb6a1e7
[    1.396680] random 0016 0000 0000 91716c54 eeb6a1e7: add_timer_randomness(.. 8388864)
[    1.396858] random 0016 0000 0000 91716c54 eeb6a1e7: add_disk_randomness(8:0) 91716c54 eeb6a1e7
[    1.396860] random 0016 0000 0000 91716c54 eeb6a1e7: add_timer_randomness(.. 8388864)
[    1.397038] random 0016 0000 0000 91716c54 eeb6a1e7: add_disk_randomness(8:0) 91716c54 eeb6a1e7
[    1.397041] random 0016 0000 0000 91716c54 eeb6a1e7: add_timer_randomness(.. 8388864)
[    1.397218] random 0016 0000 0000 91716c54 eeb6a1e7: add_disk_randomness(8:0) 91716c54 eeb6a1e7
[    1.397226] random 0016 0000 0000 91716c54 eeb6a1e7: add_timer_randomness(.. 8388864)
[    1.397401] random 0016 0000 0000 91716c54 eeb6a1e7: add_disk_randomness(8:0) 91716c54 eeb6a1e7
[    1.397403] random 0016 0000 0000 91716c54 eeb6a1e7: add_timer_randomness(.. 8388864)
[    1.397581] random 0016 0000 0000 91716c54 eeb6a1e7: add_disk_randomness(8:0) 91716c54 eeb6a1e7
[    1.397584] random 0016 0000 0000 91716c54 eeb6a1e7: add_timer_randomness(.. 8388864)
[    1.397761] random 0016 0000 0000 91716c54 eeb6a1e7: add_disk_randomness(8:0) 91716c54 eeb6a1e7
[    1.397764] random 0016 0000 0000 91716c54 eeb6a1e7: add_timer_randomness(.. 8388864)
[    1.397942] random 0016 0000 0000 91716c54 eeb6a1e7: add_disk_randomness(8:0) 91716c54 eeb6a1e7
[    1.397944] random 0016 0000 0000 91716c54 eeb6a1e7: add_timer_randomness(.. 8388864)
[    1.398128] random 0016 0000 0000 91716c54 eeb6a1e7: add_disk_randomness(8:0) 91716c54 eeb6a1e7
[    1.398130] random 0016 0000 0000 91716c54 eeb6a1e7: add_timer_randomness(.. 8388864)
[    1.398307] random 0016 0000 0000 91716c54 eeb6a1e7: add_disk_randomness(8:0) 91716c54 eeb6a1e7
[    1.398310] random 0016 0000 0000 91716c54 eeb6a1e7: add_timer_randomness(.. 8388864)
[    1.398488] random 0016 0000 0000 91716c54 eeb6a1e7: add_disk_randomness(8:0) 91716c54 eeb6a1e7
[    1.398490] random 0016 0000 0000 91716c54 eeb6a1e7: add_timer_randomness(.. 8388864)
[    1.398669] random 0016 0000 0000 91716c54 eeb6a1e7: add_disk_randomness(8:0) 91716c54 eeb6a1e7
[    1.398672] random 0016 0000 0000 91716c54 eeb6a1e7: add_timer_randomness(.. 8388864)
[    1.398851] random 0016 0000 0000 91716c54 eeb6a1e7: add_disk_randomness(8:0) 91716c54 eeb6a1e7
[    1.398854] random 0016 0000 0000 91716c54 eeb6a1e7: add_timer_randomness(.. 8388864)
[    1.399037] random 0016 0000 0000 91716c54 eeb6a1e7: add_disk_randomness(8:0) 91716c54 eeb6a1e7
[    1.399039] random 0016 0000 0000 91716c54 eeb6a1e7: add_timer_randomness(.. 8388864)
[    1.399214] random 0016 0000 0000 91716c54 eeb6a1e7: add_disk_randomness(8:0) 91716c54 eeb6a1e7
[    1.399216] random 0016 0000 0000 91716c54 eeb6a1e7: add_timer_randomness(.. 8388864)
[    1.399394] random 0016 0000 0000 91716c54 eeb6a1e7: add_disk_randomness(8:0) 91716c54 eeb6a1e7
[    1.399397] random 0016 0000 0000 91716c54 eeb6a1e7: add_timer_randomness(.. 8388864)
[    1.399575] random 0016 0000 0000 91716c54 eeb6a1e7: add_disk_randomness(8:0) 91716c54 eeb6a1e7
[    1.399577] random 0016 0000 0000 91716c54 eeb6a1e7: add_timer_randomness(.. 8388864)
[    1.399756] random 0016 0000 0000 91716c54 eeb6a1e7: add_disk_randomness(8:0) 91716c54 eeb6a1e7
[    1.399758] random 0016 0000 0000 91716c54 eeb6a1e7: add_timer_randomness(.. 8388864)
[    1.399942] random 0016 0000 0000 91716c54 eeb6a1e7: add_disk_randomness(8:0) 91716c54 eeb6a1e7
[    1.399944] random 0016 0000 0000 91716c54 eeb6a1e7: add_timer_randomness(.. 8388864)
[    1.400119] random 0016 0000 0000 91716c54 eeb6a1e7: add_disk_randomness(8:0) 91716c54 eeb6a1e7
[    1.400122] random 0016 0000 0000 91716c54 eeb6a1e7: add_timer_randomness(.. 8388864)
[    1.400302] random 0016 0000 0000 91716c54 eeb6a1e7: add_disk_randomness(8:0) 91716c54 eeb6a1e7
[    1.400305] random 0016 0000 0000 91716c54 eeb6a1e7: add_timer_randomness(.. 8388864)
[    1.400482] random 0016 0000 0000 91716c54 eeb6a1e7: add_disk_randomness(8:0) 91716c54 eeb6a1e7
[    1.400485] random 0016 0000 0000 91716c54 eeb6a1e7: add_timer_randomness(.. 8388864)
[    1.400661] random 0016 0000 0000 91716c54 eeb6a1e7: add_disk_randomness(8:0) 91716c54 eeb6a1e7
[    1.400663] random 0016 0000 0000 91716c54 eeb6a1e7: add_timer_randomness(.. 8388864)
[    1.402184] random 0016 0000 0000 91716c54 eeb6a1e7: rand_read_num 11 get_random_bytes(4): sig fffffcad 91716c54 eeb6a1e7
[    1.402187] random 0016 0000 0000 91716c54 eeb6a1e7: extract_entropy(.. 4 ..)
[    1.402189] random 0016 0000 0000 91716c54 eeb6a1e7: going to reseed nonblocking with 64 bits (32 of 0 requested)
[    1.402192] random 0016 0000 0000 91716c54 eeb6a1e7: extract_entropy(.. 8 ..)
[    1.402194] random 0016 0000 0000 91716c54 eeb6a1e7: trying to extract 64 bits from input
[    1.402196] random 0016 0000 0000 91716c54 eeb6a1e7: debiting 0 entropy credits from input
[    1.402199] random 0016 0000 0000 91716c54 eeb6a1e7: trying to extract 32 bits from nonblocking
[    1.402201] random 0016 0000 0000 91716c54 eeb6a1e7: debiting 32 entropy credits from nonblocking (unlimited)
[    1.407200] random 0016 0000 0000 fd637b06 6cf47bc1: add_disk_randomness(8:0) fd637b06 6cf47bc1
[    1.407202] random 0016 0000 0000 fd637b06 6cf47bc1: add_timer_randomness(.. 8388864)
[    1.428320] random 0016 0000 0000 fd637b06 6cf47bc1: add_disk_randomness(8:0) fd637b06 6cf47bc1
[    1.428323] random 0016 0000 0000 fd637b06 6cf47bc1: add_timer_randomness(.. 8388864)
[    1.428326] random 0016 0000 0000 fd637b06 6cf47bc1: added 2 entropy credits to input
[    1.471078] EXT4-fs (sda1): mounted filesystem with ordered data mode
[    1.471085] VFS: Mounted root (ext4 filesystem) readonly on device 8:1.
[    1.486079] random 0018 0000 0000 fd637b06 6cf47bc1: add_disk_randomness(8:0) fd637b06 6cf47bc1
[    1.486082] random 0018 0000 0000 fd637b06 6cf47bc1: add_timer_randomness(.. 8388864)
[    1.486086] random 0018 0000 0000 fd637b06 6cf47bc1: added 1 entropy credits to input
[    1.507504] random 0019 0000 0000 fd637b06 6cf47bc1: add_disk_randomness(8:0) fd637b06 6cf47bc1
[    1.507507] random 0019 0000 0000 fd637b06 6cf47bc1: add_timer_randomness(.. 8388864)
[    1.507510] random 0019 0000 0000 fd637b06 6cf47bc1: added 2 entropy credits to input
[    1.507520] devtmpfs: mounted
[    1.507538] Freeing unused kernel memory: 676k freed
[    1.507758] Write protecting the kernel text: 4764k
[    1.507798] Write protecting the kernel read-only data: 1836k
[    1.529482] random 0021 0000 0000 fd637b06 6cf47bc1: add_disk_randomness(8:0) fd637b06 6cf47bc1
[    1.529485] random 0021 0000 0000 fd637b06 6cf47bc1: add_timer_randomness(.. 8388864)
[    1.537602] random 0021 0000 0000 fd637b06 6cf47bc1: add_disk_randomness(8:0) fd637b06 6cf47bc1
[    1.537605] random 0021 0000 0000 fd637b06 6cf47bc1: add_timer_randomness(.. 8388864)
[    1.537608] random 0021 0000 0000 fd637b06 6cf47bc1: added 1 entropy credits to input
[    1.545882] random 0022 0000 0000 fd637b06 6cf47bc1: add_disk_randomness(8:0) fd637b06 6cf47bc1
[    1.545885] random 0022 0000 0000 fd637b06 6cf47bc1: add_timer_randomness(.. 8388864)
[    1.560020] random 0022 0000 0000 fd637b06 6cf47bc1: add_disk_randomness(8:0) fd637b06 6cf47bc1
[    1.560023] random 0022 0000 0000 fd637b06 6cf47bc1: add_timer_randomness(.. 8388864)
[    1.560027] random 0022 0000 0000 fd637b06 6cf47bc1: added 1 entropy credits to input
[    1.564846] usb 7-2: configuration #1 chosen from 1 choice
[    1.568147] random 0023 0000 0000 fd637b06 6cf47bc1: add_disk_randomness(8:0) fd637b06 6cf47bc1
[    1.568151] random 0023 0000 0000 fd637b06 6cf47bc1: add_timer_randomness(.. 8388864)
[    1.568154] random 0023 0000 0000 fd637b06 6cf47bc1: added 1 entropy credits to input
[    1.570189] random 0024 0000 0000 fd637b06 6cf47bc1: add_disk_randomness(8:0) fd637b06 6cf47bc1
[    1.570192] random 0024 0000 0000 fd637b06 6cf47bc1: add_timer_randomness(.. 8388864)
[    1.581469] random 0024 0000 0000 fd637b06 6cf47bc1: add_disk_randomness(8:0) fd637b06 6cf47bc1
[    1.581472] random 0024 0000 0000 fd637b06 6cf47bc1: add_timer_randomness(.. 8388864)
[    1.581476] random 0024 0000 0000 fd637b06 6cf47bc1: added 1 entropy credits to input
[    1.591294] random 0025 0000 0000 fd637b06 6cf47bc1: add_disk_randomness(8:0) fd637b06 6cf47bc1
[    1.591297] random 0025 0000 0000 fd637b06 6cf47bc1: add_timer_randomness(.. 8388864)
[    1.591778] random 0025 0000 0000 fd637b06 6cf47bc1: add_disk_randomness(8:0) fd637b06 6cf47bc1
[    1.591781] random 0025 0000 0000 fd637b06 6cf47bc1: add_timer_randomness(.. 8388864)
[    1.592573] random 0025 0000 0000 fd637b06 6cf47bc1: add_disk_randomness(8:0) fd637b06 6cf47bc1
[    1.592576] random 0025 0000 0000 fd637b06 6cf47bc1: add_timer_randomness(.. 8388864)
[    1.592594] random 0025 0000 0000 fd637b06 6cf47bc1: rand_read_num 12 get_random_bytes(16): sig fffffede fd637b06 6cf47bc1
[    1.592597] random 0025 0000 0000 fd637b06 6cf47bc1: extract_entropy(.. 16 ..)
[    1.592601] random 0025 0000 0000 fd637b06 6cf47bc1: going to reseed nonblocking with 128 bits (128 of 0 requested)
[    1.592604] random 0025 0000 0000 fd637b06 6cf47bc1: extract_entropy(.. 16 ..)
[    1.592606] random 0025 0000 0000 fd637b06 6cf47bc1: trying to extract 128 bits from input
[    1.592609] random 0025 0000 0000 fd637b06 6cf47bc1: debiting 0 entropy credits from input
[    1.592612] random 0025 0000 0000 fd637b06 6cf47bc1: trying to extract 128 bits from nonblocking
[    1.592615] random 0025 0000 0000 fd637b06 6cf47bc1: debiting 128 entropy credits from nonblocking (unlimited)
[    1.592929] random 0025 0000 0000 0ec1f012 d4727ca8: add_disk_randomness(8:0) 0ec1f012 d4727ca8
[    1.592932] random 0025 0000 0000 0ec1f012 d4727ca8: add_timer_randomness(.. 8388864)
[    1.611508] random 0025 0000 0000 0ec1f012 d4727ca8: add_disk_randomness(8:0) 0ec1f012 d4727ca8
[    1.611511] random 0025 0000 0000 0ec1f012 d4727ca8: add_timer_randomness(.. 8388864)
[    1.611514] random 0025 0000 0000 0ec1f012 d4727ca8: added 2 entropy credits to input
[    1.618741] random 0027 0000 0000 0ec1f012 d4727ca8: add_disk_randomness(8:0) 0ec1f012 d4727ca8
[    1.618744] random 0027 0000 0000 0ec1f012 d4727ca8: add_timer_randomness(.. 8388864)
[    1.618747] random 0027 0000 0000 0ec1f012 d4727ca8: added 1 entropy credits to input
[    1.619028] random 0028 0000 0000 0ec1f012 d4727ca8: add_disk_randomness(8:0) 0ec1f012 d4727ca8
[    1.619031] random 0028 0000 0000 0ec1f012 d4727ca8: add_timer_randomness(.. 8388864)
[    1.622732] random 0028 0000 0000 0ec1f012 d4727ca8: add_disk_randomness(8:0) 0ec1f012 d4727ca8
[    1.622735] random 0028 0000 0000 0ec1f012 d4727ca8: add_timer_randomness(.. 8388864)
[    1.639045] random 0028 0000 0000 0ec1f012 d4727ca8: add_disk_randomness(8:0) 0ec1f012 d4727ca8
[    1.639048] random 0028 0000 0000 0ec1f012 d4727ca8: add_timer_randomness(.. 8388864)
[    1.639052] random 0028 0000 0000 0ec1f012 d4727ca8: added 1 entropy credits to input
[    1.663135] random 0029 0000 0000 0ec1f012 d4727ca8: add_disk_randomness(8:0) 0ec1f012 d4727ca8
[    1.663138] random 0029 0000 0000 0ec1f012 d4727ca8: add_timer_randomness(.. 8388864)
[    1.663991] random 0029 0000 0000 0ec1f012 d4727ca8: add_disk_randomness(8:0) 0ec1f012 d4727ca8
[    1.663994] random 0029 0000 0000 0ec1f012 d4727ca8: add_timer_randomness(.. 8388864)
[    1.664187] random 0029 0000 0000 0ec1f012 d4727ca8: add_disk_randomness(8:0) 0ec1f012 d4727ca8
[    1.664190] random 0029 0000 0000 0ec1f012 d4727ca8: add_timer_randomness(.. 8388864)
[    1.671217] random 0029 0000 0000 0ec1f012 d4727ca8: add_disk_randomness(8:0) 0ec1f012 d4727ca8
[    1.671220] random 0029 0000 0000 0ec1f012 d4727ca8: add_timer_randomness(.. 8388864)
[    1.671482] random 0029 0000 0000 0ec1f012 d4727ca8: add_disk_randomness(8:0) 0ec1f012 d4727ca8
[    1.671485] random 0029 0000 0000 0ec1f012 d4727ca8: add_timer_randomness(.. 8388864)
[    1.680502] random 0029 0000 0000 0ec1f012 d4727ca8: add_disk_randomness(8:0) 0ec1f012 d4727ca8
[    1.680505] random 0029 0000 0000 0ec1f012 d4727ca8: add_timer_randomness(.. 8388864)
[    1.680509] random 0029 0000 0000 0ec1f012 d4727ca8: added 1 entropy credits to input
[    1.684165] random 0030 0000 0000 0ec1f012 d4727ca8: add_disk_randomness(8:0) 0ec1f012 d4727ca8
[    1.684168] random 0030 0000 0000 0ec1f012 d4727ca8: add_timer_randomness(.. 8388864)
[    1.684872] random 0030 0000 0000 0ec1f012 d4727ca8: add_disk_randomness(8:0) 0ec1f012 d4727ca8
[    1.684875] random 0030 0000 0000 0ec1f012 d4727ca8: add_timer_randomness(.. 8388864)
[    1.685047] random 0030 0000 0000 0ec1f012 d4727ca8: add_disk_randomness(8:0) 0ec1f012 d4727ca8
[    1.685050] random 0030 0000 0000 0ec1f012 d4727ca8: add_timer_randomness(.. 8388864)
[    1.685229] random 0030 0000 0000 0ec1f012 d4727ca8: add_disk_randomness(8:0) 0ec1f012 d4727ca8
[    1.685232] random 0030 0000 0000 0ec1f012 d4727ca8: add_timer_randomness(.. 8388864)
[    1.685406] random 0030 0000 0000 0ec1f012 d4727ca8: add_disk_randomness(8:0) 0ec1f012 d4727ca8
[    1.685408] random 0030 0000 0000 0ec1f012 d4727ca8: add_timer_randomness(.. 8388864)
[    1.692383] random 0030 0000 0000 0ec1f012 d4727ca8: add_disk_randomness(8:0) 0ec1f012 d4727ca8
[    1.692386] random 0030 0000 0000 0ec1f012 d4727ca8: add_timer_randomness(.. 8388864)
[    1.692389] random 0030 0000 0000 0ec1f012 d4727ca8: added 1 entropy credits to input
[    1.694562] random 0031 0000 0000 0ec1f012 d4727ca8: add_disk_randomness(8:0) 0ec1f012 d4727ca8
[    1.694565] random 0031 0000 0000 0ec1f012 d4727ca8: add_timer_randomness(.. 8388864)
[    1.701720] random 0031 0000 0000 0ec1f012 d4727ca8: add_disk_randomness(8:0) 0ec1f012 d4727ca8
[    1.701723] random 0031 0000 0000 0ec1f012 d4727ca8: add_timer_randomness(.. 8388864)
[    1.701726] random 0031 0000 0000 0ec1f012 d4727ca8: added 1 entropy credits to input
[    1.701996] random 0032 0000 0000 0ec1f012 d4727ca8: add_disk_randomness(8:0) 0ec1f012 d4727ca8
[    1.701999] random 0032 0000 0000 0ec1f012 d4727ca8: add_timer_randomness(.. 8388864)
[    1.710980] random 0032 0000 0000 0ec1f012 d4727ca8: add_disk_randomness(8:0) 0ec1f012 d4727ca8
[    1.710983] random 0032 0000 0000 0ec1f012 d4727ca8: add_timer_randomness(.. 8388864)
[    1.710987] random 0032 0000 0000 0ec1f012 d4727ca8: added 1 entropy credits to input
[    1.715713] random 0033 0000 0000 0ec1f012 d4727ca8: add_disk_randomness(8:0) 0ec1f012 d4727ca8
[    1.715716] random 0033 0000 0000 0ec1f012 d4727ca8: add_timer_randomness(.. 8388864)
[    1.721781] random 0033 0000 0000 0ec1f012 d4727ca8: add_disk_randomness(8:0) 0ec1f012 d4727ca8
[    1.721784] random 0033 0000 0000 0ec1f012 d4727ca8: add_timer_randomness(.. 8388864)
[    1.722025] random 0033 0000 0000 0ec1f012 d4727ca8: add_disk_randomness(8:0) 0ec1f012 d4727ca8
[    1.722028] random 0033 0000 0000 0ec1f012 d4727ca8: add_timer_randomness(.. 8388864)
[    1.722285] random 0033 0000 0000 0ec1f012 d4727ca8: add_disk_randomness(8:0) 0ec1f012 d4727ca8
[    1.722288] random 0033 0000 0000 0ec1f012 d4727ca8: add_timer_randomness(.. 8388864)
[    1.727210] random 0033 0000 0000 0ec1f012 d4727ca8: add_disk_randomness(8:0) 0ec1f012 d4727ca8
[    1.727213] random 0033 0000 0000 0ec1f012 d4727ca8: add_timer_randomness(.. 8388864)
[    1.732633] random 0033 0000 0000 0ec1f012 d4727ca8: add_disk_randomness(8:0) 0ec1f012 d4727ca8
[    1.732636] random 0033 0000 0000 0ec1f012 d4727ca8: add_timer_randomness(.. 8388864)
[    1.733297] random 0033 0000 0000 0ec1f012 d4727ca8: add_disk_randomness(8:0) 0ec1f012 d4727ca8
[    1.733300] random 0033 0000 0000 0ec1f012 d4727ca8: add_timer_randomness(.. 8388864)
[    1.738843] random 0033 0000 0000 0ec1f012 d4727ca8: add_disk_randomness(8:0) 0ec1f012 d4727ca8
[    1.738846] random 0033 0000 0000 0ec1f012 d4727ca8: add_timer_randomness(.. 8388864)
[    1.739536] random 0033 0000 0000 0ec1f012 d4727ca8: add_disk_randomness(8:0) 0ec1f012 d4727ca8
[    1.739539] random 0033 0000 0000 0ec1f012 d4727ca8: add_timer_randomness(.. 8388864)
[    1.740079] random 0033 0000 0000 0ec1f012 d4727ca8: add_disk_randomness(8:0) 0ec1f012 d4727ca8
[    1.740082] random 0033 0000 0000 0ec1f012 d4727ca8: add_timer_randomness(.. 8388864)
[    1.748270] random 0033 0000 0000 0ec1f012 d4727ca8: add_disk_randomness(8:0) 0ec1f012 d4727ca8
[    1.748273] random 0033 0000 0000 0ec1f012 d4727ca8: add_timer_randomness(.. 8388864)
[    1.748656] random 0033 0000 0000 0ec1f012 d4727ca8: add_disk_randomness(8:0) 0ec1f012 d4727ca8
[    1.748660] random 0033 0000 0000 0ec1f012 d4727ca8: add_timer_randomness(.. 8388864)
[    1.749235] random 0033 0000 0000 0ec1f012 d4727ca8: add_disk_randomness(8:0) 0ec1f012 d4727ca8
[    1.749238] random 0033 0000 0000 0ec1f012 d4727ca8: add_timer_randomness(.. 8388864)
[    1.766005] random 0033 0000 0000 0ec1f012 d4727ca8: add_disk_randomness(8:0) 0ec1f012 d4727ca8
[    1.766008] random 0033 0000 0000 0ec1f012 d4727ca8: add_timer_randomness(.. 8388864)
[    1.766012] random 0033 0000 0000 0ec1f012 d4727ca8: added 2 entropy credits to input
[    1.786292] random 0035 0000 0000 0ec1f012 d4727ca8: add_disk_randomness(8:0) 0ec1f012 d4727ca8
[    1.786294] random 0035 0000 0000 0ec1f012 d4727ca8: add_timer_randomness(.. 8388864)
[    1.808787] random 0035 0000 0000 0ec1f012 d4727ca8: add_disk_randomness(8:0) 0ec1f012 d4727ca8
[    1.808790] random 0035 0000 0000 0ec1f012 d4727ca8: add_timer_randomness(.. 8388864)
[    1.809020] random 0035 0000 0000 0ec1f012 d4727ca8: add_disk_randomness(8:0) 0ec1f012 d4727ca8
[    1.809023] random 0035 0000 0000 0ec1f012 d4727ca8: add_timer_randomness(.. 8388864)
[    1.827639] random 0035 0000 0000 0ec1f012 d4727ca8: add_disk_randomness(8:0) 0ec1f012 d4727ca8
[    1.827642] random 0035 0000 0000 0ec1f012 d4727ca8: add_timer_randomness(.. 8388864)
[    1.827646] random 0035 0000 0000 0ec1f012 d4727ca8: added 2 entropy credits to input
[    1.838282] random 0037 0000 0000 0ec1f012 d4727ca8: add_disk_randomness(8:0) 0ec1f012 d4727ca8
[    1.838285] random 0037 0000 0000 0ec1f012 d4727ca8: add_timer_randomness(.. 8388864)
[    1.842241] random 0037 0000 0000 0ec1f012 d4727ca8: add_disk_randomness(8:0) 0ec1f012 d4727ca8
[    1.842244] random 0037 0000 0000 0ec1f012 d4727ca8: add_timer_randomness(.. 8388864)
[    1.848328] random 0037 0000 0000 0ec1f012 d4727ca8: add_disk_randomness(8:0) 0ec1f012 d4727ca8
[    1.848331] random 0037 0000 0000 0ec1f012 d4727ca8: add_timer_randomness(.. 8388864)
[    1.857608] random 0037 0000 0000 0ec1f012 d4727ca8: add_disk_randomness(8:0) 0ec1f012 d4727ca8
[    1.857611] random 0037 0000 0000 0ec1f012 d4727ca8: add_timer_randomness(.. 8388864)
[    1.857840] random 0037 0000 0000 0ec1f012 d4727ca8: add_disk_randomness(8:0) 0ec1f012 d4727ca8
[    1.857843] random 0037 0000 0000 0ec1f012 d4727ca8: add_timer_randomness(.. 8388864)
[    1.863532] random 0037 0000 0000 0ec1f012 d4727ca8: add_disk_randomness(8:0) 0ec1f012 d4727ca8
[    1.863535] random 0037 0000 0000 0ec1f012 d4727ca8: add_timer_randomness(.. 8388864)
[    1.863781] random 0037 0000 0000 0ec1f012 d4727ca8: add_disk_randomness(8:0) 0ec1f012 d4727ca8
[    1.863784] random 0037 0000 0000 0ec1f012 d4727ca8: add_timer_randomness(.. 8388864)
[    1.866181] random 0037 0000 0000 0ec1f012 d4727ca8: add_disk_randomness(8:0) 0ec1f012 d4727ca8
[    1.866184] random 0037 0000 0000 0ec1f012 d4727ca8: add_timer_randomness(.. 8388864)
[    1.866429] random 0037 0000 0000 0ec1f012 d4727ca8: add_disk_randomness(8:0) 0ec1f012 d4727ca8
[    1.866432] random 0037 0000 0000 0ec1f012 d4727ca8: add_timer_randomness(.. 8388864)
[    1.867075] random 0037 0000 0000 0ec1f012 d4727ca8: add_disk_randomness(8:0) 0ec1f012 d4727ca8
[    1.867078] random 0037 0000 0000 0ec1f012 d4727ca8: add_timer_randomness(.. 8388864)
[    1.867314] random 0037 0000 0000 0ec1f012 d4727ca8: add_disk_randomness(8:0) 0ec1f012 d4727ca8
[    1.867317] random 0037 0000 0000 0ec1f012 d4727ca8: add_timer_randomness(.. 8388864)
[    1.872078] random 0037 0000 0000 0ec1f012 d4727ca8: add_disk_randomness(8:0) 0ec1f012 d4727ca8
[    1.872081] random 0037 0000 0000 0ec1f012 d4727ca8: add_timer_randomness(.. 8388864)
[    1.872084] random 0037 0000 0000 0ec1f012 d4727ca8: added 1 entropy credits to input
[    1.879882] random 0038 0000 0000 0ec1f012 d4727ca8: add_disk_randomness(8:0) 0ec1f012 d4727ca8
[    1.879885] random 0038 0000 0000 0ec1f012 d4727ca8: add_timer_randomness(.. 8388864)
[    1.880144] random 0038 0000 0000 0ec1f012 d4727ca8: add_disk_randomness(8:0) 0ec1f012 d4727ca8
[    1.880147] random 0038 0000 0000 0ec1f012 d4727ca8: add_timer_randomness(.. 8388864)
[    1.880388] random 0038 0000 0000 0ec1f012 d4727ca8: add_disk_randomness(8:0) 0ec1f012 d4727ca8
[    1.880391] random 0038 0000 0000 0ec1f012 d4727ca8: add_timer_randomness(.. 8388864)
[    1.880652] random 0038 0000 0000 0ec1f012 d4727ca8: add_disk_randomness(8:0) 0ec1f012 d4727ca8
[    1.880655] random 0038 0000 0000 0ec1f012 d4727ca8: add_timer_randomness(.. 8388864)
[    1.880952] random 0038 0000 0000 0ec1f012 d4727ca8: add_disk_randomness(8:0) 0ec1f012 d4727ca8
[    1.880955] random 0038 0000 0000 0ec1f012 d4727ca8: add_timer_randomness(.. 8388864)
[    1.881501] random 0038 0000 0000 0ec1f012 d4727ca8: add_disk_randomness(8:0) 0ec1f012 d4727ca8
[    1.881504] random 0038 0000 0000 0ec1f012 d4727ca8: add_timer_randomness(.. 8388864)
[    1.881767] random 0038 0000 0000 0ec1f012 d4727ca8: add_disk_randomness(8:0) 0ec1f012 d4727ca8
[    1.881771] random 0038 0000 0000 0ec1f012 d4727ca8: add_timer_randomness(.. 8388864)
[    1.882004] random 0038 0000 0000 0ec1f012 d4727ca8: add_disk_randomness(8:0) 0ec1f012 d4727ca8
[    1.882007] random 0038 0000 0000 0ec1f012 d4727ca8: add_timer_randomness(.. 8388864)
[    1.887365] random 0038 0000 0000 0ec1f012 d4727ca8: add_disk_randomness(8:0) 0ec1f012 d4727ca8
[    1.887368] random 0038 0000 0000 0ec1f012 d4727ca8: add_timer_randomness(.. 8388864)
[    1.887666] random 0038 0000 0000 0ec1f012 d4727ca8: add_disk_randomness(8:0) 0ec1f012 d4727ca8
[    1.887669] random 0038 0000 0000 0ec1f012 d4727ca8: add_timer_randomness(.. 8388864)
[    1.892766] random 0038 0000 0000 0ec1f012 d4727ca8: add_disk_randomness(8:0) 0ec1f012 d4727ca8
[    1.892770] random 0038 0000 0000 0ec1f012 d4727ca8: add_timer_randomness(.. 8388864)
[    1.892773] random 0038 0000 0000 0ec1f012 d4727ca8: added 1 entropy credits to input
[    1.893001] random 0039 0000 0000 0ec1f012 d4727ca8: add_disk_randomness(8:0) 0ec1f012 d4727ca8
[    1.893004] random 0039 0000 0000 0ec1f012 d4727ca8: add_timer_randomness(.. 8388864)
[    1.893217] random 0039 0000 0000 0ec1f012 d4727ca8: add_disk_randomness(8:0) 0ec1f012 d4727ca8
[    1.893220] random 0039 0000 0000 0ec1f012 d4727ca8: add_timer_randomness(.. 8388864)
[    1.893483] random 0039 0000 0000 0ec1f012 d4727ca8: add_disk_randomness(8:0) 0ec1f012 d4727ca8
[    1.893486] random 0039 0000 0000 0ec1f012 d4727ca8: add_timer_randomness(.. 8388864)
[    1.893786] random 0039 0000 0000 0ec1f012 d4727ca8: add_disk_randomness(8:0) 0ec1f012 d4727ca8
[    1.893789] random 0039 0000 0000 0ec1f012 d4727ca8: add_timer_randomness(.. 8388864)
[    1.894087] random 0039 0000 0000 0ec1f012 d4727ca8: add_disk_randomness(8:0) 0ec1f012 d4727ca8
[    1.894090] random 0039 0000 0000 0ec1f012 d4727ca8: add_timer_randomness(.. 8388864)
[    1.894302] random 0039 0000 0000 0ec1f012 d4727ca8: add_disk_randomness(8:0) 0ec1f012 d4727ca8
[    1.894305] random 0039 0000 0000 0ec1f012 d4727ca8: add_timer_randomness(.. 8388864)
[    1.894571] random 0039 0000 0000 0ec1f012 d4727ca8: add_disk_randomness(8:0) 0ec1f012 d4727ca8
[    1.894575] random 0039 0000 0000 0ec1f012 d4727ca8: add_timer_randomness(.. 8388864)
[    1.894815] random 0039 0000 0000 0ec1f012 d4727ca8: add_disk_randomness(8:0) 0ec1f012 d4727ca8
[    1.894818] random 0039 0000 0000 0ec1f012 d4727ca8: add_timer_randomness(.. 8388864)
[    1.895051] random 0039 0000 0000 0ec1f012 d4727ca8: add_disk_randomness(8:0) 0ec1f012 d4727ca8
[    1.895054] random 0039 0000 0000 0ec1f012 d4727ca8: add_timer_randomness(.. 8388864)
[    1.895294] random 0039 0000 0000 0ec1f012 d4727ca8: add_disk_randomness(8:0) 0ec1f012 d4727ca8
[    1.895297] random 0039 0000 0000 0ec1f012 d4727ca8: add_timer_randomness(.. 8388864)
[    1.895535] random 0039 0000 0000 0ec1f012 d4727ca8: add_disk_randomness(8:0) 0ec1f012 d4727ca8
[    1.895538] random 0039 0000 0000 0ec1f012 d4727ca8: add_timer_randomness(.. 8388864)
[    1.895774] random 0039 0000 0000 0ec1f012 d4727ca8: add_disk_randomness(8:0) 0ec1f012 d4727ca8
[    1.895777] random 0039 0000 0000 0ec1f012 d4727ca8: add_timer_randomness(.. 8388864)
[    1.895984] random 0039 0000 0000 0ec1f012 d4727ca8: add_disk_randomness(8:0) 0ec1f012 d4727ca8
[    1.895987] random 0039 0000 0000 0ec1f012 d4727ca8: add_timer_randomness(.. 8388864)
[    1.896220] random 0039 0000 0000 0ec1f012 d4727ca8: add_disk_randomness(8:0) 0ec1f012 d4727ca8
[    1.896223] random 0039 0000 0000 0ec1f012 d4727ca8: add_timer_randomness(.. 8388864)
[    1.896436] random 0039 0000 0000 0ec1f012 d4727ca8: add_disk_randomness(8:0) 0ec1f012 d4727ca8
[    1.896439] random 0039 0000 0000 0ec1f012 d4727ca8: add_timer_randomness(.. 8388864)
[    1.896656] random 0039 0000 0000 0ec1f012 d4727ca8: add_disk_randomness(8:0) 0ec1f012 d4727ca8
[    1.896659] random 0039 0000 0000 0ec1f012 d4727ca8: add_timer_randomness(.. 8388864)
[    1.896859] random 0039 0000 0000 0ec1f012 d4727ca8: add_disk_randomness(8:0) 0ec1f012 d4727ca8
[    1.896862] random 0039 0000 0000 0ec1f012 d4727ca8: add_timer_randomness(.. 8388864)
[    1.897075] random 0039 0000 0000 0ec1f012 d4727ca8: add_disk_randomness(8:0) 0ec1f012 d4727ca8
[    1.897078] random 0039 0000 0000 0ec1f012 d4727ca8: add_timer_randomness(.. 8388864)
[    1.897339] random 0039 0000 0000 0ec1f012 d4727ca8: add_disk_randomness(8:0) 0ec1f012 d4727ca8
[    1.897342] random 0039 0000 0000 0ec1f012 d4727ca8: add_timer_randomness(.. 8388864)
[    1.897561] random 0039 0000 0000 0ec1f012 d4727ca8: add_disk_randomness(8:0) 0ec1f012 d4727ca8
[    1.897564] random 0039 0000 0000 0ec1f012 d4727ca8: add_timer_randomness(.. 8388864)
[    1.897796] random 0039 0000 0000 0ec1f012 d4727ca8: add_disk_randomness(8:0) 0ec1f012 d4727ca8
[    1.897799] random 0039 0000 0000 0ec1f012 d4727ca8: add_timer_randomness(.. 8388864)
[    1.900659] random 0039 0000 0000 0ec1f012 d4727ca8: add_disk_randomness(8:0) 0ec1f012 d4727ca8
[    1.900662] random 0039 0000 0000 0ec1f012 d4727ca8: add_timer_randomness(.. 8388864)
[    1.900936] random 0039 0000 0000 0ec1f012 d4727ca8: add_disk_randomness(8:0) 0ec1f012 d4727ca8
[    1.900939] random 0039 0000 0000 0ec1f012 d4727ca8: add_timer_randomness(.. 8388864)
[    1.901180] random 0039 0000 0000 0ec1f012 d4727ca8: add_disk_randomness(8:0) 0ec1f012 d4727ca8
[    1.901183] random 0039 0000 0000 0ec1f012 d4727ca8: add_timer_randomness(.. 8388864)
[    1.901422] random 0039 0000 0000 0ec1f012 d4727ca8: add_disk_randomness(8:0) 0ec1f012 d4727ca8
[    1.901426] random 0039 0000 0000 0ec1f012 d4727ca8: add_timer_randomness(.. 8388864)
[    1.901593] random 0039 0000 0000 0ec1f012 d4727ca8: rand_read_num 13 urandom_read(12): sig fffffcf5 0ec1f012 d4727ca8 pid=1
[    1.901596] random 0039 0000 0000 0ec1f012 d4727ca8: extract_entropy_user(12)
[    1.901599] random 0039 0000 0000 0ec1f012 d4727ca8: going to reseed nonblocking with 96 bits (96 of 0 requested)
[    1.901602] random 0039 0000 0000 0ec1f012 d4727ca8: extract_entropy(.. 12 ..)
[    1.901604] random 0039 0000 0000 0ec1f012 d4727ca8: trying to extract 96 bits from input
[    1.901607] random 0039 0000 0000 0ec1f012 d4727ca8: debiting 0 entropy credits from input
[    1.901609] random 0039 0000 0000 0ec1f012 d4727ca8: trying to extract 96 bits from nonblocking
[    1.901612] random 0039 0000 0000 0ec1f012 d4727ca8: debiting 96 entropy credits from nonblocking (unlimited)
[    1.901614] random 0039 0000 0000 0ec1f012 d4727ca8:   got 12 bytes
[    1.913642] random 0039 0000 0000 45b1d0b1 845a73f7: add_disk_randomness(8:0) 45b1d0b1 845a73f7
[    1.913645] random 0039 0000 0000 45b1d0b1 845a73f7: add_timer_randomness(.. 8388864)
[    1.913649] random 0039 0000 0000 45b1d0b1 845a73f7: added 1 entropy credits to input
[    1.916967] random 0040 0000 0000 45b1d0b1 845a73f7: add_disk_randomness(8:0) 45b1d0b1 845a73f7
[    1.916970] random 0040 0000 0000 45b1d0b1 845a73f7: add_timer_randomness(.. 8388864)
[    1.917182] random 0040 0000 0000 45b1d0b1 845a73f7: add_disk_randomness(8:0) 45b1d0b1 845a73f7
[    1.917185] random 0040 0000 0000 45b1d0b1 845a73f7: add_timer_randomness(.. 8388864)
[    1.946813] random 0040 0000 0000 45b1d0b1 845a73f7: add_disk_randomness(8:0) 45b1d0b1 845a73f7
[    1.946816] random 0040 0000 0000 45b1d0b1 845a73f7: add_timer_randomness(.. 8388864)
[    1.946820] random 0040 0000 0000 45b1d0b1 845a73f7: added 2 entropy credits to input
[    1.952371] random 0042 0000 0000 45b1d0b1 845a73f7: add_disk_randomness(8:0) 45b1d0b1 845a73f7
[    1.952374] random 0042 0000 0000 45b1d0b1 845a73f7: add_timer_randomness(.. 8388864)
[    1.952377] random 0042 0000 0000 45b1d0b1 845a73f7: added 1 entropy credits to input
[    1.957605] random 0043 0000 0000 45b1d0b1 845a73f7: add_disk_randomness(8:0) 45b1d0b1 845a73f7
[    1.957608] random 0043 0000 0000 45b1d0b1 845a73f7: add_timer_randomness(.. 8388864)
[    1.974268] random 0043 0000 0000 45b1d0b1 845a73f7: add_disk_randomness(8:0) 45b1d0b1 845a73f7
[    1.974270] random 0043 0000 0000 45b1d0b1 845a73f7: add_timer_randomness(.. 8388864)
[    1.974274] random 0043 0000 0000 45b1d0b1 845a73f7: added 1 entropy credits to input
[    1.976662] random 0044 0000 0000 45b1d0b1 845a73f7: add_disk_randomness(8:0) 45b1d0b1 845a73f7
[    1.976665] random 0044 0000 0000 45b1d0b1 845a73f7: add_timer_randomness(.. 8388864)
[    1.976851] random 0044 0000 0000 45b1d0b1 845a73f7: add_disk_randomness(8:0) 45b1d0b1 845a73f7
[    1.976854] random 0044 0000 0000 45b1d0b1 845a73f7: add_timer_randomness(.. 8388864)
[    1.977040] random 0044 0000 0000 45b1d0b1 845a73f7: add_disk_randomness(8:0) 45b1d0b1 845a73f7
[    1.977042] random 0044 0000 0000 45b1d0b1 845a73f7: add_timer_randomness(.. 8388864)
[    1.977210] random 0044 0000 0000 45b1d0b1 845a73f7: add_disk_randomness(8:0) 45b1d0b1 845a73f7
[    1.977212] random 0044 0000 0000 45b1d0b1 845a73f7: add_timer_randomness(.. 8388864)
[    1.977395] random 0044 0000 0000 45b1d0b1 845a73f7: add_disk_randomness(8:0) 45b1d0b1 845a73f7
[    1.977398] random 0044 0000 0000 45b1d0b1 845a73f7: add_timer_randomness(.. 8388864)
[    1.991026] random 0044 0000 0000 45b1d0b1 845a73f7: add_disk_randomness(8:0) 45b1d0b1 845a73f7
[    1.991029] random 0044 0000 0000 45b1d0b1 845a73f7: add_timer_randomness(.. 8388864)
[    1.991032] random 0044 0000 0000 45b1d0b1 845a73f7: added 1 entropy credits to input
[    1.995593] random 0045 0000 0000 45b1d0b1 845a73f7: add_disk_randomness(8:0) 45b1d0b1 845a73f7
[    1.995596] random 0045 0000 0000 45b1d0b1 845a73f7: add_timer_randomness(.. 8388864)
[    2.009976] random 0045 0000 0000 45b1d0b1 845a73f7: add_disk_randomness(8:0) 45b1d0b1 845a73f7
[    2.009979] random 0045 0000 0000 45b1d0b1 845a73f7: add_timer_randomness(.. 8388864)
[    2.009983] random 0045 0000 0000 45b1d0b1 845a73f7: added 1 entropy credits to input
[    2.010240] random 0046 0000 0000 45b1d0b1 845a73f7: rand_read_num 14 get_random_bytes(16): sig fffffc05 45b1d0b1 845a73f7
[    2.010242] random 0046 0000 0000 45b1d0b1 845a73f7: extract_entropy(.. 16 ..)
[    2.010245] random 0046 0000 0000 45b1d0b1 845a73f7: going to reseed nonblocking with 128 bits (128 of 0 requested)
[    2.010247] random 0046 0000 0000 45b1d0b1 845a73f7: extract_entropy(.. 16 ..)
[    2.010250] random 0046 0000 0000 45b1d0b1 845a73f7: trying to extract 128 bits from input
[    2.010252] random 0046 0000 0000 45b1d0b1 845a73f7: debiting 0 entropy credits from input
[    2.010254] random 0046 0000 0000 45b1d0b1 845a73f7: trying to extract 128 bits from nonblocking
[    2.010257] random 0046 0000 0000 45b1d0b1 845a73f7: debiting 128 entropy credits from nonblocking (unlimited)
[    2.031440] random 0046 0000 0000 5012cce3 b8a30621: add_disk_randomness(8:0) 5012cce3 b8a30621
[    2.031443] random 0046 0000 0000 5012cce3 b8a30621: add_timer_randomness(.. 8388864)
[    2.032358] random 0046 0000 0000 5012cce3 b8a30621: add_disk_randomness(8:0) 5012cce3 b8a30621
[    2.032361] random 0046 0000 0000 5012cce3 b8a30621: add_timer_randomness(.. 8388864)
[    2.032799] random 0046 0000 0000 5012cce3 b8a30621: add_disk_randomness(8:0) 5012cce3 b8a30621
[    2.032802] random 0046 0000 0000 5012cce3 b8a30621: add_timer_randomness(.. 8388864)
[    2.050021] random 0046 0000 0000 5012cce3 b8a30621: add_disk_randomness(8:0) 5012cce3 b8a30621
[    2.050024] random 0046 0000 0000 5012cce3 b8a30621: add_timer_randomness(.. 8388864)
[    2.050027] random 0046 0000 0000 5012cce3 b8a30621: added 2 entropy credits to input
[    2.050758] random 0048 0000 0000 5012cce3 b8a30621: add_disk_randomness(8:0) 5012cce3 b8a30621
[    2.050761] random 0048 0000 0000 5012cce3 b8a30621: add_timer_randomness(.. 8388864)
[    2.050790] random 0048 0000 0000 5012cce3 b8a30621: rand_read_num 15 get_random_bytes(16): sig fffffb9d 5012cce3 b8a30621
[    2.050793] random 0048 0000 0000 5012cce3 b8a30621: extract_entropy(.. 16 ..)
[    2.050796] random 0048 0000 0000 5012cce3 b8a30621: going to reseed nonblocking with 128 bits (128 of 0 requested)
[    2.050799] random 0048 0000 0000 5012cce3 b8a30621: extract_entropy(.. 16 ..)
[    2.050802] random 0048 0000 0000 5012cce3 b8a30621: trying to extract 128 bits from input
[    2.050805] random 0048 0000 0000 5012cce3 b8a30621: debiting 0 entropy credits from input
[    2.050808] random 0048 0000 0000 5012cce3 b8a30621: trying to extract 128 bits from nonblocking
[    2.050811] random 0048 0000 0000 5012cce3 b8a30621: debiting 128 entropy credits from nonblocking (unlimited)
[    2.050855] random 0048 0000 0000 89bae1ab 704c432f: rand_read_num 16 get_random_bytes(16): sig 0000006e 89bae1ab 704c432f
[    2.050858] random 0048 0000 0000 89bae1ab 704c432f: extract_entropy(.. 16 ..)
[    2.050861] random 0048 0000 0000 89bae1ab 704c432f: going to reseed nonblocking with 128 bits (128 of 0 requested)
[    2.050864] random 0048 0000 0000 89bae1ab 704c432f: extract_entropy(.. 16 ..)
[    2.050867] random 0048 0000 0000 89bae1ab 704c432f: trying to extract 128 bits from input
[    2.050869] random 0048 0000 0000 89bae1ab 704c432f: debiting 0 entropy credits from input
[    2.050872] random 0048 0000 0000 89bae1ab 704c432f: trying to extract 128 bits from nonblocking
[    2.050875] random 0048 0000 0000 89bae1ab 704c432f: debiting 128 entropy credits from nonblocking (unlimited)
[    2.071784] random 0048 0000 0000 6c298a02 2b1539f8: add_disk_randomness(8:0) 6c298a02 2b1539f8
[    2.071787] random 0048 0000 0000 6c298a02 2b1539f8: add_timer_randomness(.. 8388864)
[    2.071791] random 0048 0000 0000 6c298a02 2b1539f8: added 2 entropy credits to input
[    2.075364] random 0050 0000 0000 6c298a02 2b1539f8: add_disk_randomness(8:0) 6c298a02 2b1539f8
[    2.075368] random 0050 0000 0000 6c298a02 2b1539f8: add_timer_randomness(.. 8388864)
[    2.075531] random 0050 0000 0000 6c298a02 2b1539f8: add_disk_randomness(8:0) 6c298a02 2b1539f8
[    2.075534] random 0050 0000 0000 6c298a02 2b1539f8: add_timer_randomness(.. 8388864)
[    2.098655] random 0050 0000 0000 6c298a02 2b1539f8: add_disk_randomness(8:0) 6c298a02 2b1539f8
[    2.098657] random 0050 0000 0000 6c298a02 2b1539f8: add_timer_randomness(.. 8388864)
[    2.098661] random 0050 0000 0000 6c298a02 2b1539f8: added 2 entropy credits to input
[    2.119059] random 0052 0000 0000 6c298a02 2b1539f8: add_disk_randomness(8:0) 6c298a02 2b1539f8
[    2.119062] random 0052 0000 0000 6c298a02 2b1539f8: add_timer_randomness(.. 8388864)
[    2.132906] random 0052 0000 0000 6c298a02 2b1539f8: add_disk_randomness(8:0) 6c298a02 2b1539f8
[    2.132909] random 0052 0000 0000 6c298a02 2b1539f8: add_timer_randomness(.. 8388864)
[    2.133299] random 0052 0000 0000 6c298a02 2b1539f8: add_disk_randomness(8:0) 6c298a02 2b1539f8
[    2.133302] random 0052 0000 0000 6c298a02 2b1539f8: add_timer_randomness(.. 8388864)
[    2.133329] random 0052 0000 0000 6c298a02 2b1539f8: rand_read_num 17 get_random_bytes(16): sig 00000124 6c298a02 2b1539f8
[    2.133333] random 0052 0000 0000 6c298a02 2b1539f8: extract_entropy(.. 16 ..)
[    2.133336] random 0052 0000 0000 6c298a02 2b1539f8: going to reseed nonblocking with 128 bits (128 of 0 requested)
[    2.133339] random 0052 0000 0000 6c298a02 2b1539f8: extract_entropy(.. 16 ..)
[    2.133342] random 0052 0000 0000 6c298a02 2b1539f8: trying to extract 128 bits from input
[    2.133345] random 0052 0000 0000 6c298a02 2b1539f8: debiting 0 entropy credits from input
[    2.133348] random 0052 0000 0000 6c298a02 2b1539f8: trying to extract 128 bits from nonblocking
[    2.133351] random 0052 0000 0000 6c298a02 2b1539f8: debiting 128 entropy credits from nonblocking (unlimited)
[    2.133798] random 0052 0000 0000 c77b8b35 70f6cab5: add_disk_randomness(8:0) c77b8b35 70f6cab5
[    2.133801] random 0052 0000 0000 c77b8b35 70f6cab5: add_timer_randomness(.. 8388864)
[    2.134130] random 0052 0000 0000 c77b8b35 70f6cab5: add_disk_randomness(8:0) c77b8b35 70f6cab5
[    2.134133] random 0052 0000 0000 c77b8b35 70f6cab5: add_timer_randomness(.. 8388864)
[    2.134416] random 0052 0000 0000 c77b8b35 70f6cab5: add_disk_randomness(8:0) c77b8b35 70f6cab5
[    2.134419] random 0052 0000 0000 c77b8b35 70f6cab5: add_timer_randomness(.. 8388864)
[    2.134450] random 0052 0000 0000 c77b8b35 70f6cab5: rand_read_num 18 get_random_bytes(16): sig ffffff1c c77b8b35 70f6cab5
[    2.134454] random 0052 0000 0000 c77b8b35 70f6cab5: extract_entropy(.. 16 ..)
[    2.134457] random 0052 0000 0000 c77b8b35 70f6cab5: going to reseed nonblocking with 128 bits (128 of 0 requested)
[    2.134460] random 0052 0000 0000 c77b8b35 70f6cab5: extract_entropy(.. 16 ..)
[    2.134463] random 0052 0000 0000 c77b8b35 70f6cab5: trying to extract 128 bits from input
[    2.134465] random 0052 0000 0000 c77b8b35 70f6cab5: debiting 0 entropy credits from input
[    2.134468] random 0052 0000 0000 c77b8b35 70f6cab5: trying to extract 128 bits from nonblocking
[    2.134472] random 0052 0000 0000 c77b8b35 70f6cab5: debiting 128 entropy credits from nonblocking (unlimited)
[    2.140442] random 0052 0000 0000 af21d212 57d20ca3: add_disk_randomness(8:0) af21d212 57d20ca3
[    2.140445] random 0052 0000 0000 af21d212 57d20ca3: add_timer_randomness(.. 8388864)
[    2.140449] random 0052 0000 0000 af21d212 57d20ca3: added 1 entropy credits to input
[    2.141769] random 0053 0000 0000 af21d212 57d20ca3: add_disk_randomness(8:0) af21d212 57d20ca3
[    2.141772] random 0053 0000 0000 af21d212 57d20ca3: add_timer_randomness(.. 8388864)
[    2.142064] random 0053 0000 0000 af21d212 57d20ca3: add_disk_randomness(8:0) af21d212 57d20ca3
[    2.142067] random 0053 0000 0000 af21d212 57d20ca3: add_timer_randomness(.. 8388864)
[    2.142262] random 0053 0000 0000 af21d212 57d20ca3: add_disk_randomness(8:0) af21d212 57d20ca3
[    2.142265] random 0053 0000 0000 af21d212 57d20ca3: add_timer_randomness(.. 8388864)
[    2.142754] random 0053 0000 0000 af21d212 57d20ca3: add_disk_randomness(8:0) af21d212 57d20ca3
[    2.142757] random 0053 0000 0000 af21d212 57d20ca3: add_timer_randomness(.. 8388864)
[    2.143235] random 0053 0000 0000 af21d212 57d20ca3: add_disk_randomness(8:0) af21d212 57d20ca3
[    2.143238] random 0053 0000 0000 af21d212 57d20ca3: add_timer_randomness(.. 8388864)
[    2.151311] random 0053 0000 0000 af21d212 57d20ca3: add_disk_randomness(8:0) af21d212 57d20ca3
[    2.151314] random 0053 0000 0000 af21d212 57d20ca3: add_timer_randomness(.. 8388864)
[    2.151318] random 0053 0000 0000 af21d212 57d20ca3: added 1 entropy credits to input
[    2.151547] random 0054 0000 0000 af21d212 57d20ca3: add_disk_randomness(8:0) af21d212 57d20ca3
[    2.151550] random 0054 0000 0000 af21d212 57d20ca3: add_timer_randomness(.. 8388864)
[    2.159229] random 0054 0000 0000 af21d212 57d20ca3: add_disk_randomness(8:0) af21d212 57d20ca3
[    2.159233] random 0054 0000 0000 af21d212 57d20ca3: add_timer_randomness(.. 8388864)
[    2.159236] random 0054 0000 0000 af21d212 57d20ca3: added 1 entropy credits to input
[    2.159314] random 0055 0000 0000 af21d212 57d20ca3: rand_read_num 19 get_random_bytes(16): sig fffffe1d af21d212 57d20ca3
[    2.159317] random 0055 0000 0000 af21d212 57d20ca3: extract_entropy(.. 16 ..)
[    2.159320] random 0055 0000 0000 af21d212 57d20ca3: going to reseed nonblocking with 128 bits (128 of 0 requested)
[    2.159323] random 0055 0000 0000 af21d212 57d20ca3: extract_entropy(.. 16 ..)
[    2.159326] random 0055 0000 0000 af21d212 57d20ca3: trying to extract 128 bits from input
[    2.159329] random 0055 0000 0000 af21d212 57d20ca3: debiting 0 entropy credits from input
[    2.159337] random 0055 0000 0000 af21d212 57d20ca3: trying to extract 128 bits from nonblocking
[    2.159340] random 0055 0000 0000 af21d212 57d20ca3: debiting 128 entropy credits from nonblocking (unlimited)
[    2.159393] random 0055 0000 0000 151530a2 56c65dd3: add_disk_randomness(8:0) 151530a2 56c65dd3
[    2.159396] random 0055 0000 0000 151530a2 56c65dd3: add_timer_randomness(.. 8388864)
[    2.181392] random 0055 0000 0000 151530a2 56c65dd3: add_disk_randomness(8:0) 151530a2 56c65dd3
[    2.181395] random 0055 0000 0000 151530a2 56c65dd3: add_timer_randomness(.. 8388864)
[    2.181399] random 0055 0000 0000 151530a2 56c65dd3: added 2 entropy credits to input
[    2.181582] random 0057 0000 0000 151530a2 56c65dd3: add_disk_randomness(8:0) 151530a2 56c65dd3
[    2.181585] random 0057 0000 0000 151530a2 56c65dd3: add_timer_randomness(.. 8388864)
[    2.182549] random 0057 0000 0000 151530a2 56c65dd3: add_disk_randomness(8:0) 151530a2 56c65dd3
[    2.182551] random 0057 0000 0000 151530a2 56c65dd3: add_timer_randomness(.. 8388864)
[    2.182728] random 0057 0000 0000 151530a2 56c65dd3: add_disk_randomness(8:0) 151530a2 56c65dd3
[    2.182731] random 0057 0000 0000 151530a2 56c65dd3: add_timer_randomness(.. 8388864)
[    2.204790] random 0057 0000 0000 151530a2 56c65dd3: add_disk_randomness(8:0) 151530a2 56c65dd3
[    2.204793] random 0057 0000 0000 151530a2 56c65dd3: add_timer_randomness(.. 8388864)
[    2.204797] random 0057 0000 0000 151530a2 56c65dd3: added 2 entropy credits to input
[    2.205676] random 0059 0000 0000 151530a2 56c65dd3: add_disk_randomness(8:0) 151530a2 56c65dd3
[    2.205679] random 0059 0000 0000 151530a2 56c65dd3: add_timer_randomness(.. 8388864)
[    2.209284] random 0059 0000 0000 151530a2 56c65dd3: add_disk_randomness(8:0) 151530a2 56c65dd3
[    2.209288] random 0059 0000 0000 151530a2 56c65dd3: add_timer_randomness(.. 8388864)
[    2.209948] random 0059 0000 0000 151530a2 56c65dd3: add_disk_randomness(8:0) 151530a2 56c65dd3
[    2.209951] random 0059 0000 0000 151530a2 56c65dd3: add_timer_randomness(.. 8388864)
[    2.215619] random 0059 0000 0000 151530a2 56c65dd3: add_disk_randomness(8:0) 151530a2 56c65dd3
[    2.215622] random 0059 0000 0000 151530a2 56c65dd3: add_timer_randomness(.. 8388864)
[    2.217446] random 0059 0000 0000 151530a2 56c65dd3: add_disk_randomness(8:0) 151530a2 56c65dd3
[    2.217449] random 0059 0000 0000 151530a2 56c65dd3: add_timer_randomness(.. 8388864)
[    2.217711] random 0059 0000 0000 151530a2 56c65dd3: add_disk_randomness(8:0) 151530a2 56c65dd3
[    2.217713] random 0059 0000 0000 151530a2 56c65dd3: add_timer_randomness(.. 8388864)
[    2.218253] random 0059 0000 0000 151530a2 56c65dd3: add_disk_randomness(8:0) 151530a2 56c65dd3
[    2.218255] random 0059 0000 0000 151530a2 56c65dd3: add_timer_randomness(.. 8388864)
[    2.218801] random 0059 0000 0000 151530a2 56c65dd3: add_disk_randomness(8:0) 151530a2 56c65dd3
[    2.218804] random 0059 0000 0000 151530a2 56c65dd3: add_timer_randomness(.. 8388864)
[    2.218942] random 0059 0000 0000 151530a2 56c65dd3: rand_read_num 20 get_random_bytes(16): sig ffffffbf 151530a2 56c65dd3
[    2.218945] random 0059 0000 0000 151530a2 56c65dd3: extract_entropy(.. 16 ..)
[    2.218948] random 0059 0000 0000 151530a2 56c65dd3: going to reseed nonblocking with 128 bits (128 of 0 requested)
[    2.218950] random 0059 0000 0000 151530a2 56c65dd3: extract_entropy(.. 16 ..)
[    2.218952] random 0059 0000 0000 151530a2 56c65dd3: trying to extract 128 bits from input
[    2.218955] random 0059 0000 0000 151530a2 56c65dd3: debiting 0 entropy credits from input
