[    0.000000] CANARY: x86 boot_init with canary of 7184157937683394861 and tsc of 13237819147
[    0.000000] Initializing cgroup subsys cpuset
[    0.000000] Initializing cgroup subsys cpu
[    0.000000] Linux version 2.6.32.57 (dcashman@dcashman-01) (gcc version 4.4.3 (Ubuntu 4.4.3-4ubuntu5.1) ) #74 SMP Mon Feb 11 12:53:36 PST 2013
[    0.000000] KERNEL supported cpus:
[    0.000000]   Intel GenuineIntel
[    0.000000]   AMD AuthenticAMD
[    0.000000]   NSC Geode by NSC
[    0.000000]   Cyrix CyrixInstead
[    0.000000]   Centaur CentaurHauls
[    0.000000]   Transmeta GenuineTMx86
[    0.000000]   Transmeta TransmetaCPU
[    0.000000]   UMC UMC UMC UMC
[    0.000000] BIOS-provided physical RAM map:
[    0.000000]  BIOS-e820: 0000000000000000 - 000000000009fc00 (usable)
[    0.000000]  BIOS-e820: 000000000009fc00 - 00000000000a0000 (reserved)
[    0.000000]  BIOS-e820: 00000000000e4000 - 0000000000100000 (reserved)
[    0.000000]  BIOS-e820: 0000000000100000 - 00000000cff90000 (usable)
[    0.000000]  BIOS-e820: 00000000cff90000 - 00000000cff9e000 (ACPI data)
[    0.000000]  BIOS-e820: 00000000cff9e000 - 00000000cffe0000 (ACPI NVS)
[    0.000000]  BIOS-e820: 00000000cffe0000 - 00000000d0000000 (reserved)
[    0.000000]  BIOS-e820: 00000000fee00000 - 00000000fee01000 (reserved)
[    0.000000]  BIOS-e820: 00000000fff00000 - 0000000100000000 (reserved)
[    0.000000]  BIOS-e820: 0000000100000000 - 00000001b0000000 (usable)
[    0.000000] DMI present.
[    0.000000] AMI BIOS detected: BIOS may corrupt low RAM, working around it.
[    0.000000] e820 update range: 0000000000000000 - 0000000000010000 (usable) ==> (reserved)
[    0.000000] last_pfn = 0x1b0000 max_arch_pfn = 0x1000000
[    0.000000] MTRR default type: uncachable
[    0.000000] MTRR fixed ranges enabled:
[    0.000000]   00000-9FFFF write-back
[    0.000000]   A0000-BFFFF uncachable
[    0.000000]   C0000-CFFFF write-protect
[    0.000000]   D0000-DFFFF uncachable
[    0.000000]   E0000-EFFFF write-through
[    0.000000]   F0000-FFFFF write-protect
[    0.000000] MTRR variable ranges enabled:
[    0.000000]   0 base 1B0000000 mask FF0000000 uncachable
[    0.000000]   1 base 1C0000000 mask FC0000000 uncachable
[    0.000000]   2 base 000000000 mask E00000000 write-back
[    0.000000]   3 base 0D0000000 mask FF0000000 uncachable
[    0.000000]   4 base 0E0000000 mask FE0000000 uncachable
[    0.000000]   5 disabled
[    0.000000]   6 disabled
[    0.000000]   7 disabled
[    0.000000] x86 PAT enabled: cpu 0, old 0x7040600070406, new 0x7010600070106
[    0.000000] e820 update range: 00000000d0000000 - 0000000100000000 (usable) ==> (reserved)
[    0.000000] Scanning 0 areas for low memory corruption
[    0.000000] modified physical RAM map:
[    0.000000]  modified: 0000000000000000 - 0000000000010000 (reserved)
[    0.000000]  modified: 0000000000010000 - 000000000009fc00 (usable)
[    0.000000]  modified: 000000000009fc00 - 00000000000a0000 (reserved)
[    0.000000]  modified: 00000000000e4000 - 0000000000100000 (reserved)
[    0.000000]  modified: 0000000000100000 - 00000000cff90000 (usable)
[    0.000000]  modified: 00000000cff90000 - 00000000cff9e000 (ACPI data)
[    0.000000]  modified: 00000000cff9e000 - 00000000cffe0000 (ACPI NVS)
[    0.000000]  modified: 00000000cffe0000 - 00000000d0000000 (reserved)
[    0.000000]  modified: 00000000fee00000 - 00000000fee01000 (reserved)
[    0.000000]  modified: 00000000fff00000 - 0000000100000000 (reserved)
[    0.000000]  modified: 0000000100000000 - 00000001b0000000 (usable)
[    0.000000] initial memory mapped : 0 - 00e00000
[    0.000000] init_memory_mapping: 0000000000000000-00000000379fe000
[    0.000000] NX (Execute Disable) protection: active
[    0.000000]  0000000000 - 0000200000 page 4k
[    0.000000]  0000200000 - 0037800000 page 2M
[    0.000000]  0037800000 - 00379fe000 page 4k
[    0.000000] kernel direct mapping tables up to 379fe000 @ 10000-16000
[    0.000000] ACPI: RSDP 000f91f0 00014 (v00 HPQOEM)
[    0.000000] ACPI: RSDT cff90000 00044 (v01 HPQOEM SLIC-CPC 20090819 MSFT 00000097)
[    0.000000] ACPI: FACP cff90200 00084 (v01 HPQOEM SLIC-CPC 20090819 MSFT 00000097)
[    0.000000] ACPI: DSDT cff90440 05753 (v01 HPQOEM SLIC-CPC 00000050 INTL 20051117)
[    0.000000] ACPI: FACS cff9e000 00040
[    0.000000] ACPI: APIC cff90390 0006C (v01 HPQOEM SLIC-CPC 20090819 MSFT 00000097)
[    0.000000] ACPI: MCFG cff90400 0003C (v01 HPQOEM SLIC-CPC 20090819 MSFT 00000097)
[    0.000000] ACPI: OEMB cff9e040 00076 (v01 HPQOEM SLIC-CPC 20090819 MSFT 00000097)
[    0.000000] ACPI: HPET cff95ba0 00038 (v01 HPQOEM SLIC-CPC 20090819 MSFT 00000097)
[    0.000000] ACPI: GSCI cff9e0c0 02024 (v01 HPQOEM SLIC-CPC 20090819 MSFT 00000097)
[    0.000000] ACPI: SLIC cffa00f0 00176 (v01 HPQOEM SLIC-CPC 00000001 MSFT 00000001)
[    0.000000] ACPI: SSDT cffa0b30 00A7C (v01 HPQOEM SLIC-CPC 00000012 INTL 20051117)
[    0.000000] ACPI: Local APIC address 0xfee00000
[    0.000000] 6022MB HIGHMEM available.
[    0.000000] 889MB LOWMEM available.
[    0.000000]   mapped low ram: 0 - 379fe000
[    0.000000]   low ram: 0 - 379fe000
[    0.000000]   node 0 low ram: 00000000 - 379fe000
[    0.000000]   node 0 bootmap 00012000 - 00018f40
[    0.000000] (8 early reservations) ==> bootmem [0000000000 - 00379fe000]
[    0.000000]   #0 [0000000000 - 0000001000]   BIOS data page ==> [0000000000 - 0000001000]
[    0.000000]   #1 [0000001000 - 0000002000]    EX TRAMPOLINE ==> [0000001000 - 0000002000]
[    0.000000]   #2 [0000006000 - 0000007000]       TRAMPOLINE ==> [0000006000 - 0000007000]
[    0.000000]   #3 [0000100000 - 0000918778]    TEXT DATA BSS ==> [0000100000 - 0000918778]
[    0.000000]   #4 [000009fc00 - 0000100000]    BIOS reserved ==> [000009fc00 - 0000100000]
[    0.000000]   #5 [0000919000 - 0000920640]              BRK ==> [0000919000 - 0000920640]
[    0.000000]   #6 [0000010000 - 0000012000]          PGTABLE ==> [0000010000 - 0000012000]
[    0.000000]   #7 [0000012000 - 0000019000]          BOOTMAP ==> [0000012000 - 0000019000]
[    0.000000] found SMP MP-table at [c00ff780] ff780
[    0.000000] Zone PFN ranges:
[    0.000000]   DMA      0x00000010 -> 0x00001000
[    0.000000]   Normal   0x00001000 -> 0x000379fe
[    0.000000]   HighMem  0x000379fe -> 0x001b0000
[    0.000000] Movable zone start PFN for each node
[    0.000000] early_node_map[3] active PFN ranges
[    0.000000]     0: 0x00000010 -> 0x0000009f
[    0.000000]     0: 0x00000100 -> 0x000cff90
[    0.000000]     0: 0x00100000 -> 0x001b0000
[    0.000000] On node 0 totalpages: 1572639
[    0.000000] free_area_init_node: node 0, pgdat c07ba8a0, node_mem_map c1001200
[    0.000000]   DMA zone: 32 pages used for memmap
[    0.000000]   DMA zone: 0 pages reserved
[    0.000000]   DMA zone: 3951 pages, LIFO batch:0
[    0.000000]   Normal zone: 1748 pages used for memmap
[    0.000000]   Normal zone: 221994 pages, LIFO batch:31
[    0.000000]   HighMem zone: 12045 pages used for memmap
[    0.000000]   HighMem zone: 1332869 pages, LIFO batch:31
[    0.000000] Using APIC driver default
[    0.000000] ACPI: PM-Timer IO Port: 0x808
[    0.000000] ACPI: Local APIC address 0xfee00000
[    0.000000] ACPI: LAPIC (acpi_id[0x01] lapic_id[0x00] enabled)
[    0.000000] ACPI: LAPIC (acpi_id[0x02] lapic_id[0x01] enabled)
[    0.000000] ACPI: LAPIC (acpi_id[0x03] lapic_id[0x02] enabled)
[    0.000000] ACPI: LAPIC (acpi_id[0x04] lapic_id[0x03] enabled)
[    0.000000] ACPI: Skipping IOAPIC probe due to 'noapic' option.
[    0.000000] Using ACPI for processor (LAPIC) configuration information
[    0.000000] ACPI: HPET id: 0xffffffff base: 0xfed00000
[    0.000000] Intel MultiProcessor Specification v1.4
[    0.000000]     Virtual Wire compatibility mode.
[    0.000000] MPTABLE: OEM ID: Intel   
[    0.000000] MPTABLE: Product ID: Eaglelake   
[    0.000000] MPTABLE: APIC at: 0xFEE00000
[    0.000000] I/O APIC #4 Version 32 at 0xFEC00000.
[    0.000000] Processors: 4
[    0.000000] SMP: Allowing 4 CPUs, 0 hotplug CPUs
[    0.000000] nr_irqs_gsi: 24
[    0.000000] PM: Registered nosave memory: 000000000009f000 - 00000000000a0000
[    0.000000] PM: Registered nosave memory: 00000000000a0000 - 00000000000e4000
[    0.000000] PM: Registered nosave memory: 00000000000e4000 - 0000000000100000
[    0.000000] Allocating PCI resources starting at d0000000 (gap: d0000000:2ee00000)
[    0.000000] Booting paravirtualized kernel on bare hardware
[    0.000000] NR_CPUS:8 nr_cpumask_bits:8 nr_cpu_ids:4 nr_node_ids:1
[    0.000000] PERCPU: Embedded 15 pages/cpu @c4800000 s39416 r0 d22024 u524288
[    0.000000] pcpu-alloc: s39416 r0 d22024 u524288 alloc=1*2097152
[    0.000000] pcpu-alloc: [0] 0 1 2 3 
[    0.000000] Built 1 zonelists in Zone order, mobility grouping on.  Total pages: 1558814
[    0.000000] Kernel command line: BOOT_IMAGE=/boot/vmlinuz-2.6.32.57 root=/dev/sda1 ro quiet maxcpus=0
[    0.000000] PID hash table entries: 4096 (order: 2, 16384 bytes)
[    0.000000] Dentry cache hash table entries: 131072 (order: 7, 524288 bytes)
[    0.000000] Inode-cache hash table entries: 65536 (order: 6, 262144 bytes)
[    0.000000] Enabling fast FPU save and restore... done.
[    0.000000] Enabling unmasked SIMD FPU exception support... done.
[    0.000000] Initializing CPU#0
[    0.000000] allocated 35389120 bytes of page_cgroup
[    0.000000] please try 'cgroup_disable=memory' option if you don't want memory cgroups
[    0.000000] Initializing HighMem for node 0 (000379fe:001b0000)
[    0.000000] Memory: 6190164k/7077888k available (4762k kernel code, 99308k reserved, 2170k data, 676k init, 5379656k highmem)
[    0.000000] virtual kernel memory layout:
[    0.000000]     fixmap  : 0xfff1d000 - 0xfffff000   ( 904 kB)
[    0.000000]     pkmap   : 0xffa00000 - 0xffc00000   (2048 kB)
[    0.000000]     vmalloc : 0xf81fe000 - 0xff9fe000   ( 120 MB)
[    0.000000]     lowmem  : 0xc0000000 - 0xf79fe000   ( 889 MB)
[    0.000000]       .init : 0xc07c6000 - 0xc086f000   ( 676 kB)
[    0.000000]       .data : 0xc05a68ab - 0xc07c50c8   (2170 kB)
[    0.000000]       .text : 0xc0100000 - 0xc05a68ab   (4762 kB)
[    0.000000] Checking if this processor honours the WP bit even in supervisor mode...Ok.
[    0.000000] SLUB: Genslabs=13, HWalign=64, Order=0-3, MinObjects=0, CPUs=4, Nodes=1
[    0.000000] Hierarchical RCU implementation.
[    0.000000] NR_IRQS:2304 nr_irqs:440
[    0.000000] TIMEKEEPING init value of now (persistent): 20:56:26
[    0.000000] TIMEKEEPING init value of boot: 0:00:00
[    0.000000] TIMEKEEPING init: modifying now (persistent) to be 0
[    0.000000] Number of jiffies at timekeeping init - unsigned 32bit: -75000, hex fffedb08
[    0.000000] Number of jiffies in INITIAL_JIFFIES, unsigned 32bit: -75000, hex fffedb08
[    0.000000] Part of INITIAL_JIFFIES HZ 250, Part of NSEC_PER_JIFFY 63996
[    0.000000] TIMEKEEPING TIMEKEEPER_SETUP
[    0.000000] Pid: 0, comm: swapper Not tainted 2.6.32.57 #74
[    0.000000] Call Trace:
[    0.000000]  [<c059ee04>] ? printk+0x1d/0x21
[    0.000000]  [<c0177a31>] timekeeper_setup_internals+0x21/0x1a0
[    0.000000]  [<c017b8d7>] ? time_to_tm+0x187/0x1f0
[    0.000000]  [<c0178344>] ? ntp_update_frequency+0x14/0xc0
[    0.000000]  [<c0171004>] ? hrtimer_init+0x14/0xb0
[    0.000000]  [<c07df883>] timekeeping_init+0x159/0x21a
[    0.000000]  [<c01a6996>] ? setup_irq+0x26/0x40
[    0.000000]  [<c07c67d0>] start_kernel+0x241/0x384
[    0.000000]  [<c07c63bb>] ? unknown_bootoption+0x0/0x19e
[    0.000000]  [<c07c60bb>] i386_start_kernel+0xaa/0xb1
[    0.000000] Pid: 0, comm: swapper Not tainted 2.6.32.57 #74
[    0.000000] Call Trace:
[    0.000000]  [<c0179e0a>] jiffies_read+0x4a/0x130
[    0.000000]  [<c059ee04>] ? printk+0x1d/0x21
[    0.000000]  [<c0177a36>] timekeeper_setup_internals+0x26/0x1a0
[    0.000000]  [<c017b8d7>] ? time_to_tm+0x187/0x1f0
[    0.000000]  [<c0178344>] ? ntp_update_frequency+0x14/0xc0
[    0.000000]  [<c0171004>] ? hrtimer_init+0x14/0xb0
[    0.000000]  [<c07df883>] timekeeping_init+0x159/0x21a
[    0.000000]  [<c01a6996>] ? setup_irq+0x26/0x40
[    0.000000]  [<c07c67d0>] start_kernel+0x241/0x384
[    0.000000]  [<c07c63bb>] ? unknown_bootoption+0x0/0x19e
[    0.000000]  [<c07c60bb>] i386_start_kernel+0xaa/0xb1
[    0.000000] JIFFIES_READ: read #1 long value: 13869027883634055944
[    0.000000] JIFFIES_READ: read #1 long value with cast: 4294892296
[    0.000000] JIFFIES_READ: read #1 long jiffies_64 value: 4294892296
[    0.000000] JIFFIES_READ unsigned 32bit read #1 value: 4294892296, fffedb08
[    0.000000] JIFFIES_READ unsigned 32bit 2nd read #1 value: 4294892296, fffedb08
[    0.000000] JIFFIES NSEC_PER_JIFFY value: 4000250, ACTHZ: 63996
[    0.000000] clocksource: jiffies with init reading: fffedb08
[    0.000000] Pid: 0, comm: swapper Not tainted 2.6.32.57 #74
[    0.000000] Call Trace:
[    0.000000]  [<c059ee04>] ? printk+0x1d/0x21
[    0.000000]  [<c0179e0a>] jiffies_read+0x4a/0x130
[    0.000000]  [<c059ee04>] ? printk+0x1d/0x21
[    0.000000]  [<c0177a57>] timekeeper_setup_internals+0x47/0x1a0
[    0.000000]  [<c0178344>] ? ntp_update_frequency+0x14/0xc0
[    0.000000]  [<c0171004>] ? hrtimer_init+0x14/0xb0
[    0.000000]  [<c07df883>] timekeeping_init+0x159/0x21a
[    0.000000]  [<c01a6996>] ? setup_irq+0x26/0x40
[    0.000000]  [<c07c67d0>] start_kernel+0x241/0x384
[    0.000000]  [<c07c63bb>] ? unknown_bootoption+0x0/0x19e
[    0.000000]  [<c07c60bb>] i386_start_kernel+0xaa/0xb1
[    0.000000] JIFFIES_READ: read #2 long value: 13868622954117389064
[    0.000000] JIFFIES_READ: read #2 long value with cast: 4294892296
[    0.000000] JIFFIES_READ: read #2 long jiffies_64 value: 4294892296
[    0.000000] JIFFIES_READ unsigned 32bit read #2 value: 4294892296, fffedb08
[    0.000000] JIFFIES_READ unsigned 32bit 2nd read #2 value: 4294892296, fffedb08
[    0.000000] JIFFIES NSEC_PER_JIFFY value: 4000250, ACTHZ: 63996
[    0.000000] Initial timekeeper.mult value: 1024064000
[    0.000000] Console: colour VGA+ 80x25
[    0.000000] console [tty0] enabled
[    0.000000] CLOCKSOURCE_REGISTER_BACKTRACE: hpet
[    0.000000] Pid: 0, comm: swapper Not tainted 2.6.32.57 #74
[    0.000000] Call Trace:
[    0.000000]  [<c059ee04>] ? printk+0x1d/0x21
[    0.000000]  [<c0179857>] clocksource_register+0x27/0x240
[    0.000000]  [<c013104f>] ? ioremap_nocache+0x1f/0x30
[    0.000000]  [<c07da73e>] hpet_enable+0x189/0x290
[    0.000000]  [<c07cab0d>] hpet_time_init+0x8/0x18
[    0.000000]  [<c07caaed>] x86_late_time_init+0x9/0x10
[    0.000000]  [<c07c6878>] start_kernel+0x2e9/0x384
[    0.000000]  [<c07c63bb>] ? unknown_bootoption+0x0/0x19e
[    0.000000]  [<c07c60bb>] i386_start_kernel+0xaa/0xb1
[    0.000000] CLOCKSOURCE_REGISTER_BACKTRACE_END
[    0.000000] CLOCKSOURCE SELECTION
[    0.000000] Clocksource: hpet with rating: 250
[    0.000000] BACKTRACE
[    0.000000] Pid: 0, comm: swapper Not tainted 2.6.32.57 #74
[    0.000000] Call Trace:
[    0.000000]  [<c059ee04>] ? printk+0x1d/0x21
[    0.000000]  [<c01791c4>] clocksource_select+0x44/0x120
[    0.000000]  [<c01799f4>] clocksource_register+0x1c4/0x240
[    0.000000]  [<c013104f>] ? ioremap_nocache+0x1f/0x30
[    0.000000]  [<c07da73e>] hpet_enable+0x189/0x290
[    0.000000]  [<c07cab0d>] hpet_time_init+0x8/0x18
[    0.000000]  [<c07caaed>] x86_late_time_init+0x9/0x10
[    0.000000]  [<c07c6878>] start_kernel+0x2e9/0x384
[    0.000000]  [<c07c63bb>] ? unknown_bootoption+0x0/0x19e
[    0.000000]  [<c07c60bb>] i386_start_kernel+0xaa/0xb1
[    0.000000] BACKTRACE_END
[    0.000000] Pid: 0, comm: swapper Not tainted 2.6.32.57 #74
[    0.000000] Call Trace:
[    0.000000]  [<c0179e0a>] jiffies_read+0x4a/0x130
[    0.000000]  [<c012c82f>] ? hpet_legacy_set_mode+0xf/0x20
[    0.000000]  [<c017bce2>] ? clockevents_set_mode+0x22/0x60
[    0.000000]  [<c0177deb>] ktime_get+0x6b/0x100
[    0.000000]  [<c017c303>] tick_notify+0x393/0x3c0
[    0.000000]  [<c05a4093>] notifier_call_chain+0x43/0x60
[    0.000000]  [<c0172f4f>] raw_notifier_call_chain+0x1f/0x30
[    0.000000]  [<c017b9e0>] clockevents_register_device+0x90/0xc0
[    0.000000]  [<c07da7fc>] hpet_enable+0x247/0x290
[    0.000000]  [<c07cab0d>] hpet_time_init+0x8/0x18
[    0.000000]  [<c07caaed>] x86_late_time_init+0x9/0x10
[    0.000000]  [<c07c6878>] start_kernel+0x2e9/0x384
[    0.000000]  [<c07c63bb>] ? unknown_bootoption+0x0/0x19e
[    0.000000]  [<c07c60bb>] i386_start_kernel+0xaa/0xb1
[    0.000000] JIFFIES_READ: read #3 long value: 13868962875009063688
[    0.000000] JIFFIES_READ: read #3 long value with cast: 4294892296
[    0.000000] JIFFIES_READ: read #3 long jiffies_64 value: 4294892296
[    0.000000] JIFFIES_READ unsigned 32bit read #3 value: 4294892296, fffedb08
[    0.000000] JIFFIES_READ unsigned 32bit 2nd read #3 value: 4294892296, fffedb08
[    0.000000] JIFFIES NSEC_PER_JIFFY value: 4000250, ACTHZ: 63996
[    0.000000] hpet clockevent registered
[    0.000000] Fast TSC calibration using PIT
[    0.000000] Pid: 0, comm: swapper Not tainted 2.6.32.57 #74
[    0.000000] Call Trace:
[    0.000000]  [<c0179e0a>] jiffies_read+0x4a/0x130
[    0.000000]  [<c0177386>] update_wall_time+0x26/0x6b0
[    0.000000]  [<c0152d5a>] ? release_console_sem+0x1ba/0x200
[    0.000000]  [<c034ef58>] ? vsnprintf+0xc8/0x410
[    0.000000]  [<c01619eb>] do_timer+0x1b/0x30
[    0.000000]  [<c017c39a>] tick_periodic+0x6a/0x80
[    0.000000]  [<c017c3ce>] tick_handle_periodic+0x1e/0x90
[    0.000000]  [<c010bfe6>] timer_interrupt+0x26/0x70
[    0.000000]  [<c01a5a24>] handle_IRQ_event+0x54/0x150
[    0.000000]  [<c05a1ac9>] ? _spin_unlock_irqrestore+0x19/0x20
[    0.000000]  [<c010cf17>] ? mask_and_ack_8259A+0x57/0xf0
[    0.000000]  [<c01a8034>] handle_level_irq+0x74/0x100
[    0.000000]  [<c010bb8d>] handle_irq+0x1d/0x30
[    0.000000]  [<c05a5bcc>] do_IRQ+0x4c/0xc0
[    0.000000]  [<c0109c90>] common_interrupt+0x30/0x40
[    0.000000]  [<c012e5fa>] ? native_restore_fl+0xa/0x10
[    0.000000]  [<c010f70d>] native_calibrate_tsc+0x13d/0x740
[    0.000000]  [<c012f2c9>] ? default_spin_lock_flags+0x9/0x10
[    0.000000]  [<c05a1ac9>] ? _spin_unlock_irqrestore+0x19/0x20
[    0.000000]  [<c01a5928>] ? irq_to_desc+0x8/0x30
[    0.000000]  [<c01a622d>] ? irq_can_set_affinity+0xd/0x30
[    0.000000]  [<c07ce6ef>] tsc_init+0x22/0x1c1
[    0.000000]  [<c01a6996>] ? setup_irq+0x26/0x40
[    0.000000]  [<c07caaf2>] x86_late_time_init+0xe/0x10
[    0.000000]  [<c07c6878>] start_kernel+0x2e9/0x384
[    0.000000]  [<c07c63bb>] ? unknown_bootoption+0x0/0x19e
[    0.000000]  [<c07c60bb>] i386_start_kernel+0xaa/0xb1
[    0.000000] JIFFIES_READ: read #4 long value: 13868622468786084617
[    0.000000] JIFFIES_READ: read #4 long value with cast: 4294892297
[    0.000000] JIFFIES_READ: read #4 long jiffies_64 value: 4294892297
[    0.000000] JIFFIES_READ unsigned 32bit read #4 value: 4294892297, fffedb09
[    0.000000] JIFFIES_READ unsigned 32bit 2nd read #4 value: 4294892297, fffedb09
[    0.000000] JIFFIES NSEC_PER_JIFFY value: 4000250, ACTHZ: 63996
[    0.000000] Detected 2493.653 MHz processor.
[    0.000000] CLOCKSOURCE_REGISTER_BACKTRACE: tsc
[    0.000000] Pid: 0, comm: swapper Not tainted 2.6.32.57 #74
[    0.000000] Call Trace:
[    0.000000]  [<c059ee04>] ? printk+0x1d/0x21
[    0.000000]  [<c0179857>] clocksource_register+0x27/0x240
[    0.000000]  [<c07ce886>] tsc_init+0x1b9/0x1c1
[    0.000000]  [<c07caaf2>] x86_late_time_init+0xe/0x10
[    0.000000]  [<c07c6878>] start_kernel+0x2e9/0x384
[    0.000000]  [<c07c63bb>] ? unknown_bootoption+0x0/0x19e
[    0.000000]  [<c07c60bb>] i386_start_kernel+0xaa/0xb1
[    0.000000] CLOCKSOURCE_REGISTER_BACKTRACE_END
[    0.000000] CLOCKSOURCE SELECTION
[    0.000000] Clocksource: tsc with rating: 300
[    0.000000] Clocksource: hpet with rating: 250
[    0.000000] BACKTRACE
[    0.000000] Pid: 0, comm: swapper Not tainted 2.6.32.57 #74
[    0.000000] Call Trace:
[    0.000000]  [<c059ee04>] ? printk+0x1d/0x21
[    0.000000]  [<c01791c4>] clocksource_select+0x44/0x120
[    0.000000]  [<c01799f4>] clocksource_register+0x1c4/0x240
[    0.000000]  [<c07ce886>] tsc_init+0x1b9/0x1c1
[    0.000000]  [<c07caaf2>] x86_late_time_init+0xe/0x10
[    0.000000]  [<c07c6878>] start_kernel+0x2e9/0x384
[    0.000000]  [<c07c63bb>] ? unknown_bootoption+0x0/0x19e
[    0.000000]  [<c07c60bb>] i386_start_kernel+0xaa/0xb1
[    0.000000] BACKTRACE_END
[    0.000000] Pid: 0, comm: swapper Not tainted 2.6.32.57 #74
[    0.000000] Call Trace:
[    0.000000]  [<c05a0458>] ? mutex_unlock+0x8/0x20
[    0.000000]  [<c0179e0a>] jiffies_read+0x4a/0x130
[    0.000000]  [<c0177deb>] ktime_get+0x6b/0x100
[    0.000000]  [<c0174060>] sched_clock_init+0x10/0x70
[    0.000000]  [<c07c687d>] start_kernel+0x2ee/0x384
[    0.000000]  [<c07c63bb>] ? unknown_bootoption+0x0/0x19e
[    0.000000]  [<c07c60bb>] i386_start_kernel+0xaa/0xb1
[    0.000000] JIFFIES_READ: read #5 long value: 10710162377464585
[    0.000000] JIFFIES_READ: read #5 long value with cast: 4294892297
[    0.000000] JIFFIES_READ: read #5 long jiffies_64 value: 4294892297
[    0.000000] JIFFIES_READ unsigned 32bit read #5 value: 4294892297, fffedb09
[    0.000000] JIFFIES_READ unsigned 32bit 2nd read #5 value: 4294892297, fffedb09
[    0.000000] JIFFIES NSEC_PER_JIFFY value: 4000250, ACTHZ: 63996
[    0.004093] Calibrating delay loop (skipped), value calculated using timer frequency.. 4987.30 BogoMIPS (lpj=9974612)
[    0.004105] Security Framework initialized
[    0.004110] SELinux:  Disabled at boot.
[    0.004116] Mount-cache hash table entries: 512
[    0.004222] Initializing cgroup subsys ns
[    0.004225] Initializing cgroup subsys cpuacct
[    0.004229] Initializing cgroup subsys memory
[    0.004234] Initializing cgroup subsys devices
[    0.004236] Initializing cgroup subsys freezer
[    0.004238] Initializing cgroup subsys net_cls
[    0.004257] CPU: L1 I cache: 32K, L1 D cache: 32K
[    0.004259] CPU: L2 cache: 3072K
[    0.004262] CPU: Physical Processor ID: 0
[    0.004263] CPU: Processor Core ID: 0
[    0.004266] mce: CPU supports 6 MCE banks
[    0.004273] CPU0: Thermal monitoring enabled (TM2)
[    0.004276] using mwait in idle threads.
[    0.004281] Performance Events: Core2 events, Intel PMU driver.
[    0.004285] ... version:                2
[    0.004286] ... bit width:              40
[    0.004288] ... generic registers:      2
[    0.004289] ... value mask:             000000ffffffffff
[    0.004291] ... max period:             000000007fffffff
[    0.004292] ... fixed-purpose events:   3
[    0.004293] ... event mask:             0000000700000003
[    0.004297] Checking 'hlt' instruction... Pid: 0, comm: swapper Not tainted 2.6.32.57 #74
[    0.006009] Call Trace:
[    0.006013]  [<c0179e0a>] jiffies_read+0x4a/0x130
[    0.006017]  [<c0177386>] update_wall_time+0x26/0x6b0
[    0.006021]  [<c010f0a9>] ? sched_clock+0x9/0x10
[    0.006024]  [<c0173cc4>] ? sched_clock_local+0xa4/0x180
[    0.006028]  [<c01619eb>] do_timer+0x1b/0x30
[    0.006031]  [<c017c39a>] tick_periodic+0x6a/0x80
[    0.006034]  [<c017c3ce>] tick_handle_periodic+0x1e/0x90
[    0.006038]  [<c010bfe6>] timer_interrupt+0x26/0x70
[    0.006041]  [<c01a5a24>] handle_IRQ_event+0x54/0x150
[    0.006045]  [<c05a1ac9>] ? _spin_unlock_irqrestore+0x19/0x20
[    0.006048]  [<c010cf17>] ? mask_and_ack_8259A+0x57/0xf0
[    0.006052]  [<c01a8034>] handle_level_irq+0x74/0x100
[    0.006055]  [<c010bb8d>] handle_irq+0x1d/0x30
[    0.006059]  [<c05a5bcc>] do_IRQ+0x4c/0xc0
[    0.006062]  [<c0109c90>] common_interrupt+0x30/0x40
[    0.006066]  [<c012e62a>] ? native_safe_halt+0xa/0x10
[    0.006070]  [<c07ceeda>] check_bugs+0xaf/0xe9
[    0.006073]  [<c07c68f9>] start_kernel+0x36a/0x384
[    0.006077]  [<c07c63bb>] ? unknown_bootoption+0x0/0x19e
[    0.006081]  [<c07c60bb>] i386_start_kernel+0xaa/0xb1
[    0.006083] JIFFIES_READ: read #6 long value: 13868623207520459530
[    0.006085] JIFFIES_READ: read #6 long value with cast: 4294892298
[    0.006087] JIFFIES_READ: read #6 long jiffies_64 value: 4294892298
[    0.006090] JIFFIES_READ unsigned 32bit read #6 value: 4294892298, fffedb0a
[    0.006092] JIFFIES_READ unsigned 32bit 2nd read #6 value: 4294892298, fffedb0a
[    0.006095] JIFFIES NSEC_PER_JIFFY value: 4000250, ACTHZ: 63996
[    0.006098] Pid: 0, comm: swapper Not tainted 2.6.32.57 #74
[    0.006100] Call Trace:
[    0.006103]  [<c0179e0a>] jiffies_read+0x4a/0x130
[    0.006107]  [<c059ee04>] ? printk+0x1d/0x21
[    0.006110]  [<c0177deb>] ktime_get+0x6b/0x100
[    0.006114]  [<c0173fc3>] sched_clock_tick+0x43/0xa0
[    0.006118]  [<c0149eb1>] scheduler_tick+0x31/0x290
[    0.006127]  [<c0159964>] ? raise_softirq+0x44/0x50
[    0.006131]  [<c01aa2a9>] ? rcu_check_callbacks+0x69/0xf0
[    0.006134]  [<c0161a67>] update_process_times+0x47/0x60
[    0.006136]  [<c017c35a>] tick_periodic+0x2a/0x80
[    0.006139]  [<c017c3ce>] tick_handle_periodic+0x1e/0x90
[    0.006142]  [<c010bfe6>] timer_interrupt+0x26/0x70
[    0.006144]  [<c01a5a24>] handle_IRQ_event+0x54/0x150
[    0.006147]  [<c05a1ac9>] ? _spin_unlock_irqrestore+0x19/0x20
[    0.006150]  [<c010cf17>] ? mask_and_ack_8259A+0x57/0xf0
[    0.006153]  [<c01a8034>] handle_level_irq+0x74/0x100
[    0.006155]  [<c010bb8d>] handle_irq+0x1d/0x30
[    0.006158]  [<c05a5bcc>] do_IRQ+0x4c/0xc0
[    0.006161]  [<c0109c90>] common_interrupt+0x30/0x40
[    0.006164]  [<c012e62a>] ? native_safe_halt+0xa/0x10
[    0.006167]  [<c07ceeda>] check_bugs+0xaf/0xe9
[    0.006169]  [<c07c68f9>] start_kernel+0x36a/0x384
[    0.006172]  [<c07c63bb>] ? unknown_bootoption+0x0/0x19e
[    0.006175]  [<c07c60bb>] i386_start_kernel+0xaa/0xb1
[    0.006177] JIFFIES_READ: read #7 long value: 13865878693353544458
[    0.006179] JIFFIES_READ: read #7 long value with cast: 4294892298
[    0.006181] JIFFIES_READ: read #7 long jiffies_64 value: 4294892298
[    0.006182] JIFFIES_READ unsigned 32bit read #7 value: 4294892298, fffedb0a
[    0.006184] JIFFIES_READ unsigned 32bit 2nd read #7 value: 4294892298, fffedb0a
[    0.006186] JIFFIES NSEC_PER_JIFFY value: 4000250, ACTHZ: 63996
[    0.011814] Pid: 0, comm: swapper Not tainted 2.6.32.57 #74
[    0.011815] Call Trace:
[    0.011819]  [<c016f45f>] ? run_posix_cpu_timers+0x1f/0x930
[    0.011822]  [<c0179e0a>] jiffies_read+0x4a/0x130
[    0.011826]  [<c0177386>] update_wall_time+0x26/0x6b0
[    0.011831]  [<c01cd394>] ? perf_event_task_tick+0x14/0xb0
[    0.011835]  [<c01718b9>] ? hrtimer_run_pending+0x49/0xe0
[    0.011839]  [<c012e608>] ? native_irq_disable+0x8/0x10
[    0.011842]  [<c05a19c9>] ? _spin_lock_irq+0x19/0x20
[    0.011846]  [<c012e618>] ? native_irq_enable+0x8/0x10
[    0.011850]  [<c01619eb>] do_timer+0x1b/0x30
[    0.011853]  [<c017c39a>] tick_periodic+0x6a/0x80
[    0.011856]  [<c017c3ce>] tick_handle_periodic+0x1e/0x90
[    0.011860]  [<c010bfe6>] timer_interrupt+0x26/0x70
[    0.011863]  [<c01a5a24>] handle_IRQ_event+0x54/0x150
[    0.011866]  [<c05a1ac9>] ? _spin_unlock_irqrestore+0x19/0x20
[    0.011870]  [<c010cf17>] ? mask_and_ack_8259A+0x57/0xf0
[    0.011873]  [<c01a8034>] handle_level_irq+0x74/0x100
[    0.011877]  [<c010bb8d>] handle_irq+0x1d/0x30
[    0.011880]  [<c05a5bcc>] do_IRQ+0x4c/0xc0
[    0.011884]  [<c0109c90>] common_interrupt+0x30/0x40
[    0.011888]  [<c012e62a>] ? native_safe_halt+0xa/0x10
[    0.011891]  [<c07ceee0>] check_bugs+0xb5/0xe9
[    0.011895]  [<c07c68f9>] start_kernel+0x36a/0x384
[    0.011898]  [<c07c63bb>] ? unknown_bootoption+0x0/0x19e
[    0.011902]  [<c07c60bb>] i386_start_kernel+0xaa/0xb1
[    0.011904] JIFFIES_READ: read #8 long value: 13868622181023275787
[    0.011906] JIFFIES_READ: read #8 long value with cast: 4294892299
[    0.011909] JIFFIES_READ: read #8 long jiffies_64 value: 4294892299
[    0.011911] JIFFIES_READ unsigned 32bit read #8 value: 4294892299, fffedb0b
[    0.011913] JIFFIES_READ unsigned 32bit 2nd read #8 value: 4294892299, fffedb0b
[    0.011916] JIFFIES NSEC_PER_JIFFY value: 4000250, ACTHZ: 63996
[    0.011919] Pid: 0, comm: swapper Not tainted 2.6.32.57 #74
[    0.011921] Call Trace:
[    0.011924]  [<c0179e0a>] jiffies_read+0x4a/0x130
[    0.011927]  [<c059ee04>] ? printk+0x1d/0x21
[    0.011935]  [<c0177deb>] ktime_get+0x6b/0x100
[    0.011938]  [<c0173fc3>] sched_clock_tick+0x43/0xa0
[    0.011941]  [<c0149eb1>] scheduler_tick+0x31/0x290
[    0.011944]  [<c0159964>] ? raise_softirq+0x44/0x50
[    0.011947]  [<c01aa2a9>] ? rcu_check_callbacks+0x69/0xf0
[    0.011950]  [<c0161a67>] update_process_times+0x47/0x60
[    0.011952]  [<c017c35a>] tick_periodic+0x2a/0x80
[    0.011955]  [<c017c3ce>] tick_handle_periodic+0x1e/0x90
[    0.011958]  [<c010bfe6>] timer_interrupt+0x26/0x70
[    0.011960]  [<c01a5a24>] handle_IRQ_event+0x54/0x150
[    0.011963]  [<c05a1ac9>] ? _spin_unlock_irqrestore+0x19/0x20
[    0.011966]  [<c010cf17>] ? mask_and_ack_8259A+0x57/0xf0
[    0.011969]  [<c01a8034>] handle_level_irq+0x74/0x100
[    0.011971]  [<c010bb8d>] handle_irq+0x1d/0x30
[    0.011974]  [<c05a5bcc>] do_IRQ+0x4c/0xc0
[    0.011977]  [<c0109c90>] common_interrupt+0x30/0x40
[    0.011980]  [<c012e62a>] ? native_safe_halt+0xa/0x10
[    0.011983]  [<c07ceee0>] check_bugs+0xb5/0xe9
[    0.011985]  [<c07c68f9>] start_kernel+0x36a/0x384
[    0.011988]  [<c07c63bb>] ? unknown_bootoption+0x0/0x19e
[    0.011991]  [<c07c60bb>] i386_start_kernel+0xaa/0xb1
[    0.011993] JIFFIES_READ: read #9 long value: 13865878693353544459
[    0.011995] JIFFIES_READ: read #9 long value with cast: 4294892299
[    0.011997] JIFFIES_READ: read #9 long jiffies_64 value: 4294892299
[    0.011998] JIFFIES_READ unsigned 32bit read #9 value: 4294892299, fffedb0b
[    0.012000] JIFFIES_READ unsigned 32bit 2nd read #9 value: 4294892299, fffedb0b
[    0.012000] JIFFIES NSEC_PER_JIFFY value: 4000250, ACTHZ: 63996
[    0.020003] OK.
[    0.020759] SMP alternatives: switching to UP code
[    0.027835] ACPI: Core revision 20090903
[    0.034624] ACPI: setting ELCR to 0200 (from 0cb8)
[    0.036006] ftrace: converting mcount calls to 0f 1f 44 00 00
[    0.036010] ftrace: allocating 20940 entries in 41 pages
[    0.040042] Enabling APIC mode:  Flat.  Using 1 I/O APICs
[    0.040044] SMP mode deactivated.
[    0.040047] SMP disabled
[    0.040116] Brought up 1 CPUs
[    0.040118] Total of 1 processors activated (4987.30 BogoMIPS).
[    0.040123] CPU0 attaching NULL sched-domain.
[    0.040185] devtmpfs: initialized
[    0.040315] sysctl table check failed: /kernel/random/now_input .1.40.7 Unknown sysctl binary path
[    0.040531] Pid: 1, comm: swapper Not tainted 2.6.32.57 #74
[    0.040533] Call Trace:
[    0.040538]  [<c059ee04>] ? printk+0x1d/0x21
[    0.040542]  [<c01766cf>] set_fail+0x4f/0x60
[    0.040545]  [<c0176a2e>] sysctl_check_table+0x34e/0x690
[    0.040547]  [<c0176670>] ? sysctl_check_lookup+0x120/0x130
[    0.040550]  [<c0176a47>] sysctl_check_table+0x367/0x690
[    0.040553]  [<c0176670>] ? sysctl_check_lookup+0x120/0x130
[    0.040555]  [<c0176a47>] sysctl_check_table+0x367/0x690
[    0.040559]  [<c07ded84>] sysctl_init+0x25/0x29
[    0.040561]  [<c0103041>] do_one_initcall+0x31/0x190
[    0.040564]  [<c07ded5f>] ? sysctl_init+0x0/0x29
[    0.040567]  [<c07c6365>] kernel_init+0x12d/0x183
[    0.040569]  [<c07c6238>] ? kernel_init+0x0/0x183
[    0.040572]  [<c010a2e7>] kernel_thread_helper+0x7/0x10
[    0.040574] sysctl table check failed: /kernel/random/now_blocking .1.40.8 Unknown sysctl binary path
[    0.040787] Pid: 1, comm: swapper Not tainted 2.6.32.57 #74
[    0.040788] Call Trace:
[    0.040790]  [<c059ee04>] ? printk+0x1d/0x21
[    0.040793]  [<c01766cf>] set_fail+0x4f/0x60
[    0.040796]  [<c0176a2e>] sysctl_check_table+0x34e/0x690
[    0.040798]  [<c0176670>] ? sysctl_check_lookup+0x120/0x130
[    0.040801]  [<c0176a47>] sysctl_check_table+0x367/0x690
[    0.040803]  [<c0176670>] ? sysctl_check_lookup+0x120/0x130
[    0.040806]  [<c0176a47>] sysctl_check_table+0x367/0x690
[    0.040808]  [<c07ded84>] sysctl_init+0x25/0x29
[    0.040810]  [<c0103041>] do_one_initcall+0x31/0x190
[    0.040812]  [<c07ded5f>] ? sysctl_init+0x0/0x29
[    0.040815]  [<c07c6365>] kernel_init+0x12d/0x183
[    0.040817]  [<c07c6238>] ? kernel_init+0x0/0x183
[    0.040819]  [<c010a2e7>] kernel_thread_helper+0x7/0x10
[    0.040821] sysctl table check failed: /kernel/random/now_nonblocking .1.40.9 Unknown sysctl binary path
[    0.041034] Pid: 1, comm: swapper Not tainted 2.6.32.57 #74
[    0.041036] Call Trace:
[    0.041038]  [<c059ee04>] ? printk+0x1d/0x21
[    0.041040]  [<c01766cf>] set_fail+0x4f/0x60
[    0.041043]  [<c0176a2e>] sysctl_check_table+0x34e/0x690
[    0.041045]  [<c0176670>] ? sysctl_check_lookup+0x120/0x130
[    0.041048]  [<c0176a47>] sysctl_check_table+0x367/0x690
[    0.041050]  [<c0176670>] ? sysctl_check_lookup+0x120/0x130
[    0.041053]  [<c0176a47>] sysctl_check_table+0x367/0x690
[    0.041055]  [<c07ded84>] sysctl_init+0x25/0x29
[    0.041057]  [<c0103041>] do_one_initcall+0x31/0x190
[    0.041060]  [<c07ded5f>] ? sysctl_init+0x0/0x29
[    0.041062]  [<c07c6365>] kernel_init+0x12d/0x183
[    0.041064]  [<c07c6238>] ? kernel_init+0x0/0x183
[    0.041067]  [<c010a2e7>] kernel_thread_helper+0x7/0x10
[    0.041068] sysctl table check failed: /kernel/random/nb_input_bytes .1.40.10 Unknown sysctl binary path
[    0.041282] Pid: 1, comm: swapper Not tainted 2.6.32.57 #74
[    0.041283] Call Trace:
[    0.041285]  [<c059ee04>] ? printk+0x1d/0x21
[    0.041288]  [<c01766cf>] set_fail+0x4f/0x60
[    0.041290]  [<c0176a2e>] sysctl_check_table+0x34e/0x690
[    0.041293]  [<c0176670>] ? sysctl_check_lookup+0x120/0x130
[    0.041295]  [<c0176a47>] sysctl_check_table+0x367/0x690
[    0.041298]  [<c0176670>] ? sysctl_check_lookup+0x120/0x130
[    0.041300]  [<c0176a47>] sysctl_check_table+0x367/0x690
[    0.041303]  [<c07ded84>] sysctl_init+0x25/0x29
[    0.041305]  [<c0103041>] do_one_initcall+0x31/0x190
[    0.041307]  [<c07ded5f>] ? sysctl_init+0x0/0x29
[    0.041310]  [<c07c6365>] kernel_init+0x12d/0x183
[    0.041312]  [<c07c6238>] ? kernel_init+0x0/0x183
[    0.041314]  [<c010a2e7>] kernel_thread_helper+0x7/0x10
[    0.041316] sysctl table check failed: /kernel/random/nb_stir_count .1.40.11 Unknown sysctl binary path
[    0.041530] Pid: 1, comm: swapper Not tainted 2.6.32.57 #74
[    0.041531] Call Trace:
[    0.041533]  [<c059ee04>] ? printk+0x1d/0x21
[    0.041535]  [<c01766cf>] set_fail+0x4f/0x60
[    0.041538]  [<c0176a2e>] sysctl_check_table+0x34e/0x690
[    0.041540]  [<c0176670>] ? sysctl_check_lookup+0x120/0x130
[    0.041543]  [<c0176a47>] sysctl_check_table+0x367/0x690
[    0.041545]  [<c0176670>] ? sysctl_check_lookup+0x120/0x130
[    0.041548]  [<c0176a47>] sysctl_check_table+0x367/0x690
[    0.041551]  [<c07ded84>] sysctl_init+0x25/0x29
[    0.041553]  [<c0103041>] do_one_initcall+0x31/0x190
[    0.041555]  [<c07ded5f>] ? sysctl_init+0x0/0x29
[    0.041557]  [<c07c6365>] kernel_init+0x12d/0x183
[    0.041560]  [<c07c6238>] ? kernel_init+0x0/0x183
[    0.041562]  [<c010a2e7>] kernel_thread_helper+0x7/0x10
[    0.041564] sysctl table check failed: /kernel/random/nb_reentry_count .1.40.12 Unknown sysctl binary path
[    0.041777] Pid: 1, comm: swapper Not tainted 2.6.32.57 #74
[    0.041779] Call Trace:
[    0.041781]  [<c059ee04>] ? printk+0x1d/0x21
[    0.041783]  [<c01766cf>] set_fail+0x4f/0x60
[    0.041786]  [<c0176a2e>] sysctl_check_table+0x34e/0x690
[    0.041788]  [<c0176670>] ? sysctl_check_lookup+0x120/0x130
[    0.041791]  [<c0176a47>] sysctl_check_table+0x367/0x690
[    0.041793]  [<c0176670>] ? sysctl_check_lookup+0x120/0x130
[    0.041796]  [<c0176a47>] sysctl_check_table+0x367/0x690
[    0.041798]  [<c07ded84>] sysctl_init+0x25/0x29
[    0.041800]  [<c0103041>] do_one_initcall+0x31/0x190
[    0.041803]  [<c07ded5f>] ? sysctl_init+0x0/0x29
[    0.041805]  [<c07c6365>] kernel_init+0x12d/0x183
[    0.041807]  [<c07c6238>] ? kernel_init+0x0/0x183
[    0.041810]  [<c010a2e7>] kernel_thread_helper+0x7/0x10
[    0.041921] CLOCKSOURCE_REGISTER_BACKTRACE: jiffies
[    0.041923] Pid: 1, comm: swapper Not tainted 2.6.32.57 #74
[    0.041924] Call Trace:
[    0.041927]  [<c059ee04>] ? printk+0x1d/0x21
[    0.041929]  [<c0179857>] clocksource_register+0x27/0x240
[    0.041932]  [<c014b654>] ? wake_up_process+0x14/0x20
[    0.041935]  [<c07dfaae>] init_jiffies_clocksource+0xd/0xf
[    0.041937]  [<c0103041>] do_one_initcall+0x31/0x190
[    0.041940]  [<c07dfaa1>] ? init_jiffies_clocksource+0x0/0xf
[    0.041942]  [<c07c6365>] kernel_init+0x12d/0x183
[    0.041945]  [<c07c6238>] ? kernel_init+0x0/0x183
[    0.041947]  [<c010a2e7>] kernel_thread_helper+0x7/0x10
[    0.041948] CLOCKSOURCE_REGISTER_BACKTRACE_END
[    0.041950] CLOCKSOURCE SELECTION
[    0.041951] Clocksource: jiffies with rating: 301
[    0.041952] Clocksource: tsc with rating: 300
[    0.041953] Clocksource: hpet with rating: 250
[    0.041954] BACKTRACE
[    0.041956] Pid: 1, comm: swapper Not tainted 2.6.32.57 #74
[    0.041957] Call Trace:
[    0.041959]  [<c059ee04>] ? printk+0x1d/0x21
[    0.041961]  [<c01791c4>] clocksource_select+0x44/0x120
[    0.041964]  [<c01799f4>] clocksource_register+0x1c4/0x240
[    0.041966]  [<c07dfaae>] init_jiffies_clocksource+0xd/0xf
[    0.041969]  [<c0103041>] do_one_initcall+0x31/0x190
[    0.041971]  [<c07dfaa1>] ? init_jiffies_clocksource+0x0/0xf
[    0.041974]  [<c07c6365>] kernel_init+0x12d/0x183
[    0.041976]  [<c07c6238>] ? kernel_init+0x0/0x183
[    0.041978]  [<c010a2e7>] kernel_thread_helper+0x7/0x10
[    0.041979] BACKTRACE_END
[    0.042006] regulator: core version 0.5
[    0.042026] Time: 20:56:26  Date: 02/11/13
[    0.042056] NET: Registered protocol family 16
[    0.042129] EISA bus registered
[    0.042135] ACPI: bus type pci registered
[    0.042184] PCI: MCFG configuration 0: base f0000000 segment 0 buses 0 - 63
[    0.042186] PCI: Not using MMCONFIG.
[    0.042311] PCI: Using configuration type 1 for base access
[    0.042906] bio: create slab <bio-0> at 0
[    0.043433] ACPI: EC: Look up EC in DSDT
[    0.045301] ACPI: Executed 1 blocks of module-level executable AML code
[    0.049176] ACPI: Interpreter enabled
[    0.049180] ACPI: (supports S0 S1 S3 S4 S5)
[    0.049197] ACPI: Using PIC for interrupt routing
[    0.049237] PCI: MCFG configuration 0: base f0000000 segment 0 buses 0 - 63
[    0.050621] PCI: MCFG area at f0000000 reserved in ACPI motherboard resources
[    0.050623] PCI: Using MMCONFIG for extended config space
[    0.056661] ACPI: No dock devices found.
[    0.056912] ACPI: PCI Root Bridge [PCI0] (0000:00)
[    0.056994] pci 0000:00:01.0: PME# supported from D0 D3hot D3cold
[    0.056997] pci 0000:00:01.0: PME# disabled
[    0.057053] pci 0000:00:1a.0: reg 20 io port: [0xc000-0xc01f]
[    0.057116] pci 0000:00:1a.1: reg 20 io port: [0xc080-0xc09f]
[    0.057178] pci 0000:00:1a.2: reg 20 io port: [0xc400-0xc41f]
[    0.057244] pci 0000:00:1a.7: reg 10 32bit mmio: [0xfe9ff400-0xfe9ff7ff]
[    0.057305] pci 0000:00:1a.7: PME# supported from D0 D3hot D3cold
[    0.057308] pci 0000:00:1a.7: PME# disabled
[    0.057341] pci 0000:00:1b.0: reg 10 64bit mmio: [0xfe9f8000-0xfe9fbfff]
[    0.057386] pci 0000:00:1b.0: PME# supported from D0 D3hot D3cold
[    0.057389] pci 0000:00:1b.0: PME# disabled
[    0.057451] pci 0000:00:1c.0: PME# supported from D0 D3hot D3cold
[    0.057454] pci 0000:00:1c.0: PME# disabled
[    0.057521] pci 0000:00:1c.5: PME# supported from D0 D3hot D3cold
[    0.057523] pci 0000:00:1c.5: PME# disabled
[    0.057567] pci 0000:00:1d.0: reg 20 io port: [0xc480-0xc49f]
[    0.057630] pci 0000:00:1d.1: reg 20 io port: [0xc800-0xc81f]
[    0.057693] pci 0000:00:1d.2: reg 20 io port: [0xc880-0xc89f]
[    0.057760] pci 0000:00:1d.7: reg 10 32bit mmio: [0xfe9ff800-0xfe9ffbff]
[    0.057821] pci 0000:00:1d.7: PME# supported from D0 D3hot D3cold
[    0.057824] pci 0000:00:1d.7: PME# disabled
[    0.057978] pci 0000:00:1f.2: reg 10 io port: [0x00-0x07]
[    0.057982] pci 0000:00:1f.2: reg 14 io port: [0x00-0x03]
[    0.057987] pci 0000:00:1f.2: reg 18 io port: [0x00-0x07]
[    0.057991] pci 0000:00:1f.2: reg 1c io port: [0x00-0x03]
[    0.057996] pci 0000:00:1f.2: reg 20 io port: [0xff90-0xff9f]
[    0.058000] pci 0000:00:1f.2: reg 24 io port: [0xffa0-0xffaf]
[    0.058046] pci 0000:00:1f.3: reg 10 64bit mmio: [0xfe9ffc00-0xfe9ffcff]
[    0.058056] pci 0000:00:1f.3: reg 20 io port: [0x400-0x41f]
[    0.058096] pci 0000:04:00.0: reg 10 64bit mmio pref: [0xe0000000-0xefffffff]
[    0.058103] pci 0000:04:00.0: reg 18 64bit mmio: [0xfebe0000-0xfebeffff]
[    0.058108] pci 0000:04:00.0: reg 20 io port: [0xe000-0xe0ff]
[    0.058115] pci 0000:04:00.0: reg 30 32bit mmio pref: [0xfebc0000-0xfebdffff]
[    0.058142] pci 0000:04:00.0: supports D1 D2
[    0.058168] pci 0000:04:00.1: reg 10 64bit mmio: [0xfebfc000-0xfebfffff]
[    0.058208] pci 0000:04:00.1: supports D1 D2
[    0.058243] pci 0000:00:01.0: bridge io port: [0xe000-0xefff]
[    0.058246] pci 0000:00:01.0: bridge 32bit mmio: [0xfeb00000-0xfebfffff]
[    0.058249] pci 0000:00:01.0: bridge 64bit mmio pref: [0xe0000000-0xefffffff]
[    0.058323] pci 0000:02:00.0: reg 10 io port: [0xd800-0xd8ff]
[    0.058340] pci 0000:02:00.0: reg 18 64bit mmio: [0xfeaff000-0xfeafffff]
[    0.058353] pci 0000:02:00.0: reg 20 64bit mmio pref: [0xdfffc000-0xdfffffff]
[    0.058360] pci 0000:02:00.0: reg 30 32bit mmio pref: [0xfeac0000-0xfeadffff]
[    0.058418] pci 0000:02:00.0: supports D1 D2
[    0.058419] pci 0000:02:00.0: PME# supported from D0 D1 D2 D3hot D3cold
[    0.058423] pci 0000:02:00.0: PME# disabled
[    0.058470] pci 0000:00:1c.5: bridge io port: [0xd000-0xdfff]
[    0.058473] pci 0000:00:1c.5: bridge 32bit mmio: [0xfea00000-0xfeafffff]
[    0.058477] pci 0000:00:1c.5: bridge 64bit mmio pref: [0xdff00000-0xdfffffff]
[    0.058516] pci 0000:00:1e.0: transparent bridge
[    0.058535] pci_bus 0000:00: on NUMA node 0
[    0.058538] ACPI: PCI Interrupt Routing Table [\_SB_.PCI0._PRT]
[    0.058695] ACPI: PCI Interrupt Routing Table [\_SB_.PCI0.P0P2._PRT]
[    0.058776] ACPI: PCI Interrupt Routing Table [\_SB_.PCI0.P0P4._PRT]
[    0.058834] ACPI: PCI Interrupt Routing Table [\_SB_.PCI0.P0P9._PRT]
[    0.070896] ACPI: PCI Interrupt Link [LNKA] (IRQs 3 4 6 7 *10 11 12 14 15)
[    0.070987] ACPI: PCI Interrupt Link [LNKB] (IRQs *5)
[    0.071073] ACPI: PCI Interrupt Link [LNKC] (IRQs 3 4 6 7 10 *11 12 14 15)
[    0.071160] ACPI: PCI Interrupt Link [LNKD] (IRQs 3 4 6 7 10 11 12 14 15) *0, disabled.
[    0.071248] ACPI: PCI Interrupt Link [LNKE] (IRQs 3 4 6 *7 10 11 12 14 15)
[    0.071335] ACPI: PCI Interrupt Link [LNKF] (IRQs 3 4 6 7 *10 11 12 14 15)
[    0.071422] ACPI: PCI Interrupt Link [LNKG] (IRQs 3 *4 6 7 10 11 12 14 15)
[    0.071508] ACPI: PCI Interrupt Link [LNKH] (IRQs *3 4 6 7 10 11 12 14 15)
[    0.071583] vgaarb: device added: PCI:0000:04:00.0,decodes=io+mem,owns=io+mem,locks=none
[    0.071585] vgaarb: loaded
[    0.071660] SCSI subsystem initialized
[    0.071687] libata version 3.00 loaded.
[    0.071734] usbcore: registered new interface driver usbfs
[    0.071743] usbcore: registered new interface driver hub
[    0.071760] usbcore: registered new device driver usb
[    0.071840] ACPI: WMI: Mapper loaded
[    0.071842] PCI: Using ACPI for IRQ routing
[    0.071939] NetLabel: Initializing
[    0.071941] NetLabel:  domain hash size = 128
[    0.071942] NetLabel:  protocols = UNLABELED CIPSOv4
[    0.071950] NetLabel:  unlabeled traffic allowed by default
[    0.071971] HPET: 4 timers in total, 0 timers will be used for per-cpu timer
[    0.071975] hpet0: at MMIO 0xfed00000, IRQs 2, 8, 0, 0
[    0.071979] hpet0: 4 comparators, 64-bit 14.318180 MHz counter
[    0.073010] CANARY: x86 boot_init with canary of 17809240795502750408 and tsc of 14220100515
[    0.076015] CLOCKSOURCE SELECTION
[    0.076017] Clocksource: jiffies with rating: 301
[    0.076019] Clocksource: tsc with rating: 300
[    0.076021] Clocksource: hpet with rating: 250
[    0.076022] BACKTRACE
[    0.076024] Pid: 1, comm: swapper Not tainted 2.6.32.57 #74
[    0.076025] Call Trace:
[    0.076029]  [<c059ee04>] ? printk+0x1d/0x21
[    0.076033]  [<c01791c4>] clocksource_select+0x44/0x120
[    0.076037]  [<c07df9c9>] clocksource_done_booting+0x41/0x4f
[    0.076039]  [<c0103041>] do_one_initcall+0x31/0x190
[    0.076043]  [<c07df988>] ? clocksource_done_booting+0x0/0x4f
[    0.076046]  [<c07c6365>] kernel_init+0x12d/0x183
[    0.076049]  [<c07c6238>] ? kernel_init+0x0/0x183
[    0.076052]  [<c010a2e7>] kernel_thread_helper+0x7/0x10
[    0.076053] BACKTRACE_END
[    0.077376] pnp: PnP ACPI init
[    0.077384] ACPI: bus type pnp registered
[    0.079023] pnp: PnP ACPI: found 14 devices
[    0.079024] ACPI: ACPI bus type pnp unregistered
[    0.079027] PnPBIOS: Disabled by ACPI PNP
[    0.079034] system 00:01: iomem range 0xfed14000-0xfed19fff has been reserved
[    0.079037] system 00:01: iomem range 0xfed90000-0xfed93fff has been reserved
[    0.079043] system 00:06: ioport range 0x4d0-0x4d1 has been reserved
[    0.079045] system 00:06: ioport range 0x800-0x87f has been reserved
[    0.079047] system 00:06: ioport range 0x500-0x57f has been reserved
[    0.079049] system 00:06: iomem range 0xfed1c000-0xfed1ffff has been reserved
[    0.079051] system 00:06: iomem range 0xfed20000-0xfed3ffff has been reserved
[    0.079053] system 00:06: iomem range 0xfed40000-0xfed8ffff has been reserved
[    0.079058] system 00:09: iomem range 0xffc00000-0xffefffff has been reserved
[    0.079062] system 00:0a: iomem range 0xfec00000-0xfec00fff has been reserved
[    0.079064] system 00:0a: iomem range 0xfee00000-0xfee00fff has been reserved
[    0.079068] system 00:0b: ioport range 0xa00-0xadf has been reserved
[    0.079072] system 00:0c: iomem range 0xf0000000-0xf3ffffff has been reserved
[    0.079076] system 00:0d: iomem range 0x0-0x9ffff could not be reserved
[    0.079078] system 00:0d: iomem range 0xc0000-0xcffff could not be reserved
[    0.079081] system 00:0d: iomem range 0xe0000-0xfffff could not be reserved
[    0.079083] system 00:0d: iomem range 0x100000-0xcfffffff could not be reserved
[    0.079085] system 00:0d: iomem range 0xfed90000-0xffffffff could not be reserved
[    0.113687] CLOCKSOURCE_REGISTER_BACKTRACE: acpi_pm
[    0.113689] Pid: 1, comm: swapper Not tainted 2.6.32.57 #74
[    0.113691] Call Trace:
[    0.113694]  [<c059ee04>] ? printk+0x1d/0x21
[    0.113696]  [<c0179857>] clocksource_register+0x27/0x240
[    0.113700]  [<c07f9af5>] init_acpi_pm_clocksource+0x1c0/0x1c8
[    0.113702]  [<c05a06c9>] ? mutex_lock+0x19/0x40
[    0.113705]  [<c0103041>] do_one_initcall+0x31/0x190
[    0.113707]  [<c07f9935>] ? init_acpi_pm_clocksource+0x0/0x1c8
[    0.113710]  [<c07c6365>] kernel_init+0x12d/0x183
[    0.113712]  [<c07c6238>] ? kernel_init+0x0/0x183
[    0.113715]  [<c010a2e7>] kernel_thread_helper+0x7/0x10
[    0.113716] CLOCKSOURCE_REGISTER_BACKTRACE_END
[    0.113718] CLOCKSOURCE SELECTION
[    0.113719] Clocksource: jiffies with rating: 301
[    0.113720] Clocksource: tsc with rating: 300
[    0.113721] Clocksource: hpet with rating: 250
[    0.113723] Clocksource: acpi_pm with rating: 200
[    0.113724] BACKTRACE
[    0.113725] Pid: 1, comm: swapper Not tainted 2.6.32.57 #74
[    0.113726] Call Trace:
[    0.113729]  [<c059ee04>] ? printk+0x1d/0x21
[    0.113731]  [<c01791c4>] clocksource_select+0x44/0x120
[    0.113733]  [<c01799f4>] clocksource_register+0x1c4/0x240
[    0.113736]  [<c07f9af5>] init_acpi_pm_clocksource+0x1c0/0x1c8
[    0.113738]  [<c05a06c9>] ? mutex_lock+0x19/0x40
[    0.113741]  [<c0103041>] do_one_initcall+0x31/0x190
[    0.113743]  [<c07f9935>] ? init_acpi_pm_clocksource+0x0/0x1c8
[    0.113746]  [<c07c6365>] kernel_init+0x12d/0x183
[    0.113748]  [<c07c6238>] ? kernel_init+0x0/0x183
[    0.113750]  [<c010a2e7>] kernel_thread_helper+0x7/0x10
[    0.113751] BACKTRACE_END
[    0.113781] pci 0000:00:01.0: PCI bridge, secondary bus 0000:04
[    0.113783] pci 0000:00:01.0:   IO window: 0xe000-0xefff
[    0.113786] pci 0000:00:01.0:   MEM window: 0xfeb00000-0xfebfffff
[    0.113789] pci 0000:00:01.0:   PREFETCH window: 0x000000e0000000-0x000000efffffff
[    0.113792] pci 0000:00:1c.0: PCI bridge, secondary bus 0000:03
[    0.113794] pci 0000:00:1c.0:   IO window: 0x1000-0x1fff
[    0.113798] pci 0000:00:1c.0:   MEM window: 0xd0000000-0xd01fffff
[    0.113801] pci 0000:00:1c.0:   PREFETCH window: 0x000000d0200000-0x000000d03fffff
[    0.113806] pci 0000:00:1c.5: PCI bridge, secondary bus 0000:02
[    0.113808] pci 0000:00:1c.5:   IO window: 0xd000-0xdfff
[    0.113812] pci 0000:00:1c.5:   MEM window: 0xfea00000-0xfeafffff
[    0.113815] pci 0000:00:1c.5:   PREFETCH window: 0x000000dff00000-0x000000dfffffff
[    0.113820] pci 0000:00:1e.0: PCI bridge, secondary bus 0000:01
[    0.113821] pci 0000:00:1e.0:   IO window: disabled
[    0.113825] pci 0000:00:1e.0:   MEM window: disabled
[    0.113828] pci 0000:00:1e.0:   PREFETCH window: disabled
[    0.113937] ACPI: PCI Interrupt Link [LNKA] enabled at IRQ 10
[    0.113939] PCI: setting IRQ 10 as level-triggered
[    0.113943] pci 0000:00:01.0: PCI INT A -> Link[LNKA] -> GSI 10 (level, low) -> IRQ 10
[    0.113946] pci 0000:00:01.0: setting latency timer to 64
[    0.113952] pci 0000:00:1c.0: enabling device (0104 -> 0107)
[    0.114050] ACPI: PCI Interrupt Link [LNKB] enabled at IRQ 5
[    0.114052] PCI: setting IRQ 5 as level-triggered
[    0.114056] pci 0000:00:1c.0: PCI INT A -> Link[LNKB] -> GSI 5 (level, low) -> IRQ 5
[    0.114059] pci 0000:00:1c.0: setting latency timer to 64
[    0.114066] pci 0000:00:1c.5: PCI INT B -> Link[LNKA] -> GSI 10 (level, low) -> IRQ 10
[    0.114069] pci 0000:00:1c.5: setting latency timer to 64
[    0.114074] pci 0000:00:1e.0: setting latency timer to 64
[    0.114077] pci_bus 0000:00: resource 0 io:  [0x00-0xffff]
[    0.114079] pci_bus 0000:00: resource 1 mem: [0x000000-0xffffffffffffffff]
[    0.114081] pci_bus 0000:04: resource 0 io:  [0xe000-0xefff]
[    0.114083] pci_bus 0000:04: resource 1 mem: [0xfeb00000-0xfebfffff]
[    0.114085] pci_bus 0000:04: resource 2 pref mem [0xe0000000-0xefffffff]
[    0.114087] pci_bus 0000:03: resource 0 io:  [0x1000-0x1fff]
[    0.114089] pci_bus 0000:03: resource 1 mem: [0xd0000000-0xd01fffff]
[    0.114090] pci_bus 0000:03: resource 2 pref mem [0xd0200000-0xd03fffff]
[    0.114092] pci_bus 0000:02: resource 0 io:  [0xd000-0xdfff]
[    0.114094] pci_bus 0000:02: resource 1 mem: [0xfea00000-0xfeafffff]
[    0.114096] pci_bus 0000:02: resource 2 pref mem [0xdff00000-0xdfffffff]
[    0.114098] pci_bus 0000:01: resource 3 io:  [0x00-0xffff]
[    0.114100] pci_bus 0000:01: resource 4 mem: [0x000000-0xffffffffffffffff]
[    0.114120] NET: Registered protocol family 2
[    0.114177] IP route cache hash table entries: 32768 (order: 5, 131072 bytes)
[    0.114382] TCP established hash table entries: 131072 (order: 8, 1048576 bytes)
[    0.114703] TCP bind hash table entries: 65536 (order: 7, 524288 bytes)
[    0.114876] TCP: Hash tables configured (established 131072 bind 65536)
[    0.114878] TCP reno registered
[    0.114923] NET: Registered protocol family 1
[    0.115028] pci 0000:04:00.0: Boot video device
[    0.115139] cpufreq-nforce2: No nForce2 chipset.
[    0.115153] Scanning for low memory corruption every 60 seconds
[    0.115223] audit: initializing netlink socket (disabled)
[    0.115229] type=2000 audit(0.112:1): initialized
[    0.123480] highmem bounce pool size: 64 pages
[    0.123484] HugeTLB registered 2 MB page size, pre-allocated 0 pages
[    0.124488] VFS: Disk quotas dquot_6.5.2
[    0.124525] Dquot-cache hash table entries: 1024 (order 0, 4096 bytes)
[    0.124929] fuse init (API version 7.13)
[    0.124991] msgmni has been set to 1585
[    0.125125] alg: No test for stdrng (krng)
[    0.125164] Block layer SCSI generic (bsg) driver version 0.4 loaded (major 253)
[    0.125167] io scheduler noop registered
[    0.125168] io scheduler anticipatory registered
[    0.125169] io scheduler deadline registered
[    0.125196] io scheduler cfq registered (default)
[    0.125279]   alloc irq_desc for 24 on node -1
[    0.125281]   alloc kstat_irqs on node -1
[    0.125288] pcieport 0000:00:01.0: irq 24 for MSI/MSI-X
[    0.125292] pcieport 0000:00:01.0: setting latency timer to 64
[    0.125362]   alloc irq_desc for 25 on node -1
[    0.125364]   alloc kstat_irqs on node -1
[    0.125369] pcieport 0000:00:1c.0: irq 25 for MSI/MSI-X
[    0.125375] pcieport 0000:00:1c.0: setting latency timer to 64
[    0.125460]   alloc irq_desc for 26 on node -1
[    0.125462]   alloc kstat_irqs on node -1
[    0.125467] pcieport 0000:00:1c.5: irq 26 for MSI/MSI-X
[    0.125473] pcieport 0000:00:1c.5: setting latency timer to 64
[    0.125534] pci_hotplug: PCI Hot Plug PCI Core version: 0.5
[    0.125547] Firmware did not grant requested _OSC control
[    0.125562] Firmware did not grant requested _OSC control
[    0.125581] Firmware did not grant requested _OSC control
[    0.125589] Firmware did not grant requested _OSC control
[    0.125600] pciehp: PCI Express Hot Plug Controller Driver version: 0.4
[    0.125707] input: Power Button as /devices/LNXSYSTM:00/LNXSYBUS:00/PNP0C0C:00/input/input0
[    0.125710] ACPI: Power Button [PWRB]
[    0.125741] input: Power Button as /devices/LNXSYSTM:00/LNXPWRBN:00/input/input1
[    0.125743] ACPI: Power Button [PWRF]
[    0.126263] ACPI: SSDT cffa0270 0022C (v01 HPQOEM SLIC-CPC 00000011 INTL 20051117)
[    0.126452] processor LNXCPU:00: registered as cooling_device0
[    0.128043] isapnp: Scanning for PnP cards...
[    0.480855] isapnp: No Plug & Play device found
[    0.480865] TIME: ktime_get_real called for the 13840391545670336513th time
[    0.480867] TIME: ktime_get_real called for the 13840391545670336514th time
[    0.480869] TIME: ktime_get_real called for the 13840391545670336515th time
[    0.480871] TIME: ktime_get_real called for the 13840391545670336516th time
[    0.480873] TIME Value of jiffies_to_ns at rand_initialize 480030000, 1c9cad30
[    0.480874] TIME Value of ktime_to_ns at rand_initialize 480001714, 1c9c3eb2
[    0.480876] TIME Value of jiffies_to_ns 2 at rand_initialize 480030000, 1c9cad30
[    0.480878] KTIME ENTROPY TIME: 0:00:00
[    0.481798] Serial: 8250/16550 driver, 4 ports, IRQ sharing enabled
[    0.482747] brd: module loaded
[    0.483060] loop: module loaded
[    0.483115] input: Macintosh mouse button emulation as /devices/virtual/input/input2
[    0.483183] ata_piix 0000:00:1f.2: version 2.13
[    0.483296] ACPI: PCI Interrupt Link [LNKD] enabled at IRQ 11
[    0.483299] PCI: setting IRQ 11 as level-triggered
[    0.483303] ata_piix 0000:00:1f.2: PCI INT B -> Link[LNKD] -> GSI 11 (level, low) -> IRQ 11
[    0.483307] ata_piix 0000:00:1f.2: MAP [ P0 P2 P1 P3 ]
[    0.483339] ata_piix 0000:00:1f.2: setting latency timer to 64
[    0.483374] scsi0 : ata_piix
[    0.483421] scsi1 : ata_piix
[    0.484522] ata1: SATA max UDMA/133 cmd 0x1f0 ctl 0x3f6 bmdma 0xff90 irq 14
[    0.484527] ata2: SATA max UDMA/133 cmd 0x170 ctl 0x376 bmdma 0xff98 irq 15
[    0.484777] Fixed MDIO Bus: probed
[    0.484802] PPP generic driver version 2.4.2
[    0.484830] tun: Universal TUN/TAP device driver, 1.6
[    0.484831] tun: (C) 1999-2004 Max Krasnyansky <maxk@qualcomm.com>
[    0.484889] ehci_hcd: USB 2.0 'Enhanced' Host Controller (EHCI) Driver
[    0.485003] ACPI: PCI Interrupt Link [LNKC] enabled at IRQ 11
[    0.485006] ehci_hcd 0000:00:1a.7: PCI INT C -> Link[LNKC] -> GSI 11 (level, low) -> IRQ 11
[    0.485014] ehci_hcd 0000:00:1a.7: setting latency timer to 64
[    0.485016] ehci_hcd 0000:00:1a.7: EHCI Host Controller
[    0.485038] ehci_hcd 0000:00:1a.7: new USB bus registered, assigned bus number 1
[    0.485060] ehci_hcd 0000:00:1a.7: debug port 1
[    0.488948] ehci_hcd 0000:00:1a.7: cache line size of 32 is not supported
[    0.488974] ehci_hcd 0000:00:1a.7: irq 11, io mem 0xfe9ff400
[    0.504006] TIME: ktime_get_real called for the 5th time
[    0.504010] ehci_hcd 0000:00:1a.7: USB 2.0 started, EHCI 1.00
[    0.504090] usb usb1: configuration #1 chosen from 1 choice
[    0.504114] hub 1-0:1.0: USB hub found
[    0.504125] hub 1-0:1.0: 6 ports detected
[    0.504264] ACPI: PCI Interrupt Link [LNKH] enabled at IRQ 3
[    0.504266] PCI: setting IRQ 3 as level-triggered
[    0.504270] ehci_hcd 0000:00:1d.7: PCI INT A -> Link[LNKH] -> GSI 3 (level, low) -> IRQ 3
[    0.504277] ehci_hcd 0000:00:1d.7: setting latency timer to 64
[    0.504280] ehci_hcd 0000:00:1d.7: EHCI Host Controller
[    0.504301] ehci_hcd 0000:00:1d.7: new USB bus registered, assigned bus number 2
[    0.504320] ehci_hcd 0000:00:1d.7: debug port 1
[    0.508206] ehci_hcd 0000:00:1d.7: cache line size of 32 is not supported
[    0.508211] ehci_hcd 0000:00:1d.7: irq 3, io mem 0xfe9ff800
[    0.524006] TIME: ktime_get_real called for the 6th time
[    0.524010] ehci_hcd 0000:00:1d.7: USB 2.0 started, EHCI 1.00
[    0.524068] usb usb2: configuration #1 chosen from 1 choice
[    0.524090] hub 2-0:1.0: USB hub found
[    0.524096] hub 2-0:1.0: 6 ports detected
[    0.524141] ohci_hcd: USB 1.1 'Open' Host Controller (OHCI) Driver
[    0.524149] uhci_hcd: USB Universal Host Controller Interface driver
[    0.524162] uhci_hcd 0000:00:1a.0: PCI INT A -> Link[LNKA] -> GSI 10 (level, low) -> IRQ 10
[    0.524167] uhci_hcd 0000:00:1a.0: setting latency timer to 64
[    0.524169] uhci_hcd 0000:00:1a.0: UHCI Host Controller
[    0.524192] uhci_hcd 0000:00:1a.0: new USB bus registered, assigned bus number 3
[    0.524212] uhci_hcd 0000:00:1a.0: irq 10, io base 0x0000c000
[    0.524270] usb usb3: configuration #1 chosen from 1 choice
[    0.524291] hub 3-0:1.0: USB hub found
[    0.524295] hub 3-0:1.0: 2 ports detected
[    0.524426] ACPI: PCI Interrupt Link [LNKF] enabled at IRQ 10
[    0.524429] uhci_hcd 0000:00:1a.1: PCI INT B -> Link[LNKF] -> GSI 10 (level, low) -> IRQ 10
[    0.524433] uhci_hcd 0000:00:1a.1: setting latency timer to 64
[    0.524436] uhci_hcd 0000:00:1a.1: UHCI Host Controller
[    0.524462] uhci_hcd 0000:00:1a.1: new USB bus registered, assigned bus number 4
[    0.524481] uhci_hcd 0000:00:1a.1: irq 10, io base 0x0000c080
[    0.524540] usb usb4: configuration #1 chosen from 1 choice
[    0.524557] hub 4-0:1.0: USB hub found
[    0.524562] hub 4-0:1.0: 2 ports detected
[    0.524690] ACPI: PCI Interrupt Link [LNKE] enabled at IRQ 7
[    0.524692] PCI: setting IRQ 7 as level-triggered
[    0.524696] uhci_hcd 0000:00:1a.2: PCI INT D -> Link[LNKE] -> GSI 7 (level, low) -> IRQ 7
[    0.524701] uhci_hcd 0000:00:1a.2: setting latency timer to 64
[    0.524703] uhci_hcd 0000:00:1a.2: UHCI Host Controller
[    0.524726] uhci_hcd 0000:00:1a.2: new USB bus registered, assigned bus number 5
[    0.524746] uhci_hcd 0000:00:1a.2: irq 7, io base 0x0000c400
[    0.524803] usb usb5: configuration #1 chosen from 1 choice
[    0.524820] hub 5-0:1.0: USB hub found
[    0.524825] hub 5-0:1.0: 2 ports detected
[    0.524854] uhci_hcd 0000:00:1d.0: PCI INT A -> Link[LNKH] -> GSI 3 (level, low) -> IRQ 3
[    0.524859] uhci_hcd 0000:00:1d.0: setting latency timer to 64
[    0.524861] uhci_hcd 0000:00:1d.0: UHCI Host Controller
[    0.524881] uhci_hcd 0000:00:1d.0: new USB bus registered, assigned bus number 6
[    0.524900] uhci_hcd 0000:00:1d.0: irq 3, io base 0x0000c480
[    0.524956] usb usb6: configuration #1 chosen from 1 choice
[    0.524974] hub 6-0:1.0: USB hub found
[    0.524978] hub 6-0:1.0: 2 ports detected
[    0.525011] uhci_hcd 0000:00:1d.1: PCI INT B -> Link[LNKE] -> GSI 7 (level, low) -> IRQ 7
[    0.525015] uhci_hcd 0000:00:1d.1: setting latency timer to 64
[    0.525017] uhci_hcd 0000:00:1d.1: UHCI Host Controller
[    0.525037] uhci_hcd 0000:00:1d.1: new USB bus registered, assigned bus number 7
[    0.525056] uhci_hcd 0000:00:1d.1: irq 7, io base 0x0000c800
[    0.525114] usb usb7: configuration #1 chosen from 1 choice
[    0.525133] hub 7-0:1.0: USB hub found
[    0.525138] hub 7-0:1.0: 2 ports detected
[    0.525165] uhci_hcd 0000:00:1d.2: PCI INT C -> Link[LNKC] -> GSI 11 (level, low) -> IRQ 11
[    0.525169] uhci_hcd 0000:00:1d.2: setting latency timer to 64
[    0.525172] uhci_hcd 0000:00:1d.2: UHCI Host Controller
[    0.525192] uhci_hcd 0000:00:1d.2: new USB bus registered, assigned bus number 8
[    0.525210] uhci_hcd 0000:00:1d.2: irq 11, io base 0x0000c880
[    0.525267] usb usb8: configuration #1 chosen from 1 choice
[    0.525286] hub 8-0:1.0: USB hub found
[    0.525290] hub 8-0:1.0: 2 ports detected
[    0.525356] PNP: No PS/2 controller found. Probing ports directly.
[    0.526825] serio: i8042 KBD port at 0x60,0x64 irq 1
[    0.526825] serio: i8042 AUX port at 0x60,0x64 irq 12
[    0.526825] mice: PS/2 mouse device common for all mice
[    0.526825] rtc_cmos 00:03: RTC can wake from S4
[    0.526825] rtc_cmos 00:03: rtc core: registered rtc_cmos as rtc0
[    0.528011] rtc0: alarms up to one month, y3k, 114 bytes nvram, hpet irqs
[    0.528079] device-mapper: uevent: version 1.0.3
[    0.528139] device-mapper: ioctl: 4.15.0-ioctl (2009-04-01) initialised: dm-devel@redhat.com
[    0.528170] device-mapper: multipath: version 1.1.0 loaded
[    0.528172] device-mapper: multipath round-robin: version 1.0.0 loaded
[    0.528242] EISA: Probing bus 0 at eisa.0
[    0.528246] Cannot allocate resource for EISA slot 1
[    0.528262] EISA: Detected 0 cards.
[    0.528289] cpuidle: using governor ladder
[    0.528291] cpuidle: using governor menu
[    0.528548] TCP cubic registered
[    0.528656] NET: Registered protocol family 10
[    0.529143] NET: Registered protocol family 17
[    0.529414] Using IPI No-Shortcut mode
[    0.529461] PM: Resume from disk failed.
[    0.529470] registered taskstats version 1
[    0.529729]   Magic number: 1:813:952
[    0.529740] tty tty9: hash matches
[    0.529774] TIME XTIME do_settimeofday() called, with 1360616186 seconds input.
[    0.529803] TIME XTIME do_settimeofday() called, with 500000000 nanosecs input.
[    0.529832] Pid: 1, comm: swapper Not tainted 2.6.32.57 #74
[    0.529833] Call Trace:
[    0.529839]  [<c059ee04>] ? printk+0x1d/0x21
[    0.529842]  [<c0177c6a>] do_settimeofday+0x3a/0x150
[    0.529845]  [<c07f6fb6>] rtc_hctosys+0x7a/0x146
[    0.529849]  [<c03c21ae>] ? extract_entropy+0x6e/0x120
[    0.529851]  [<c059ee04>] ? printk+0x1d/0x21
[    0.529854]  [<c0103041>] do_one_initcall+0x31/0x190
[    0.529856]  [<c07f6f3c>] ? rtc_hctosys+0x0/0x146
[    0.529860]  [<c07c6365>] kernel_init+0x12d/0x183
[    0.529862]  [<c07c6238>] ? kernel_init+0x0/0x183
[    0.529864]  [<c010a2e7>] kernel_thread_helper+0x7/0x10
[    0.529868] rtc_cmos 00:03: setting system clock to 2013-02-11 20:56:26 UTC (1360616186)
[    0.529870] BIOS EDD facility v0.16 2004-Jun-25, 0 devices found
[    0.529871] EDD information not available.
[    0.529906] BEGIN NET_SECRET:
[    0.529907] \x8
[    0.529908] \x50
[    0.529909] \x43
[    0.529909] \xa4
[    0.529910] \xc
[    0.529911] \x87
[    0.529912] \xc6
[    0.529913] \xc3
[    0.529913] \x70
[    0.529914] \xf6
[    0.529915] \xcd
[    0.529916] \xf8
[    0.529917] \x38
[    0.529917] \x8f
[    0.529918] \xea
[    0.529919] \xc2
[    0.529920] \xe5
[    0.529921] \x9a
[    0.529921] \x78
[    0.529922] \xa1
[    0.529923] \xb8
[    0.529924] \x9e
[    0.529925] \x6f
[    0.529925] \x4
[    0.529926] \xf0
[    0.529927] \x55
[    0.529928] \xc4
[    0.529929] \x30
[    0.529929] \xf7
[    0.529930] \x3e
[    0.529931] \x74
[    0.529932] \x73
[    0.529933] \xe2
[    0.529933] \xdc
[    0.529934] \xab
[    0.529935] \xf2
[    0.529936] \xa9
[    0.529937] \xb5
[    0.529937] \x5e
[    0.529938] \xdd
[    0.529939] \x1
[    0.529940] \x89
[    0.529941] \x92
[    0.529941] \x4d
[    0.529942] \xed
[    0.529943] \xe8
[    0.529944] \xdc
[    0.529945] \x4
[    0.529945] \x3e
[    0.529946] \xd5
[    0.529947] \x0
[    0.529948] \xf9
[    0.529949] \x43
[    0.529949] \xab
[    0.529950] \x80
[    0.529951] \x7
[    0.529952] \xd9
[    0.529953] \xba
[    0.529953] \xb8
[    0.529954] \x93
[    0.529955] \x24
[    0.529956] \xdc
[    0.529957] \x7f
[    0.529957] \xcf
[    0.529958] 
[    0.529959] END NET_SECRET
[    0.816013] usb 1-6: new high speed USB device using ehci_hcd and address 2
[    1.280056] ata1.00: SATA link up 3.0 Gbps (SStatus 123 SControl 300)
[    1.280066] ata1.01: SATA link down (SStatus 0 SControl 300)
[    1.280183] usb 1-6: configuration #1 chosen from 1 choice
[    1.284053] ata2.00: SATA link up 1.5 Gbps (SStatus 113 SControl 300)
[    1.284066] ata2.01: SATA link down (SStatus 0 SControl 300)
[    1.284075] ata2.01: link offline, clearing class 3 to NONE
[    1.288344] ata2.00: ATAPI: TSSTcorp CDDVDW TS-H653R, 0301, max UDMA/33
[    1.288430] ata1.00: ATA-8: WDC WD6400AAKS-65A7B2, 01.03B01, max UDMA/133
[    1.288433] ata1.00: 1250263728 sectors, multi 16: LBA48 NCQ (depth 0/32)
[    1.304356] ata1.00: configured for UDMA/133
[    1.304440] scsi 0:0:0:0: Direct-Access     ATA      WDC WD6400AAKS-6 01.0 PQ: 0 ANSI: 5
[    1.304514] sd 0:0:0:0: Attached scsi generic sg0 type 0
[    1.304560] sd 0:0:0:0: [sda] 1250263728 512-byte logical blocks: (640 GB/596 GiB)
[    1.304594] sd 0:0:0:0: [sda] Write Protect is off
[    1.304596] sd 0:0:0:0: [sda] Mode Sense: 00 3a 00 00
[    1.304613] sd 0:0:0:0: [sda] Write cache: enabled, read cache: enabled, doesn't support DPO or FUA
[    1.304701]  sda:
[    1.304795] ata2.00: configured for UDMA/33
[    1.304853] scsi 1:0:0:0: CD-ROM            TSSTcorp CDDVDW TS-H653R  0301 PQ: 0 ANSI: 5
[    1.308020] sr0: scsi3-mmc drive: 40x/40x writer dvd-ram cd/rw xa/form2 cdda tray
[    1.308022] Uniform CD-ROM driver Revision: 3.20
[    1.308087] sr 1:0:0:0: Attached scsi CD-ROM sr0
[    1.308127] sr 1:0:0:0: Attached scsi generic sg1 type 5
[    1.312026]  sda1 sda2 < sda5 >
[    1.344184] sd 0:0:0:0: [sda] Attached SCSI disk
[    1.344193] md: Waiting for all devices to be available before autodetect
[    1.344195] md: If you don't use raid, use raid=noautodetect
[    1.344255] md: Autodetecting RAID arrays.
[    1.344257] md: Scanned 0 and added 0 devices.
[    1.344258] md: autorun ...
[    1.344259] md: ... autorun DONE.
[    1.388021] EXT3-fs: sda1: couldn't mount because of unsupported optional features (240).
[    1.388121] EXT2-fs: sda1: couldn't mount because of unsupported optional features (240).
[    1.482552] EXT4-fs (sda1): mounted filesystem with ordered data mode
[    1.482560] VFS: Mounted root (ext4 filesystem) readonly on device 8:1.
[    1.516022] devtmpfs: mounted
[    1.516039] Freeing unused kernel memory: 676k freed
[    1.516259] Write protecting the kernel text: 4764k
[    1.516298] Write protecting the kernel read-only data: 1836k
[    2.104036] TIME XTIME do_settimeofday() called, with 1360616188 seconds input.
[    2.104068] TIME XTIME do_settimeofday() called, with 76003000 nanosecs input.
[    2.104098] Pid: 47, comm: hwclock Not tainted 2.6.32.57 #74
[    2.104100] Call Trace:
[    2.104108]  [<c059ee04>] ? printk+0x1d/0x21
[    2.104112]  [<c0177c6a>] do_settimeofday+0x3a/0x150
[    2.104116]  [<c01577df>] do_sys_settimeofday+0x5f/0x120
[    2.104119]  [<c01578d5>] sys_settimeofday+0x35/0xa0
[    2.104129]  [<c0109563>] sysenter_do_call+0x12/0x28
[    2.950239] udev: starting version 151
[    4.170512] Linux agpgart interface v0.103
[    4.224613] Initializing USB Mass Storage driver...
[    4.224696] scsi2 : SCSI emulation for USB Mass Storage devices
[    4.224846] usbcore: registered new interface driver usb-storage
[    4.224848] USB Mass Storage support registered.
[    4.225197] usb-storage: device found at 2
[    4.225198] usb-storage: waiting for device to settle before scanning
[    4.637469] Adding 9828344k swap on /dev/sda5.  Priority:-1 extents:1 across:9828344k 
[    4.722876] r8169 Gigabit Ethernet driver 2.3LK-NAPI loaded
[    4.722894] r8169 0000:02:00.0: PCI INT A -> Link[LNKB] -> GSI 5 (level, low) -> IRQ 5
[    4.722928] r8169 0000:02:00.0: setting latency timer to 64
[    4.722965]   alloc irq_desc for 27 on node -1
[    4.722966]   alloc kstat_irqs on node -1
[    4.722977] r8169 0000:02:00.0: irq 27 for MSI/MSI-X
[    4.723432] eth0: RTL8168d/8111d at 0xf933e000, 00:26:18:a5:38:24, XID 081000c0 IRQ 27
[    5.020153] lp: driver loaded but no devices found
[    5.025104] r8169: eth0: link down
[    5.025113] r8169: eth0: link down
[    5.025280] ADDRCONF(NETDEV_UP): eth0: link is not ready
[    5.151913] [drm] Initialized drm 1.1.0 20060810
[    5.327104] usbcore: registered new interface driver hiddev
[    5.668443] ACPI: PCI Interrupt Link [LNKG] enabled at IRQ 4
[    5.668446] PCI: setting IRQ 4 as level-triggered
[    5.668451] HDA Intel 0000:00:1b.0: PCI INT A -> Link[LNKG] -> GSI 4 (level, low) -> IRQ 4
[    5.668471] HDA Intel 0000:00:1b.0: setting latency timer to 64
[    6.025415] [drm] radeon defaulting to kernel modesetting.
[    6.025417] [drm] radeon kernel modesetting enabled.
[    6.025454] radeon 0000:04:00.0: PCI INT A -> Link[LNKA] -> GSI 10 (level, low) -> IRQ 10
[    6.025458] radeon 0000:04:00.0: setting latency timer to 64
[    6.026398] [drm] radeon: Initializing kernel modesetting.
[    6.026415] [drm] register mmio base: 0xFEBE0000
[    6.026417] [drm] register mmio size: 65536
[    6.026467] ATOM BIOS: 113
[    6.026471] [drm] Clocks initialized !
[    6.026488] mtrr: type mismatch for e0000000,10000000 old: write-back new: write-combining
[    6.026490] [drm] Detected VRAM RAM=256M, BAR=256M
[    6.026491] [drm] RAM width 128bits DDR
[    6.026538] [TTM] Zone  kernel: Available graphics memory: 406134 kiB.
[    6.026540] [TTM] Zone highmem: Available graphics memory: 3095962 kiB.
[    6.026551] [drm] radeon: 256M of VRAM memory ready
[    6.026554] [drm] radeon: 512M of GTT memory ready.
[    6.026599] [drm] Loading RV730 CP Microcode
[    6.026756] platform radeon_cp.0: firmware: requesting radeon/RV730_pfp.bin
[    6.158689] hda_codec: ALC888: BIOS auto-probing.
[    6.160053] input: HDA Digital PCBeep as /devices/pci0000:00/0000:00:1b.0/input/input3
[    6.304131] platform radeon_cp.0: firmware: requesting radeon/RV730_me.bin
[    6.464231] [drm] GART: num cpu pages 131072, num gpu pages 131072
[    6.499847] [drm] ring test succeeded in 1 usecs
[    6.499948] [drm] radeon: ib pool ready.
[    6.499989] [drm] ib test succeeded in 0 usecs
[    6.501453] [drm] Radeon Display Connectors
[    6.501455] [drm] Connector 0:
[    6.501456] [drm]   HDMI-A
[    6.501458] [drm]   DDC: 0x7f10 0x7f10 0x7f14 0x7f14 0x7f18 0x7f18 0x7f1c 0x7f1c
[    6.501459] [drm]   Encoders:
[    6.501461] [drm]     DFP2: INTERNAL_UNIPHY1
[    6.501462] [drm] Connector 1:
[    6.501463] [drm]   VGA
[    6.501464] [drm]   DDC: 0x7e50 0x7e50 0x7e54 0x7e54 0x7e58 0x7e58 0x7e5c 0x7e5c
[    6.501466] [drm]   Encoders:
[    6.501467] [drm]     CRT2: INTERNAL_KLDSCP_DAC2
[    6.501468] [drm] Connector 2:
[    6.501469] [drm]   DVI-I
[    6.501470] [drm]   DDC: 0x7e20 0x7e20 0x7e24 0x7e24 0x7e28 0x7e28 0x7e2c 0x7e2c
[    6.501472] [drm]   Encoders:
[    6.501473] [drm]     CRT1: INTERNAL_KLDSCP_DAC1
[    6.501474] [drm]     DFP1: INTERNAL_UNIPHY
[    6.544335] ------------[ cut here ]------------
[    6.544342] WARNING: at drivers/gpu/drm/drm_crtc_helper.c:1036 drm_helper_initial_config+0x67/0x70 [drm_kms_helper]()
[    6.544344] Hardware name: NY809AV-ABA e9110t
[    6.544345] No connectors reported connected with modes
[    6.544347] Modules linked in: snd_hda_codec_realtek radeon(+) ttm drm_kms_helper snd_hda_intel(+) usbhid(+) snd_hda_codec drm lp snd_hwdep intel_agp r8169 snd_pcm psmouse hid usb_storage agpgart i2c_algo_bit mii parport serio_raw snd_timer snd soundcore snd_page_alloc
[    6.544362] Pid: 143, comm: modprobe Not tainted 2.6.32.57 #74
[    6.544363] Call Trace:
[    6.544370]  [<c01526e2>] warn_slowpath_common+0x72/0xa0
[    6.544373]  [<f9bf12a7>] ? drm_helper_initial_config+0x67/0x70 [drm_kms_helper]
[    6.544377]  [<f9bf12a7>] ? drm_helper_initial_config+0x67/0x70 [drm_kms_helper]
[    6.544379]  [<c015275b>] warn_slowpath_fmt+0x2b/0x30
[    6.544382]  [<f9bf12a7>] drm_helper_initial_config+0x67/0x70 [drm_kms_helper]
[    6.544402]  [<fa642f5e>] radeon_modeset_init+0x26e/0x510 [radeon]
[    6.544417]  [<fa62c1f5>] radeon_driver_load_kms+0x85/0x140 [radeon]
[    6.544427]  [<f9806040>] drm_get_dev+0x2b0/0x470 [drm]
[    6.544432]  [<c0264990>] ? sysfs_addrm_start+0x60/0xa0
[    6.544446]  [<fa66f516>] radeon_pci_probe+0x12/0x101 [radeon]
[    6.544449]  [<c0360773>] local_pci_probe+0x13/0x20
[    6.544452]  [<c0361578>] pci_device_probe+0x68/0x90
[    6.544456]  [<c03eb19f>] driver_probe_device+0x7f/0x170
[    6.544458]  [<c03eb311>] __driver_attach+0x81/0x90
[    6.544461]  [<c03ea783>] bus_for_each_dev+0x53/0x80
[    6.544463]  [<c03eb03e>] driver_attach+0x1e/0x20
[    6.544466]  [<c03eb290>] ? __driver_attach+0x0/0x90
[    6.544468]  [<c03eaa05>] bus_add_driver+0xd5/0x280
[    6.544471]  [<c03614b0>] ? pci_device_remove+0x0/0x40
[    6.544473]  [<c03eb60a>] driver_register+0x6a/0x130
[    6.544476]  [<c03617b5>] __pci_register_driver+0x45/0xb0
[    6.544483]  [<f98013f3>] drm_init+0xf3/0x100 [drm]
[    6.544494]  [<fa6990b2>] radeon_init+0xb2/0xb4 [radeon]
[    6.544497]  [<c0103041>] do_one_initcall+0x31/0x190
[    6.544507]  [<fa699000>] ? radeon_init+0x0/0xb4 [radeon]
[    6.544510]  [<c0188751>] sys_init_module+0xb1/0x220
[    6.544514]  [<c0109563>] sysenter_do_call+0x12/0x28
[    6.544517] ---[ end trace 3228a74115b82631 ]---
[    6.544522] [drm] Initialized radeon 2.0.0 20080528 for 0000:04:00.0 on minor 0
[    6.544558] HDA Intel 0000:04:00.1: PCI INT B -> Link[LNKB] -> GSI 5 (level, low) -> IRQ 5
[    6.544584] HDA Intel 0000:04:00.1: setting latency timer to 64
[    7.836040] r8169: eth0: link up
[    7.836215] ADDRCONF(NETDEV_CHANGE): eth0: link becomes ready
[    9.068061] TIME XTIME do_settimeofday() called, with 1360616194 seconds input.
[    9.068093] TIME XTIME do_settimeofday() called, with 741839000 nanosecs input.
[    9.068124] Pid: 450, comm: ntpdate Tainted: G        W  2.6.32.57 #74
[    9.068126] Call Trace:
[    9.068133]  [<c059ee04>] ? printk+0x1d/0x21
[    9.068137]  [<c0177c6a>] do_settimeofday+0x3a/0x150
[    9.068141]  [<c015780b>] do_sys_settimeofday+0x8b/0x120
[    9.068144]  [<c01578d5>] sys_settimeofday+0x35/0xa0
[    9.068148]  [<c0109563>] sysenter_do_call+0x12/0x28
[   10.208053] TCP_SEQ BYTE ORDER TEST
[   10.208056] saddr normal: e45fef84
[   10.208058] saddr htonl: 84ef5fe4
[   10.208059] saddr ntohl: 84ef5fe4
[   10.208060] net_secret[15]: cf7fdc24
[   10.208062] Sequence num: 458eec6
[   10.208063] Sequence num ntohl: c6ee5804
[   10.208065] TIME: ktime_get_real called for the 2331720582309085191th time
[   10.208068] TIME ktime_to_ns vari test. ns: 1360616195881841167, jiffies: 4294894848, difference from last 1360616195881841167
[   10.210487] TIME: ktime_get_real called for the 12046621093268553736th time
[   10.210489] TIME ktime_to_ns vari test. ns: 1360616195881841167, jiffies: 4294894848, difference from last 0
[   10.212974] TIME: ktime_get_real called for the 12046566581543632905th time
[   10.212975] TIME ktime_to_ns vari test. ns: 1360616195885841183, jiffies: 4294894849, difference from last 4000016
[   10.215385] TIME ktime_to_ns vari test. ns: 1360616195885841183, jiffies: 4294894849, difference from last 0
[   10.217807] TIME ktime_to_ns vari test. ns: 1360616195889841200, jiffies: 4294894850, difference from last 4000017
[   10.220228] TIME ktime_to_ns vari test. ns: 1360616195893841216, jiffies: 4294894851, difference from last 4000016
[   10.222638] TIME ktime_to_ns vari test. ns: 1360616195893841216, jiffies: 4294894851, difference from last 0
[   10.225059] TIME ktime_to_ns vari test. ns: 1360616195897841233, jiffies: 4294894852, difference from last 4000017
[   10.227469] TIME ktime_to_ns vari test. ns: 1360616195897841233, jiffies: 4294894852, difference from last 0
[   10.229886] TIME ktime_to_ns vari test. ns: 1360616195901841249, jiffies: 4294894853, difference from last 4000016
[   15.332087] generic-usb 0003:0BDA:0152.0001: timeout initializing reports
[   15.332194] generic-usb 0003:0BDA:0152.0001: hiddev96,hidraw0: USB HID v1.11 Device [Generic USB2.0-CRW] on usb-0000:00:1a.7-6/input1
[   15.332227] usbcore: registered new interface driver usbhid
[   15.332229] usbhid: v2.6:USB HID core driver
[   15.334254] usb-storage: device scan complete
[   15.337513] scsi 2:0:0:0: Direct-Access     Generic- Compact Flash    1.00 PQ: 0 ANSI: 0 CCS
[   15.344170] scsi 2:0:0:1: Direct-Access     Generic- SM/xD-Picture    1.00 PQ: 0 ANSI: 0 CCS
[   15.349086] scsi 2:0:0:2: Direct-Access     Generic- SD/MMC           1.00 PQ: 0 ANSI: 0 CCS
[   15.353913] scsi 2:0:0:3: Direct-Access     Generic- MS/MS-Pro        1.00 PQ: 0 ANSI: 0 CCS
[   15.354208] sd 2:0:0:0: Attached scsi generic sg2 type 0
[   15.354293] sd 2:0:0:1: Attached scsi generic sg3 type 0
[   15.354372] sd 2:0:0:2: Attached scsi generic sg4 type 0
[   15.354450] sd 2:0:0:3: Attached scsi generic sg5 type 0
[   15.365656] sd 2:0:0:0: [sdb] Attached SCSI removable disk
[   15.367526] sd 2:0:0:1: [sdc] Attached SCSI removable disk
[   15.368405] sd 2:0:0:2: [sdd] Attached SCSI removable disk
[   15.369277] sd 2:0:0:3: [sde] Attached SCSI removable disk
[   18.828098] eth0: no IPv6 routers present
[   64.804776] Pid: 0, comm: swapper Tainted: G        W  2.6.32.57 #74
[   64.804779] Call Trace:
[   64.804787]  [<c0179e0a>] jiffies_read+0x4a/0x130
[   64.804790]  [<c0177deb>] ktime_get+0x6b/0x100
[   64.804794]  [<c017d887>] tick_nohz_stop_sched_tick+0x77/0x440
[   64.804798]  [<c01593b0>] ? __do_softirq+0xf0/0x1b0
[   64.804801]  [<c012f2c8>] ? default_spin_lock_flags+0x8/0x10
[   64.804805]  [<c05a198f>] ? _spin_lock_irqsave+0x2f/0x50
[   64.804808]  [<c010ce27>] ? enable_8259A_irq+0x47/0x70
[   64.804812]  [<c01595fa>] irq_exit+0x5a/0x70
[   64.804815]  [<c05a5bd5>] do_IRQ+0x55/0xc0
[   64.804819]  [<c0173f7e>] ? sched_clock_idle_sleep_event+0xe/0x10
[   64.804822]  [<c0109c90>] common_interrupt+0x30/0x40
[   64.804826]  [<c0110bb5>] ? mwait_idle+0x55/0xa0
[   64.804829]  [<c01083fc>] cpu_idle+0xbc/0x100
[   64.804833]  [<c058b972>] rest_init+0x62/0x70
[   64.804838]  [<c07c690d>] start_kernel+0x37e/0x384
[   64.804841]  [<c07c63bb>] ? unknown_bootoption+0x0/0x19e
[   64.804844]  [<c07c60bb>] i386_start_kernel+0xaa/0xb1
[   64.804846] JIFFIES_READ: read #100000 long value: 42949614161
[   64.804848] JIFFIES_READ: read #100000 long value with cast: 4294908497
[   64.804850] JIFFIES_READ: read #100000 long jiffies_64 value: 4294908497
[   64.804853] JIFFIES_READ unsigned 32bit read #100000 value: 4294908497, ffff1a51
[   64.804855] JIFFIES_READ unsigned 32bit 2nd read #100000 value: 4294908497, ffff1a51
[   64.804857] JIFFIES NSEC_PER_JIFFY value: 4000250, ACTHZ: 63996
[  136.874508] Pid: 0, comm: swapper Tainted: G        W  2.6.32.57 #74
[  136.874511] Call Trace:
[  136.874518]  [<c0179e0a>] jiffies_read+0x4a/0x130
[  136.874521]  [<c0177deb>] ktime_get+0x6b/0x100
[  136.874524]  [<c017d887>] tick_nohz_stop_sched_tick+0x77/0x440
[  136.874528]  [<c01593b0>] ? __do_softirq+0xf0/0x1b0
[  136.874532]  [<c012f2c8>] ? default_spin_lock_flags+0x8/0x10
[  136.874536]  [<c05a198f>] ? _spin_lock_irqsave+0x2f/0x50
[  136.874539]  [<c010ce27>] ? enable_8259A_irq+0x47/0x70
[  136.874542]  [<c01595fa>] irq_exit+0x5a/0x70
[  136.874545]  [<c05a5bd5>] do_IRQ+0x55/0xc0
[  136.874549]  [<c0173f7e>] ? sched_clock_idle_sleep_event+0xe/0x10
[  136.874552]  [<c0109c90>] common_interrupt+0x30/0x40
[  136.874556]  [<c0110bb5>] ? mwait_idle+0x55/0xa0
[  136.874559]  [<c01083fc>] cpu_idle+0xbc/0x100
[  136.874563]  [<c058b972>] rest_init+0x62/0x70
[  136.874567]  [<c07c690d>] start_kernel+0x37e/0x384
[  136.874571]  [<c07c63bb>] ? unknown_bootoption+0x0/0x19e
[  136.874574]  [<c07c60bb>] i386_start_kernel+0xaa/0xb1
[  136.874576] JIFFIES_READ: read #200000 long value: 42949632178
[  136.874578] JIFFIES_READ: read #200000 long value with cast: 4294926514
[  136.874580] JIFFIES_READ: read #200000 long jiffies_64 value: 4294926514
[  136.874583] JIFFIES_READ unsigned 32bit read #200000 value: 4294926514, ffff60b2
[  136.874585] JIFFIES_READ unsigned 32bit 2nd read #200000 value: 4294926514, ffff60b2
[  136.874587] JIFFIES NSEC_PER_JIFFY value: 4000250, ACTHZ: 63996
[  208.704440] Pid: 0, comm: swapper Tainted: G        W  2.6.32.57 #74
[  208.704442] Call Trace:
[  208.704446]  [<c0179e0a>] jiffies_read+0x4a/0x130
[  208.704449]  [<c0177deb>] ktime_get+0x6b/0x100
[  208.704452]  [<c0173fc3>] sched_clock_tick+0x43/0xa0
[  208.704456]  [<c0149eb1>] scheduler_tick+0x31/0x290
[  208.704460]  [<c01aa2a9>] ? rcu_check_callbacks+0x69/0xf0
[  208.704463]  [<c0161a67>] update_process_times+0x47/0x60
[  208.704466]  [<c017c35a>] tick_periodic+0x2a/0x80
[  208.704469]  [<c017c3ce>] tick_handle_periodic+0x1e/0x90
[  208.704472]  [<c010bfe6>] timer_interrupt+0x26/0x70
[  208.704475]  [<c01a5a24>] handle_IRQ_event+0x54/0x150
[  208.704478]  [<c010cf17>] ? mask_and_ack_8259A+0x57/0xf0
[  208.704481]  [<c01a8034>] handle_level_irq+0x74/0x100
[  208.704484]  [<c010bb8d>] handle_irq+0x1d/0x30
[  208.704487]  [<c05a5bcc>] do_IRQ+0x4c/0xc0
[  208.704491]  [<c0173f7e>] ? sched_clock_idle_sleep_event+0xe/0x10
[  208.704494]  [<c0109c90>] common_interrupt+0x30/0x40
[  208.704497]  [<c0110bb5>] ? mwait_idle+0x55/0xa0
[  208.704500]  [<c01083fc>] cpu_idle+0xbc/0x100
[  208.704504]  [<c058b972>] rest_init+0x62/0x70
[  208.704507]  [<c07c690d>] start_kernel+0x37e/0x384
[  208.704510]  [<c07c63bb>] ? unknown_bootoption+0x0/0x19e
[  208.704513]  [<c07c60bb>] i386_start_kernel+0xaa/0xb1
[  208.704515] JIFFIES_READ: read #300000 long value: 562640692952
[  208.704517] JIFFIES_READ: read #300000 long value with cast: 4294944472
[  208.704520] JIFFIES_READ: read #300000 long jiffies_64 value: 4294944472
[  208.704522] JIFFIES_READ unsigned 32bit read #300000 value: 4294944472, ffffa6d8
[  208.704524] JIFFIES_READ unsigned 32bit 2nd read #300000 value: 4294944472, ffffa6d8
[  208.704526] JIFFIES NSEC_PER_JIFFY value: 4000250, ACTHZ: 63996
[  280.686992] Pid: 0, comm: swapper Tainted: G        W  2.6.32.57 #74
[  280.686994] Call Trace:
[  280.686998]  [<c0179e0a>] jiffies_read+0x4a/0x130
[  280.687000]  [<c010f0a8>] ? sched_clock+0x8/0x10
[  280.687000]  [<c0173cc4>] ? sched_clock_local+0xa4/0x180
[  280.687000]  [<c0177deb>] ktime_get+0x6b/0x100
[  280.687000]  [<c0173fc3>] sched_clock_tick+0x43/0xa0
[  280.687000]  [<c0174035>] sched_clock_idle_wakeup_event+0x15/0x30
[  280.687000]  [<c017d809>] tick_check_idle+0xe9/0xf0
[  280.687000]  [<c015929c>] irq_enter+0x4c/0x70
[  280.687000]  [<c05a5bae>] do_IRQ+0x2e/0xc0
[  280.687000]  [<c0173f7e>] ? sched_clock_idle_sleep_event+0xe/0x10
[  280.687000]  [<c0109c90>] common_interrupt+0x30/0x40
[  280.687000]  [<c0110bb5>] ? mwait_idle+0x55/0xa0
[  280.687000]  [<c01083fc>] cpu_idle+0xbc/0x100
[  280.687000]  [<c058b972>] rest_init+0x62/0x70
[  280.687000]  [<c07c690d>] start_kernel+0x37e/0x384
[  280.687000]  [<c07c63bb>] ? unknown_bootoption+0x0/0x19e
[  280.687000]  [<c07c60bb>] i386_start_kernel+0xaa/0xb1
[  280.687000] JIFFIES_READ: read #400000 long value: 13841598796552727841
[  280.687000] JIFFIES_READ: read #400000 long value with cast: 4294962465
[  280.687000] JIFFIES_READ: read #400000 long jiffies_64 value: 4294962465
[  280.687000] JIFFIES_READ unsigned 32bit read #400000 value: 4294962465, ffffed21
[  280.687000] JIFFIES_READ unsigned 32bit 2nd read #400000 value: 4294962465, ffffed21
[  280.687000] JIFFIES NSEC_PER_JIFFY value: 4000250, ACTHZ: 63996
[  352.858052] Pid: 0, comm: swapper Tainted: G        W  2.6.32.57 #74
[  352.858054] Call Trace:
[  352.858058]  [<c013ff95>] ? __wake_up+0x45/0x60
[  352.858061]  [<c0179e0a>] jiffies_read+0x4a/0x130
[  352.858064]  [<c016a2d0>] ? insert_work+0x60/0xb0
[  352.858068]  [<c0177386>] update_wall_time+0x26/0x6b0
[  352.858070]  [<c05a198f>] ? _spin_lock_irqsave+0x2f/0x50
[  352.858074]  [<c01619eb>] do_timer+0x1b/0x30
[  352.858076]  [<c017c39a>] tick_periodic+0x6a/0x80
[  352.858079]  [<c017c3ce>] tick_handle_periodic+0x1e/0x90
[  352.858083]  [<c010bfe6>] timer_interrupt+0x26/0x70
[  352.858085]  [<c01a5a24>] handle_IRQ_event+0x54/0x150
[  352.858088]  [<c010cf17>] ? mask_and_ack_8259A+0x57/0xf0
[  352.858091]  [<c01a8034>] handle_level_irq+0x74/0x100
[  352.858094]  [<c010bb8d>] handle_irq+0x1d/0x30
[  352.858097]  [<c05a5bcc>] do_IRQ+0x4c/0xc0
[  352.858101]  [<c0173f7e>] ? sched_clock_idle_sleep_event+0xe/0x10
[  352.858103]  [<c0109c90>] common_interrupt+0x30/0x40
[  352.858107]  [<c0110bb5>] ? mwait_idle+0x55/0xa0
[  352.858110]  [<c01083fc>] cpu_idle+0xbc/0x100
[  352.858113]  [<c058b972>] rest_init+0x62/0x70
[  352.858117]  [<c07c690d>] start_kernel+0x37e/0x384
[  352.858120]  [<c07c63bb>] ? unknown_bootoption+0x0/0x19e
[  352.858123]  [<c07c60bb>] i386_start_kernel+0xaa/0xb1
[  352.858125] JIFFIES_READ: read #500000 long value: 13841429519006708637
[  352.858127] JIFFIES_READ: read #500000 long value with cast: 13213
[  352.858129] JIFFIES_READ: read #500000 long jiffies_64 value: 4294980509
[  352.858132] JIFFIES_READ unsigned 32bit read #500000 value: 13213, 339d
[  352.858134] JIFFIES_READ unsigned 32bit 2nd read #500000 value: 13213, 339d
[  352.858136] JIFFIES NSEC_PER_JIFFY value: 4000250, ACTHZ: 63996
[  424.993444] Pid: 0, comm: swapper Tainted: G        W  2.6.32.57 #74
[  424.993446] Call Trace:
[  424.993450]  [<c0179e0a>] jiffies_read+0x4a/0x130
[  424.993452]  [<c01593b0>] ? __do_softirq+0xf0/0x1b0
[  424.993452]  [<c0177deb>] ktime_get+0x6b/0x100
[  424.993452]  [<c017d75e>] tick_check_idle+0x3e/0xf0
[  424.993452]  [<c015929c>] irq_enter+0x4c/0x70
[  424.993452]  [<c05a5bae>] do_IRQ+0x2e/0xc0
[  424.993452]  [<c0173f7e>] ? sched_clock_idle_sleep_event+0xe/0x10
[  424.993452]  [<c0109c90>] common_interrupt+0x30/0x40
[  424.993452]  [<c0110bb5>] ? mwait_idle+0x55/0xa0
[  424.993452]  [<c01083fc>] cpu_idle+0xbc/0x100
[  424.993452]  [<c058b972>] rest_init+0x62/0x70
[  424.993452]  [<c07c690d>] start_kernel+0x37e/0x384
[  424.993452]  [<c07c63bb>] ? unknown_bootoption+0x0/0x19e
[  424.993452]  [<c07c60bb>] i386_start_kernel+0xaa/0xb1
[  424.993452] JIFFIES_READ: read #600000 long value: 13868622468786190860
[  424.993452] JIFFIES_READ: read #600000 long value with cast: 31244
[  424.993452] JIFFIES_READ: read #600000 long jiffies_64 value: 4294998540
[  424.993452] JIFFIES_READ unsigned 32bit read #600000 value: 31244, 7a0c
[  424.993452] JIFFIES_READ unsigned 32bit 2nd read #600000 value: 31244, 7a0c
[  424.993452] JIFFIES NSEC_PER_JIFFY value: 4000250, ACTHZ: 63996
[  496.960411] Pid: 0, comm: swapper Tainted: G        W  2.6.32.57 #74
[  496.960413] Call Trace:
[  496.960416]  [<c0179e0a>] jiffies_read+0x4a/0x130
[  496.960420]  [<c01593b0>] ? __do_softirq+0xf0/0x1b0
[  496.960422]  [<c01a5a24>] ? handle_IRQ_event+0x54/0x150
[  496.960425]  [<c0177deb>] ktime_get+0x6b/0x100
[  496.960428]  [<c017d75e>] tick_check_idle+0x3e/0xf0
[  496.960431]  [<c015929c>] irq_enter+0x4c/0x70
[  496.960434]  [<c05a5bae>] do_IRQ+0x2e/0xc0
[  496.960438]  [<c0173f7e>] ? sched_clock_idle_sleep_event+0xe/0x10
[  496.960441]  [<c0109c90>] common_interrupt+0x30/0x40
[  496.960444]  [<c0110bb5>] ? mwait_idle+0x55/0xa0
[  496.960447]  [<c01083fc>] cpu_idle+0xbc/0x100
[  496.960451]  [<c058b972>] rest_init+0x62/0x70
[  496.960454]  [<c07c690d>] start_kernel+0x37e/0x384
[  496.960457]  [<c07c63bb>] ? unknown_bootoption+0x0/0x19e
[  496.960460]  [<c07c60bb>] i386_start_kernel+0xaa/0xb1
[  496.960463] JIFFIES_READ: read #700000 long value: 13842475515342012499
[  496.960465] JIFFIES_READ: read #700000 long value with cast: 49235
[  496.960467] JIFFIES_READ: read #700000 long jiffies_64 value: 4295016531
[  496.960469] JIFFIES_READ unsigned 32bit read #700000 value: 49235, c053
[  496.960471] JIFFIES_READ unsigned 32bit 2nd read #700000 value: 49235, c053
[  496.960473] JIFFIES NSEC_PER_JIFFY value: 4000250, ACTHZ: 63996
[  567.862529] Pid: 0, comm: swapper Tainted: G        W  2.6.32.57 #74
[  567.862531] Call Trace:
[  567.862534]  [<c0179e0a>] jiffies_read+0x4a/0x130
[  567.862537]  [<c0177deb>] ktime_get+0x6b/0x100
[  567.862541]  [<c0173fc3>] sched_clock_tick+0x43/0xa0
[  567.862544]  [<c0174035>] sched_clock_idle_wakeup_event+0x15/0x30
[  567.862547]  [<c017d809>] tick_check_idle+0xe9/0xf0
[  567.862550]  [<c015929c>] irq_enter+0x4c/0x70
[  567.862553]  [<c05a5bae>] do_IRQ+0x2e/0xc0
[  567.862556]  [<c0173f7e>] ? sched_clock_idle_sleep_event+0xe/0x10
[  567.862559]  [<c0109c90>] common_interrupt+0x30/0x40
[  567.862563]  [<c0110bb5>] ? mwait_idle+0x55/0xa0
[  567.862566]  [<c01083fc>] cpu_idle+0xbc/0x100
[  567.862570]  [<c058b972>] rest_init+0x62/0x70
[  567.862573]  [<c07c690d>] start_kernel+0x37e/0x384
[  567.862576]  [<c07c63bb>] ? unknown_bootoption+0x0/0x19e
[  567.862579]  [<c07c60bb>] i386_start_kernel+0xaa/0xb1
[  567.862581] JIFFIES_READ: read #800000 long value: 66960
[  567.862583] JIFFIES_READ: read #800000 long value with cast: 66960
[  567.862585] JIFFIES_READ: read #800000 long jiffies_64 value: 4295034256
[  567.862587] JIFFIES_READ unsigned 32bit read #800000 value: 66960, 10590
[  567.862589] JIFFIES_READ unsigned 32bit 2nd read #800000 value: 66960, 10590
[  567.862591] JIFFIES NSEC_PER_JIFFY value: 4000250, ACTHZ: 63996
[  639.728955] Pid: 0, comm: swapper Tainted: G        W  2.6.32.57 #74
[  639.728957] Call Trace:
[  639.728960]  [<c0179e0a>] jiffies_read+0x4a/0x130
[  639.728963]  [<c0173cc4>] ? sched_clock_local+0xa4/0x180
[  639.728967]  [<c0177386>] update_wall_time+0x26/0x6b0
[  639.728971]  [<c01619eb>] do_timer+0x1b/0x30
[  639.728973]  [<c017c39a>] tick_periodic+0x6a/0x80
[  639.728976]  [<c017c3ce>] tick_handle_periodic+0x1e/0x90
[  639.728979]  [<c010bfe6>] timer_interrupt+0x26/0x70
[  639.728982]  [<c01a5a24>] handle_IRQ_event+0x54/0x150
[  639.728985]  [<c010cf17>] ? mask_and_ack_8259A+0x57/0xf0
[  639.728988]  [<c01a8034>] handle_level_irq+0x74/0x100
[  639.728991]  [<c010bb8d>] handle_irq+0x1d/0x30
[  639.728994]  [<c05a5bcc>] do_IRQ+0x4c/0xc0
[  639.728997]  [<c0173f7e>] ? sched_clock_idle_sleep_event+0xe/0x10
[  639.729000]  [<c0109c90>] common_interrupt+0x30/0x40
[  639.729004]  [<c0110bb5>] ? mwait_idle+0x55/0xa0
[  639.729007]  [<c01083fc>] cpu_idle+0xbc/0x100
[  639.729010]  [<c058b972>] rest_init+0x62/0x70
[  639.729013]  [<c07c690d>] start_kernel+0x37e/0x384
[  639.729016]  [<c07c63bb>] ? unknown_bootoption+0x0/0x19e
[  639.729020]  [<c07c60bb>] i386_start_kernel+0xaa/0xb1
[  639.729022] JIFFIES_READ: read #900000 long value: 635655244735
[  639.729024] JIFFIES_READ: read #900000 long value with cast: 84927
[  639.729026] JIFFIES_READ: read #900000 long jiffies_64 value: 4295052223
[  639.729028] JIFFIES_READ unsigned 32bit read #900000 value: 84927, 14bbf
[  639.729030] JIFFIES_READ unsigned 32bit 2nd read #900000 value: 84927, 14bbf
[  639.729032] JIFFIES NSEC_PER_JIFFY value: 4000250, ACTHZ: 63996
[  709.048942] Pid: 41, comm: kondemand/0 Tainted: G        W  2.6.32.57 #74
[  709.048945] Call Trace:
[  709.048953]  [<c014e708>] ? dequeue_task_fair+0x68/0x70
[  709.048956]  [<c0179e0a>] jiffies_read+0x4a/0x130
[  709.048960]  [<c0107e3a>] ? __switch_to+0xba/0x170
[  709.048963]  [<c0177deb>] ktime_get+0x6b/0x100
[  709.048966]  [<c017dc95>] get_cpu_idle_time_us+0x45/0xb0
[  709.048970]  [<c016ac3e>] ? queue_delayed_work_on+0xae/0xe0
[  709.048974]  [<c04b244c>] do_dbs_timer+0x10c/0x310
[  709.048978]  [<c016e28e>] ? prepare_to_wait+0x3e/0x70
[  709.048981]  [<c016a082>] worker_thread+0x112/0x220
[  709.048984]  [<c04b2340>] ? do_dbs_timer+0x0/0x310
[  709.048987]  [<c016e050>] ? autoremove_wake_function+0x0/0x50
[  709.048990]  [<c0169f70>] ? worker_thread+0x0/0x220
[  709.048993]  [<c016ddc4>] kthread+0x74/0x80
[  709.048996]  [<c016dd50>] ? kthread+0x0/0x80
[  709.048999]  [<c010a2e7>] kernel_thread_helper+0x7/0x10
[  709.049002] JIFFIES_READ: read #1000000 long value: 14159480505929666415
[  709.049004] JIFFIES_READ: read #1000000 long value with cast: 102255
[  709.049006] JIFFIES_READ: read #1000000 long jiffies_64 value: 4295069551
[  709.049008] JIFFIES_READ unsigned 32bit read #1000000 value: 102255, 18f6f
[  709.049010] JIFFIES_READ unsigned 32bit 2nd read #1000000 value: 102255, 18f6f
[  709.049012] JIFFIES NSEC_PER_JIFFY value: 4000250, ACTHZ: 63996
[  780.993150] Pid: 0, comm: swapper Tainted: G        W  2.6.32.57 #74
[  780.993152] Call Trace:
[  780.993156]  [<c0179e0a>] jiffies_read+0x4a/0x130
[  780.993158]  [<c0177deb>] ktime_get+0x6b/0x100
[  780.993158]  [<c0173fc3>] sched_clock_tick+0x43/0xa0
[  780.993158]  [<c0174035>] sched_clock_idle_wakeup_event+0x15/0x30
[  780.993158]  [<c017d809>] tick_check_idle+0xe9/0xf0
[  780.993158]  [<c015929c>] irq_enter+0x4c/0x70
[  780.993158]  [<c05a5bae>] do_IRQ+0x2e/0xc0
[  780.993158]  [<c0173f7e>] ? sched_clock_idle_sleep_event+0xe/0x10
[  780.993158]  [<c0109c90>] common_interrupt+0x30/0x40
[  780.993158]  [<c0110bb5>] ? mwait_idle+0x55/0xa0
[  780.993158]  [<c01083fc>] cpu_idle+0xbc/0x100
[  780.993158]  [<c058b972>] rest_init+0x62/0x70
[  780.993158]  [<c07c690d>] start_kernel+0x37e/0x384
[  780.993158]  [<c07c63bb>] ? unknown_bootoption+0x0/0x19e
[  780.993158]  [<c07c60bb>] i386_start_kernel+0xaa/0xb1
[  780.993158] JIFFIES_READ: read #1100000 long value: 120239
[  780.993158] JIFFIES_READ: read #1100000 long value with cast: 120239
[  780.993158] JIFFIES_READ: read #1100000 long jiffies_64 value: 4295087535
[  780.993158] JIFFIES_READ unsigned 32bit read #1100000 value: 120239, 1d5af
[  780.993158] JIFFIES_READ unsigned 32bit 2nd read #1100000 value: 120239, 1d5af
[  780.993158] JIFFIES NSEC_PER_JIFFY value: 4000250, ACTHZ: 63996
[  852.881438] Pid: 0, comm: swapper Tainted: G        W  2.6.32.57 #74
[  852.881440] Call Trace:
[  852.881445]  [<c0179e0a>] jiffies_read+0x4a/0x130
[  852.881445]  [<c010f0a8>] ? sched_clock+0x8/0x10
[  852.881445]  [<c0173cc4>] ? sched_clock_local+0xa4/0x180
[  852.881445]  [<c0177deb>] ktime_get+0x6b/0x100
[  852.881445]  [<c0173fc3>] sched_clock_tick+0x43/0xa0
[  852.881445]  [<c0174035>] sched_clock_idle_wakeup_event+0x15/0x30
[  852.881445]  [<c017d809>] tick_check_idle+0xe9/0xf0
[  852.881445]  [<c015929c>] irq_enter+0x4c/0x70
[  852.881445]  [<c05a5bae>] do_IRQ+0x2e/0xc0
[  852.881445]  [<c0173f7e>] ? sched_clock_idle_sleep_event+0xe/0x10
[  852.881445]  [<c0109c90>] common_interrupt+0x30/0x40
[  852.881445]  [<c0110bb5>] ? mwait_idle+0x55/0xa0
[  852.881445]  [<c01083fc>] cpu_idle+0xbc/0x100
[  852.881445]  [<c058b972>] rest_init+0x62/0x70
[  852.881445]  [<c07c690d>] start_kernel+0x37e/0x384
[  852.881445]  [<c07c63bb>] ? unknown_bootoption+0x0/0x19e
[  852.881445]  [<c07c60bb>] i386_start_kernel+0xaa/0xb1
[  852.881445] JIFFIES_READ: read #1200000 long value: 13841598792257903586
[  852.881445] JIFFIES_READ: read #1200000 long value with cast: 138210
[  852.881445] JIFFIES_READ: read #1200000 long jiffies_64 value: 4295105506
[  852.881445] JIFFIES_READ unsigned 32bit read #1200000 value: 138210, 21be2
[  852.881445] JIFFIES_READ unsigned 32bit 2nd read #1200000 value: 138210, 21be2
[  852.881445] JIFFIES NSEC_PER_JIFFY value: 4000250, ACTHZ: 63996
[  925.049804] Pid: 41, comm: kondemand/0 Tainted: G        W  2.6.32.57 #74
[  925.049806] Call Trace:
[  925.049810]  [<c014e708>] ? dequeue_task_fair+0x68/0x70
[  925.049813]  [<c0179e0a>] jiffies_read+0x4a/0x130
[  925.049817]  [<c0107e3a>] ? __switch_to+0xba/0x170
[  925.049819]  [<c0177deb>] ktime_get+0x6b/0x100
[  925.049822]  [<c017dc95>] get_cpu_idle_time_us+0x45/0xb0
[  925.049826]  [<c016ac3e>] ? queue_delayed_work_on+0xae/0xe0
[  925.049830]  [<c04b244c>] do_dbs_timer+0x10c/0x310
[  925.049833]  [<c016e28e>] ? prepare_to_wait+0x3e/0x70
[  925.049836]  [<c016a082>] worker_thread+0x112/0x220
[  925.049839]  [<c04b2340>] ? do_dbs_timer+0x0/0x310
[  925.049843]  [<c016e050>] ? autoremove_wake_function+0x0/0x50
[  925.049845]  [<c0169f70>] ? worker_thread+0x0/0x220
[  925.049848]  [<c016ddc4>] kthread+0x74/0x80
[  925.049851]  [<c016dd50>] ? kthread+0x0/0x80
[  925.049854]  [<c010a2e7>] kernel_thread_helper+0x7/0x10
[  925.049857] JIFFIES_READ: read #1300000 long value: 14159480505929720412
[  925.049859] JIFFIES_READ: read #1300000 long value with cast: 156252
[  925.049861] JIFFIES_READ: read #1300000 long jiffies_64 value: 4295123548
[  925.049863] JIFFIES_READ unsigned 32bit read #1300000 value: 156252, 2625c
[  925.049865] JIFFIES_READ unsigned 32bit 2nd read #1300000 value: 156252, 2625c
[  925.049867] JIFFIES NSEC_PER_JIFFY value: 4000250, ACTHZ: 63996
[  997.142192] Pid: 0, comm: swapper Tainted: G        W  2.6.32.57 #74
[  997.142194] Call Trace:
[  997.142198]  [<c0179e0a>] jiffies_read+0x4a/0x130
[  997.142200]  [<c0177deb>] ktime_get+0x6b/0x100
[  997.142204]  [<c0173fc3>] sched_clock_tick+0x43/0xa0
[  997.142207]  [<c0149eb1>] scheduler_tick+0x31/0x290
[  997.142211]  [<c01aa2a9>] ? rcu_check_callbacks+0x69/0xf0
[  997.142215]  [<c0161a67>] update_process_times+0x47/0x60
[  997.142217]  [<c017c35a>] tick_periodic+0x2a/0x80
[  997.142220]  [<c017c3ce>] tick_handle_periodic+0x1e/0x90
[  997.142223]  [<c010bfe6>] timer_interrupt+0x26/0x70
[  997.142227]  [<c01a5a24>] handle_IRQ_event+0x54/0x150
[  997.142230]  [<c010cf17>] ? mask_and_ack_8259A+0x57/0xf0
[  997.142233]  [<c01a8034>] handle_level_irq+0x74/0x100
[  997.142236]  [<c010bb8d>] handle_irq+0x1d/0x30
[  997.142239]  [<c05a5bcc>] do_IRQ+0x4c/0xc0
[  997.142242]  [<c0173f7e>] ? sched_clock_idle_sleep_event+0xe/0x10
[  997.142245]  [<c0109c90>] common_interrupt+0x30/0x40
[  997.142249]  [<c0110bb5>] ? mwait_idle+0x55/0xa0
[  997.142252]  [<c01083fc>] cpu_idle+0xbc/0x100
[  997.142256]  [<c058b972>] rest_init+0x62/0x70
[  997.142259]  [<c07c690d>] start_kernel+0x37e/0x384
[  997.142262]  [<c07c63bb>] ? unknown_bootoption+0x0/0x19e
[  997.142265]  [<c07c60bb>] i386_start_kernel+0xaa/0xb1
[  997.142268] JIFFIES_READ: read #1400000 long value: 558345922755
[  997.142270] JIFFIES_READ: read #1400000 long value with cast: 174275
[  997.142272] JIFFIES_READ: read #1400000 long jiffies_64 value: 4295141571
[  997.142274] JIFFIES_READ unsigned 32bit read #1400000 value: 174275, 2a8c3
[  997.142276] JIFFIES_READ unsigned 32bit 2nd read #1400000 value: 174275, 2a8c3
[  997.142278] JIFFIES NSEC_PER_JIFFY value: 4000250, ACTHZ: 63996
[ 1069.092396] Pid: 0, comm: swapper Tainted: G        W  2.6.32.57 #74
[ 1069.092398] Call Trace:
[ 1069.092401]  [<c0179e0a>] jiffies_read+0x4a/0x130
[ 1069.092405]  [<c01593b0>] ? __do_softirq+0xf0/0x1b0
[ 1069.092407]  [<c01a5a24>] ? handle_IRQ_event+0x54/0x150
[ 1069.092410]  [<c0177deb>] ktime_get+0x6b/0x100
[ 1069.092413]  [<c017d75e>] tick_check_idle+0x3e/0xf0
[ 1069.092416]  [<c015929c>] irq_enter+0x4c/0x70
[ 1069.092419]  [<c05a5bae>] do_IRQ+0x2e/0xc0
[ 1069.092423]  [<c0173f7e>] ? sched_clock_idle_sleep_event+0xe/0x10
[ 1069.092426]  [<c0109c90>] common_interrupt+0x30/0x40
[ 1069.092429]  [<c0110bb5>] ? mwait_idle+0x55/0xa0
[ 1069.092432]  [<c01083fc>] cpu_idle+0xbc/0x100
[ 1069.092436]  [<c058b972>] rest_init+0x62/0x70
[ 1069.092439]  [<c07c690d>] start_kernel+0x37e/0x384
[ 1069.092442]  [<c07c63bb>] ? unknown_bootoption+0x0/0x19e
[ 1069.092445]  [<c07c60bb>] i386_start_kernel+0xaa/0xb1
[ 1069.092448] JIFFIES_READ: read #1500000 long value: 13842475515342155524
[ 1069.092450] JIFFIES_READ: read #1500000 long value with cast: 192260
[ 1069.092452] JIFFIES_READ: read #1500000 long jiffies_64 value: 4295159556
[ 1069.092454] JIFFIES_READ unsigned 32bit read #1500000 value: 192260, 2ef04
[ 1069.092456] JIFFIES_READ unsigned 32bit 2nd read #1500000 value: 192260, 2ef04
[ 1069.092458] JIFFIES NSEC_PER_JIFFY value: 4000250, ACTHZ: 63996
[ 1141.179036] Pid: 0, comm: swapper Tainted: G        W  2.6.32.57 #74
[ 1141.179038] Call Trace:
[ 1141.179042]  [<c0179e0a>] jiffies_read+0x4a/0x130
[ 1141.179045]  [<c0177deb>] ktime_get+0x6b/0x100
[ 1141.179048]  [<c017d887>] tick_nohz_stop_sched_tick+0x77/0x440
[ 1141.179051]  [<c01593b0>] ? __do_softirq+0xf0/0x1b0
[ 1141.179055]  [<c012f2c8>] ? default_spin_lock_flags+0x8/0x10
